03-25 19:38:46.637  1000  3244  6062 V WindowManager: Remove Window{8ea6086 u0 com.ezviz/com.ezviz.login.LoadingActivity}: mSurfaceController=Surface(name=com.ezviz/com.ezviz.login.LoadingActivity[10948])/@0x8be50c2 mAnimatingExit=false mRemoveOnExit=false mHasSurface=true surfaceShowing=false isAnimationSet=false app-animation=false mWillReplaceWindow=false inPendingTransaction=false mDisplayFrozen=false callers=com.android.server.wm.WindowState.removeIfPossible:2626 com.android.server.wm.WindowManagerService.removeWindow:1908 com.android.server.wm.Session.remove:253 android.view.IWindowSession$Stub.onTransact:261 com.android.server.wm.Session.onTransact:186 android.os.Binder.execTransact:739 
03-25 19:38:46.638  1000  3244  6062 I WindowManager: Destroying surface Surface(name=com.ezviz/com.ezviz.login.LoadingActivity[10948])/@0x8be50c2 called by com.android.server.wm.WindowStateAnimator.destroySurface:1826 com.android.server.wm.WindowStateAnimator.destroySurfaceLocked:804 com.android.server.wm.WindowState.removeImmediately:2605 com.android.server.wm.WindowState.removeIfPossible:2755 com.android.server.wm.WindowState.removeIfPossible:2626 com.android.server.wm.WindowManagerService.removeWindow:1908 com.android.server.wm.Session.remove:253 android.view.IWindowSession$Stub.onTransact:261 
03-25 19:38:46.638  1000  2808  4784 I SurfaceFlinger: id=52872 Removed com.ezviz/com.ezviz.login.LoadingActivity[10948]#0 (0/69)
03-25 19:38:46.639  1000  2808  4784 I SurfaceFlinger: id=52870 Removed 8ea6086 com.ezviz/com.ezviz.login.LoadingActivity#0 (0/68)
03-25 19:38:46.641  1000  3244  5254 I WindowManager: Cancelling animation restarting=false, leash=null, surface=Surface(name=AppWindowToken{f0ec5ab token=Token{f529bfa ActivityRecord{e7ae25 u0 com.ezviz/.login.LoadingActivity t1030}}})/@0xf1c6a77, parent=Surface(name=Task=1030)/@0x693c6e4, caller=com.android.server.wm.SurfaceAnimator.cancelAnimation:177 com.android.server.wm.WindowContainer.cancelAnimation:1165 com.android.server.wm.AppWindowToken.cancelAnimation:2350 com.android.server.wm.AppWindowToken.onRemovedFromDisplay:776 com.android.server.wm.DisplayContent.removeAppToken:1040 
03-25 19:38:46.653  1000  2808  2808 I Layer   : id=52870 onRemoved 8ea6086 com.ezviz/com.ezviz.login.LoadingActivity#0 
03-25 19:38:46.653  1000  2808  2808 I Layer   : id=52872 onRemoved com.ezviz/com.ezviz.login.LoadingActivity[10948]#0 
03-25 19:38:46.655  1000  2808  4784 I SurfaceFlinger: id=52864 Removed AppWindowToken{f0ec5ab token=Token{f529bfa ActivityRecord{e7ae25 u0 com.ezviz/.login.LoadingActivity t1030}}}#0 (0/67)
03-25 19:38:46.670  1000  2808  2808 I Layer   : id=52864 onRemoved AppWindowToken{f0ec5ab token=Token{f529bfa ActivityRecord{e7ae25 u0 com.ezviz/.login.LoadingActivity t1030}}}#0 
03-25 19:38:46.706  1000  3244  3392 I WindowManager: reset, Reparenting to original parent, shouldDeferScheduleAnimation=false, destroyLeash=true, surface=Surface(name=8897f9e Splash Screen com.ezviz)/@0x64ab799, parent=Surface(name=AppWindowToken{a0c88e0 token=Token{eef46e3 ActivityRecord{afbff12 u0 com.ezviz/.login.LoginActivity t1030}}})/@0x5d51804, parentNativeHandle=android.os.BinderProxy@b16fa5e, caller=com.android.server.wm.SurfaceAnimator.lambda$getFinishedCallback$0:89 com.android.server.wm.-$$Lambda$SurfaceAnimator$SIBia0mND666K8lMCPsoid8pUTI.run:4 com.android.server.wm.SurfaceAnimator.lambda$getFinishedCallback$1:96 com.android.server.wm.-$$Lambda$SurfaceAnimator$vdRZk66hQVbQCvVXEaQCT1kVmFc.onAnimationFinished:4 com.android.server.wm.LocalAnimationAdapter.lambda$startAnimation$0:65 
03-25 19:38:46.707  1000  3244  3392 D SurfaceControl: reparent is called, sc=Surface(name=8897f9e Splash Screen com.ezviz)/@0x64ab799, newParentHandle=android.os.BinderProxy@b16fa5e, transaction=android.view.SurfaceControl$Transaction@bc56e3f, caller=com.android.server.wm.SurfaceAnimator.reset:317 com.android.server.wm.SurfaceAnimator.lambda$getFinishedCallback$0:89 com.android.server.wm.-$$Lambda$SurfaceAnimator$SIBia0mND666K8lMCPsoid8pUTI.run:4 com.android.server.wm.SurfaceAnimator.lambda$getFinishedCallback$1:96 com.android.server.wm.-$$Lambda$SurfaceAnimator$vdRZk66hQVbQCvVXEaQCT1kVmFc.onAnimationFinished:4 com.android.server.wm.LocalAnimationAdapter.lambda$startAnimation$0:65 com.android.server.wm.-$$Lambda$LocalAnimationAdapter$X--EomqUvw4qy89IeeTFTH7aCMo.run:4 
03-25 19:38:46.707  1000  3244  3392 D SurfaceControl: destroy(case2), animation-leash is destroyed, sc=Surface(name=Surface(name=8897f9e Splash Screen com.ezviz)/@0x64ab799 - animation-leash)/@0x88db070, transaction=android.view.SurfaceControl$Transaction@bc56e3f, caller=com.android.server.wm.SurfaceAnimator.reset:324 com.android.server.wm.SurfaceAnimator.lambda$getFinishedCallback$0:89 com.android.server.wm.-$$Lambda$SurfaceAnimator$SIBia0mND666K8lMCPsoid8pUTI.run:4 com.android.server.wm.SurfaceAnimator.lambda$getFinishedCallback$1:96 com.android.server.wm.-$$Lambda$SurfaceAnimator$vdRZk66hQVbQCvVXEaQCT1kVmFc.onAnimationFinished:4 com.android.server.wm.LocalAnimationAdapter.lambda$startAnimation$0:65 com.android.server.wm.-$$Lambda$LocalAnimationAdapter$X--EomqUvw4qy89IeeTFTH7aCMo.run:4 
03-25 19:38:46.707  1000  3244  3392 E WindowManager: win=Window{8897f9e u0 Splash Screen com.ezviz EXITING} destroySurfaces: appStopped=false win.mWindowRemovalAllowed=true win.mRemoveOnExit=true win.mViewVisibility=0 caller=com.android.server.wm.AppWindowToken.destroySurfaces:831 com.android.server.wm.AppWindowToken.destroySurfaces:812 com.android.server.wm.WindowState.onExitAnimationDone:5221 com.android.server.wm.WindowStateAnimator.onAnimationFinished:315 com.android.server.wm.WindowState.onAnimationFinished:5633 com.android.server.wm.-$$Lambda$yVRF8YoeNdTa8GR1wDStVsHu8xM.run:2 com.android.server.wm.SurfaceAnimator.lambda$getFinishedCallback$0:92 
03-25 19:38:46.707  1000  3244  3392 I WindowManager: Destroying surface Surface(name=Splash Screen com.ezviz[10948])/@0x3731b11 called by com.android.server.wm.WindowStateAnimator.destroySurface:1826 com.android.server.wm.WindowStateAnimator.destroySurfaceLocked:804 com.android.server.wm.WindowState.destroySurfaceUnchecked:3656 com.android.server.wm.WindowState.destroySurface:3637 com.android.server.wm.AppWindowToken.destroySurfaces:831 com.android.server.wm.AppWindowToken.destroySurfaces:812 com.android.server.wm.WindowState.onExitAnimationDone:5221 com.android.server.wm.WindowStateAnimator.onAnimationFinished:315 
03-25 19:38:46.707  1000  2808  3290 I SurfaceFlinger: id=52866 Removed Splash Screen com.ezviz[10948]#0 (0/65)
03-25 19:38:46.709  1000  2808  4784 D Layer   : [8897f9e Splash Screen com.ezviz#0]::reparent oldParent:[Surface(name=8897f9e Splash Screen com.ezviz)/@0x64ab799 - animation-leash#0], newParent:[AppWindowToken{a0c88e0 token=Token{eef46e3 ActivityRecord{afbff12 u0 com.ezviz/.login.LoginActivity t1030}}}#0]
03-25 19:38:46.710  1000  2808  4784 W SurfaceFlinger: Attempting to set client state on removed layer: Splash Screen com.ezviz[10948]#0
03-25 19:38:46.710  1000  2808  4784 I SurfaceFlinger: id=52876 Removed Surface(name=8897f9e Splash Screen com.ezviz)/@0x64ab799 - animation-leash#0 (2/64)
03-25 19:38:46.710  1000  2808  4784 I SurfaceFlinger: id=52865 Removed 8897f9e Splash Screen com.ezviz#0 (1/63)
03-25 19:38:46.710  1000  2808  4784 W SurfaceFlinger: Attempting to destroy on removed layer: Splash Screen com.ezviz[10948]#0
03-25 19:38:46.720  1000  2808  2808 I Layer   : id=52865 onRemoved 8897f9e Splash Screen com.ezviz#0 
03-25 19:38:46.720  1000  2808  2808 I Layer   : id=52866 onRemoved Splash Screen com.ezviz[10948]#0 
03-25 19:38:46.720  1000  2808  2808 I Layer   : id=52876 onRemoved Surface(name=8897f9e Splash Screen com.ezviz)/@0x64ab799 - animation-leash#0 
03-25 19:38:46.727  1000  2808  2808 I SurfaceFlinger:      Device | 0x70392391c0 | 0002 | RGBA_8888 |   0.0    0.0 1440.0 2960.0 |    0    0 1440 2960 | com.ezviz/com.ezviz.login.LoginActivity[10948]#0
03-25 19:38:46.730 10171 11070 11070 D [SPAF]StructureParser: Parsing structure for ComponentInfo{com.ezviz/com.ezviz.login.LoginActivity}
03-25 19:38:46.751 10931 10948 11089 D BundleManager: getRemoteBidInfo url:https://api.ezvizlife.com/nodeupdate/v3/rn/check?mobileType=SM-G965U&hardCode=17cd5f5280a6c64a01a99df0e810d42e&phone=&bids=[{"bid":"Pub","version":"2.0.0"}]
03-25 19:38:46.763  1000  3244  3952 D MdnieScenarioControlService:  packageName : com.ezviz    className : com.ezviz.login.LoginActivity
03-25 19:38:47.222  1000  3244  3278 D PersonaManagerService: notifyActivityDrawn u0 ComponentInfo{com.ezviz/com.ezviz.login.LoginActivity} showWhenLocked=false type=1 windowingMode=1 fullscreen=true dockSide=-1
03-25 19:38:47.274  1000  3244  3392 I WindowManager: Cancelling animation restarting=true, leash=null, surface=Surface(name=f214d30 Autofill UI)/@0xc3ab21d, parent=Surface(name=be499e6 com.ezviz/com.ezviz.login.LoginActivity)/@0x979cc17, caller=com.android.server.wm.SurfaceAnimator.startAnimation:114 com.android.server.wm.WindowContainer.startAnimation:1157 com.android.server.wm.WindowState.startAnimation:5628 com.android.server.wm.WindowState.startAnimation:5611 com.android.server.wm.WindowStateAnimator.applyAnimationLocked:1731 
03-25 19:38:47.280  1000  2808  4784 D Layer   : [f214d30 Autofill UI#0]::reparent oldParent:[be499e6 com.ezviz/com.ezviz.login.LoginActivity#0], newParent:[Surface(name=f214d30 Autofill UI)/@0xc3ab21d - animation-leash#0]
03-25 19:38:47.283  1000  3244  3278 D PersonaManagerService: notifyActivityDrawn u0 ComponentInfo{com.ezviz/com.ezviz.login.LoginActivity} showWhenLocked=false type=1 windowingMode=1 fullscreen=true dockSide=-1
03-25 19:38:47.326  1000  2808  2808 I SurfaceFlinger:      Device | 0x70392391c0 | 0002 | RGBA_8888 |   0.0    0.0 1440.0 2960.0 |    0    0 1440 2960 | com.ezviz/com.ezviz.login.LoginActivity[10948]#0
03-25 19:38:47.521  1000  3244  3392 I WindowManager: reset, Reparenting to original parent, shouldDeferScheduleAnimation=false, destroyLeash=true, surface=Surface(name=f214d30 Autofill UI)/@0xc3ab21d, parent=Surface(name=be499e6 com.ezviz/com.ezviz.login.LoginActivity)/@0x979cc17, parentNativeHandle=android.os.BinderProxy@c220caf, caller=com.android.server.wm.SurfaceAnimator.lambda$getFinishedCallback$0:89 com.android.server.wm.-$$Lambda$SurfaceAnimator$SIBia0mND666K8lMCPsoid8pUTI.run:4 com.android.server.wm.SurfaceAnimator.lambda$getFinishedCallback$1:96 com.android.server.wm.-$$Lambda$SurfaceAnimator$vdRZk66hQVbQCvVXEaQCT1kVmFc.onAnimationFinished:4 com.android.server.wm.LocalAnimationAdapter.lambda$startAnimation$0:65 
03-25 19:38:47.525  1000  2808  4184 D Layer   : [f214d30 Autofill UI#0]::reparent oldParent:[Surface(name=f214d30 Autofill UI)/@0xc3ab21d - animation-leash#0], newParent:[be499e6 com.ezviz/com.ezviz.login.LoginActivity#0]
03-25 19:38:47.953  1000  3244  3446 I clp-JNI : CLP add process info start. (channel) f214d30 Autofill UI (server) (pkg) AppWindowToken{a0c88e0 token=Token{eef46e3 ActivityRecord{afbff12 u0 com.ezviz/.login.LoginActivity t1030}}} (action) 0
03-25 19:38:47.985  1000  3244  3479 D WifiTrafficPoller: TrafficStats TxPkts=2503643 RxPkts=12489251 TxBytes=398335251 RxBytes=16404716942 , Foreground uid=10931 pkgName=com.ezviz TxPackets=7869 RxPackets=6688 TxBytes=1011036 RxBytes=4403274
03-25 19:38:48.018  1000  3244  3446 I clp-JNI : CLP add process info start. (channel) f214d30 Autofill UI (server) (pkg) AppWindowToken{a0c88e0 token=Token{eef46e3 ActivityRecord{afbff12 u0 com.ezviz/.login.LoginActivity t1030}}} (action) 1
03-25 19:38:48.099  1000  3244  3267 I WindowManager: Cancelling animation restarting=true, leash=null, surface=Surface(name=f214d30 Autofill UI)/@0xc3ab21d, parent=Surface(name=be499e6 com.ezviz/com.ezviz.login.LoginActivity)/@0x979cc17, caller=com.android.server.wm.SurfaceAnimator.startAnimation:114 com.android.server.wm.WindowContainer.startAnimation:1157 com.android.server.wm.WindowState.startAnimation:5628 com.android.server.wm.WindowState.startAnimation:5611 com.android.server.wm.WindowStateAnimator.applyAnimationLocked:1731 
03-25 19:38:48.109  1000  2808  2812 D Layer   : [f214d30 Autofill UI#0]::reparent oldParent:[be499e6 com.ezviz/com.ezviz.login.LoginActivity#0], newParent:[Surface(name=f214d30 Autofill UI)/@0xc3ab21d - animation-leash#0]
03-25 19:38:48.295  1000  2808  2808 I SurfaceFlinger:      Device | 0x70392391c0 | 0002 | RGBA_8888 |   0.0    0.0 1440.0 2960.0 |    0    0 1440 2960 | com.ezviz/com.ezviz.login.LoginActivity[10948]#0
03-25 19:38:48.356  1000  3244  3392 I WindowManager: reset, Reparenting to original parent, shouldDeferScheduleAnimation=false, destroyLeash=true, surface=Surface(name=f214d30 Autofill UI)/@0xc3ab21d, parent=Surface(name=be499e6 com.ezviz/com.ezviz.login.LoginActivity)/@0x979cc17, parentNativeHandle=android.os.BinderProxy@c220caf, caller=com.android.server.wm.SurfaceAnimator.lambda$getFinishedCallback$0:89 com.android.server.wm.-$$Lambda$SurfaceAnimator$SIBia0mND666K8lMCPsoid8pUTI.run:4 com.android.server.wm.SurfaceAnimator.lambda$getFinishedCallback$1:96 com.android.server.wm.-$$Lambda$SurfaceAnimator$vdRZk66hQVbQCvVXEaQCT1kVmFc.onAnimationFinished:4 com.android.server.wm.LocalAnimationAdapter.lambda$startAnimation$0:65 
03-25 19:38:48.359  1000  2808  3290 D Layer   : [f214d30 Autofill UI#0]::reparent oldParent:[Surface(name=f214d30 Autofill UI)/@0xc3ab21d - animation-leash#0], newParent:[be499e6 com.ezviz/com.ezviz.login.LoginActivity#0]
03-25 19:38:48.562  1000  2808  2808 I SurfaceFlinger:      Device | 0x7039839600 | 0002 | RGBA_8888 |   0.0    0.0 1440.0 2960.0 |    0    0 1440 2960 | com.ezviz/com.ezviz.login.LoginActivity[10948]#0
03-25 19:38:48.578  1000  2808  2808 I SurfaceFlinger:      Device | 0x7039839670 | 0002 | RGBA_8888 |   0.0    0.0 1440.0 2960.0 |    0    0 1440 2960 | com.ezviz/com.ezviz.login.LoginActivity[10948]#0
03-25 19:38:48.594  1000  2808  2808 I SurfaceFlinger:      Device | 0x70392391c0 | 0002 | RGBA_8888 |   0.0    0.0 1440.0 2960.0 |    0    0 1440 2960 | com.ezviz/com.ezviz.login.LoginActivity[10948]#0
03-25 19:38:48.768 10171 11070 11070 D [SPAF]StructureParser: Parsing structure for ComponentInfo{com.ezviz/com.ezviz.login.LoginActivity}
03-25 19:38:48.962  1000  2808  2808 I SurfaceFlinger:      Device | 0x7039839600 | 0002 | RGBA_8888 |   0.0    0.0 1440.0 2960.0 |    0    0 1440 2960 | com.ezviz/com.ezviz.login.LoginActivity[10948]#0
03-25 19:38:49.147  1000  2808  2808 I SurfaceFlinger:      Device | 0x70392391c0 | 0002 | RGBA_8888 |   0.0    0.0 1440.0 2960.0 |    0    0 1440 2960 | com.ezviz/com.ezviz.login.LoginActivity[10948]#0
03-25 19:38:49.481  1000  3244  3244 D Telecom:SamsungPrebindingServiceImpl: onTopActivityChanged ComponentInfo{com.ezviz/com.ezviz.login.LoginActivity}
03-25 19:38:49.533  1000  3244  3267 D WindowManager: setSystemUiVisibility: vis= 0x8018, fullscreenVis= 0x0, dockedVis= 0x0, win=Window{be499e6 u0 com.ezviz/com.ezviz.login.LoginActivity}
03-25 19:38:49.541  1000  3244  3873 D GameManagerService: noteResumeComponent(), resumeComponent: com.ezviz
03-25 19:38:49.541  1000  3244  3873 D GamePkgDataHelper: getSosPolicy(). com.ezviz
03-25 19:38:49.541  1000  3244  3657 D GameManagerService: handleForegroundChange(). pkgName: com.ezviz, clsName: com.ezviz.login.LoginActivity,FgActivityName:com.ezviz/.login.LoginActivity
03-25 19:38:49.541  1000  3244  3657 D GameManagerService:   handleForegroundChange(). set mFgApp: com.ezviz
03-25 19:38:49.541  1000  3244  3657 D GameManagerService: notifyResumePause(). pkg: com.ezviz, type: 4, isMinimized: false, isTunableApp: false
03-25 19:38:49.541  1000  3244  3873 D GameManagerService: identifyGamePackage. com.ezviz
03-25 19:38:49.541  1000  3244  3873 D GamePkgDataHelper: getGamePkgData(). com.ezviz
03-25 19:38:49.542  1000  3244  3672 D GamePkgDataHelper: getGamePkgDataIncServer(). com.ezviz
03-25 19:38:49.544  1000  3244  3873 D MARsPolicyManager: onPackageResumedFG pkgName = com.ezviz, userId = 0
03-25 19:38:49.544  1000  3244  3244 D Telecom:SamsungPrebindingServiceImpl: onTopActivityChanged ComponentInfo{com.ezviz/com.ezviz.login.LoginActivity}
03-25 19:38:49.557  1000  3244  4179 D GamePkgDataHelper: getSosPolicy(). com.ezviz
03-25 19:38:49.563  1000  3244  3873 D GameManagerService: identifyGamePackage. com.ezviz
03-25 19:38:49.563  1000  3244  3873 D GamePkgDataHelper: getGamePkgData(). com.ezviz
03-25 19:38:49.572 10931 10948 10948 V InputMethodManager: Starting input: tba=com.ezviz ic=com.android.internal.widget.EditableInputConnection@d17b773 mNaviBarColor -855310 mIsGetNaviBarColorSuccess true , NavVisible : true , NavTrans : false
03-25 19:38:49.579  1000  3244  4108 V InputMethodManagerService: windowGainedFocus : reason=WINDOW_FOCUS_GAIN client=android.os.BinderProxy@59368c8 inputContext=com.android.internal.view.IInputContext$Stub$Proxy@61c236 missingMethods= attribute=android.view.inputmethod.EditorInfo@e905537 nm = com.ezviz controlFlags=#103 softInputMode=#12 windowFlags=#81810100
03-25 19:38:49.583 10931 10948 10948 V InputMethodManager: Starting input: tba=com.ezviz ic=com.android.internal.widget.EditableInputConnection@6a8502e mNaviBarColor -855310 mIsGetNaviBarColorSuccess true , NavVisible : true , NavTrans : false
03-25 19:38:49.656  5250  4239  4239 D KNOXCORE::LockSecureFolderTask: ResumedActivity userId0[com.ezviz/.login.LoginActivity]
03-25 19:38:49.697  1000  3244  3952 D MdnieScenarioControlService:  packageName : com.ezviz    className : com.ezviz.login.LoginActivity
03-25 19:38:49.811  1000  2808  2808 I SurfaceFlinger:      Device | 0x7039839600 | 0002 | RGBA_8888 |   0.0    0.0 1440.0 2960.0 |    0    0 1440 2960 | com.ezviz/com.ezviz.login.LoginActivity[10948]#0
03-25 19:38:50.087  1000  3244  3446 I clp-JNI : CLP add process info start. (channel) be499e6 com.ezviz/com.ezviz.login.LoginActivity (server) (pkg) AppWindowToken{a0c88e0 token=Token{eef46e3 ActivityRecord{afbff12 u0 com.ezviz/.login.LoginActivity t1030}}} (action) 0
03-25 19:38:50.170  1000  3244  3446 I clp-JNI : CLP add process info start. (channel) be499e6 com.ezviz/com.ezviz.login.LoginActivity (server) (pkg) AppWindowToken{a0c88e0 token=Token{eef46e3 ActivityRecord{afbff12 u0 com.ezviz/.login.LoginActivity t1030}}} (action) 1
03-25 19:38:50.206  1000  2808  2808 I SurfaceFlinger: id=52892 createSurf (5920x5920),2 flag=4, 9cadb04 com.ezviz/com.ezviz.login.LoginActivity#0
03-25 19:38:50.215  1000  3244  3397 V WindowManager: Relayout Window{9cadb04 u0 com.ezviz/com.ezviz.login.LoginActivity}: viewVisibility=0 req=1440x2960 {(0,0)(fillxfill) gr=BOTTOM CENTER_VERTICAL sim={adjust=pan forwardNavigation} ty=APPLICATION fmt=TRANSPARENT wanim=0x1030000
03-25 19:38:50.216  1000  3244  3267 D WindowManager: setSystemUiVisibility: vis= 0x18, fullscreenVis= 0x0, dockedVis= 0x0, win=Window{9cadb04 u0 com.ezviz/com.ezviz.login.LoginActivity}
03-25 19:38:50.219  1000  2808  2808 D SurfaceFlinger: duplicate layer name: changing com.ezviz/com.ezviz.login.LoginActivity[10948] to com.ezviz/com.ezviz.login.LoginActivity[10948]#1
03-25 19:38:50.220  1000  2808  2808 I SurfaceFlinger: id=52893 createSurf (1440x2960),1 flag=4, com.ezviz/com.ezviz.login.LoginActivity[10948]#1
03-25 19:38:50.223  1000  3244  3278 D PersonaManagerService: notifyActivityDrawn u0 ComponentInfo{com.ezviz/com.ezviz.login.LoginActivity} showWhenLocked=false type=1 windowingMode=1 fullscreen=true dockSide=-1
03-25 19:38:50.234 10931 10948 10948 V InputMethodManager: Starting input: tba=com.ezviz ic=null mNaviBarColor -855310 mIsGetNaviBarColorSuccess true , NavVisible : true , NavTrans : false
03-25 19:38:50.235  1000  3244  6062 V InputMethodManagerService: windowGainedFocus : reason=WINDOW_FOCUS_GAIN client=android.os.BinderProxy@59368c8 inputContext=null missingMethods= attribute=android.view.inputmethod.EditorInfo@332a8ed nm = com.ezviz controlFlags=#104 softInputMode=#120 windowFlags=#1810100
03-25 19:38:50.254  1000  3244  5254 D WindowManager: finishDrawingWindow: Window{9cadb04 u0 com.ezviz/com.ezviz.login.LoginActivity} mDrawState=DRAW_PENDING
03-25 19:38:50.255  1000  3244  3392 I WindowManager: commitFinishDrawingLocked: mDrawState=READY_TO_SHOW Surface(name=com.ezviz/com.ezviz.login.LoginActivity[10948])/@0xd3bf1b3
03-25 19:38:50.257  1000  3244  3392 I WindowManager: commitFinishDrawingLocked: mDrawState=READY_TO_SHOW Surface(name=com.ezviz/com.ezviz.login.LoginActivity[10948])/@0xd3bf1b3
03-25 19:38:50.257  1000  3244  3392 V WindowManager: performShowLocked: mDrawState=HAS_DRAWN in Window{9cadb04 u0 com.ezviz/com.ezviz.login.LoginActivity}
03-25 19:38:50.261  1000  3244  3278 D PersonaManagerService: notifyActivityDrawn u0 ComponentInfo{com.ezviz/com.ezviz.login.LoginActivity} showWhenLocked=false type=1 windowingMode=1 fullscreen=true dockSide=-1
03-25 19:38:50.263  1000  2808  2808 I SurfaceFlinger:      Device | 0x70392391c0 | 0002 | RGBA_8888 |   0.0    0.0 1440.0 2960.0 |    0    0 1440 2960 | com.ezviz/com.ezviz.login.LoginActivity[10948]#0
03-25 19:38:50.263  1000  2808  2808 I SurfaceFlinger:      Device | 0x7039239620 | 0000 | RGBA_8888 |   0.0    0.0 1440.0 2960.0 |    0    0 1440 2960 | com.ezviz/com.ezviz.login.LoginActivity[10948]#1
03-25 19:38:50.833 10931 10948 10948 W System.err: 	at com.videogo.pre.http.core.adapter.call.EzvizResponseCallBack.onResponse(SourceFile:172)
03-25 19:38:50.834 10931 10948 10948 W System.err: 	at com.videogo.pre.http.core.adapter.rxjava.EzvizResponseObserver.onNext(SourceFile:43)
03-25 19:38:50.834 10931 10948 10948 W System.err: 	at com.videogo.pre.http.core.adapter.rxjava.EzvizResponseObserver.onNext(SourceFile:24)
03-25 19:38:50.834 10931 10948 10948 W System.err: 	at com.videogo.pre.http.core.adapter.rxjava.EzvizCallExecuteObservable.subscribeActual(SourceFile:29)
03-25 19:38:50.834 10931 10948 10948 W System.err: 	at com.videogo.pre.http.core.adapter.rxjava.EzvizBodyObservable.subscribeActual(SourceFile:20)
03-25 19:38:50.864  1000  3244  4179 D WifiPermissionsUtil: canAccessScanResults: pkgName = com.ezviz, uid = 10931
03-25 19:38:50.872  1000  3244  3397 D WifiPermissionsUtil: canAccessScanResults: pkgName = com.ezviz, uid = 10931
03-25 19:38:50.902  1000  3244  3397 V WindowManager: Remove Window{9cadb04 u0 com.ezviz/com.ezviz.login.LoginActivity}: mSurfaceController=Surface(name=com.ezviz/com.ezviz.login.LoginActivity[10948])/@0xd3bf1b3 mAnimatingExit=false mRemoveOnExit=false mHasSurface=true surfaceShowing=true isAnimationSet=false app-animation=false mWillReplaceWindow=false inPendingTransaction=false mDisplayFrozen=false callers=com.android.server.wm.WindowState.removeIfPossible:2626 com.android.server.wm.WindowManagerService.removeWindow:1908 com.android.server.wm.Session.remove:253 android.view.IWindowSession$Stub.onTransact:261 com.android.server.wm.Session.onTransact:186 android.os.Binder.execTransact:739 
03-25 19:38:50.902  1000  3244  3397 I WindowManager: Destroying surface Surface(name=com.ezviz/com.ezviz.login.LoginActivity[10948])/@0xd3bf1b3 called by com.android.server.wm.WindowStateAnimator.destroySurface:1826 com.android.server.wm.WindowStateAnimator.destroySurfaceLocked:804 com.android.server.wm.WindowState.removeImmediately:2605 com.android.server.wm.WindowState.removeIfPossible:2755 com.android.server.wm.WindowState.removeIfPossible:2626 com.android.server.wm.WindowManagerService.removeWindow:1908 com.android.server.wm.Session.remove:253 android.view.IWindowSession$Stub.onTransact:261 
03-25 19:38:50.902  1000  2808  2811 I SurfaceFlinger: id=52893 Removed com.ezviz/com.ezviz.login.LoginActivity[10948]#1 (0/64)
03-25 19:38:50.905  1000  3244  3267 D WindowManager: setSystemUiVisibility: vis= 0x8018, fullscreenVis= 0x0, dockedVis= 0x0, win=Window{9cadb04 u0 com.ezviz/com.ezviz.login.LoginActivity}
03-25 19:38:50.908  1000  2808  2811 I SurfaceFlinger: id=52892 Removed 9cadb04 com.ezviz/com.ezviz.login.LoginActivity#0 (1/63)
03-25 19:38:50.909  1000  2808  2808 I Layer   : id=52892 onRemoved 9cadb04 com.ezviz/com.ezviz.login.LoginActivity#0 
03-25 19:38:50.909  1000  2808  2808 I Layer   : id=52893 onRemoved com.ezviz/com.ezviz.login.LoginActivity[10948]#1 
03-25 19:38:50.914  1000  2808  2808 I SurfaceFlinger:      Device | 0x7039839600 | 0002 | RGBA_8888 |   0.0    0.0 1440.0 2960.0 |    0    0 1440 2960 | com.ezviz/com.ezviz.login.LoginActivity[10948]#0
03-25 19:38:50.916  1000  3244  6062 I ActivityManager: START u0 {act=null typ=null flg=0x4000000 cmp=ComponentInfo{com.ezviz/com.ezviz.main.MainTabActivity}} from uid 10931
03-25 19:38:50.925  1000  2808  2808 I SurfaceFlinger: id=52894 createSurf (5920x5920),2 flag=4, AppWindowToken{5428a21 token=Token{45d7088 ActivityRecord{de9e42b u0 com.ezviz/.main.MainTabActivity t1030}}}#0
03-25 19:38:50.933  1000  3244  3244 D Telecom:SamsungPrebindingServiceImpl: onTopActivityChanged ComponentInfo{com.ezviz/com.ezviz.main.MainTabActivity}
03-25 19:38:50.940 10931 10948 10948 V InputMethodManager: Starting input: tba=com.ezviz ic=com.android.internal.widget.EditableInputConnection@a3d7892 mNaviBarColor -855310 mIsGetNaviBarColorSuccess true , NavVisible : true , NavTrans : false
03-25 19:38:50.945  1000  3244  5254 V InputMethodManagerService: windowGainedFocus : reason=WINDOW_FOCUS_GAIN client=android.os.BinderProxy@59368c8 inputContext=com.android.internal.view.IInputContext$Stub$Proxy@f1fc8d2 missingMethods= attribute=android.view.inputmethod.EditorInfo@424ada3 nm = com.ezviz controlFlags=#103 softInputMode=#12 windowFlags=#81810100
03-25 19:38:50.948  1000  3244  5254 D GamePkgDataHelper: notifyAppCreate(), pkgName: com.ezviz, sendRet: true
03-25 19:38:50.948  1000  3244  3657 D GamePkgDataHelper: getGamePkgData(). com.ezviz
03-25 19:38:50.948  1000  3244  3657 D GameManagerService: handleMessage(), MSG_APP_CREATE. ignore. pkgName: com.ezviz
03-25 19:38:50.950  1000  3244  5254 D GameManagerService: noteResumeComponent(), resumeComponent: com.ezviz
03-25 19:38:50.950  1000  3244  3657 D GameManagerService: handleForegroundChange(). pkgName: com.ezviz, clsName: com.ezviz.main.MainTabActivity,FgActivityName:com.ezviz/.main.MainTabActivity
03-25 19:38:50.952  1000  3244  5254 D MARsPolicyManager: onPackageResumedFG pkgName = com.ezviz, userId = 0
03-25 19:38:50.953  1000  3244  3244 D Telecom:SamsungPrebindingServiceImpl: onTopActivityChanged ComponentInfo{com.ezviz/com.ezviz.main.MainTabActivity}
03-25 19:38:50.956  5555  2827  2827 E audit   : type=1327 audit(1553560730.950:22806): proctitle="com.ezviz"
03-25 19:38:50.959  5555  2827  2827 E audit   : type=1327 audit(1553560730.950:22807): proctitle="com.ezviz"
03-25 19:38:50.959  5555  2827  2827 E audit   : type=1327 audit(1553560730.950:22808): proctitle="com.ezviz"
03-25 19:38:50.967  1000  3244  3873 D WifiPermissionsUtil: canAccessScanResults: pkgName = com.ezviz, uid = 10931
03-25 19:38:50.991  1000  3244  5254 D WifiPermissionsUtil: canAccessScanResults: pkgName = com.ezviz, uid = 10931
03-25 19:38:50.992  1000  3244  5254 D WifiPermissionsUtil: canAccessScanResults: pkgName = com.ezviz, uid = 10931
03-25 19:38:51.056  5250  4239  4239 D KNOXCORE::LockSecureFolderTask: ResumedActivity userId0[com.ezviz/.main.MainTabActivity]
03-25 19:38:51.116  1000  3244  4108 D WifiPermissionsUtil: canAccessScanResults: pkgName = com.ezviz, uid = 10931
03-25 19:38:51.121 10931 10948 11302 D BundleManager: getRemoteBidInfo url:https://apiius.ezvizlife.com/nodeupdate/v3/rn/check?mobileType=SM-G965U&hardCode=17cd5f5280a6c64a01a99df0e810d42e&phone=&bids=[{"bid":"ModulePIRSetting","version":"2.0.0.267978"},{"bid":"DeviceSocket","version":"2.0.0.268391"},{"bid":"DeviceW3","version":"2.0.0.263113"},{"bid":"ModulePIRSettingRCA","version":"2.0.0.263113"},{"bid":"ServiceAdvert","version":"2.0.0.267786"},{"bid":"ModuleAddDevice","version":"2.0.0.265513"},{"bid":"Pub","version":"2.0.0"},{"bid":"DeviceAlertKeyboard","version":"2.0.0.267786"},{"bid":"Core","version":"2.0.0"},{"bid":"DeviceA1S","version":"2.0.0.267786"}]
03-25 19:38:51.165  1000  2808  2808 I SurfaceFlinger: id=52895 createSurf (5920x5920),2 flag=4, 2bdc618 com.ezviz/com.ezviz.main.MainTabActivity#0
03-25 19:38:51.182  1000  3244  4108 D WifiPermissionsUtil: canAccessScanResults: pkgName = com.ezviz, uid = 10931
03-25 19:38:51.188  1000  3244  3397 V WindowManager: Relayout Window{2bdc618 u0 com.ezviz/com.ezviz.main.MainTabActivity}: viewVisibility=0 req=1440x2960 {(0,0)(fillxfill) sim={adjust=pan forwardNavigation} ty=BASE_APPLICATION wanim=0x10302ec
03-25 19:38:51.192  1000  2808  2808 I SurfaceFlinger: id=52896 createSurf (1440x2960),1 flag=404, com.ezviz/com.ezviz.main.MainTabActivity[10948]#0
03-25 19:38:51.195  1000  3244  3267 D WindowManager: setSystemUiVisibility: vis= 0x8018, fullscreenVis= 0x0, dockedVis= 0x0, win=Window{2bdc618 u0 com.ezviz/com.ezviz.main.MainTabActivity}
03-25 19:38:51.219  1000  3244  4179 D WindowManager: finishDrawingWindow: Window{2bdc618 u0 com.ezviz/com.ezviz.main.MainTabActivity} mDrawState=DRAW_PENDING
03-25 19:38:51.220  1000  3244  3392 I WindowManager: commitFinishDrawingLocked: mDrawState=READY_TO_SHOW Surface(name=com.ezviz/com.ezviz.main.MainTabActivity[10948])/@0xe940973
03-25 19:38:51.222  1000  3244  3392 I WindowManager: Cancelling animation restarting=true, leash=null, surface=Surface(name=AppWindowToken{a0c88e0 token=Token{eef46e3 ActivityRecord{afbff12 u0 com.ezviz/.login.LoginActivity t1030}}})/@0x5d51804, parent=Surface(name=Task=1030)/@0x693c6e4, caller=com.android.server.wm.SurfaceAnimator.startAnimation:114 com.android.server.wm.WindowContainer.startAnimation:1157 com.android.server.wm.AppWindowToken.applyAnimationLocked:2069 com.android.server.wm.AppWindowToken.setVisibility:468 com.android.server.wm.WindowSurfacePlacer.handleClosingApps:526 
03-25 19:38:51.222  1000  3244  3392 I WindowManager: Reparenting to leash, surface=Surface(name=AppWindowToken{a0c88e0 token=Token{eef46e3 ActivityRecord{afbff12 u0 com.ezviz/.login.LoginActivity t1030}}})/@0x5d51804, caller=com.android.server.wm.SurfaceAnimator.startAnimation:122 com.android.server.wm.WindowContainer.startAnimation:1157 com.android.server.wm.AppWindowToken.applyAnimationLocked:2069 com.android.server.wm.AppWindowToken.setVisibility:468 com.android.server.wm.WindowSurfacePlacer.handleClosingApps:526 
03-25 19:38:51.223  1000  2808  2808 I SurfaceFlinger: id=52897 createSurf (5920x5920),2 flag=4, Surface(name=AppWindowToken{a0c88e0 token=Token{eef46e3 ActivityRecord{afbff12 u0 com.ezviz/.login.LoginActivity t1030}}})/@0x5d51804 - animation-leash#0
03-25 19:38:51.225  1000  3244  3392 D SurfaceControl: reparent is called, sc=Surface(name=AppWindowToken{a0c88e0 token=Token{eef46e3 ActivityRecord{afbff12 u0 com.ezviz/.login.LoginActivity t1030}}})/@0x5d51804, newParentHandle=android.os.BinderProxy@9c64a2e, transaction=android.view.SurfaceControl$Transaction@19bc9cf, caller=com.android.server.wm.SurfaceAnimator.createAnimationLeash:368 com.android.server.wm.SurfaceAnimator.startAnimation:122 com.android.server.wm.WindowContainer.startAnimation:1157 com.android.server.wm.AppWindowToken.applyAnimationLocked:2069 com.android.server.wm.AppWindowToken.setVisibility:468 com.android.server.wm.WindowSurfacePlacer.handleClosingApps:526 com.android.server.wm.WindowSurfacePlacer.handleAppTransitionReadyLocked:323 
03-25 19:38:51.226  1000  3244  3392 I WindowManager: Cancelling animation restarting=true, leash=null, surface=Surface(name=AppWindowToken{5428a21 token=Token{45d7088 ActivityRecord{de9e42b u0 com.ezviz/.main.MainTabActivity t1030}}})/@0x7b533eb, parent=Surface(name=Task=1030)/@0x693c6e4, caller=com.android.server.wm.SurfaceAnimator.startAnimation:114 com.android.server.wm.WindowContainer.startAnimation:1157 com.android.server.wm.AppWindowToken.applyAnimationLocked:2069 com.android.server.wm.AppWindowToken.setVisibility:468 com.android.server.wm.WindowSurfacePlacer.handleOpeningApps:481 
03-25 19:38:51.226  1000  3244  3392 I WindowManager: Reparenting to leash, surface=Surface(name=AppWindowToken{5428a21 token=Token{45d7088 ActivityRecord{de9e42b u0 com.ezviz/.main.MainTabActivity t1030}}})/@0x7b533eb, caller=com.android.server.wm.SurfaceAnimator.startAnimation:122 com.android.server.wm.WindowContainer.startAnimation:1157 com.android.server.wm.AppWindowToken.applyAnimationLocked:2069 com.android.server.wm.AppWindowToken.setVisibility:468 com.android.server.wm.WindowSurfacePlacer.handleOpeningApps:481 
03-25 19:38:51.228  1000  2808  2808 I SurfaceFlinger: id=52898 createSurf (5920x5920),2 flag=4, Surface(name=AppWindowToken{5428a21 token=Token{45d7088 ActivityRecord{de9e42b u0 com.ezviz/.main.MainTabActivity t1030}}})/@0x7b533eb - animation-leash#0
03-25 19:38:51.230  1000  3244  3392 D SurfaceControl: reparent is called, sc=Surface(name=AppWindowToken{5428a21 token=Token{45d7088 ActivityRecord{de9e42b u0 com.ezviz/.main.MainTabActivity t1030}}})/@0x7b533eb, newParentHandle=android.os.BinderProxy@bae548, transaction=android.view.SurfaceControl$Transaction@f1fbfe1, caller=com.android.server.wm.SurfaceAnimator.createAnimationLeash:368 com.android.server.wm.SurfaceAnimator.startAnimation:122 com.android.server.wm.WindowContainer.startAnimation:1157 com.android.server.wm.AppWindowToken.applyAnimationLocked:2069 com.android.server.wm.AppWindowToken.setVisibility:468 com.android.server.wm.WindowSurfacePlacer.handleOpeningApps:481 com.android.server.wm.WindowSurfacePlacer.handleAppTransitionReadyLocked:325 
03-25 19:38:51.235  1000  3244  3392 V WindowManager: performShowLocked: mDrawState=HAS_DRAWN in Window{2bdc618 u0 com.ezviz/com.ezviz.main.MainTabActivity}
03-25 19:38:51.237  1000  2808  4184 D Layer   : [AppWindowToken{5428a21 token=Token{45d7088 ActivityRecord{de9e42b u0 com.ezviz/.main.MainTabActivity t1030}}}#0]::reparent oldParent:[Task=1030#0], newParent:[Surface(name=AppWindowToken{5428a21 token=Token{45d7088 ActivityRecord{de9e42b u0 com.ezviz/.main.MainTabActivity t1030}}})/@0x7b533eb - animation-leash#0]
03-25 19:38:51.238  1000  2808  4184 D Layer   : [AppWindowToken{a0c88e0 token=Token{eef46e3 ActivityRecord{afbff12 u0 com.ezviz/.login.LoginActivity t1030}}}#0]::reparent oldParent:[Task=1030#0], newParent:[Surface(name=AppWindowToken{a0c88e0 token=Token{eef46e3 ActivityRecord{afbff12 u0 com.ezviz/.login.LoginActivity t1030}}})/@0x5d51804 - animation-leash#0]
03-25 19:38:51.243 10931 10948 10948 V InputMethodManager: Starting input: tba=com.ezviz ic=null mNaviBarColor -855310 mIsGetNaviBarColorSuccess true , NavVisible : true , NavTrans : false
03-25 19:38:51.245  1000  3244  3278 D PersonaManagerService: notifyActivityDrawn u0 ComponentInfo{com.ezviz/com.ezviz.main.MainTabActivity} showWhenLocked=false type=1 windowingMode=1 fullscreen=true dockSide=-1
03-25 19:38:51.245  1000  3244  4179 V InputMethodManagerService: windowGainedFocus : reason=WINDOW_FOCUS_GAIN client=android.os.BinderProxy@59368c8 inputContext=null missingMethods= attribute=android.view.inputmethod.EditorInfo@db39792 nm = com.ezviz controlFlags=#105 softInputMode=#120 windowFlags=#81810100
03-25 19:38:51.245  1000  3244  3278 I ActivityManager: Displayed com.ezviz/.main.MainTabActivity: +288ms
03-25 19:38:51.264  1000  2808  2808 I SurfaceFlinger:      Device | 0x7039839600 | 0002 | RGBA_8888 |   0.0    1.0 1440.0 2960.0 |    0    0 1440 2959 | com.ezviz/com.ezviz.login.LoginActivity[10948]#0
03-25 19:38:51.264  1000  2808  2808 I SurfaceFlinger:      Device | 0x7039239070 | 0002 | RGBA_8888 |   0.0    0.0 1440.0 2268.0 |    0  692 1440 2960 | com.ezviz/com.ezviz.main.MainTabActivity[10948]#0
03-25 19:38:51.280  1000  2808  2808 I SurfaceFlinger:      Device | 0x7039839600 | 0002 | RGBA_8888 |   0.0    3.0 1440.0 2960.0 |    0    0 1440 2957 | com.ezviz/com.ezviz.login.LoginActivity[10948]#0
03-25 19:38:51.280  1000  2808  2808 I SurfaceFlinger:      Device | 0x7039239000 | 0002 | RGBA_8888 |   0.0    0.0 1440.0 2298.0 |    0  662 1440 2960 | com.ezviz/com.ezviz.main.MainTabActivity[10948]#0
03-25 19:38:51.348  1000  2808  2808 I SurfaceFlinger:      Device | 0x7039839600 | 0002 | RGBA_8888 |   0.0   22.0 1440.0 2960.0 |    0    0 1440 2938 | com.ezviz/com.ezviz.login.LoginActivity[10948]#0
03-25 19:38:51.348  1000  2808  2808 I SurfaceFlinger:      Device | 0x7039239150 | 0002 | RGBA_8888 |   0.0    0.0 1440.0 2685.0 |    0  275 1440 2960 | com.ezviz/com.ezviz.main.MainTabActivity[10948]#0
03-25 19:38:51.372  1000  3244  4179 D WifiPermissionsUtil: canAccessScanResults: pkgName = com.ezviz, uid = 10931
03-25 19:38:51.527  1000  3244  3392 I WindowManager: reset, Reparenting to original parent, shouldDeferScheduleAnimation=true, destroyLeash=true, surface=Surface(name=AppWindowToken{a0c88e0 token=Token{eef46e3 ActivityRecord{afbff12 u0 com.ezviz/.login.LoginActivity t1030}}})/@0x5d51804, parent=Surface(name=Task=1030)/@0x693c6e4, parentNativeHandle=android.os.BinderProxy@8307057, caller=com.android.server.wm.SurfaceAnimator.lambda$getFinishedCallback$0:89 com.android.server.wm.-$$Lambda$SurfaceAnimator$SIBia0mND666K8lMCPsoid8pUTI.run:4 com.android.server.wm.AnimatingAppWindowTokenRegistry.endDeferringFinished:104 com.android.server.wm.AnimatingAppWindowTokenRegistry.notifyAboutToFinish:77 com.android.server.wm.AppWindowToken.shouldDeferAnimationFinish:2167 
03-25 19:38:51.527  1000  3244  3392 D SurfaceControl: reparent is called, sc=Surface(name=AppWindowToken{a0c88e0 token=Token{eef46e3 ActivityRecord{afbff12 u0 com.ezviz/.login.LoginActivity t1030}}})/@0x5d51804, newParentHandle=android.os.BinderProxy@8307057, transaction=android.view.SurfaceControl$Transaction@19bc9cf, caller=com.android.server.wm.SurfaceAnimator.reset:317 com.android.server.wm.SurfaceAnimator.lambda$getFinishedCallback$0:89 com.android.server.wm.-$$Lambda$SurfaceAnimator$SIBia0mND666K8lMCPsoid8pUTI.run:4 com.android.server.wm.AnimatingAppWindowTokenRegistry.endDeferringFinished:104 com.android.server.wm.AnimatingAppWindowTokenRegistry.notifyAboutToFinish:77 com.android.server.wm.AppWindowToken.shouldDeferAnimationFinish:2167 com.android.server.wm.SurfaceAnimator.lambda$getFinishedCallback$1:95 
03-25 19:38:51.527  1000  3244  3392 D SurfaceControl: destroy(case2), animation-leash is destroyed, sc=Surface(name=Surface(name=AppWindowToken{a0c88e0 token=Token{eef46e3 ActivityRecord{afbff12 u0 com.ezviz/.login.LoginActivity t1030}}})/@0x5d51804 - animation-leash)/@0xbec2f5c, transaction=android.view.SurfaceControl$Transaction@19bc9cf, caller=com.android.server.wm.SurfaceAnimator.reset:324 com.android.server.wm.SurfaceAnimator.lambda$getFinishedCallback$0:89 com.android.server.wm.-$$Lambda$SurfaceAnimator$SIBia0mND666K8lMCPsoid8pUTI.run:4 com.android.server.wm.AnimatingAppWindowTokenRegistry.endDeferringFinished:104 com.android.server.wm.AnimatingAppWindowTokenRegistry.notifyAboutToFinish:77 com.android.server.wm.AppWindowToken.shouldDeferAnimationFinish:2167 com.android.server.wm.SurfaceAnimator.lambda$getFinishedCallback$1:95 
03-25 19:38:51.528  1000  3244  3392 I WindowManager: reset, Reparenting to original parent, shouldDeferScheduleAnimation=false, destroyLeash=true, surface=Surface(name=AppWindowToken{5428a21 token=Token{45d7088 ActivityRecord{de9e42b u0 com.ezviz/.main.MainTabActivity t1030}}})/@0x7b533eb, parent=Surface(name=Task=1030)/@0x693c6e4, parentNativeHandle=android.os.BinderProxy@8307057, caller=com.android.server.wm.SurfaceAnimator.lambda$getFinishedCallback$0:89 com.android.server.wm.-$$Lambda$SurfaceAnimator$SIBia0mND666K8lMCPsoid8pUTI.run:4 com.android.server.wm.SurfaceAnimator.lambda$getFinishedCallback$1:96 com.android.server.wm.-$$Lambda$SurfaceAnimator$vdRZk66hQVbQCvVXEaQCT1kVmFc.onAnimationFinished:4 com.android.server.wm.LocalAnimationAdapter.lambda$startAnimation$0:65 
03-25 19:38:51.528  1000  3244  3392 D SurfaceControl: reparent is called, sc=Surface(name=AppWindowToken{5428a21 token=Token{45d7088 ActivityRecord{de9e42b u0 com.ezviz/.main.MainTabActivity t1030}}})/@0x7b533eb, newParentHandle=android.os.BinderProxy@8307057, transaction=android.view.SurfaceControl$Transaction@f1fbfe1, caller=com.android.server.wm.SurfaceAnimator.reset:317 com.android.server.wm.SurfaceAnimator.lambda$getFinishedCallback$0:89 com.android.server.wm.-$$Lambda$SurfaceAnimator$SIBia0mND666K8lMCPsoid8pUTI.run:4 com.android.server.wm.SurfaceAnimator.lambda$getFinishedCallback$1:96 com.android.server.wm.-$$Lambda$SurfaceAnimator$vdRZk66hQVbQCvVXEaQCT1kVmFc.onAnimationFinished:4 com.android.server.wm.LocalAnimationAdapter.lambda$startAnimation$0:65 com.android.server.wm.-$$Lambda$LocalAnimationAdapter$X--EomqUvw4qy89IeeTFTH7aCMo.run:4 
03-25 19:38:51.528  1000  3244  3392 D SurfaceControl: destroy(case2), animation-leash is destroyed, sc=Surface(name=Surface(name=AppWindowToken{5428a21 token=Token{45d7088 ActivityRecord{de9e42b u0 com.ezviz/.main.MainTabActivity t1030}}})/@0x7b533eb - animation-leash)/@0x4f7791d, transaction=android.view.SurfaceControl$Transaction@f1fbfe1, caller=com.android.server.wm.SurfaceAnimator.reset:324 com.android.server.wm.SurfaceAnimator.lambda$getFinishedCallback$0:89 com.android.server.wm.-$$Lambda$SurfaceAnimator$SIBia0mND666K8lMCPsoid8pUTI.run:4 com.android.server.wm.SurfaceAnimator.lambda$getFinishedCallback$1:96 com.android.server.wm.-$$Lambda$SurfaceAnimator$vdRZk66hQVbQCvVXEaQCT1kVmFc.onAnimationFinished:4 com.android.server.wm.LocalAnimationAdapter.lambda$startAnimation$0:65 com.android.server.wm.-$$Lambda$LocalAnimationAdapter$X--EomqUvw4qy89IeeTFTH7aCMo.run:4 
03-25 19:38:51.530  1000  2808  2811 D Layer   : [AppWindowToken{a0c88e0 token=Token{eef46e3 ActivityRecord{afbff12 u0 com.ezviz/.login.LoginActivity t1030}}}#0]::reparent oldParent:[Surface(name=AppWindowToken{a0c88e0 token=Token{eef46e3 ActivityRecord{afbff12 u0 com.ezviz/.login.LoginActivity t1030}}})/@0x5d51804 - animation-leash#0], newParent:[Task=1030#0]
03-25 19:38:51.530  1000  2808  2811 D Layer   : [AppWindowToken{5428a21 token=Token{45d7088 ActivityRecord{de9e42b u0 com.ezviz/.main.MainTabActivity t1030}}}#0]::reparent oldParent:[Surface(name=AppWindowToken{5428a21 token=Token{45d7088 ActivityRecord{de9e42b u0 com.ezviz/.main.MainTabActivity t1030}}})/@0x7b533eb - animation-leash#0], newParent:[Task=1030#0]
03-25 19:38:51.530  1000  2808  2811 I SurfaceFlinger: id=52898 Removed Surface(name=AppWindowToken{5428a21 token=Token{45d7088 ActivityRecord{de9e42b u0 com.ezviz/.main.MainTabActivity t1030}}})/@0x7b533eb - animation-leash#0 (1/69)
03-25 19:38:51.530  1000  2808  2811 I SurfaceFlinger: id=52897 Removed Surface(name=AppWindowToken{a0c88e0 token=Token{eef46e3 ActivityRecord{afbff12 u0 com.ezviz/.login.LoginActivity t1030}}})/@0x5d51804 - animation-leash#0 (0/67)
03-25 19:38:51.542  1000  2808  2808 I Layer   : id=52898 onRemoved Surface(name=AppWindowToken{5428a21 token=Token{45d7088 ActivityRecord{de9e42b u0 com.ezviz/.main.MainTabActivity t1030}}})/@0x7b533eb - animation-leash#0 
03-25 19:38:51.543  1000  2808  2808 I Layer   : id=52897 onRemoved Surface(name=AppWindowToken{a0c88e0 token=Token{eef46e3 ActivityRecord{afbff12 u0 com.ezviz/.login.LoginActivity t1030}}})/@0x5d51804 - animation-leash#0 
03-25 19:38:51.548  1000  2808  2808 I SurfaceFlinger:      Device | 0x7039239150 | 0002 | RGBA_8888 |   0.0    0.0 1440.0 2960.0 |    0    0 1440 2960 | com.ezviz/com.ezviz.main.MainTabActivity[10948]#0
03-25 19:38:51.554  1000  3244  8711 D GameManagerService: identifyGamePackage. com.ezviz
03-25 19:38:51.554  1000  3244  8711 D GamePkgDataHelper: getGamePkgData(). com.ezviz
03-25 19:38:51.564  1000  3244  4108 V WindowManager: Relayout Window{be499e6 u0 com.ezviz/com.ezviz.login.LoginActivity}: viewVisibility=8 req=1440x2960 {(0,0)(fillxfill) sim={state=hidden adjust=resize forwardNavigation} ty=BASE_APPLICATION wanim=0x10302ec
03-25 19:38:51.974  1000  3244  3256 V WindowManager: Remove Window{be499e6 u0 com.ezviz/com.ezviz.login.LoginActivity}: mSurfaceController=Surface(name=com.ezviz/com.ezviz.login.LoginActivity[10948])/@0x67d4896 mAnimatingExit=false mRemoveOnExit=false mHasSurface=true surfaceShowing=false isAnimationSet=false app-animation=false mWillReplaceWindow=false inPendingTransaction=false mDisplayFrozen=false callers=com.android.server.wm.WindowState.removeIfPossible:2626 com.android.server.wm.WindowManagerService.removeWindow:1908 com.android.server.wm.Session.remove:253 android.view.IWindowSession$Stub.onTransact:261 com.android.server.wm.Session.onTransact:186 android.os.Binder.execTransact:739 
03-25 19:38:51.974  1000  3244  3256 I WindowManager: Destroying surface Surface(name=com.ezviz/com.ezviz.login.LoginActivity[10948])/@0x67d4896 called by com.android.server.wm.WindowStateAnimator.destroySurface:1826 com.android.server.wm.WindowStateAnimator.destroySurfaceLocked:804 com.android.server.wm.WindowState.removeImmediately:2605 com.android.server.wm.WindowState.removeIfPossible:2755 com.android.server.wm.WindowState.removeIfPossible:2626 com.android.server.wm.WindowManagerService.removeWindow:1908 com.android.server.wm.Session.remove:253 android.view.IWindowSession$Stub.onTransact:261 
03-25 19:38:51.974  1000  2808  2812 I SurfaceFlinger: id=52875 Removed com.ezviz/com.ezviz.login.LoginActivity[10948]#0 (0/65)
03-25 19:38:51.976  1000  2808  2812 I SurfaceFlinger: id=52874 Removed be499e6 com.ezviz/com.ezviz.login.LoginActivity#0 (0/64)
03-25 19:38:51.977  1000  2808  2808 I Layer   : id=52874 onRemoved be499e6 com.ezviz/com.ezviz.login.LoginActivity#0 
03-25 19:38:51.977  1000  2808  2808 I Layer   : id=52875 onRemoved com.ezviz/com.ezviz.login.LoginActivity[10948]#0 
03-25 19:38:51.987  1000  3244  4179 I WindowManager: Cancelling animation restarting=false, leash=null, surface=Surface(name=AppWindowToken{a0c88e0 token=Token{eef46e3 ActivityRecord{afbff12 u0 com.ezviz/.login.LoginActivity t1030}}})/@0x5d51804, parent=Surface(name=Task=1030)/@0x693c6e4, caller=com.android.server.wm.SurfaceAnimator.cancelAnimation:177 com.android.server.wm.WindowContainer.cancelAnimation:1165 com.android.server.wm.AppWindowToken.cancelAnimation:2350 com.android.server.wm.AppWindowToken.onRemovedFromDisplay:776 com.android.server.wm.DisplayContent.removeAppToken:1040 
03-25 19:38:51.994  1000  2808  2812 I SurfaceFlinger: id=52871 Removed AppWindowToken{a0c88e0 token=Token{eef46e3 ActivityRecord{afbff12 u0 com.ezviz/.login.LoginActivity t1030}}}#0 (0/63)
03-25 19:38:52.010  1000  2808  2808 I Layer   : id=52871 onRemoved AppWindowToken{a0c88e0 token=Token{eef46e3 ActivityRecord{afbff12 u0 com.ezviz/.login.LoginActivity t1030}}}#0 
03-25 19:38:52.045  1000  3244  3479 D WifiTrafficPoller: TrafficStats TxPkts=2503885 RxPkts=12489422 TxBytes=398402395 RxBytes=16404786097 , Foreground uid=10931 pkgName=com.ezviz TxPackets=8089 RxPackets=6841 TxBytes=1075554 RxBytes=4464330
03-25 19:38:52.726  1000  3244  3256 D WifiPermissionsUtil: canAccessScanResults: pkgName = com.ezviz, uid = 10931
03-25 19:38:55.544  1000  3244  8711 D GameManagerService: identifyGamePackage. com.ezviz
03-25 19:38:55.544  1000  3244  8711 D GamePkgDataHelper: getGamePkgData(). com.ezviz
03-25 19:38:56.131  1000  3244  3479 D WifiTrafficPoller: TrafficStats TxPkts=2503941 RxPkts=12489450 TxBytes=398412219 RxBytes=16404796349 , Foreground uid=10931 pkgName=com.ezviz TxPackets=8123 RxPackets=6849 TxBytes=1081776 RxBytes=4466176
03-25 19:38:57.050  1000  3244  3446 I clp-JNI : CLP add process info start. (channel) 1256bf3 OneHandTouch (server) (pkg) AppWindowToken{5428a21 token=Token{45d7088 ActivityRecord{de9e42b u0 com.ezviz/.main.MainTabActivity t1030}}} (action) 0
03-25 19:38:57.054  1000  3244  3446 I clp-JNI : CLP add process info start. (channel) 1256bf3 OneHandTouch (server) (pkg) AppWindowToken{5428a21 token=Token{45d7088 ActivityRecord{de9e42b u0 com.ezviz/.main.MainTabActivity t1030}}} (action) 1
03-25 19:38:57.062  1000  3244  3446 I clp-JNI : CLP add process info start. (channel) 2bdc618 com.ezviz/com.ezviz.main.MainTabActivity (server) (pkg) AppWindowToken{5428a21 token=Token{45d7088 ActivityRecord{de9e42b u0 com.ezviz/.main.MainTabActivity t1030}}} (action) 0
03-25 19:38:57.062  1000  3244  3446 I clp-JNI : CLP add process info start. (channel) 2bdc618 com.ezviz/com.ezviz.main.MainTabActivity (server) (pkg) AppWindowToken{5428a21 token=Token{45d7088 ActivityRecord{de9e42b u0 com.ezviz/.main.MainTabActivity t1030}}} (action) 1
03-25 19:38:57.901  1000  3244  3446 I clp-JNI : CLP add process info start. (channel) 2bdc618 com.ezviz/com.ezviz.main.MainTabActivity (server) (pkg) AppWindowToken{5428a21 token=Token{45d7088 ActivityRecord{de9e42b u0 com.ezviz/.main.MainTabActivity t1030}}} (action) 0
03-25 19:38:57.997  1000  3244  3446 I clp-JNI : CLP add process info start. (channel) 2bdc618 com.ezviz/com.ezviz.main.MainTabActivity (server) (pkg) AppWindowToken{5428a21 token=Token{45d7088 ActivityRecord{de9e42b u0 com.ezviz/.main.MainTabActivity t1030}}} (action) 1
03-25 19:38:58.032 10931 10948 10948 I chatty  : uid=10931(com.ezviz) identical 1 line
03-25 19:38:58.090  1000  3244  3397 V WindowManager: Relayout Window{2bdc618 u0 com.ezviz/com.ezviz.main.MainTabActivity}: viewVisibility=0 req=1440x2960 {(0,0)(fillxfill) sim={adjust=resize} ty=BASE_APPLICATION wanim=0x10302ec
03-25 19:38:58.096 10931 10948 10948 V InputMethodManager: Starting input: tba=com.ezviz ic=null mNaviBarColor -855310 mIsGetNaviBarColorSuccess true , NavVisible : true , NavTrans : false
03-25 19:39:00.231  1000  3244  3479 D WifiTrafficPoller: TrafficStats TxPkts=2503999 RxPkts=12489511 TxBytes=398418110 RxBytes=16404815085 , Foreground uid=10931 pkgName=com.ezviz TxPackets=8150 RxPackets=6867 TxBytes=1084996 RxBytes=4476943
03-25 19:39:02.345  1000  3244  3446 I clp-JNI : CLP add process info start. (channel) 2bdc618 com.ezviz/com.ezviz.main.MainTabActivity (server) (pkg) AppWindowToken{5428a21 token=Token{45d7088 ActivityRecord{de9e42b u0 com.ezviz/.main.MainTabActivity t1030}}} (action) 0
