03-25 19:39:02.427  1000  3244  3446 I clp-JNI : CLP add process info start. (channel) 2bdc618 com.ezviz/com.ezviz.main.MainTabActivity (server) (pkg) AppWindowToken{5428a21 token=Token{45d7088 ActivityRecord{de9e42b u0 com.ezviz/.main.MainTabActivity t1030}}} (action) 1
03-25 19:39:02.546 10931 10948 10948 V InputMethodManager: Starting input: tba=com.ezviz ic=null mNaviBarColor -855310 mIsGetNaviBarColorSuccess true , NavVisible : true , NavTrans : false
03-25 19:39:02.944  1000  3244  3446 I clp-JNI : CLP add process info start. (channel) 2bdc618 com.ezviz/com.ezviz.main.MainTabActivity (server) (pkg) AppWindowToken{5428a21 token=Token{45d7088 ActivityRecord{de9e42b u0 com.ezviz/.main.MainTabActivity t1030}}} (action) 0
03-25 19:39:03.026  1000  3244  3446 I clp-JNI : CLP add process info start. (channel) 2bdc618 com.ezviz/com.ezviz.main.MainTabActivity (server) (pkg) AppWindowToken{5428a21 token=Token{45d7088 ActivityRecord{de9e42b u0 com.ezviz/.main.MainTabActivity t1030}}} (action) 1
03-25 19:39:03.045  1000  3244  4179 V WindowManager: Relayout Window{2bdc618 u0 com.ezviz/com.ezviz.main.MainTabActivity}: viewVisibility=0 req=1440x2960 {(0,0)(fillxfill) sim={adjust=pan} ty=BASE_APPLICATION wanim=0x10302ec
03-25 19:39:03.060 10931 10948 10948 V InputMethodManager: Starting input: tba=com.ezviz ic=null mNaviBarColor -855310 mIsGetNaviBarColorSuccess true , NavVisible : true , NavTrans : false
03-25 19:39:03.761  1000  3244  3446 I clp-JNI : CLP add process info start. (channel) 2bdc618 com.ezviz/com.ezviz.main.MainTabActivity (server) (pkg) AppWindowToken{5428a21 token=Token{45d7088 ActivityRecord{de9e42b u0 com.ezviz/.main.MainTabActivity t1030}}} (action) 0
03-25 19:39:03.828  1000  3244  3446 I clp-JNI : CLP add process info start. (channel) 2bdc618 com.ezviz/com.ezviz.main.MainTabActivity (server) (pkg) AppWindowToken{5428a21 token=Token{45d7088 ActivityRecord{de9e42b u0 com.ezviz/.main.MainTabActivity t1030}}} (action) 1
03-25 19:39:03.841  1000  3244  6103 I ActivityManager: START u0 {act=null typ=null flg=0x0 cmp=ComponentInfo{com.ezviz/com.ezviz.devicemgt.setting.DeviceSettingActivity}} from uid 10931
03-25 19:39:03.849  1000  2808  2808 I SurfaceFlinger: id=52901 createSurf (5920x5920),2 flag=4, AppWindowToken{65a6f62 token=Token{c368e2d ActivityRecord{7060d44 u0 com.ezviz/.devicemgt.setting.DeviceSettingActivity t1030}}}#0
03-25 19:39:03.864  1000  3244  6103 D GamePkgDataHelper: notifyAppCreate(), pkgName: com.ezviz, sendRet: true
03-25 19:39:03.864  1000  3244  3657 D GamePkgDataHelper: getGamePkgData(). com.ezviz
03-25 19:39:03.864  1000  3244  3657 D GameManagerService: handleMessage(), MSG_APP_CREATE. ignore. pkgName: com.ezviz
03-25 19:39:03.866  1000  3244  6103 D GameManagerService: noteResumeComponent(), resumeComponent: com.ezviz
03-25 19:39:03.866  1000  3244  3657 D GameManagerService: handleForegroundChange(). pkgName: com.ezviz, clsName: com.ezviz.devicemgt.setting.DeviceSettingActivity,FgActivityName:com.ezviz/.devicemgt.setting.DeviceSettingActivity
03-25 19:39:03.868  1000  3244  6103 D MARsPolicyManager: onPackageResumedFG pkgName = com.ezviz, userId = 0
03-25 19:39:03.869  1000  3244  3244 D Telecom:SamsungPrebindingServiceImpl: onTopActivityChanged ComponentInfo{com.ezviz/com.ezviz.devicemgt.setting.DeviceSettingActivity}
03-25 19:39:03.891 10931 10948 10948 I chatty  : uid=10931(com.ezviz) identical 1 line
03-25 19:39:03.973  5250  4239  4239 D KNOXCORE::LockSecureFolderTask: ResumedActivity userId0[com.ezviz/.devicemgt.setting.DeviceSettingActivity]
03-25 19:39:04.044  1000  2808  2808 I SurfaceFlinger: id=52902 createSurf (5920x5920),2 flag=4, 5d855e5 com.ezviz/com.ezviz.devicemgt.setting.DeviceSettingActivity#0
03-25 19:39:04.055  1000  3244  4179 V WindowManager: Relayout Window{5d855e5 u0 com.ezviz/com.ezviz.devicemgt.setting.DeviceSettingActivity}: viewVisibility=0 req=1440x2960 {(0,0)(fillxfill) sim={adjust=resize forwardNavigation} ty=BASE_APPLICATION wanim=0x10302ec
03-25 19:39:04.059  1000  2808  2808 I SurfaceFlinger: id=52903 createSurf (1440x2960),1 flag=404, com.ezviz/com.ezviz.devicemgt.setting.DeviceSettingActivity[10948]#0
03-25 19:39:04.062  1000  3244  3267 D WindowManager: setSystemUiVisibility: vis= 0x8018, fullscreenVis= 0x0, dockedVis= 0x0, win=Window{5d855e5 u0 com.ezviz/com.ezviz.devicemgt.setting.DeviceSettingActivity}
03-25 19:39:04.095  1000  3244  6103 D WindowManager: finishDrawingWindow: Window{5d855e5 u0 com.ezviz/com.ezviz.devicemgt.setting.DeviceSettingActivity} mDrawState=DRAW_PENDING
03-25 19:39:04.096  1000  3244  3392 I WindowManager: commitFinishDrawingLocked: mDrawState=READY_TO_SHOW Surface(name=com.ezviz/com.ezviz.devicemgt.setting.DeviceSettingActivity[10948])/@0x5bd6b61
03-25 19:39:04.097  1000  3244  3392 I WindowManager: Cancelling animation restarting=true, leash=null, surface=Surface(name=AppWindowToken{5428a21 token=Token{45d7088 ActivityRecord{de9e42b u0 com.ezviz/.main.MainTabActivity t1030}}})/@0x7b533eb, parent=Surface(name=Task=1030)/@0x693c6e4, caller=com.android.server.wm.SurfaceAnimator.startAnimation:114 com.android.server.wm.WindowContainer.startAnimation:1157 com.android.server.wm.AppWindowToken.applyAnimationLocked:2069 com.android.server.wm.AppWindowToken.setVisibility:468 com.android.server.wm.WindowSurfacePlacer.handleClosingApps:526 
03-25 19:39:04.097  1000  3244  3392 I WindowManager: Reparenting to leash, surface=Surface(name=AppWindowToken{5428a21 token=Token{45d7088 ActivityRecord{de9e42b u0 com.ezviz/.main.MainTabActivity t1030}}})/@0x7b533eb, caller=com.android.server.wm.SurfaceAnimator.startAnimation:122 com.android.server.wm.WindowContainer.startAnimation:1157 com.android.server.wm.AppWindowToken.applyAnimationLocked:2069 com.android.server.wm.AppWindowToken.setVisibility:468 com.android.server.wm.WindowSurfacePlacer.handleClosingApps:526 
03-25 19:39:04.098  1000  2808  2808 I SurfaceFlinger: id=52904 createSurf (5920x5920),2 flag=4, Surface(name=AppWindowToken{5428a21 token=Token{45d7088 ActivityRecord{de9e42b u0 com.ezviz/.main.MainTabActivity t1030}}})/@0x7b533eb - animation-leash#0
03-25 19:39:04.100  1000  3244  3392 D SurfaceControl: reparent is called, sc=Surface(name=AppWindowToken{5428a21 token=Token{45d7088 ActivityRecord{de9e42b u0 com.ezviz/.main.MainTabActivity t1030}}})/@0x7b533eb, newParentHandle=android.os.BinderProxy@6647686, transaction=android.view.SurfaceControl$Transaction@f1fbfe1, caller=com.android.server.wm.SurfaceAnimator.createAnimationLeash:368 com.android.server.wm.SurfaceAnimator.startAnimation:122 com.android.server.wm.WindowContainer.startAnimation:1157 com.android.server.wm.AppWindowToken.applyAnimationLocked:2069 com.android.server.wm.AppWindowToken.setVisibility:468 com.android.server.wm.WindowSurfacePlacer.handleClosingApps:526 com.android.server.wm.WindowSurfacePlacer.handleAppTransitionReadyLocked:323 
03-25 19:39:04.101  1000  3244  3392 I WindowManager: Cancelling animation restarting=true, leash=null, surface=Surface(name=AppWindowToken{65a6f62 token=Token{c368e2d ActivityRecord{7060d44 u0 com.ezviz/.devicemgt.setting.DeviceSettingActivity t1030}}})/@0xf294f74, parent=Surface(name=Task=1030)/@0x693c6e4, caller=com.android.server.wm.SurfaceAnimator.startAnimation:114 com.android.server.wm.WindowContainer.startAnimation:1157 com.android.server.wm.AppWindowToken.applyAnimationLocked:2069 com.android.server.wm.AppWindowToken.setVisibility:468 com.android.server.wm.WindowSurfacePlacer.handleOpeningApps:481 
03-25 19:39:04.101  1000  3244  3392 I WindowManager: Reparenting to leash, surface=Surface(name=AppWindowToken{65a6f62 token=Token{c368e2d ActivityRecord{7060d44 u0 com.ezviz/.devicemgt.setting.DeviceSettingActivity t1030}}})/@0xf294f74, caller=com.android.server.wm.SurfaceAnimator.startAnimation:122 com.android.server.wm.WindowContainer.startAnimation:1157 com.android.server.wm.AppWindowToken.applyAnimationLocked:2069 com.android.server.wm.AppWindowToken.setVisibility:468 com.android.server.wm.WindowSurfacePlacer.handleOpeningApps:481 
03-25 19:39:04.102  1000  2808  2808 I SurfaceFlinger: id=52905 createSurf (5920x5920),2 flag=4, Surface(name=AppWindowToken{65a6f62 token=Token{c368e2d ActivityRecord{7060d44 u0 com.ezviz/.devicemgt.setting.DeviceSettingActivity t1030}}})/@0xf294f74 - animation-leash#0
03-25 19:39:04.104  1000  3244  3392 D SurfaceControl: reparent is called, sc=Surface(name=AppWindowToken{65a6f62 token=Token{c368e2d ActivityRecord{7060d44 u0 com.ezviz/.devicemgt.setting.DeviceSettingActivity t1030}}})/@0xf294f74, newParentHandle=android.os.BinderProxy@2845c9d, transaction=android.view.SurfaceControl$Transaction@5017512, caller=com.android.server.wm.SurfaceAnimator.createAnimationLeash:368 com.android.server.wm.SurfaceAnimator.startAnimation:122 com.android.server.wm.WindowContainer.startAnimation:1157 com.android.server.wm.AppWindowToken.applyAnimationLocked:2069 com.android.server.wm.AppWindowToken.setVisibility:468 com.android.server.wm.WindowSurfacePlacer.handleOpeningApps:481 com.android.server.wm.WindowSurfacePlacer.handleAppTransitionReadyLocked:325 
03-25 19:39:04.109  1000  3244  3392 V WindowManager: performShowLocked: mDrawState=HAS_DRAWN in Window{5d855e5 u0 com.ezviz/com.ezviz.devicemgt.setting.DeviceSettingActivity}
03-25 19:39:04.111  1000  2808  4184 D Layer   : [AppWindowToken{65a6f62 token=Token{c368e2d ActivityRecord{7060d44 u0 com.ezviz/.devicemgt.setting.DeviceSettingActivity t1030}}}#0]::reparent oldParent:[Task=1030#0], newParent:[Surface(name=AppWindowToken{65a6f62 token=Token{c368e2d ActivityRecord{7060d44 u0 com.ezviz/.devicemgt.setting.DeviceSettingActivity t1030}}})/@0xf294f74 - animation-leash#0]
03-25 19:39:04.111  1000  2808  4184 D Layer   : [AppWindowToken{5428a21 token=Token{45d7088 ActivityRecord{de9e42b u0 com.ezviz/.main.MainTabActivity t1030}}}#0]::reparent oldParent:[Task=1030#0], newParent:[Surface(name=AppWindowToken{5428a21 token=Token{45d7088 ActivityRecord{de9e42b u0 com.ezviz/.main.MainTabActivity t1030}}})/@0x7b533eb - animation-leash#0]
03-25 19:39:04.115  1000  3244  3278 D PersonaManagerService: notifyActivityDrawn u0 ComponentInfo{com.ezviz/com.ezviz.devicemgt.setting.DeviceSettingActivity} showWhenLocked=false type=1 windowingMode=1 fullscreen=true dockSide=-1
03-25 19:39:04.115 10931 10948 10948 V InputMethodManager: Starting input: tba=com.ezviz ic=null mNaviBarColor -855310 mIsGetNaviBarColorSuccess true , NavVisible : true , NavTrans : false
03-25 19:39:04.115  1000  3244  3278 I ActivityManager: Displayed com.ezviz/.devicemgt.setting.DeviceSettingActivity: +248ms
03-25 19:39:04.116  1000  3244  4179 V InputMethodManagerService: windowGainedFocus : reason=WINDOW_FOCUS_GAIN client=android.os.BinderProxy@59368c8 inputContext=null missingMethods= attribute=android.view.inputmethod.EditorInfo@e428c3f nm = com.ezviz controlFlags=#104 softInputMode=#110 windowFlags=#81810100
03-25 19:39:04.145  1000  2808  2808 I SurfaceFlinger:      Device | 0x7039239070 | 0002 | RGBA_8888 |   0.0    1.0 1440.0 2960.0 |    0    0 1440 2959 | com.ezviz/com.ezviz.main.MainTabActivity[10948]#0
03-25 19:39:04.145  1000  2808  2808 I SurfaceFlinger:      Device | 0x70398396e0 | 0002 | RGBA_8888 |   0.0    0.0 1440.0 2268.0 |    0  692 1440 2960 | com.ezviz/com.ezviz.devicemgt.setting.DeviceSettingActivity[10948]#0
03-25 19:39:04.161  1000  2808  2808 I SurfaceFlinger:      Device | 0x7039239070 | 0002 | RGBA_8888 |   0.0    3.0 1440.0 2960.0 |    0    0 1440 2957 | com.ezviz/com.ezviz.main.MainTabActivity[10948]#0
03-25 19:39:04.161  1000  2808  2808 I SurfaceFlinger:      Device | 0x70398396e0 | 0002 | RGBA_8888 |   0.0    0.0 1440.0 2298.0 |    0  662 1440 2960 | com.ezviz/com.ezviz.devicemgt.setting.DeviceSettingActivity[10948]#0
03-25 19:39:04.227  1000  2808  2808 I SurfaceFlinger:      Device | 0x7039239070 | 0002 | RGBA_8888 |   0.0   22.0 1440.0 2960.0 |    0    0 1440 2938 | com.ezviz/com.ezviz.main.MainTabActivity[10948]#0
03-25 19:39:04.227  1000  2808  2808 I SurfaceFlinger:      Device | 0x70398396e0 | 0002 | RGBA_8888 |   0.0    0.0 1440.0 2685.0 |    0  275 1440 2960 | com.ezviz/com.ezviz.devicemgt.setting.DeviceSettingActivity[10948]#0
03-25 19:39:04.271  1000  3244  3479 D WifiTrafficPoller: TrafficStats TxPkts=2504055 RxPkts=12489567 TxBytes=398432646 RxBytes=16404824377 , Foreground uid=10931 pkgName=com.ezviz TxPackets=8170 RxPackets=6883 TxBytes=1090962 RxBytes=4480613
03-25 19:39:04.407  1000  3244  3392 I WindowManager: reset, Reparenting to original parent, shouldDeferScheduleAnimation=true, destroyLeash=true, surface=Surface(name=AppWindowToken{65a6f62 token=Token{c368e2d ActivityRecord{7060d44 u0 com.ezviz/.devicemgt.setting.DeviceSettingActivity t1030}}})/@0xf294f74, parent=Surface(name=Task=1030)/@0x693c6e4, parentNativeHandle=android.os.BinderProxy@8307057, caller=com.android.server.wm.SurfaceAnimator.lambda$getFinishedCallback$0:89 com.android.server.wm.-$$Lambda$SurfaceAnimator$SIBia0mND666K8lMCPsoid8pUTI.run:4 com.android.server.wm.AnimatingAppWindowTokenRegistry.endDeferringFinished:104 com.android.server.wm.AnimatingAppWindowTokenRegistry.notifyAboutToFinish:77 com.android.server.wm.AppWindowToken.shouldDeferAnimationFinish:2167 
03-25 19:39:04.407  1000  3244  3392 D SurfaceControl: reparent is called, sc=Surface(name=AppWindowToken{65a6f62 token=Token{c368e2d ActivityRecord{7060d44 u0 com.ezviz/.devicemgt.setting.DeviceSettingActivity t1030}}})/@0xf294f74, newParentHandle=android.os.BinderProxy@8307057, transaction=android.view.SurfaceControl$Transaction@5017512, caller=com.android.server.wm.SurfaceAnimator.reset:317 com.android.server.wm.SurfaceAnimator.lambda$getFinishedCallback$0:89 com.android.server.wm.-$$Lambda$SurfaceAnimator$SIBia0mND666K8lMCPsoid8pUTI.run:4 com.android.server.wm.AnimatingAppWindowTokenRegistry.endDeferringFinished:104 com.android.server.wm.AnimatingAppWindowTokenRegistry.notifyAboutToFinish:77 com.android.server.wm.AppWindowToken.shouldDeferAnimationFinish:2167 com.android.server.wm.SurfaceAnimator.lambda$getFinishedCallback$1:95 
03-25 19:39:04.407  1000  3244  3392 D SurfaceControl: destroy(case2), animation-leash is destroyed, sc=Surface(name=Surface(name=AppWindowToken{65a6f62 token=Token{c368e2d ActivityRecord{7060d44 u0 com.ezviz/.devicemgt.setting.DeviceSettingActivity t1030}}})/@0xf294f74 - animation-leash)/@0xefdd05e, transaction=android.view.SurfaceControl$Transaction@5017512, caller=com.android.server.wm.SurfaceAnimator.reset:324 com.android.server.wm.SurfaceAnimator.lambda$getFinishedCallback$0:89 com.android.server.wm.-$$Lambda$SurfaceAnimator$SIBia0mND666K8lMCPsoid8pUTI.run:4 com.android.server.wm.AnimatingAppWindowTokenRegistry.endDeferringFinished:104 com.android.server.wm.AnimatingAppWindowTokenRegistry.notifyAboutToFinish:77 com.android.server.wm.AppWindowToken.shouldDeferAnimationFinish:2167 com.android.server.wm.SurfaceAnimator.lambda$getFinishedCallback$1:95 
03-25 19:39:04.408  1000  3244  3392 I WindowManager: reset, Reparenting to original parent, shouldDeferScheduleAnimation=false, destroyLeash=true, surface=Surface(name=AppWindowToken{5428a21 token=Token{45d7088 ActivityRecord{de9e42b u0 com.ezviz/.main.MainTabActivity t1030}}})/@0x7b533eb, parent=Surface(name=Task=1030)/@0x693c6e4, parentNativeHandle=android.os.BinderProxy@8307057, caller=com.android.server.wm.SurfaceAnimator.lambda$getFinishedCallback$0:89 com.android.server.wm.-$$Lambda$SurfaceAnimator$SIBia0mND666K8lMCPsoid8pUTI.run:4 com.android.server.wm.SurfaceAnimator.lambda$getFinishedCallback$1:96 com.android.server.wm.-$$Lambda$SurfaceAnimator$vdRZk66hQVbQCvVXEaQCT1kVmFc.onAnimationFinished:4 com.android.server.wm.LocalAnimationAdapter.lambda$startAnimation$0:65 
03-25 19:39:04.408  1000  3244  3392 D SurfaceControl: reparent is called, sc=Surface(name=AppWindowToken{5428a21 token=Token{45d7088 ActivityRecord{de9e42b u0 com.ezviz/.main.MainTabActivity t1030}}})/@0x7b533eb, newParentHandle=android.os.BinderProxy@8307057, transaction=android.view.SurfaceControl$Transaction@f1fbfe1, caller=com.android.server.wm.SurfaceAnimator.reset:317 com.android.server.wm.SurfaceAnimator.lambda$getFinishedCallback$0:89 com.android.server.wm.-$$Lambda$SurfaceAnimator$SIBia0mND666K8lMCPsoid8pUTI.run:4 com.android.server.wm.SurfaceAnimator.lambda$getFinishedCallback$1:96 com.android.server.wm.-$$Lambda$SurfaceAnimator$vdRZk66hQVbQCvVXEaQCT1kVmFc.onAnimationFinished:4 com.android.server.wm.LocalAnimationAdapter.lambda$startAnimation$0:65 com.android.server.wm.-$$Lambda$LocalAnimationAdapter$X--EomqUvw4qy89IeeTFTH7aCMo.run:4 
03-25 19:39:04.408  1000  3244  3392 D SurfaceControl: destroy(case2), animation-leash is destroyed, sc=Surface(name=Surface(name=AppWindowToken{5428a21 token=Token{45d7088 ActivityRecord{de9e42b u0 com.ezviz/.main.MainTabActivity t1030}}})/@0x7b533eb - animation-leash)/@0x6877b47, transaction=android.view.SurfaceControl$Transaction@f1fbfe1, caller=com.android.server.wm.SurfaceAnimator.reset:324 com.android.server.wm.SurfaceAnimator.lambda$getFinishedCallback$0:89 com.android.server.wm.-$$Lambda$SurfaceAnimator$SIBia0mND666K8lMCPsoid8pUTI.run:4 com.android.server.wm.SurfaceAnimator.lambda$getFinishedCallback$1:96 com.android.server.wm.-$$Lambda$SurfaceAnimator$vdRZk66hQVbQCvVXEaQCT1kVmFc.onAnimationFinished:4 com.android.server.wm.LocalAnimationAdapter.lambda$startAnimation$0:65 com.android.server.wm.-$$Lambda$LocalAnimationAdapter$X--EomqUvw4qy89IeeTFTH7aCMo.run:4 
03-25 19:39:04.410  1000  2808  4184 D Layer   : [AppWindowToken{65a6f62 token=Token{c368e2d ActivityRecord{7060d44 u0 com.ezviz/.devicemgt.setting.DeviceSettingActivity t1030}}}#0]::reparent oldParent:[Surface(name=AppWindowToken{65a6f62 token=Token{c368e2d ActivityRecord{7060d44 u0 com.ezviz/.devicemgt.setting.DeviceSettingActivity t1030}}})/@0xf294f74 - animation-leash#0], newParent:[Task=1030#0]
03-25 19:39:04.410  1000  2808  4184 D Layer   : [AppWindowToken{5428a21 token=Token{45d7088 ActivityRecord{de9e42b u0 com.ezviz/.main.MainTabActivity t1030}}}#0]::reparent oldParent:[Surface(name=AppWindowToken{5428a21 token=Token{45d7088 ActivityRecord{de9e42b u0 com.ezviz/.main.MainTabActivity t1030}}})/@0x7b533eb - animation-leash#0], newParent:[Task=1030#0]
03-25 19:39:04.410  1000  2808  4184 I SurfaceFlinger: id=52905 Removed Surface(name=AppWindowToken{65a6f62 token=Token{c368e2d ActivityRecord{7060d44 u0 com.ezviz/.devicemgt.setting.DeviceSettingActivity t1030}}})/@0xf294f74 - animation-leash#0 (1/69)
03-25 19:39:04.410  1000  2808  4184 I SurfaceFlinger: id=52904 Removed Surface(name=AppWindowToken{5428a21 token=Token{45d7088 ActivityRecord{de9e42b u0 com.ezviz/.main.MainTabActivity t1030}}})/@0x7b533eb - animation-leash#0 (0/67)
03-25 19:39:04.423  1000  2808  2808 I Layer   : id=52904 onRemoved Surface(name=AppWindowToken{5428a21 token=Token{45d7088 ActivityRecord{de9e42b u0 com.ezviz/.main.MainTabActivity t1030}}})/@0x7b533eb - animation-leash#0 
03-25 19:39:04.424  1000  2808  2808 I Layer   : id=52905 onRemoved Surface(name=AppWindowToken{65a6f62 token=Token{c368e2d ActivityRecord{7060d44 u0 com.ezviz/.devicemgt.setting.DeviceSettingActivity t1030}}})/@0xf294f74 - animation-leash#0 
03-25 19:39:04.429  1000  3244  3256 V WindowManager: Relayout Window{2bdc618 u0 com.ezviz/com.ezviz.main.MainTabActivity}: viewVisibility=8 req=1440x2960 {(0,0)(fillxfill) sim={adjust=pan} ty=BASE_APPLICATION wanim=0x10302ec
03-25 19:39:04.430  1000  2808  2808 I SurfaceFlinger:      Device | 0x70398396e0 | 0002 | RGBA_8888 |   0.0    0.0 1440.0 2960.0 |    0    0 1440 2960 | com.ezviz/com.ezviz.devicemgt.setting.DeviceSettingActivity[10948]#0
03-25 19:39:04.441  1000  3244  3256 E WindowManager: win=Window{2bdc618 u0 com.ezviz/com.ezviz.main.MainTabActivity} destroySurfaces: appStopped=true win.mWindowRemovalAllowed=false win.mRemoveOnExit=false win.mViewVisibility=8 caller=com.android.server.wm.AppWindowToken.destroySurfaces:831 com.android.server.wm.AppWindowToken.destroySurfaces:812 com.android.server.wm.AppWindowToken.notifyAppStopped:867 com.android.server.wm.AppWindowContainerController.notifyAppStopped:832 com.android.server.am.ActivityRecord.activityStoppedLocked:2183 com.android.server.am.ActivityManagerService.activityStopped:10398 android.app.IActivityManager$Stub.onTransact$activityStopped$:10987 
03-25 19:39:04.442  1000  3244  3256 I WindowManager: Destroying surface Surface(name=com.ezviz/com.ezviz.main.MainTabActivity[10948])/@0xe940973 called by com.android.server.wm.WindowStateAnimator.destroySurface:1826 com.android.server.wm.WindowStateAnimator.destroySurfaceLocked:804 com.android.server.wm.WindowState.destroySurfaceUnchecked:3656 com.android.server.wm.WindowState.destroySurface:3637 com.android.server.wm.AppWindowToken.destroySurfaces:831 com.android.server.wm.AppWindowToken.destroySurfaces:812 com.android.server.wm.AppWindowToken.notifyAppStopped:867 com.android.server.wm.AppWindowContainerController.notifyAppStopped:832 
03-25 19:39:04.442  1000  2808  4184 I SurfaceFlinger: id=52896 Removed com.ezviz/com.ezviz.main.MainTabActivity[10948]#0 (0/65)
03-25 19:39:04.457  1000  2808  2808 I Layer   : id=52896 onRemoved com.ezviz/com.ezviz.main.MainTabActivity[10948]#0 
03-25 19:39:04.850  1000  3244  3446 I clp-JNI : CLP add process info start. (channel) 5d855e5 com.ezviz/com.ezviz.devicemgt.setting.DeviceSettingActivity (server) (pkg) AppWindowToken{65a6f62 token=Token{c368e2d ActivityRecord{7060d44 u0 com.ezviz/.devicemgt.setting.DeviceSettingActivity t1030}}} (action) 0
03-25 19:39:04.914  1000  3244  3446 I clp-JNI : CLP add process info start. (channel) 5d855e5 com.ezviz/com.ezviz.devicemgt.setting.DeviceSettingActivity (server) (pkg) AppWindowToken{65a6f62 token=Token{c368e2d ActivityRecord{7060d44 u0 com.ezviz/.devicemgt.setting.DeviceSettingActivity t1030}}} (action) 1
03-25 19:39:04.934  1000  3244  3256 I ActivityManager: START u0 {act=null typ=null flg=0x0 cmp=ComponentInfo{com.ezviz/com.ezviz.devicemgt.ModifyDeviceNameActivity}} from uid 10931
03-25 19:39:04.941  1000  2808  2808 I SurfaceFlinger: id=52908 createSurf (5920x5920),2 flag=4, AppWindowToken{9daa70d token=Token{5797da4 ActivityRecord{f3fc437 u0 com.ezviz/.devicemgt.ModifyDeviceNameActivity t1030}}}#0
03-25 19:39:04.957  1000  3244  3256 D GamePkgDataHelper: notifyAppCreate(), pkgName: com.ezviz, sendRet: true
03-25 19:39:04.957  1000  3244  3657 D GamePkgDataHelper: getGamePkgData(). com.ezviz
03-25 19:39:04.957  1000  3244  3657 D GameManagerService: handleMessage(), MSG_APP_CREATE. ignore. pkgName: com.ezviz
03-25 19:39:04.960  1000  3244  3256 D GameManagerService: noteResumeComponent(), resumeComponent: com.ezviz
03-25 19:39:04.960  1000  3244  3657 D GameManagerService: handleForegroundChange(). pkgName: com.ezviz, clsName: com.ezviz.devicemgt.ModifyDeviceNameActivity,FgActivityName:com.ezviz/.devicemgt.ModifyDeviceNameActivity
03-25 19:39:04.961  1000  3244  3256 D MARsPolicyManager: onPackageResumedFG pkgName = com.ezviz, userId = 0
03-25 19:39:04.963  1000  3244  3244 D Telecom:SamsungPrebindingServiceImpl: onTopActivityChanged ComponentInfo{com.ezviz/com.ezviz.devicemgt.ModifyDeviceNameActivity}
03-25 19:39:04.979 10931 10948 10948 I chatty  : uid=10931(com.ezviz) identical 1 line
03-25 19:39:05.003  1000  2808  2808 I SurfaceFlinger: id=52909 createSurf (5920x5920),2 flag=4, 2a2d010 com.ezviz/com.ezviz.devicemgt.ModifyDeviceNameActivity#0
03-25 19:39:05.018  1000  3244  5254 V WindowManager: Relayout Window{2a2d010 u0 com.ezviz/com.ezviz.devicemgt.ModifyDeviceNameActivity}: viewVisibility=0 req=1440x2960 {(0,0)(fillxfill) sim={adjust=resize forwardNavigation} ty=BASE_APPLICATION wanim=0x10302ec
03-25 19:39:05.021  1000  2808  2808 I SurfaceFlinger: id=52910 createSurf (1440x2960),1 flag=404, com.ezviz/com.ezviz.devicemgt.ModifyDeviceNameActivity[10948]#0
03-25 19:39:05.024  1000  3244  3267 D WindowManager: setSystemUiVisibility: vis= 0x8018, fullscreenVis= 0x0, dockedVis= 0x0, win=Window{2a2d010 u0 com.ezviz/com.ezviz.devicemgt.ModifyDeviceNameActivity}
03-25 19:39:05.066  1000  3244  3257 D WindowManager: finishDrawingWindow: Window{2a2d010 u0 com.ezviz/com.ezviz.devicemgt.ModifyDeviceNameActivity} mDrawState=DRAW_PENDING
03-25 19:39:05.067  1000  3244  3392 I WindowManager: commitFinishDrawingLocked: mDrawState=READY_TO_SHOW Surface(name=com.ezviz/com.ezviz.devicemgt.ModifyDeviceNameActivity[10948])/@0x7d42927
03-25 19:39:05.068  1000  3244  3392 I WindowManager: Cancelling animation restarting=true, leash=null, surface=Surface(name=AppWindowToken{65a6f62 token=Token{c368e2d ActivityRecord{7060d44 u0 com.ezviz/.devicemgt.setting.DeviceSettingActivity t1030}}})/@0xf294f74, parent=Surface(name=Task=1030)/@0x693c6e4, caller=com.android.server.wm.SurfaceAnimator.startAnimation:114 com.android.server.wm.WindowContainer.startAnimation:1157 com.android.server.wm.AppWindowToken.applyAnimationLocked:2069 com.android.server.wm.AppWindowToken.setVisibility:468 com.android.server.wm.WindowSurfacePlacer.handleClosingApps:526 
03-25 19:39:05.068  1000  3244  3392 I WindowManager: Reparenting to leash, surface=Surface(name=AppWindowToken{65a6f62 token=Token{c368e2d ActivityRecord{7060d44 u0 com.ezviz/.devicemgt.setting.DeviceSettingActivity t1030}}})/@0xf294f74, caller=com.android.server.wm.SurfaceAnimator.startAnimation:122 com.android.server.wm.WindowContainer.startAnimation:1157 com.android.server.wm.AppWindowToken.applyAnimationLocked:2069 com.android.server.wm.AppWindowToken.setVisibility:468 com.android.server.wm.WindowSurfacePlacer.handleClosingApps:526 
03-25 19:39:05.068  5250  4239  4239 D KNOXCORE::LockSecureFolderTask: ResumedActivity userId0[com.ezviz/.devicemgt.ModifyDeviceNameActivity]
03-25 19:39:05.069  1000  2808  2808 I SurfaceFlinger: id=52911 createSurf (5920x5920),2 flag=4, Surface(name=AppWindowToken{65a6f62 token=Token{c368e2d ActivityRecord{7060d44 u0 com.ezviz/.devicemgt.setting.DeviceSettingActivity t1030}}})/@0xf294f74 - animation-leash#0
03-25 19:39:05.071  1000  3244  3392 D SurfaceControl: reparent is called, sc=Surface(name=AppWindowToken{65a6f62 token=Token{c368e2d ActivityRecord{7060d44 u0 com.ezviz/.devicemgt.setting.DeviceSettingActivity t1030}}})/@0xf294f74, newParentHandle=android.os.BinderProxy@50997d4, transaction=android.view.SurfaceControl$Transaction@5017512, caller=com.android.server.wm.SurfaceAnimator.createAnimationLeash:368 com.android.server.wm.SurfaceAnimator.startAnimation:122 com.android.server.wm.WindowContainer.startAnimation:1157 com.android.server.wm.AppWindowToken.applyAnimationLocked:2069 com.android.server.wm.AppWindowToken.setVisibility:468 com.android.server.wm.WindowSurfacePlacer.handleClosingApps:526 com.android.server.wm.WindowSurfacePlacer.handleAppTransitionReadyLocked:323 
03-25 19:39:05.072  1000  3244  3392 I WindowManager: Cancelling animation restarting=true, leash=null, surface=Surface(name=AppWindowToken{9daa70d token=Token{5797da4 ActivityRecord{f3fc437 u0 com.ezviz/.devicemgt.ModifyDeviceNameActivity t1030}}})/@0x648e472, parent=Surface(name=Task=1030)/@0x693c6e4, caller=com.android.server.wm.SurfaceAnimator.startAnimation:114 com.android.server.wm.WindowContainer.startAnimation:1157 com.android.server.wm.AppWindowToken.applyAnimationLocked:2069 com.android.server.wm.AppWindowToken.setVisibility:468 com.android.server.wm.WindowSurfacePlacer.handleOpeningApps:481 
03-25 19:39:05.072  1000  3244  3392 I WindowManager: Reparenting to leash, surface=Surface(name=AppWindowToken{9daa70d token=Token{5797da4 ActivityRecord{f3fc437 u0 com.ezviz/.devicemgt.ModifyDeviceNameActivity t1030}}})/@0x648e472, caller=com.android.server.wm.SurfaceAnimator.startAnimation:122 com.android.server.wm.WindowContainer.startAnimation:1157 com.android.server.wm.AppWindowToken.applyAnimationLocked:2069 com.android.server.wm.AppWindowToken.setVisibility:468 com.android.server.wm.WindowSurfacePlacer.handleOpeningApps:481 
03-25 19:39:05.072  1000  2808  2808 I SurfaceFlinger: id=52912 createSurf (5920x5920),2 flag=4, Surface(name=AppWindowToken{9daa70d token=Token{5797da4 ActivityRecord{f3fc437 u0 com.ezviz/.devicemgt.ModifyDeviceNameActivity t1030}}})/@0x648e472 - animation-leash#0
03-25 19:39:05.074  1000  3244  3392 D SurfaceControl: reparent is called, sc=Surface(name=AppWindowToken{9daa70d token=Token{5797da4 ActivityRecord{f3fc437 u0 com.ezviz/.devicemgt.ModifyDeviceNameActivity t1030}}})/@0x648e472, newParentHandle=android.os.BinderProxy@4d030c3, transaction=android.view.SurfaceControl$Transaction@5525d40, caller=com.android.server.wm.SurfaceAnimator.createAnimationLeash:368 com.android.server.wm.SurfaceAnimator.startAnimation:122 com.android.server.wm.WindowContainer.startAnimation:1157 com.android.server.wm.AppWindowToken.applyAnimationLocked:2069 com.android.server.wm.AppWindowToken.setVisibility:468 com.android.server.wm.WindowSurfacePlacer.handleOpeningApps:481 com.android.server.wm.WindowSurfacePlacer.handleAppTransitionReadyLocked:325 
03-25 19:39:05.080  1000  3244  3392 V WindowManager: performShowLocked: mDrawState=HAS_DRAWN in Window{2a2d010 u0 com.ezviz/com.ezviz.devicemgt.ModifyDeviceNameActivity}
03-25 19:39:05.082  1000  2808  2811 D Layer   : [AppWindowToken{9daa70d token=Token{5797da4 ActivityRecord{f3fc437 u0 com.ezviz/.devicemgt.ModifyDeviceNameActivity t1030}}}#0]::reparent oldParent:[Task=1030#0], newParent:[Surface(name=AppWindowToken{9daa70d token=Token{5797da4 ActivityRecord{f3fc437 u0 com.ezviz/.devicemgt.ModifyDeviceNameActivity t1030}}})/@0x648e472 - animation-leash#0]
03-25 19:39:05.082  1000  2808  2811 D Layer   : [AppWindowToken{65a6f62 token=Token{c368e2d ActivityRecord{7060d44 u0 com.ezviz/.devicemgt.setting.DeviceSettingActivity t1030}}}#0]::reparent oldParent:[Task=1030#0], newParent:[Surface(name=AppWindowToken{65a6f62 token=Token{c368e2d ActivityRecord{7060d44 u0 com.ezviz/.devicemgt.setting.DeviceSettingActivity t1030}}})/@0xf294f74 - animation-leash#0]
03-25 19:39:05.085  1000  3244  3278 D PersonaManagerService: notifyActivityDrawn u0 ComponentInfo{com.ezviz/com.ezviz.devicemgt.ModifyDeviceNameActivity} showWhenLocked=false type=1 windowingMode=1 fullscreen=true dockSide=-1
03-25 19:39:05.087  1000  3244  3278 I ActivityManager: Displayed com.ezviz/.devicemgt.ModifyDeviceNameActivity: +126ms
03-25 19:39:05.089 10931 10948 10948 V InputMethodManager: Starting input: tba=com.ezviz ic=com.android.internal.widget.EditableInputConnection@ed123fa mNaviBarColor -855310 mIsGetNaviBarColorSuccess true , NavVisible : true , NavTrans : false
03-25 19:39:05.093  1000  3244  3257 V InputMethodManagerService: windowGainedFocus : reason=WINDOW_FOCUS_GAIN client=android.os.BinderProxy@59368c8 inputContext=com.android.internal.view.IInputContext$Stub$Proxy@c369458 missingMethods= attribute=android.view.inputmethod.EditorInfo@88029b1 nm = com.ezviz controlFlags=#107 softInputMode=#110 windowFlags=#81810100
03-25 19:39:05.108 10171 11070 11070 D [SPAF]StructureParser: Parsing structure for ComponentInfo{com.ezviz/com.ezviz.devicemgt.ModifyDeviceNameActivity}
03-25 19:39:05.114  1000  2808  2808 I SurfaceFlinger:      Device | 0x70398393d0 | 0002 | RGBA_8888 |   0.0    1.0 1440.0 2960.0 |    0    0 1440 2959 | com.ezviz/com.ezviz.devicemgt.setting.DeviceSettingActivity[10948]#0
03-25 19:39:05.114  1000  2808  2808 I SurfaceFlinger:      Device | 0x7039839b40 | 0002 | RGBA_8888 |   0.0    0.0 1440.0 2268.0 |    0  692 1440 2960 | com.ezviz/com.ezviz.devicemgt.ModifyDeviceNameActivity[10948]#0
03-25 19:39:05.129  1000  2808  2808 I SurfaceFlinger:      Device | 0x70398397c0 | 0002 | RGBA_8888 |   0.0    3.0 1440.0 2960.0 |    0    0 1440 2957 | com.ezviz/com.ezviz.devicemgt.setting.DeviceSettingActivity[10948]#0
03-25 19:39:05.129  1000  2808  2808 I SurfaceFlinger:      Device | 0x70398399f0 | 0002 | RGBA_8888 |   0.0    0.0 1440.0 2298.0 |    0  662 1440 2960 | com.ezviz/com.ezviz.devicemgt.ModifyDeviceNameActivity[10948]#0
03-25 19:39:05.196  1000  2808  2808 I SurfaceFlinger:      Device | 0x70398397c0 | 0002 | RGBA_8888 |   0.0   22.0 1440.0 2960.0 |    0    0 1440 2938 | com.ezviz/com.ezviz.devicemgt.setting.DeviceSettingActivity[10948]#0
03-25 19:39:05.196  1000  2808  2808 I SurfaceFlinger:      Device | 0x70398399f0 | 0002 | RGBA_8888 |   0.0    0.0 1440.0 2685.0 |    0  275 1440 2960 | com.ezviz/com.ezviz.devicemgt.ModifyDeviceNameActivity[10948]#0
03-25 19:39:05.212 10170  6403  6403 I SKBD    : bad Package :  com.ezviz  has no meta data.
03-25 19:39:05.254  1000  3244  3267 D WindowManager: setSystemUiVisibility: vis= 0x8008, fullscreenVis= 0x0, dockedVis= 0x0, win=Window{2a2d010 u0 com.ezviz/com.ezviz.devicemgt.ModifyDeviceNameActivity}
03-25 19:39:05.260  1000  3244  5254 V WindowManager: Relayout Window{2a2d010 u0 com.ezviz/com.ezviz.devicemgt.ModifyDeviceNameActivity}: viewVisibility=0 req=1440x2960 {(0,0)(fillxfill) sim={adjust=resize forwardNavigation} ty=BASE_APPLICATION wanim=0x10302ec
03-25 19:39:05.348  1000  2808  2808 I SurfaceFlinger:      Device | 0x70398397c0 | 0002 | RGBA_8888 |   0.0   82.0 1440.0 2960.0 |    0    0 1440 2878 | com.ezviz/com.ezviz.devicemgt.setting.DeviceSettingActivity[10948]#0
03-25 19:39:05.348  1000  2808  2808 I SurfaceFlinger:      Device | 0x7039839b40 | 0002 | RGBA_8888 |   0.0    0.0 1440.0 2951.0 |    0    9 1440 2960 | com.ezviz/com.ezviz.devicemgt.ModifyDeviceNameActivity[10948]#0
03-25 19:39:05.375  1000  3244  3392 I WindowManager: reset, Reparenting to original parent, shouldDeferScheduleAnimation=true, destroyLeash=true, surface=Surface(name=AppWindowToken{9daa70d token=Token{5797da4 ActivityRecord{f3fc437 u0 com.ezviz/.devicemgt.ModifyDeviceNameActivity t1030}}})/@0x648e472, parent=Surface(name=Task=1030)/@0x693c6e4, parentNativeHandle=android.os.BinderProxy@8307057, caller=com.android.server.wm.SurfaceAnimator.lambda$getFinishedCallback$0:89 com.android.server.wm.-$$Lambda$SurfaceAnimator$SIBia0mND666K8lMCPsoid8pUTI.run:4 com.android.server.wm.AnimatingAppWindowTokenRegistry.endDeferringFinished:104 com.android.server.wm.AnimatingAppWindowTokenRegistry.notifyAboutToFinish:77 com.android.server.wm.AppWindowToken.shouldDeferAnimationFinish:2167 
03-25 19:39:05.376  1000  3244  3392 D SurfaceControl: reparent is called, sc=Surface(name=AppWindowToken{9daa70d token=Token{5797da4 ActivityRecord{f3fc437 u0 com.ezviz/.devicemgt.ModifyDeviceNameActivity t1030}}})/@0x648e472, newParentHandle=android.os.BinderProxy@8307057, transaction=android.view.SurfaceControl$Transaction@5525d40, caller=com.android.server.wm.SurfaceAnimator.reset:317 com.android.server.wm.SurfaceAnimator.lambda$getFinishedCallback$0:89 com.android.server.wm.-$$Lambda$SurfaceAnimator$SIBia0mND666K8lMCPsoid8pUTI.run:4 com.android.server.wm.AnimatingAppWindowTokenRegistry.endDeferringFinished:104 com.android.server.wm.AnimatingAppWindowTokenRegistry.notifyAboutToFinish:77 com.android.server.wm.AppWindowToken.shouldDeferAnimationFinish:2167 com.android.server.wm.SurfaceAnimator.lambda$getFinishedCallback$1:95 
03-25 19:39:05.376  1000  3244  3392 D SurfaceControl: destroy(case2), animation-leash is destroyed, sc=Surface(name=Surface(name=AppWindowToken{9daa70d token=Token{5797da4 ActivityRecord{f3fc437 u0 com.ezviz/.devicemgt.ModifyDeviceNameActivity t1030}}})/@0x648e472 - animation-leash)/@0xca00d6c, transaction=android.view.SurfaceControl$Transaction@5525d40, caller=com.android.server.wm.SurfaceAnimator.reset:324 com.android.server.wm.SurfaceAnimator.lambda$getFinishedCallback$0:89 com.android.server.wm.-$$Lambda$SurfaceAnimator$SIBia0mND666K8lMCPsoid8pUTI.run:4 com.android.server.wm.AnimatingAppWindowTokenRegistry.endDeferringFinished:104 com.android.server.wm.AnimatingAppWindowTokenRegistry.notifyAboutToFinish:77 com.android.server.wm.AppWindowToken.shouldDeferAnimationFinish:2167 com.android.server.wm.SurfaceAnimator.lambda$getFinishedCallback$1:95 
03-25 19:39:05.376  1000  3244  3392 I WindowManager: reset, Reparenting to original parent, shouldDeferScheduleAnimation=false, destroyLeash=true, surface=Surface(name=AppWindowToken{65a6f62 token=Token{c368e2d ActivityRecord{7060d44 u0 com.ezviz/.devicemgt.setting.DeviceSettingActivity t1030}}})/@0xf294f74, parent=Surface(name=Task=1030)/@0x693c6e4, parentNativeHandle=android.os.BinderProxy@8307057, caller=com.android.server.wm.SurfaceAnimator.lambda$getFinishedCallback$0:89 com.android.server.wm.-$$Lambda$SurfaceAnimator$SIBia0mND666K8lMCPsoid8pUTI.run:4 com.android.server.wm.SurfaceAnimator.lambda$getFinishedCallback$1:96 com.android.server.wm.-$$Lambda$SurfaceAnimator$vdRZk66hQVbQCvVXEaQCT1kVmFc.onAnimationFinished:4 com.android.server.wm.LocalAnimationAdapter.lambda$startAnimation$0:65 
03-25 19:39:05.377  1000  3244  3392 D SurfaceControl: reparent is called, sc=Surface(name=AppWindowToken{65a6f62 token=Token{c368e2d ActivityRecord{7060d44 u0 com.ezviz/.devicemgt.setting.DeviceSettingActivity t1030}}})/@0xf294f74, newParentHandle=android.os.BinderProxy@8307057, transaction=android.view.SurfaceControl$Transaction@5017512, caller=com.android.server.wm.SurfaceAnimator.reset:317 com.android.server.wm.SurfaceAnimator.lambda$getFinishedCallback$0:89 com.android.server.wm.-$$Lambda$SurfaceAnimator$SIBia0mND666K8lMCPsoid8pUTI.run:4 com.android.server.wm.SurfaceAnimator.lambda$getFinishedCallback$1:96 com.android.server.wm.-$$Lambda$SurfaceAnimator$vdRZk66hQVbQCvVXEaQCT1kVmFc.onAnimationFinished:4 com.android.server.wm.LocalAnimationAdapter.lambda$startAnimation$0:65 com.android.server.wm.-$$Lambda$LocalAnimationAdapter$X--EomqUvw4qy89IeeTFTH7aCMo.run:4 
03-25 19:39:05.377  1000  3244  3392 D SurfaceControl: destroy(case2), animation-leash is destroyed, sc=Surface(name=Surface(name=AppWindowToken{65a6f62 token=Token{c368e2d ActivityRecord{7060d44 u0 com.ezviz/.devicemgt.setting.DeviceSettingActivity t1030}}})/@0xf294f74 - animation-leash)/@0x3506d7d, transaction=android.view.SurfaceControl$Transaction@5017512, caller=com.android.server.wm.SurfaceAnimator.reset:324 com.android.server.wm.SurfaceAnimator.lambda$getFinishedCallback$0:89 com.android.server.wm.-$$Lambda$SurfaceAnimator$SIBia0mND666K8lMCPsoid8pUTI.run:4 com.android.server.wm.SurfaceAnimator.lambda$getFinishedCallback$1:96 com.android.server.wm.-$$Lambda$SurfaceAnimator$vdRZk66hQVbQCvVXEaQCT1kVmFc.onAnimationFinished:4 com.android.server.wm.LocalAnimationAdapter.lambda$startAnimation$0:65 com.android.server.wm.-$$Lambda$LocalAnimationAdapter$X--EomqUvw4qy89IeeTFTH7aCMo.run:4 
03-25 19:39:05.378  1000  2808  2812 D Layer   : [AppWindowToken{9daa70d token=Token{5797da4 ActivityRecord{f3fc437 u0 com.ezviz/.devicemgt.ModifyDeviceNameActivity t1030}}}#0]::reparent oldParent:[Surface(name=AppWindowToken{9daa70d token=Token{5797da4 ActivityRecord{f3fc437 u0 com.ezviz/.devicemgt.ModifyDeviceNameActivity t1030}}})/@0x648e472 - animation-leash#0], newParent:[Task=1030#0]
03-25 19:39:05.378  1000  2808  2812 D Layer   : [AppWindowToken{65a6f62 token=Token{c368e2d ActivityRecord{7060d44 u0 com.ezviz/.devicemgt.setting.DeviceSettingActivity t1030}}}#0]::reparent oldParent:[Surface(name=AppWindowToken{65a6f62 token=Token{c368e2d ActivityRecord{7060d44 u0 com.ezviz/.devicemgt.setting.DeviceSettingActivity t1030}}})/@0xf294f74 - animation-leash#0], newParent:[Task=1030#0]
03-25 19:39:05.378  1000  2808  2812 I SurfaceFlinger: id=52912 Removed Surface(name=AppWindowToken{9daa70d token=Token{5797da4 ActivityRecord{f3fc437 u0 com.ezviz/.devicemgt.ModifyDeviceNameActivity t1030}}})/@0x648e472 - animation-leash#0 (1/72)
03-25 19:39:05.378  1000  2808  2812 I SurfaceFlinger: id=52911 Removed Surface(name=AppWindowToken{65a6f62 token=Token{c368e2d ActivityRecord{7060d44 u0 com.ezviz/.devicemgt.setting.DeviceSettingActivity t1030}}})/@0xf294f74 - animation-leash#0 (0/71)
03-25 19:39:05.392  1000  2808  2808 I Layer   : id=52912 onRemoved Surface(name=AppWindowToken{9daa70d token=Token{5797da4 ActivityRecord{f3fc437 u0 com.ezviz/.devicemgt.ModifyDeviceNameActivity t1030}}})/@0x648e472 - animation-leash#0 
03-25 19:39:05.392  1000  2808  2808 I Layer   : id=52911 onRemoved Surface(name=AppWindowToken{65a6f62 token=Token{c368e2d ActivityRecord{7060d44 u0 com.ezviz/.devicemgt.setting.DeviceSettingActivity t1030}}})/@0xf294f74 - animation-leash#0 
03-25 19:39:05.396  1000  3244  3848 V WindowManager: Relayout Window{5d855e5 u0 com.ezviz/com.ezviz.devicemgt.setting.DeviceSettingActivity}: viewVisibility=8 req=1440x2960 {(0,0)(fillxfill) sim={adjust=resize forwardNavigation} ty=BASE_APPLICATION wanim=0x10302ec
03-25 19:39:05.397  1000  2808  2808 I SurfaceFlinger:      Device | 0x7039839b40 | 0002 | RGBA_8888 |   0.0    0.0 1440.0 2960.0 |    0    0 1440 2960 | com.ezviz/com.ezviz.devicemgt.ModifyDeviceNameActivity[10948]#0
03-25 19:39:05.411  1000  3244  3848 V WindowManager: Relayout Window{5d855e5 u0 com.ezviz/com.ezviz.devicemgt.setting.DeviceSettingActivity}: viewVisibility=8 req=1440x2960 {(0,0)(fillxfill) sim={adjust=pan} ty=BASE_APPLICATION wanim=0x10302ec
03-25 19:39:05.414  1000  3244  4108 E WindowManager: win=Window{5d855e5 u0 com.ezviz/com.ezviz.devicemgt.setting.DeviceSettingActivity} destroySurfaces: appStopped=true win.mWindowRemovalAllowed=false win.mRemoveOnExit=false win.mViewVisibility=8 caller=com.android.server.wm.AppWindowToken.destroySurfaces:831 com.android.server.wm.AppWindowToken.destroySurfaces:812 com.android.server.wm.AppWindowToken.notifyAppStopped:867 com.android.server.wm.AppWindowContainerController.notifyAppStopped:832 com.android.server.am.ActivityRecord.activityStoppedLocked:2183 com.android.server.am.ActivityManagerService.activityStopped:10398 android.app.IActivityManager$Stub.onTransact$activityStopped$:10987 
03-25 19:39:05.414  1000  3244  4108 I WindowManager: Destroying surface Surface(name=com.ezviz/com.ezviz.devicemgt.setting.DeviceSettingActivity[10948])/@0x5bd6b61 called by com.android.server.wm.WindowStateAnimator.destroySurface:1826 com.android.server.wm.WindowStateAnimator.destroySurfaceLocked:804 com.android.server.wm.WindowState.destroySurfaceUnchecked:3656 com.android.server.wm.WindowState.destroySurface:3637 com.android.server.wm.AppWindowToken.destroySurfaces:831 com.android.server.wm.AppWindowToken.destroySurfaces:812 com.android.server.wm.AppWindowToken.notifyAppStopped:867 com.android.server.wm.AppWindowContainerController.notifyAppStopped:832 
03-25 19:39:05.415  1000  2808  2811 I SurfaceFlinger: id=52903 Removed com.ezviz/com.ezviz.devicemgt.setting.DeviceSettingActivity[10948]#0 (0/69)
03-25 19:39:05.425  1000  2808  2808 I Layer   : id=52903 onRemoved com.ezviz/com.ezviz.devicemgt.setting.DeviceSettingActivity[10948]#0 
03-25 19:39:06.633  1000  3244  3446 I clp-JNI : CLP add process info start. (channel) 5e43484 InputMethod (server) (pkg) AppWindowToken{9daa70d token=Token{5797da4 ActivityRecord{f3fc437 u0 com.ezviz/.devicemgt.ModifyDeviceNameActivity t1030}}} (action) 0
03-25 19:39:06.748  1000  3244  3446 I clp-JNI : CLP add process info start. (channel) 5e43484 InputMethod (server) (pkg) AppWindowToken{9daa70d token=Token{5797da4 ActivityRecord{f3fc437 u0 com.ezviz/.devicemgt.ModifyDeviceNameActivity t1030}}} (action) 1
03-25 19:39:07.115  1000  3244  3446 I clp-JNI : CLP add process info start. (channel) 5e43484 InputMethod (server) (pkg) AppWindowToken{9daa70d token=Token{5797da4 ActivityRecord{f3fc437 u0 com.ezviz/.devicemgt.ModifyDeviceNameActivity t1030}}} (action) 0
03-25 19:39:07.164  1000  3244  3446 I clp-JNI : CLP add process info start. (channel) 5e43484 InputMethod (server) (pkg) AppWindowToken{9daa70d token=Token{5797da4 ActivityRecord{f3fc437 u0 com.ezviz/.devicemgt.ModifyDeviceNameActivity t1030}}} (action) 1
03-25 19:39:07.542  1000  3244  3446 I clp-JNI : CLP add process info start. (channel) 5e43484 InputMethod (server) (pkg) AppWindowToken{9daa70d token=Token{5797da4 ActivityRecord{f3fc437 u0 com.ezviz/.devicemgt.ModifyDeviceNameActivity t1030}}} (action) 0
03-25 19:39:07.624  1000  3244  3446 I clp-JNI : CLP add process info start. (channel) 5e43484 InputMethod (server) (pkg) AppWindowToken{9daa70d token=Token{5797da4 ActivityRecord{f3fc437 u0 com.ezviz/.devicemgt.ModifyDeviceNameActivity t1030}}} (action) 1
03-25 19:39:07.644  1000  2808  2808 I SurfaceFlinger: id=52917 createSurf (5920x5920),2 flag=4, 39e5ff6 com.ezviz/com.ezviz.devicemgt.ModifyDeviceNameActivity#0
03-25 19:39:07.654  1000  3244  3256 V WindowManager: Relayout Window{39e5ff6 u0 com.ezviz/com.ezviz.devicemgt.ModifyDeviceNameActivity}: viewVisibility=0 req=1440x2960 {(0,0)(fillxfill) gr=BOTTOM CENTER_VERTICAL sim={adjust=pan forwardNavigation} ty=APPLICATION fmt=TRANSPARENT wanim=0x1030000
03-25 19:39:07.655  1000  3244  3267 D WindowManager: setSystemUiVisibility: vis= 0x8, fullscreenVis= 0x0, dockedVis= 0x0, win=Window{39e5ff6 u0 com.ezviz/com.ezviz.devicemgt.ModifyDeviceNameActivity}
03-25 19:39:07.661  1000  2808  2808 D SurfaceFlinger: duplicate layer name: changing com.ezviz/com.ezviz.devicemgt.ModifyDeviceNameActivity[10948] to com.ezviz/com.ezviz.devicemgt.ModifyDeviceNameActivity[10948]#1
03-25 19:39:07.661  1000  2808  2808 I SurfaceFlinger: id=52918 createSurf (1440x2960),1 flag=4, com.ezviz/com.ezviz.devicemgt.ModifyDeviceNameActivity[10948]#1
03-25 19:39:07.663  1000  3244  3278 D PersonaManagerService: notifyActivityDrawn u0 ComponentInfo{com.ezviz/com.ezviz.devicemgt.ModifyDeviceNameActivity} showWhenLocked=false type=1 windowingMode=1 fullscreen=true dockSide=-1
03-25 19:39:07.681 10931 10948 10948 V InputMethodManager: Starting input: tba=com.ezviz ic=null mNaviBarColor -855310 mIsGetNaviBarColorSuccess true , NavVisible : true , NavTrans : false
03-25 19:39:07.682  1000  3244  5254 V InputMethodManagerService: windowGainedFocus : reason=WINDOW_FOCUS_GAIN client=android.os.BinderProxy@59368c8 inputContext=null missingMethods= attribute=android.view.inputmethod.EditorInfo@9effff7 nm = com.ezviz controlFlags=#104 softInputMode=#120 windowFlags=#1810100
03-25 19:39:07.705  1000  3244  4108 D WindowManager: finishDrawingWindow: Window{39e5ff6 u0 com.ezviz/com.ezviz.devicemgt.ModifyDeviceNameActivity} mDrawState=DRAW_PENDING
03-25 19:39:07.706  1000  3244  3392 I WindowManager: commitFinishDrawingLocked: mDrawState=READY_TO_SHOW Surface(name=com.ezviz/com.ezviz.devicemgt.ModifyDeviceNameActivity[10948])/@0x11aa493
03-25 19:39:07.708  1000  3244  3392 I WindowManager: commitFinishDrawingLocked: mDrawState=READY_TO_SHOW Surface(name=com.ezviz/com.ezviz.devicemgt.ModifyDeviceNameActivity[10948])/@0x11aa493
03-25 19:39:07.708  1000  3244  3392 V WindowManager: performShowLocked: mDrawState=HAS_DRAWN in Window{39e5ff6 u0 com.ezviz/com.ezviz.devicemgt.ModifyDeviceNameActivity}
03-25 19:39:07.710  1000  3244  3278 D PersonaManagerService: notifyActivityDrawn u0 ComponentInfo{com.ezviz/com.ezviz.devicemgt.ModifyDeviceNameActivity} showWhenLocked=false type=1 windowingMode=1 fullscreen=true dockSide=-1
03-25 19:39:07.716  1000  2808  2808 I SurfaceFlinger:      Device | 0x70398399f0 | 0002 | RGBA_8888 |   0.0    0.0 1440.0 2960.0 |    0    0 1440 2960 | com.ezviz/com.ezviz.devicemgt.ModifyDeviceNameActivity[10948]#0
03-25 19:39:07.716  1000  2808  2808 I SurfaceFlinger:      Device | 0x70392395b0 | 0000 | RGBA_8888 |   0.0    0.0 1440.0 2960.0 |    0    0 1440 2960 | com.ezviz/com.ezviz.devicemgt.ModifyDeviceNameActivity[10948]#1
03-25 19:39:07.748  1000  3244  3267 D WindowManager: setSystemUiVisibility: vis= 0x18, fullscreenVis= 0x0, dockedVis= 0x0, win=Window{39e5ff6 u0 com.ezviz/com.ezviz.devicemgt.ModifyDeviceNameActivity}
03-25 19:39:07.764  1000  3244  3256 V WindowManager: Relayout Window{2a2d010 u0 com.ezviz/com.ezviz.devicemgt.ModifyDeviceNameActivity}: viewVisibility=0 req=1440x2960 {(0,0)(fillxfill) sim={adjust=resize forwardNavigation} ty=BASE_APPLICATION wanim=0x10302ec
03-25 19:39:07.848  1000  3244  5254 V WindowManager: Remove Window{39e5ff6 u0 com.ezviz/com.ezviz.devicemgt.ModifyDeviceNameActivity}: mSurfaceController=Surface(name=com.ezviz/com.ezviz.devicemgt.ModifyDeviceNameActivity[10948])/@0x11aa493 mAnimatingExit=false mRemoveOnExit=false mHasSurface=true surfaceShowing=true isAnimationSet=false app-animation=false mWillReplaceWindow=false inPendingTransaction=false mDisplayFrozen=false callers=com.android.server.wm.WindowState.removeIfPossible:2626 com.android.server.wm.WindowManagerService.removeWindow:1908 com.android.server.wm.Session.remove:253 android.view.IWindowSession$Stub.onTransact:261 com.android.server.wm.Session.onTransact:186 android.os.Binder.execTransact:739 
03-25 19:39:07.849  1000  3244  5254 I WindowManager: Destroying surface Surface(name=com.ezviz/com.ezviz.devicemgt.ModifyDeviceNameActivity[10948])/@0x11aa493 called by com.android.server.wm.WindowStateAnimator.destroySurface:1826 com.android.server.wm.WindowStateAnimator.destroySurfaceLocked:804 com.android.server.wm.WindowState.removeImmediately:2605 com.android.server.wm.WindowState.removeIfPossible:2755 com.android.server.wm.WindowState.removeIfPossible:2626 com.android.server.wm.WindowManagerService.removeWindow:1908 com.android.server.wm.Session.remove:253 android.view.IWindowSession$Stub.onTransact:261 
03-25 19:39:07.849  1000  2808  4784 I SurfaceFlinger: id=52918 Removed com.ezviz/com.ezviz.devicemgt.ModifyDeviceNameActivity[10948]#1 (0/70)
03-25 19:39:07.851  1000  3244  3267 D WindowManager: setSystemUiVisibility: vis= 0x8018, fullscreenVis= 0x0, dockedVis= 0x0, win=Window{39e5ff6 u0 com.ezviz/com.ezviz.devicemgt.ModifyDeviceNameActivity}
03-25 19:39:07.854  1000  2808  3290 I SurfaceFlinger: id=52917 Removed 39e5ff6 com.ezviz/com.ezviz.devicemgt.ModifyDeviceNameActivity#0 (1/69)
03-25 19:39:07.861  1000  2808  2808 I Layer   : id=52917 onRemoved 39e5ff6 com.ezviz/com.ezviz.devicemgt.ModifyDeviceNameActivity#0 
03-25 19:39:07.862  1000  2808  2808 I Layer   : id=52918 onRemoved com.ezviz/com.ezviz.devicemgt.ModifyDeviceNameActivity[10948]#1 
