03-25 19:39:05.382  1000  3244  3266 I am_stop_activity: [0,117837124,com.ezviz/.devicemgt.setting.DeviceSettingActivity]
03-25 19:39:05.400 10931 10948 10948 I am_on_stop_called: [0,com.ezviz.devicemgt.setting.DeviceSettingActivity,STOP_ACTIVITY_ITEM]
03-25 19:39:07.889  1000  3244  5254 I am_finish_activity: [0,255837239,1030,com.ezviz/.devicemgt.ModifyDeviceNameActivity,app-request]
03-25 19:39:07.890  1000  3244  5254 I am_pause_activity: [0,255837239,com.ezviz/.devicemgt.ModifyDeviceNameActivity,userLeaving=false]
03-25 19:39:07.942  1000  3244  3265 I am_pss  : [10948,10931,com.ezviz,279403520,90726400,366592,0,0,2,22]
03-25 19:39:07.957 10931 10948 10948 I am_on_paused_called: [0,com.ezviz.devicemgt.ModifyDeviceNameActivity,performPause]
03-25 19:39:07.963  1000  3244  3672 I am_set_resumed_activity: [0,com.ezviz/.devicemgt.setting.DeviceSettingActivity,resumeTopActivityInnerLocked]
03-25 19:39:07.965  1000  3244  3672 I am_resume_activity: [0,117837124,1030,com.ezviz/.devicemgt.setting.DeviceSettingActivity]
03-25 19:39:07.985 10931 10948 10948 I am_on_activity_result_called: [0,com.ezviz.devicemgt.setting.DeviceSettingActivity,ACTIVITY_RESULT]
03-25 19:39:07.985 10931 10948 10948 I am_on_restart_called: [0,com.ezviz.devicemgt.setting.DeviceSettingActivity,performRestartActivity]
03-25 19:39:07.986  1000  3244  3244 I notification_cancel: [10931,10948,com.ezviz,0,NULL,0,0,1088,8,NULL]
03-25 19:39:07.986 10931 10948 10948 I am_on_start_called: [0,com.ezviz.devicemgt.setting.DeviceSettingActivity,handleStartActivity]
03-25 19:39:07.991 10931 10948 10948 I am_on_resume_called: [0,com.ezviz.devicemgt.setting.DeviceSettingActivity,RESUME_ACTIVITY]
03-25 19:39:08.054  1000  3244  3266 I am_destroy_activity: [0,255837239,1030,com.ezviz/.devicemgt.ModifyDeviceNameActivity,finish-imm:activityIdleInternalLocked]
03-25 19:39:08.056 10931 10948 10948 I am_on_stop_called: [0,com.ezviz.devicemgt.ModifyDeviceNameActivity,LIFECYCLER_STOP_ACTIVITY]
03-25 19:39:08.060 10931 10948 10948 I am_on_destroy_called: [0,com.ezviz.devicemgt.ModifyDeviceNameActivity,performDestroy]
03-25 19:39:09.458  1000  3244  3257 I am_finish_activity: [0,117837124,1030,com.ezviz/.devicemgt.setting.DeviceSettingActivity,app-request]
03-25 19:39:09.459  1000  3244  3257 I am_pause_activity: [0,117837124,com.ezviz/.devicemgt.setting.DeviceSettingActivity,userLeaving=false]
03-25 19:39:09.464 10931 10948 10948 I am_on_paused_called: [0,com.ezviz.devicemgt.setting.DeviceSettingActivity,performPause]
03-25 19:39:09.471  1000  3244  4108 I am_set_resumed_activity: [0,com.ezviz/.main.MainTabActivity,resumeTopActivityInnerLocked]
03-25 19:39:09.474  1000  3244  4108 I am_resume_activity: [0,233432107,1030,com.ezviz/.main.MainTabActivity]
03-25 19:39:09.482 10931 10948 10948 I am_on_restart_called: [0,com.ezviz.main.MainTabActivity,performRestartActivity]
03-25 19:39:09.485 10931 10948 10948 I am_on_start_called: [0,com.ezviz.main.MainTabActivity,handleStartActivity]
03-25 19:39:09.486 10931 10948 10948 I am_on_restart_called: [0,com.ezviz.cameralist.CameraListActivity,performRestartActivity]
03-25 19:39:09.489  1000  3244  3244 I notification_cancel: [10931,10948,com.ezviz,0,NULL,0,0,1088,8,NULL]
03-25 19:39:09.489 10931 10948 10948 I am_on_start_called: [0,com.ezviz.cameralist.CameraListActivity,performRestartActivity]
03-25 19:39:09.494 10931 10948 10948 I am_on_resume_called: [0,com.ezviz.cameralist.CameraListActivity,moveToState-CREATED]
03-25 19:39:09.524 10931 10948 10948 I am_on_resume_called: [0,com.ezviz.main.MainTabActivity,RESUME_ACTIVITY]
03-25 19:39:09.870  1000  3244  3266 I am_destroy_activity: [0,117837124,1030,com.ezviz/.devicemgt.setting.DeviceSettingActivity,finish-imm:activityIdleInternalLocked]
03-25 19:39:09.898 10931 10948 10948 I am_on_stop_called: [0,com.ezviz.devicemgt.setting.DeviceSettingActivity,LIFECYCLER_STOP_ACTIVITY]
03-25 19:39:09.899 10931 10948 10948 I am_on_destroy_called: [0,com.ezviz.devicemgt.setting.DeviceSettingActivity,performDestroy]
03-25 19:39:10.436 10931 10948 10948 I am_on_paused_called: [0,com.ezviz.cameralist.CameraListActivity,performPause]
03-25 19:39:10.436 10931 10948 10948 I am_on_restart_called: [0,com.ezviz.localmgt.LocalMgtActivity,performRestartActivity]
03-25 19:39:10.439  1000  3244  3244 I notification_cancel: [10931,10948,com.ezviz,0,NULL,0,0,1088,8,NULL]
03-25 19:39:10.440 10931 10948 10948 I am_on_start_called: [0,com.ezviz.localmgt.LocalMgtActivity,performRestartActivity]
03-25 19:39:10.442 10931 10948 10948 I am_on_resume_called: [0,com.ezviz.localmgt.LocalMgtActivity,moveToState-CREATED]
10931 com.ezviz                                             54794  +8.3%      4
10931 com.ezviz                                              5353
