03-25 19:39:07.871  1000  2808  2808 I SurfaceFlinger:      Device | 0x7039839b40 | 0002 | RGBA_8888 |   0.0    0.0 1440.0 2960.0 |    0    0 1440 2960 | com.ezviz/com.ezviz.devicemgt.ModifyDeviceNameActivity[10948]#0
03-25 19:39:07.880  1000  3244  5254 D EdgeLightingManager: showForToast : packageName = com.ezviz
03-25 19:39:07.881  1000  3244  5254 D EdgeLightingPolicyManager: isAcceptableApplication:  pkg=com.ezviz , range=512 , includeAllApp=false , userId=0 , infoRange=0 , infoCategory=0
03-25 19:39:07.889  1000  3244  3244 D Telecom:SamsungPrebindingServiceImpl: onTopActivityChanged ComponentInfo{com.ezviz/com.ezviz.devicemgt.setting.DeviceSettingActivity}
03-25 19:39:07.917 10931 10948 10948 V InputMethodManager: Starting input: tba=com.ezviz ic=com.android.internal.widget.EditableInputConnection@18455bd mNaviBarColor -855310 mIsGetNaviBarColorSuccess true , NavVisible : true , NavTrans : false
03-25 19:39:07.925  1000  3244  3672 V InputMethodManagerService: windowGainedFocus : reason=WINDOW_FOCUS_GAIN client=android.os.BinderProxy@59368c8 inputContext=com.android.internal.view.IInputContext$Stub$Proxy@6c74a00 missingMethods= attribute=android.view.inputmethod.EditorInfo@766b239 nm = com.ezviz controlFlags=#103 softInputMode=#10 windowFlags=#81810100
03-25 19:39:07.932  1000  2808  2808 I SurfaceFlinger:      Device | 0x7039839b40 | 0002 | RGBA_8888 |   0.0    0.0 1440.0 2960.0 |    0    0 1440 2960 | com.ezviz/com.ezviz.devicemgt.ModifyDeviceNameActivity[10948]#0
03-25 19:39:07.950  1000  3244  3274 V MARsPolicyManager: handelAlertToastWindowStarted pkgName = com.ezviz, userId = 0
03-25 19:39:07.967  1000  3244  3672 D GameManagerService: noteResumeComponent(), resumeComponent: com.ezviz
03-25 19:39:07.967  1000  3244  3657 D GameManagerService: handleForegroundChange(). pkgName: com.ezviz, clsName: com.ezviz.devicemgt.setting.DeviceSettingActivity,FgActivityName:com.ezviz/.devicemgt.setting.DeviceSettingActivity
03-25 19:39:07.968  1000  3244  3672 D MARsPolicyManager: onPackageResumedFG pkgName = com.ezviz, userId = 0
03-25 19:39:07.970  1000  3244  3244 D Telecom:SamsungPrebindingServiceImpl: onTopActivityChanged ComponentInfo{com.ezviz/com.ezviz.devicemgt.setting.DeviceSettingActivity}
03-25 19:39:08.000  1000  3244  3256 V WindowManager: Relayout Window{5d855e5 u0 com.ezviz/com.ezviz.devicemgt.setting.DeviceSettingActivity}: viewVisibility=0 req=1440x2960 {(0,0)(fillxfill) sim={adjust=resize} ty=BASE_APPLICATION wanim=0x10302ec
03-25 19:39:08.006  1000  2808  2808 I SurfaceFlinger: id=52923 createSurf (1440x2960),1 flag=404, com.ezviz/com.ezviz.devicemgt.setting.DeviceSettingActivity[10948]#0
03-25 19:39:08.007  1000  3244  3267 D WindowManager: setSystemUiVisibility: vis= 0x8018, fullscreenVis= 0x0, dockedVis= 0x0, win=Window{5d855e5 u0 com.ezviz/com.ezviz.devicemgt.setting.DeviceSettingActivity}
03-25 19:39:08.026 10931 10948 10948 V InputMethodManager: Starting input: tba=com.ezviz ic=null mNaviBarColor -855310 mIsGetNaviBarColorSuccess true , NavVisible : true , NavTrans : false
03-25 19:39:08.028  1000  3244  3257 V InputMethodManagerService: windowGainedFocus : reason=WINDOW_FOCUS_GAIN client=android.os.BinderProxy@59368c8 inputContext=null missingMethods= attribute=android.view.inputmethod.EditorInfo@e30401d nm = com.ezviz controlFlags=#104 softInputMode=#10 windowFlags=#81810100
03-25 19:39:08.039  1000  3244  4108 D WindowManager: finishDrawingWindow: Window{5d855e5 u0 com.ezviz/com.ezviz.devicemgt.setting.DeviceSettingActivity} mDrawState=DRAW_PENDING
03-25 19:39:08.040  1000  3244  3392 I WindowManager: commitFinishDrawingLocked: mDrawState=READY_TO_SHOW Surface(name=com.ezviz/com.ezviz.devicemgt.setting.DeviceSettingActivity[10948])/@0x891d463
03-25 19:39:08.041  1000  3244  3392 I WindowManager: Cancelling animation restarting=true, leash=null, surface=Surface(name=AppWindowToken{9daa70d token=Token{5797da4 ActivityRecord{f3fc437 u0 com.ezviz/.devicemgt.ModifyDeviceNameActivity t1030}}})/@0x648e472, parent=Surface(name=Task=1030)/@0x693c6e4, caller=com.android.server.wm.SurfaceAnimator.startAnimation:114 com.android.server.wm.WindowContainer.startAnimation:1157 com.android.server.wm.AppWindowToken.applyAnimationLocked:2069 com.android.server.wm.AppWindowToken.setVisibility:468 com.android.server.wm.WindowSurfacePlacer.handleClosingApps:526 
03-25 19:39:08.041  1000  3244  3392 I WindowManager: Reparenting to leash, surface=Surface(name=AppWindowToken{9daa70d token=Token{5797da4 ActivityRecord{f3fc437 u0 com.ezviz/.devicemgt.ModifyDeviceNameActivity t1030}}})/@0x648e472, caller=com.android.server.wm.SurfaceAnimator.startAnimation:122 com.android.server.wm.WindowContainer.startAnimation:1157 com.android.server.wm.AppWindowToken.applyAnimationLocked:2069 com.android.server.wm.AppWindowToken.setVisibility:468 com.android.server.wm.WindowSurfacePlacer.handleClosingApps:526 
03-25 19:39:08.042  1000  2808  2808 I SurfaceFlinger: id=52925 createSurf (5920x5920),2 flag=4, Surface(name=AppWindowToken{9daa70d token=Token{5797da4 ActivityRecord{f3fc437 u0 com.ezviz/.devicemgt.ModifyDeviceNameActivity t1030}}})/@0x648e472 - animation-leash#0
03-25 19:39:08.043  1000  3244  3392 D SurfaceControl: reparent is called, sc=Surface(name=AppWindowToken{9daa70d token=Token{5797da4 ActivityRecord{f3fc437 u0 com.ezviz/.devicemgt.ModifyDeviceNameActivity t1030}}})/@0x648e472, newParentHandle=android.os.BinderProxy@e15c119, transaction=android.view.SurfaceControl$Transaction@5525d40, caller=com.android.server.wm.SurfaceAnimator.createAnimationLeash:368 com.android.server.wm.SurfaceAnimator.startAnimation:122 com.android.server.wm.WindowContainer.startAnimation:1157 com.android.server.wm.AppWindowToken.applyAnimationLocked:2069 com.android.server.wm.AppWindowToken.setVisibility:468 com.android.server.wm.WindowSurfacePlacer.handleClosingApps:526 com.android.server.wm.WindowSurfacePlacer.handleAppTransitionReadyLocked:323 
03-25 19:39:08.044  1000  3244  3392 V WindowManager: performShowLocked: mDrawState=HAS_DRAWN in Window{5d855e5 u0 com.ezviz/com.ezviz.devicemgt.setting.DeviceSettingActivity}
03-25 19:39:08.046  1000  2808  2811 D Layer   : [AppWindowToken{9daa70d token=Token{5797da4 ActivityRecord{f3fc437 u0 com.ezviz/.devicemgt.ModifyDeviceNameActivity t1030}}}#0]::reparent oldParent:[Task=1030#0], newParent:[Surface(name=AppWindowToken{9daa70d token=Token{5797da4 ActivityRecord{f3fc437 u0 com.ezviz/.devicemgt.ModifyDeviceNameActivity t1030}}})/@0x648e472 - animation-leash#0]
03-25 19:39:08.050  1000  3244  3278 D PersonaManagerService: notifyActivityDrawn u0 ComponentInfo{com.ezviz/com.ezviz.devicemgt.setting.DeviceSettingActivity} showWhenLocked=false type=1 windowingMode=1 fullscreen=true dockSide=-1
03-25 19:39:08.062  1000  3244  3257 V WindowManager: Remove Window{2a2d010 u0 com.ezviz/com.ezviz.devicemgt.ModifyDeviceNameActivity}: mSurfaceController=Surface(name=com.ezviz/com.ezviz.devicemgt.ModifyDeviceNameActivity[10948])/@0x7d42927 mAnimatingExit=false mRemoveOnExit=false mHasSurface=true surfaceShowing=true isAnimationSet=true app-animation=true mWillReplaceWindow=false inPendingTransaction=false mDisplayFrozen=false callers=com.android.server.wm.WindowState.removeIfPossible:2626 com.android.server.wm.WindowManagerService.removeWindow:1908 com.android.server.wm.Session.remove:253 android.view.IWindowSession$Stub.onTransact:261 com.android.server.wm.Session.onTransact:186 android.os.Binder.execTransact:739 
03-25 19:39:08.065  1000  2808  2808 I SurfaceFlinger:      Device | 0x7039839b40 | 0002 | RGBA_8888 |   0.0    0.0 1440.0 2960.0 |    0    0 1440 2960 | com.ezviz/com.ezviz.devicemgt.ModifyDeviceNameActivity[10948]#0
03-25 19:39:08.075  5250  4239  4239 D KNOXCORE::LockSecureFolderTask: ResumedActivity userId0[com.ezviz/.devicemgt.setting.DeviceSettingActivity]
03-25 19:39:08.100  1000  2808  2808 I SurfaceFlinger:      Device | 0x7039239850 | 0002 | RGBA_8888 |   0.0    0.0 1440.0 2960.0 |    0    0 1440 2960 | com.ezviz/com.ezviz.devicemgt.setting.DeviceSettingActivity[10948]#0
03-25 19:39:08.100  1000  2808  2808 I SurfaceFlinger:      Device | 0x7039839b40 | 0002 | RGBA_8888 |   0.0    0.0 1440.0 2908.0 |    0   52 1440 2960 | com.ezviz/com.ezviz.devicemgt.ModifyDeviceNameActivity[10948]#0
03-25 19:39:08.263  1000  3244  3392 I WindowManager: reset, Reparenting to original parent, shouldDeferScheduleAnimation=false, destroyLeash=true, surface=Surface(name=AppWindowToken{9daa70d token=Token{5797da4 ActivityRecord{f3fc437 u0 com.ezviz/.devicemgt.ModifyDeviceNameActivity t1030}}})/@0x648e472, parent=Surface(name=Task=1030)/@0x693c6e4, parentNativeHandle=android.os.BinderProxy@ae1a1ea, caller=com.android.server.wm.SurfaceAnimator.lambda$getFinishedCallback$0:89 com.android.server.wm.-$$Lambda$SurfaceAnimator$SIBia0mND666K8lMCPsoid8pUTI.run:4 com.android.server.wm.SurfaceAnimator.lambda$getFinishedCallback$1:96 com.android.server.wm.-$$Lambda$SurfaceAnimator$vdRZk66hQVbQCvVXEaQCT1kVmFc.onAnimationFinished:4 com.android.server.wm.LocalAnimationAdapter.lambda$startAnimation$0:65 
03-25 19:39:08.263  1000  3244  3392 D SurfaceControl: reparent is called, sc=Surface(name=AppWindowToken{9daa70d token=Token{5797da4 ActivityRecord{f3fc437 u0 com.ezviz/.devicemgt.ModifyDeviceNameActivity t1030}}})/@0x648e472, newParentHandle=android.os.BinderProxy@ae1a1ea, transaction=android.view.SurfaceControl$Transaction@5525d40, caller=com.android.server.wm.SurfaceAnimator.reset:317 com.android.server.wm.SurfaceAnimator.lambda$getFinishedCallback$0:89 com.android.server.wm.-$$Lambda$SurfaceAnimator$SIBia0mND666K8lMCPsoid8pUTI.run:4 com.android.server.wm.SurfaceAnimator.lambda$getFinishedCallback$1:96 com.android.server.wm.-$$Lambda$SurfaceAnimator$vdRZk66hQVbQCvVXEaQCT1kVmFc.onAnimationFinished:4 com.android.server.wm.LocalAnimationAdapter.lambda$startAnimation$0:65 com.android.server.wm.-$$Lambda$LocalAnimationAdapter$X--EomqUvw4qy89IeeTFTH7aCMo.run:4 
03-25 19:39:08.264  1000  3244  3392 D SurfaceControl: destroy(case2), animation-leash is destroyed, sc=Surface(name=Surface(name=AppWindowToken{9daa70d token=Token{5797da4 ActivityRecord{f3fc437 u0 com.ezviz/.devicemgt.ModifyDeviceNameActivity t1030}}})/@0x648e472 - animation-leash)/@0x26f05de, transaction=android.view.SurfaceControl$Transaction@5525d40, caller=com.android.server.wm.SurfaceAnimator.reset:324 com.android.server.wm.SurfaceAnimator.lambda$getFinishedCallback$0:89 com.android.server.wm.-$$Lambda$SurfaceAnimator$SIBia0mND666K8lMCPsoid8pUTI.run:4 com.android.server.wm.SurfaceAnimator.lambda$getFinishedCallback$1:96 com.android.server.wm.-$$Lambda$SurfaceAnimator$vdRZk66hQVbQCvVXEaQCT1kVmFc.onAnimationFinished:4 com.android.server.wm.LocalAnimationAdapter.lambda$startAnimation$0:65 com.android.server.wm.-$$Lambda$LocalAnimationAdapter$X--EomqUvw4qy89IeeTFTH7aCMo.run:4 
03-25 19:39:08.265  1000  3244  3392 E WindowManager: win=Window{2a2d010 u0 com.ezviz/com.ezviz.devicemgt.ModifyDeviceNameActivity EXITING} destroySurfaces: appStopped=false win.mWindowRemovalAllowed=true win.mRemoveOnExit=true win.mViewVisibility=0 caller=com.android.server.wm.AppWindowToken.destroySurfaces:831 com.android.server.wm.AppWindowToken.destroySurfaces:812 com.android.server.wm.WindowState.onExitAnimationDone:5221 com.android.server.wm.-$$Lambda$01bPtngJg5AqEoOWfW3rWfV7MH4.accept:2 java.util.ArrayList.forEach:1262 com.android.server.wm.AppWindowToken.onAnimationFinished:2322 com.android.server.wm.-$$Lambda$yVRF8YoeNdTa8GR1wDStVsHu8xM.run:2 
03-25 19:39:08.265  1000  3244  3392 I WindowManager: Destroying surface Surface(name=com.ezviz/com.ezviz.devicemgt.ModifyDeviceNameActivity[10948])/@0x7d42927 called by com.android.server.wm.WindowStateAnimator.destroySurface:1826 com.android.server.wm.WindowStateAnimator.destroySurfaceLocked:804 com.android.server.wm.WindowState.destroySurfaceUnchecked:3656 com.android.server.wm.WindowState.destroySurface:3637 com.android.server.wm.AppWindowToken.destroySurfaces:831 com.android.server.wm.AppWindowToken.destroySurfaces:812 com.android.server.wm.WindowState.onExitAnimationDone:5221 com.android.server.wm.-$$Lambda$01bPtngJg5AqEoOWfW3rWfV7MH4.accept:2 
03-25 19:39:08.266  1000  2808  4784 I SurfaceFlinger: id=52910 Removed com.ezviz/com.ezviz.devicemgt.ModifyDeviceNameActivity[10948]#0 (0/72)
03-25 19:39:08.272  1000  2808  2811 W SurfaceFlinger: Attempting to set client state on removed layer: com.ezviz/com.ezviz.devicemgt.ModifyDeviceNameActivity[10948]#0
03-25 19:39:08.272  1000  2808  2811 D Layer   : [AppWindowToken{9daa70d token=Token{5797da4 ActivityRecord{f3fc437 u0 com.ezviz/.devicemgt.ModifyDeviceNameActivity t1030}}}#0]::reparent oldParent:[Surface(name=AppWindowToken{9daa70d token=Token{5797da4 ActivityRecord{f3fc437 u0 com.ezviz/.devicemgt.ModifyDeviceNameActivity t1030}}})/@0x648e472 - animation-leash#0], newParent:[Task=1030#0]
03-25 19:39:08.273  1000  2808  2811 I SurfaceFlinger: id=52909 Removed 2a2d010 com.ezviz/com.ezviz.devicemgt.ModifyDeviceNameActivity#0 (0/71)
03-25 19:39:08.273  1000  2808  2811 W SurfaceFlinger: Attempting to destroy on removed layer: com.ezviz/com.ezviz.devicemgt.ModifyDeviceNameActivity[10948]#0
03-25 19:39:08.273  1000  2808  2811 I SurfaceFlinger: id=52925 Removed Surface(name=AppWindowToken{9daa70d token=Token{5797da4 ActivityRecord{f3fc437 u0 com.ezviz/.devicemgt.ModifyDeviceNameActivity t1030}}})/@0x648e472 - animation-leash#0 (0/70)
03-25 19:39:08.276  1000  3244  3392 I WindowManager: Cancelling animation restarting=false, leash=null, surface=Surface(name=AppWindowToken{9daa70d token=Token{5797da4 ActivityRecord{f3fc437 u0 com.ezviz/.devicemgt.ModifyDeviceNameActivity t1030}}})/@0x648e472, parent=Surface(name=Task=1030)/@0x693c6e4, caller=com.android.server.wm.SurfaceAnimator.cancelAnimation:177 com.android.server.wm.WindowContainer.cancelAnimation:1165 com.android.server.wm.AppWindowToken.cancelAnimation:2350 com.android.server.wm.AppWindowToken.onRemovedFromDisplay:776 com.android.server.wm.AppWindowToken.removeImmediately:697 
03-25 19:39:08.278  1000  2808  2808 I Layer   : id=52910 onRemoved com.ezviz/com.ezviz.devicemgt.ModifyDeviceNameActivity[10948]#0 
03-25 19:39:08.279  1000  2808  2808 I Layer   : id=52909 onRemoved 2a2d010 com.ezviz/com.ezviz.devicemgt.ModifyDeviceNameActivity#0 
03-25 19:39:08.279  1000  2808  2808 I Layer   : id=52925 onRemoved Surface(name=AppWindowToken{9daa70d token=Token{5797da4 ActivityRecord{f3fc437 u0 com.ezviz/.devicemgt.ModifyDeviceNameActivity t1030}}})/@0x648e472 - animation-leash#0 
03-25 19:39:08.280  1000  2808  2811 I SurfaceFlinger: id=52908 Removed AppWindowToken{9daa70d token=Token{5797da4 ActivityRecord{f3fc437 u0 com.ezviz/.devicemgt.ModifyDeviceNameActivity t1030}}}#0 (2/69)
03-25 19:39:08.286  1000  2808  2808 I SurfaceFlinger:      Device | 0x7039239850 | 0002 | RGBA_8888 |   0.0    0.0 1440.0 2960.0 |    0    0 1440 2960 | com.ezviz/com.ezviz.devicemgt.setting.DeviceSettingActivity[10948]#0
03-25 19:39:08.295  1000  2808  2808 I Layer   : id=52908 onRemoved AppWindowToken{9daa70d token=Token{5797da4 ActivityRecord{f3fc437 u0 com.ezviz/.devicemgt.ModifyDeviceNameActivity t1030}}}#0 
03-25 19:39:08.336  1000  3244  3479 D WifiTrafficPoller: TrafficStats TxPkts=2504070 RxPkts=12489586 TxBytes=398434542 RxBytes=16404829915 , Foreground uid=10931 pkgName=com.ezviz TxPackets=8178 RxPackets=6889 TxBytes=1092198 RxBytes=4483231
03-25 19:39:09.348  1000  3244  3446 I clp-JNI : CLP add process info start. (channel) a8ee3dd NavbarGestureHandler (server) (pkg) AppWindowToken{65a6f62 token=Token{c368e2d ActivityRecord{7060d44 u0 com.ezviz/.devicemgt.setting.DeviceSettingActivity t1030}}} (action) 0
03-25 19:39:09.449  1000  3244  3446 I clp-JNI : CLP add process info start. (channel) 5d855e5 com.ezviz/com.ezviz.devicemgt.setting.DeviceSettingActivity (server) (pkg) AppWindowToken{65a6f62 token=Token{c368e2d ActivityRecord{7060d44 u0 com.ezviz/.devicemgt.setting.DeviceSettingActivity t1030}}} (action) 0
03-25 19:39:09.456  1000  3244  3446 I clp-JNI : CLP add process info start. (channel) 5d855e5 com.ezviz/com.ezviz.devicemgt.setting.DeviceSettingActivity (server) (pkg) AppWindowToken{65a6f62 token=Token{c368e2d ActivityRecord{7060d44 u0 com.ezviz/.devicemgt.setting.DeviceSettingActivity t1030}}} (action) 1
03-25 19:39:09.458  1000  3244  3244 D Telecom:SamsungPrebindingServiceImpl: onTopActivityChanged ComponentInfo{com.ezviz/com.ezviz.main.MainTabActivity}
03-25 19:39:09.475  1000  3244  4108 D GameManagerService: noteResumeComponent(), resumeComponent: com.ezviz
03-25 19:39:09.475  1000  3244  3657 D GameManagerService: handleForegroundChange(). pkgName: com.ezviz, clsName: com.ezviz.main.MainTabActivity,FgActivityName:com.ezviz/.main.MainTabActivity
03-25 19:39:09.477  1000  3244  4108 D MARsPolicyManager: onPackageResumedFG pkgName = com.ezviz, userId = 0
03-25 19:39:09.479  1000  3244  3244 D Telecom:SamsungPrebindingServiceImpl: onTopActivityChanged ComponentInfo{com.ezviz/com.ezviz.main.MainTabActivity}
03-25 19:39:09.485  1000  3244  3446 I clp-JNI : CLP add process info start. (channel) a8ee3dd NavbarGestureHandler (server) (pkg) AppWindowToken{5428a21 token=Token{45d7088 ActivityRecord{de9e42b u0 com.ezviz/.main.MainTabActivity t1030}}} (action) 1
03-25 19:39:09.493  1000  3244  3244 D GameManagerService: identifyGamePackage. com.ezviz
03-25 19:39:09.493  1000  3244  3244 D GamePkgDataHelper: getGamePkgData(). com.ezviz
03-25 19:39:09.529  1000  3244  3672 V WindowManager: Relayout Window{2bdc618 u0 com.ezviz/com.ezviz.main.MainTabActivity}: viewVisibility=0 req=1440x2960 {(0,0)(fillxfill) sim={adjust=pan} ty=BASE_APPLICATION wanim=0x10302ec
03-25 19:39:09.532  1000  2808  2808 I SurfaceFlinger: id=52926 createSurf (1440x2960),1 flag=404, com.ezviz/com.ezviz.main.MainTabActivity[10948]#0
03-25 19:39:09.534  1000  3244  3267 D WindowManager: setSystemUiVisibility: vis= 0x8018, fullscreenVis= 0x0, dockedVis= 0x0, win=Window{2bdc618 u0 com.ezviz/com.ezviz.main.MainTabActivity}
03-25 19:39:09.558  1000  3244  4108 D WindowManager: finishDrawingWindow: Window{2bdc618 u0 com.ezviz/com.ezviz.main.MainTabActivity} mDrawState=DRAW_PENDING
03-25 19:39:09.559  1000  3244  3392 I WindowManager: commitFinishDrawingLocked: mDrawState=READY_TO_SHOW Surface(name=com.ezviz/com.ezviz.main.MainTabActivity[10948])/@0xfff0416
03-25 19:39:09.560  1000  3244  3392 I WindowManager: Cancelling animation restarting=true, leash=null, surface=Surface(name=AppWindowToken{65a6f62 token=Token{c368e2d ActivityRecord{7060d44 u0 com.ezviz/.devicemgt.setting.DeviceSettingActivity t1030}}})/@0xf294f74, parent=Surface(name=Task=1030)/@0x693c6e4, caller=com.android.server.wm.SurfaceAnimator.startAnimation:114 com.android.server.wm.WindowContainer.startAnimation:1157 com.android.server.wm.AppWindowToken.applyAnimationLocked:2069 com.android.server.wm.AppWindowToken.setVisibility:468 com.android.server.wm.WindowSurfacePlacer.handleClosingApps:526 
03-25 19:39:09.561  1000  3244  3392 I WindowManager: Reparenting to leash, surface=Surface(name=AppWindowToken{65a6f62 token=Token{c368e2d ActivityRecord{7060d44 u0 com.ezviz/.devicemgt.setting.DeviceSettingActivity t1030}}})/@0xf294f74, caller=com.android.server.wm.SurfaceAnimator.startAnimation:122 com.android.server.wm.WindowContainer.startAnimation:1157 com.android.server.wm.AppWindowToken.applyAnimationLocked:2069 com.android.server.wm.AppWindowToken.setVisibility:468 com.android.server.wm.WindowSurfacePlacer.handleClosingApps:526 
03-25 19:39:09.561  1000  2808  2808 I SurfaceFlinger: id=52927 createSurf (5920x5920),2 flag=4, Surface(name=AppWindowToken{65a6f62 token=Token{c368e2d ActivityRecord{7060d44 u0 com.ezviz/.devicemgt.setting.DeviceSettingActivity t1030}}})/@0xf294f74 - animation-leash#0
03-25 19:39:09.562  1000  3244  3392 D SurfaceControl: reparent is called, sc=Surface(name=AppWindowToken{65a6f62 token=Token{c368e2d ActivityRecord{7060d44 u0 com.ezviz/.devicemgt.setting.DeviceSettingActivity t1030}}})/@0xf294f74, newParentHandle=android.os.BinderProxy@c10336d, transaction=android.view.SurfaceControl$Transaction@5017512, caller=com.android.server.wm.SurfaceAnimator.createAnimationLeash:368 com.android.server.wm.SurfaceAnimator.startAnimation:122 com.android.server.wm.WindowContainer.startAnimation:1157 com.android.server.wm.AppWindowToken.applyAnimationLocked:2069 com.android.server.wm.AppWindowToken.setVisibility:468 com.android.server.wm.WindowSurfacePlacer.handleClosingApps:526 com.android.server.wm.WindowSurfacePlacer.handleAppTransitionReadyLocked:323 
03-25 19:39:09.563  1000  3244  3392 I WindowManager: Cancelling animation restarting=true, leash=null, surface=Surface(name=AppWindowToken{5428a21 token=Token{45d7088 ActivityRecord{de9e42b u0 com.ezviz/.main.MainTabActivity t1030}}})/@0x7b533eb, parent=Surface(name=Task=1030)/@0x693c6e4, caller=com.android.server.wm.SurfaceAnimator.startAnimation:114 com.android.server.wm.WindowContainer.startAnimation:1157 com.android.server.wm.AppWindowToken.applyAnimationLocked:2069 com.android.server.wm.AppWindowToken.setVisibility:468 com.android.server.wm.WindowSurfacePlacer.handleOpeningApps:481 
03-25 19:39:09.564  1000  3244  3392 I WindowManager: Reparenting to leash, surface=Surface(name=AppWindowToken{5428a21 token=Token{45d7088 ActivityRecord{de9e42b u0 com.ezviz/.main.MainTabActivity t1030}}})/@0x7b533eb, caller=com.android.server.wm.SurfaceAnimator.startAnimation:122 com.android.server.wm.WindowContainer.startAnimation:1157 com.android.server.wm.AppWindowToken.applyAnimationLocked:2069 com.android.server.wm.AppWindowToken.setVisibility:468 com.android.server.wm.WindowSurfacePlacer.handleOpeningApps:481 
03-25 19:39:09.567  1000  2808  2808 I SurfaceFlinger: id=52928 createSurf (5920x5920),2 flag=4, Surface(name=AppWindowToken{5428a21 token=Token{45d7088 ActivityRecord{de9e42b u0 com.ezviz/.main.MainTabActivity t1030}}})/@0x7b533eb - animation-leash#0
03-25 19:39:09.568  1000  3244  3392 D SurfaceControl: reparent is called, sc=Surface(name=AppWindowToken{5428a21 token=Token{45d7088 ActivityRecord{de9e42b u0 com.ezviz/.main.MainTabActivity t1030}}})/@0x7b533eb, newParentHandle=android.os.BinderProxy@758ff0, transaction=android.view.SurfaceControl$Transaction@f1fbfe1, caller=com.android.server.wm.SurfaceAnimator.createAnimationLeash:368 com.android.server.wm.SurfaceAnimator.startAnimation:122 com.android.server.wm.WindowContainer.startAnimation:1157 com.android.server.wm.AppWindowToken.applyAnimationLocked:2069 com.android.server.wm.AppWindowToken.setVisibility:468 com.android.server.wm.WindowSurfacePlacer.handleOpeningApps:481 com.android.server.wm.WindowSurfacePlacer.handleAppTransitionReadyLocked:325 
03-25 19:39:09.568  1000  3244  3392 V WindowManager: performShowLocked: mDrawState=HAS_DRAWN in Window{2bdc618 u0 com.ezviz/com.ezviz.main.MainTabActivity}
03-25 19:39:09.570  1000  2808  2812 D Layer   : [AppWindowToken{65a6f62 token=Token{c368e2d ActivityRecord{7060d44 u0 com.ezviz/.devicemgt.setting.DeviceSettingActivity t1030}}}#0]::reparent oldParent:[Task=1030#0], newParent:[Surface(name=AppWindowToken{65a6f62 token=Token{c368e2d ActivityRecord{7060d44 u0 com.ezviz/.devicemgt.setting.DeviceSettingActivity t1030}}})/@0xf294f74 - animation-leash#0]
03-25 19:39:09.570  1000  2808  2812 D Layer   : [AppWindowToken{5428a21 token=Token{45d7088 ActivityRecord{de9e42b u0 com.ezviz/.main.MainTabActivity t1030}}}#0]::reparent oldParent:[Task=1030#0], newParent:[Surface(name=AppWindowToken{5428a21 token=Token{45d7088 ActivityRecord{de9e42b u0 com.ezviz/.main.MainTabActivity t1030}}})/@0x7b533eb - animation-leash#0]
03-25 19:39:09.574 10931 10948 10948 V InputMethodManager: Starting input: tba=com.ezviz ic=null mNaviBarColor -855310 mIsGetNaviBarColorSuccess true , NavVisible : true , NavTrans : false
03-25 19:39:09.574  1000  3244  3278 D PersonaManagerService: notifyActivityDrawn u0 ComponentInfo{com.ezviz/com.ezviz.main.MainTabActivity} showWhenLocked=false type=1 windowingMode=1 fullscreen=true dockSide=-1
03-25 19:39:09.574  1000  3244  3672 V InputMethodManagerService: windowGainedFocus : reason=WINDOW_FOCUS_GAIN client=android.os.BinderProxy@59368c8 inputContext=null missingMethods= attribute=android.view.inputmethod.EditorInfo@28a7fee nm = com.ezviz controlFlags=#105 softInputMode=#20 windowFlags=#81810100
03-25 19:39:09.583  5250  4239  4239 D KNOXCORE::LockSecureFolderTask: ResumedActivity userId0[com.ezviz/.main.MainTabActivity]
03-25 19:39:09.602  1000  2808  2808 I SurfaceFlinger:      Device | 0x7039239070 | 0002 | RGBA_8888 |   0.0   87.0 1440.0 2960.0 |    0    0 1440 2873 | com.ezviz/com.ezviz.main.MainTabActivity[10948]#0
03-25 19:39:09.602  1000  2808  2808 I SurfaceFlinger:      Device | 0x7039239850 | 0002 | RGBA_8888 |   0.0    0.0 1440.0 2950.0 |    0   10 1440 2960 | com.ezviz/com.ezviz.devicemgt.setting.DeviceSettingActivity[10948]#0
03-25 19:39:09.717  1000  2808  2808 I SurfaceFlinger:      Device | 0x7039239070 | 0002 | RGBA_8888 |   0.0   51.0 1440.0 2960.0 |    0    0 1440 2909 | com.ezviz/com.ezviz.main.MainTabActivity[10948]#0
03-25 19:39:09.863  1000  3244  3392 I WindowManager: reset, Reparenting to original parent, shouldDeferScheduleAnimation=true, destroyLeash=true, surface=Surface(name=AppWindowToken{5428a21 token=Token{45d7088 ActivityRecord{de9e42b u0 com.ezviz/.main.MainTabActivity t1030}}})/@0x7b533eb, parent=Surface(name=Task=1030)/@0x693c6e4, parentNativeHandle=android.os.BinderProxy@ae1a1ea, caller=com.android.server.wm.SurfaceAnimator.lambda$getFinishedCallback$0:89 com.android.server.wm.-$$Lambda$SurfaceAnimator$SIBia0mND666K8lMCPsoid8pUTI.run:4 com.android.server.wm.AnimatingAppWindowTokenRegistry.endDeferringFinished:104 com.android.server.wm.AnimatingAppWindowTokenRegistry.notifyAboutToFinish:77 com.android.server.wm.AppWindowToken.shouldDeferAnimationFinish:2167 
03-25 19:39:09.863  1000  3244  3392 D SurfaceControl: reparent is called, sc=Surface(name=AppWindowToken{5428a21 token=Token{45d7088 ActivityRecord{de9e42b u0 com.ezviz/.main.MainTabActivity t1030}}})/@0x7b533eb, newParentHandle=android.os.BinderProxy@ae1a1ea, transaction=android.view.SurfaceControl$Transaction@f1fbfe1, caller=com.android.server.wm.SurfaceAnimator.reset:317 com.android.server.wm.SurfaceAnimator.lambda$getFinishedCallback$0:89 com.android.server.wm.-$$Lambda$SurfaceAnimator$SIBia0mND666K8lMCPsoid8pUTI.run:4 com.android.server.wm.AnimatingAppWindowTokenRegistry.endDeferringFinished:104 com.android.server.wm.AnimatingAppWindowTokenRegistry.notifyAboutToFinish:77 com.android.server.wm.AppWindowToken.shouldDeferAnimationFinish:2167 com.android.server.wm.SurfaceAnimator.lambda$getFinishedCallback$1:95 
03-25 19:39:09.864  1000  3244  3392 D SurfaceControl: destroy(case2), animation-leash is destroyed, sc=Surface(name=Surface(name=AppWindowToken{5428a21 token=Token{45d7088 ActivityRecord{de9e42b u0 com.ezviz/.main.MainTabActivity t1030}}})/@0x7b533eb - animation-leash)/@0x7899969, transaction=android.view.SurfaceControl$Transaction@f1fbfe1, caller=com.android.server.wm.SurfaceAnimator.reset:324 com.android.server.wm.SurfaceAnimator.lambda$getFinishedCallback$0:89 com.android.server.wm.-$$Lambda$SurfaceAnimator$SIBia0mND666K8lMCPsoid8pUTI.run:4 com.android.server.wm.AnimatingAppWindowTokenRegistry.endDeferringFinished:104 com.android.server.wm.AnimatingAppWindowTokenRegistry.notifyAboutToFinish:77 com.android.server.wm.AppWindowToken.shouldDeferAnimationFinish:2167 com.android.server.wm.SurfaceAnimator.lambda$getFinishedCallback$1:95 
03-25 19:39:09.864  1000  3244  3392 I WindowManager: reset, Reparenting to original parent, shouldDeferScheduleAnimation=false, destroyLeash=true, surface=Surface(name=AppWindowToken{65a6f62 token=Token{c368e2d ActivityRecord{7060d44 u0 com.ezviz/.devicemgt.setting.DeviceSettingActivity t1030}}})/@0xf294f74, parent=Surface(name=Task=1030)/@0x693c6e4, parentNativeHandle=android.os.BinderProxy@ae1a1ea, caller=com.android.server.wm.SurfaceAnimator.lambda$getFinishedCallback$0:89 com.android.server.wm.-$$Lambda$SurfaceAnimator$SIBia0mND666K8lMCPsoid8pUTI.run:4 com.android.server.wm.SurfaceAnimator.lambda$getFinishedCallback$1:96 com.android.server.wm.-$$Lambda$SurfaceAnimator$vdRZk66hQVbQCvVXEaQCT1kVmFc.onAnimationFinished:4 com.android.server.wm.LocalAnimationAdapter.lambda$startAnimation$0:65 
03-25 19:39:09.864  1000  3244  3392 D SurfaceControl: reparent is called, sc=Surface(name=AppWindowToken{65a6f62 token=Token{c368e2d ActivityRecord{7060d44 u0 com.ezviz/.devicemgt.setting.DeviceSettingActivity t1030}}})/@0xf294f74, newParentHandle=android.os.BinderProxy@ae1a1ea, transaction=android.view.SurfaceControl$Transaction@5017512, caller=com.android.server.wm.SurfaceAnimator.reset:317 com.android.server.wm.SurfaceAnimator.lambda$getFinishedCallback$0:89 com.android.server.wm.-$$Lambda$SurfaceAnimator$SIBia0mND666K8lMCPsoid8pUTI.run:4 com.android.server.wm.SurfaceAnimator.lambda$getFinishedCallback$1:96 com.android.server.wm.-$$Lambda$SurfaceAnimator$vdRZk66hQVbQCvVXEaQCT1kVmFc.onAnimationFinished:4 com.android.server.wm.LocalAnimationAdapter.lambda$startAnimation$0:65 com.android.server.wm.-$$Lambda$LocalAnimationAdapter$X--EomqUvw4qy89IeeTFTH7aCMo.run:4 
03-25 19:39:09.864  1000  3244  3392 D SurfaceControl: destroy(case2), animation-leash is destroyed, sc=Surface(name=Surface(name=AppWindowToken{65a6f62 token=Token{c368e2d ActivityRecord{7060d44 u0 com.ezviz/.devicemgt.setting.DeviceSettingActivity t1030}}})/@0xf294f74 - animation-leash)/@0x5df4ba2, transaction=android.view.SurfaceControl$Transaction@5017512, caller=com.android.server.wm.SurfaceAnimator.reset:324 com.android.server.wm.SurfaceAnimator.lambda$getFinishedCallback$0:89 com.android.server.wm.-$$Lambda$SurfaceAnimator$SIBia0mND666K8lMCPsoid8pUTI.run:4 com.android.server.wm.SurfaceAnimator.lambda$getFinishedCallback$1:96 com.android.server.wm.-$$Lambda$SurfaceAnimator$vdRZk66hQVbQCvVXEaQCT1kVmFc.onAnimationFinished:4 com.android.server.wm.LocalAnimationAdapter.lambda$startAnimation$0:65 com.android.server.wm.-$$Lambda$LocalAnimationAdapter$X--EomqUvw4qy89IeeTFTH7aCMo.run:4 
03-25 19:39:09.867  1000  2808  4784 D Layer   : [AppWindowToken{5428a21 token=Token{45d7088 ActivityRecord{de9e42b u0 com.ezviz/.main.MainTabActivity t1030}}}#0]::reparent oldParent:[Surface(name=AppWindowToken{5428a21 token=Token{45d7088 ActivityRecord{de9e42b u0 com.ezviz/.main.MainTabActivity t1030}}})/@0x7b533eb - animation-leash#0], newParent:[Task=1030#0]
03-25 19:39:09.867  1000  2808  4784 D Layer   : [AppWindowToken{65a6f62 token=Token{c368e2d ActivityRecord{7060d44 u0 com.ezviz/.devicemgt.setting.DeviceSettingActivity t1030}}}#0]::reparent oldParent:[Surface(name=AppWindowToken{65a6f62 token=Token{c368e2d ActivityRecord{7060d44 u0 com.ezviz/.devicemgt.setting.DeviceSettingActivity t1030}}})/@0xf294f74 - animation-leash#0], newParent:[Task=1030#0]
03-25 19:39:09.867  1000  2808  4784 I SurfaceFlinger: id=52928 Removed Surface(name=AppWindowToken{5428a21 token=Token{45d7088 ActivityRecord{de9e42b u0 com.ezviz/.main.MainTabActivity t1030}}})/@0x7b533eb - animation-leash#0 (0/70)
03-25 19:39:09.867  1000  2808  4784 I SurfaceFlinger: id=52927 Removed Surface(name=AppWindowToken{65a6f62 token=Token{c368e2d ActivityRecord{7060d44 u0 com.ezviz/.devicemgt.setting.DeviceSettingActivity t1030}}})/@0xf294f74 - animation-leash#0 (0/69)
03-25 19:39:09.880  1000  2808  2808 I Layer   : id=52927 onRemoved Surface(name=AppWindowToken{65a6f62 token=Token{c368e2d ActivityRecord{7060d44 u0 com.ezviz/.devicemgt.setting.DeviceSettingActivity t1030}}})/@0xf294f74 - animation-leash#0 
03-25 19:39:09.880  1000  2808  2808 I Layer   : id=52928 onRemoved Surface(name=AppWindowToken{5428a21 token=Token{45d7088 ActivityRecord{de9e42b u0 com.ezviz/.main.MainTabActivity t1030}}})/@0x7b533eb - animation-leash#0 
03-25 19:39:09.888  1000  3244  4108 V WindowManager: Relayout Window{5d855e5 u0 com.ezviz/com.ezviz.devicemgt.setting.DeviceSettingActivity}: viewVisibility=8 req=1440x2960 {(0,0)(fillxfill) sim={adjust=resize} ty=BASE_APPLICATION wanim=0x10302ec
03-25 19:39:09.902  1000  3244  4108 V WindowManager: Remove Window{5d855e5 u0 com.ezviz/com.ezviz.devicemgt.setting.DeviceSettingActivity}: mSurfaceController=Surface(name=com.ezviz/com.ezviz.devicemgt.setting.DeviceSettingActivity[10948])/@0x891d463 mAnimatingExit=false mRemoveOnExit=false mHasSurface=true surfaceShowing=false isAnimationSet=false app-animation=false mWillReplaceWindow=false inPendingTransaction=false mDisplayFrozen=false callers=com.android.server.wm.WindowState.removeIfPossible:2626 com.android.server.wm.WindowManagerService.removeWindow:1908 com.android.server.wm.Session.remove:253 android.view.IWindowSession$Stub.onTransact:261 com.android.server.wm.Session.onTransact:186 android.os.Binder.execTransact:739 
03-25 19:39:09.903  1000  3244  4108 I WindowManager: Destroying surface Surface(name=com.ezviz/com.ezviz.devicemgt.setting.DeviceSettingActivity[10948])/@0x891d463 called by com.android.server.wm.WindowStateAnimator.destroySurface:1826 com.android.server.wm.WindowStateAnimator.destroySurfaceLocked:804 com.android.server.wm.WindowState.removeImmediately:2605 com.android.server.wm.WindowState.removeIfPossible:2755 com.android.server.wm.WindowState.removeIfPossible:2626 com.android.server.wm.WindowManagerService.removeWindow:1908 com.android.server.wm.Session.remove:253 android.view.IWindowSession$Stub.onTransact:261 
03-25 19:39:09.903  1000  2808  2812 I SurfaceFlinger: id=52923 Removed com.ezviz/com.ezviz.devicemgt.setting.DeviceSettingActivity[10948]#0 (0/68)
03-25 19:39:09.906  1000  2808  2812 I SurfaceFlinger: id=52902 Removed 5d855e5 com.ezviz/com.ezviz.devicemgt.setting.DeviceSettingActivity#0 (0/67)
03-25 19:39:09.908  1000  3244  3257 I WindowManager: Cancelling animation restarting=false, leash=null, surface=Surface(name=AppWindowToken{65a6f62 token=Token{c368e2d ActivityRecord{7060d44 u0 com.ezviz/.devicemgt.setting.DeviceSettingActivity t1030}}})/@0xf294f74, parent=Surface(name=Task=1030)/@0x693c6e4, caller=com.android.server.wm.SurfaceAnimator.cancelAnimation:177 com.android.server.wm.WindowContainer.cancelAnimation:1165 com.android.server.wm.AppWindowToken.cancelAnimation:2350 com.android.server.wm.AppWindowToken.onRemovedFromDisplay:776 com.android.server.wm.DisplayContent.removeAppToken:1040 
03-25 19:39:09.913  1000  2808  2808 I Layer   : id=52902 onRemoved 5d855e5 com.ezviz/com.ezviz.devicemgt.setting.DeviceSettingActivity#0 
03-25 19:39:09.913  1000  2808  2808 I Layer   : id=52923 onRemoved com.ezviz/com.ezviz.devicemgt.setting.DeviceSettingActivity[10948]#0 
03-25 19:39:09.914  1000  2808  4784 I SurfaceFlinger: id=52901 Removed AppWindowToken{65a6f62 token=Token{c368e2d ActivityRecord{7060d44 u0 com.ezviz/.devicemgt.setting.DeviceSettingActivity t1030}}}#0 (1/66)
03-25 19:39:09.930  1000  2808  2808 I Layer   : id=52901 onRemoved AppWindowToken{65a6f62 token=Token{c368e2d ActivityRecord{7060d44 u0 com.ezviz/.devicemgt.setting.DeviceSettingActivity t1030}}}#0 
03-25 19:39:10.389  1000  3244  3446 I clp-JNI : CLP add process info start. (channel) 1256bf3 OneHandTouch (server) (pkg) AppWindowToken{5428a21 token=Token{45d7088 ActivityRecord{de9e42b u0 com.ezviz/.main.MainTabActivity t1030}}} (action) 0
03-25 19:39:10.394  1000  3244  3446 I clp-JNI : CLP add process info start. (channel) 1256bf3 OneHandTouch (server) (pkg) AppWindowToken{5428a21 token=Token{45d7088 ActivityRecord{de9e42b u0 com.ezviz/.main.MainTabActivity t1030}}} (action) 1
03-25 19:39:10.395  1000  3244  3446 I clp-JNI : CLP add process info start. (channel) 2bdc618 com.ezviz/com.ezviz.main.MainTabActivity (server) (pkg) AppWindowToken{5428a21 token=Token{45d7088 ActivityRecord{de9e42b u0 com.ezviz/.main.MainTabActivity t1030}}} (action) 0
03-25 19:39:10.396  1000  3244  3446 I clp-JNI : CLP add process info start. (channel) 2bdc618 com.ezviz/com.ezviz.main.MainTabActivity (server) (pkg) AppWindowToken{5428a21 token=Token{45d7088 ActivityRecord{de9e42b u0 com.ezviz/.main.MainTabActivity t1030}}} (action) 1
03-25 19:39:10.427  1000  3244  3672 I NotificationService: cancelToast pkg=com.ezviz callback=android.app.ITransientNotification$Stub$Proxy@7fa51b4
03-25 19:39:10.449  1000  3244  3672 V WindowManager: Relayout Window{2bdc618 u0 com.ezviz/com.ezviz.main.MainTabActivity}: viewVisibility=0 req=1440x2960 {(0,0)(fillxfill) sim={adjust=resize} ty=BASE_APPLICATION wanim=0x10302ec
03-25 19:39:10.455 10931 10948 10948 V InputMethodManager: Starting input: tba=com.ezviz ic=null mNaviBarColor -855310 mIsGetNaviBarColorSuccess true , NavVisible : true , NavTrans : false
03-25 19:39:10.937  1000  2808  2808 I SurfaceFlinger:      Device | 0x7039239000 | 0002 | RGBA_8888 |   0.0    0.0 1440.0 2960.0 |    0    0 1440 2960 | com.ezviz/com.ezviz.main.MainTabActivity[10948]#0
03-25 19:39:12.440  1000  3244  3479 D WifiTrafficPoller: TrafficStats TxPkts=2504073 RxPkts=12489588 TxBytes=398434706 RxBytes=16404830696 , Foreground uid=10931 pkgName=com.ezviz TxPackets=8179 RxPackets=6890 TxBytes=1092250 RxBytes=4483960
03-25 19:39:18.547  1000  3244  3479 D WifiTrafficPoller: TrafficStats TxPkts=2504086 RxPkts=12489597 TxBytes=398437152 RxBytes=16404832007 , Foreground uid=10931 pkgName=com.ezviz TxPackets=8180 RxPackets=6890 TxBytes=1092310 RxBytes=4483960
03-25 19:38:45.433  1000  3244  3268 I am_proc_start: [0,10948,10931,com.ezviz,activity,com.ezviz/.login.LoadingActivity]
03-25 19:38:45.479  1000  3244  5254 I am_proc_bound: [0,10948,com.ezviz]
03-25 19:38:45.498  1000  3244  6062 I am_create_activity: [0,15183397,1030,com.ezviz/.login.LoadingActivity,android.intent.action.MAIN,NULL,NULL,270532608,com.sec.android.app.launcher]
03-25 19:38:45.518  1000  3244  3672 I am_restart_activity: [0,15183397,1030,com.ezviz/.login.LoadingActivity]
03-25 19:38:45.527  1000  3244  3672 I am_set_resumed_activity: [0,com.ezviz/.login.LoadingActivity,minimalResumeActivityLocked]
03-25 19:38:46.129 10931 10948 10948 I am_on_create_called: [0,com.ezviz.login.LoadingActivity,performCreate]
03-25 19:38:46.136  1000  3244  3244 I notification_cancel: [10931,10948,com.ezviz,0,NULL,0,0,1088,8,NULL]
03-25 19:38:46.137 10931 10948 10948 I am_on_start_called: [0,com.ezviz.login.LoadingActivity,handleStartActivity]
03-25 19:38:46.140 10931 10948 10948 I am_on_resume_called: [0,com.ezviz.login.LoadingActivity,RESUME_ACTIVITY]
03-25 19:38:46.176  1000  3244  4108 I am_create_activity: [0,184286994,1030,com.ezviz/.login.LoginActivity,NULL,NULL,NULL,0,com.ezviz]
03-25 19:38:46.183  1000  3244  4108 I am_pause_activity: [0,15183397,com.ezviz/.login.LoadingActivity,userLeaving=true]
03-25 19:38:46.187  1000  3244  6062 I am_finish_activity: [0,15183397,1030,com.ezviz/.login.LoadingActivity,app-request]
03-25 19:38:46.226 10931 10948 10948 I am_on_paused_called: [0,com.ezviz.login.LoadingActivity,performPause]
03-25 19:38:46.231  1000  3244  6103 I am_restart_activity: [0,184286994,1030,com.ezviz/.login.LoginActivity]
03-25 19:38:46.234  1000  3244  6103 I am_set_resumed_activity: [0,com.ezviz/.login.LoginActivity,minimalResumeActivityLocked]
03-25 19:38:46.302  1000  3244  3265 I sysui_multi_action: [319,84,321,78,322,814,325,242139,757,761,758,8,759,1,806,com.ezviz,871,com.ezviz.login.LoginActivity,904,com.ezviz,905,0,1320,8,1321,5]
03-25 19:38:46.404 10931 10948 10948 I am_on_create_called: [0,com.ezviz.login.LoginActivity,performCreate]
03-25 19:38:46.406  1000  3244  3244 I notification_cancel: [10931,10948,com.ezviz,0,NULL,0,0,1088,8,NULL]
03-25 19:38:46.407 10931 10948 10948 I am_on_start_called: [0,com.ezviz.login.LoginActivity,handleStartActivity]
03-25 19:38:46.408 10931 10948 10948 I am_on_resume_called: [0,com.ezviz.login.LoginActivity,RESUME_ACTIVITY]
03-25 19:38:46.489  1000  3244  6103 I sysui_multi_action: [757,906,758,4,806,com.ezviz,871,com.ezviz.login.LoginActivity,908,com.samsung.android.samsungpassautofill,1452,0,1456,-517256206]
03-25 19:38:46.544  1000  3244  3278 I am_activity_launch_time: [0,184286994,com.ezviz/.login.LoginActivity,302,1014]
03-25 19:38:46.631  1000  3244  5254 I am_destroy_activity: [0,15183397,1030,com.ezviz/.login.LoadingActivity,finish-imm:activityIdleInternalLocked]
03-25 19:38:46.633 10931 10948 10948 I am_on_stop_called: [0,com.ezviz.login.LoadingActivity,LIFECYCLER_STOP_ACTIVITY]
03-25 19:38:46.634 10931 10948 10948 I am_on_destroy_called: [0,com.ezviz.login.LoadingActivity,performDestroy]
03-25 19:38:48.089  1000  3244  3267 I sysui_multi_action: [757,910,758,4,806,com.ezviz,871,com.ezviz.login.LoginActivity,908,com.samsung.android.samsungpassautofill,909,1,911,20,1456,-517256206]
03-25 19:38:48.132  1000  3244  6103 I am_pause_activity: [0,184286994,com.ezviz/.login.LoginActivity,userLeaving=true]
03-25 19:38:48.146 10931 10948 10948 I am_on_paused_called: [0,com.ezviz.login.LoginActivity,performPause]
03-25 19:38:49.533  1000  3244  3873 I am_set_resumed_activity: [0,com.ezviz/.login.LoginActivity,resumeTopActivityInnerLocked]
03-25 19:38:49.540  1000  3244  3873 I am_resume_activity: [0,184286994,1030,com.ezviz/.login.LoginActivity]
03-25 19:38:49.543 10931 10948 10948 I am_on_activity_result_called: [0,com.ezviz.login.LoginActivity,ACTIVITY_RESULT]
03-25 19:38:49.556 10931 10948 10948 I am_on_resume_called: [0,com.ezviz.login.LoginActivity,RESUME_ACTIVITY]
03-25 19:38:49.590 10931 10948 10948 I sysui_multi_action: [757,913,758,4,806,com.ezviz,871,com.ezviz.login.LoginActivity,914,2,915,2,1456,-517256206]
03-25 19:38:50.923  1000  3244  6062 I am_create_activity: [0,233432107,1030,com.ezviz/.main.MainTabActivity,NULL,NULL,NULL,335544320,com.ezviz]
03-25 19:38:50.928  1000  3244  6062 I am_pause_activity: [0,184286994,com.ezviz/.login.LoginActivity,userLeaving=true]
03-25 19:38:50.933  1000  3244  3873 I am_finish_activity: [0,184286994,1030,com.ezviz/.login.LoginActivity,app-request]
03-25 19:38:50.946 10931 10948 10948 I am_on_paused_called: [0,com.ezviz.login.LoginActivity,performPause]
03-25 19:38:50.948  1000  3244  5254 I am_restart_activity: [0,233432107,1030,com.ezviz/.main.MainTabActivity]
03-25 19:38:50.950  1000  3244  5254 I am_set_resumed_activity: [0,com.ezviz/.main.MainTabActivity,minimalResumeActivityLocked]
03-25 19:38:51.104 10931 10948 10948 I am_on_create_called: [0,com.ezviz.cameralist.CameraListActivity,performCreate]
03-25 19:38:51.105  1000  3244  3244 I notification_cancel: [10931,10948,com.ezviz,0,NULL,0,0,1088,8,NULL]
03-25 19:38:51.105 10931 10948 10948 I am_on_start_called: [0,com.ezviz.cameralist.CameraListActivity,handleStartActivity]
03-25 19:38:51.125 10931 10948 10948 I am_on_create_called: [0,com.ezviz.main.MainTabActivity,performCreate]
03-25 19:38:51.126 10931 10948 10948 I am_on_start_called: [0,com.ezviz.main.MainTabActivity,handleStartActivity]
03-25 19:38:51.131 10931 10948 10948 I am_on_resume_called: [0,com.ezviz.cameralist.CameraListActivity,moveToState-STARTED]
03-25 19:38:51.157 10931 10948 10948 I am_on_resume_called: [0,com.ezviz.main.MainTabActivity,RESUME_ACTIVITY]
03-25 19:38:51.245  1000  3244  3278 I am_activity_launch_time: [0,233432107,com.ezviz/.main.MainTabActivity,288,288]
03-25 19:38:51.967  1000  3244  5254 I am_destroy_activity: [0,184286994,1030,com.ezviz/.login.LoginActivity,finish-imm:activityIdleInternalLocked]
03-25 19:38:51.970  1000  3244  3256 I sysui_multi_action: [757,907,758,10,806,com.ezviz,871,com.ezviz.login.LoginActivity,908,com.samsung.android.samsungpassautofill,909,1,1145,676,1453,1126,1454,1,1456,-517256206]
03-25 19:38:51.970  1000  3244  3256 I sysui_multi_action: [757,919,758,4,806,com.ezviz,871,com.ezviz.login.LoginActivity,908,com.samsung.android.samsungpassautofill,1455,1,1456,-517256206]
03-25 19:38:51.971 10931 10948 10948 I am_on_stop_called: [0,com.ezviz.login.LoginActivity,LIFECYCLER_STOP_ACTIVITY]
03-25 19:38:51.971 10931 10948 10948 I am_on_destroy_called: [0,com.ezviz.login.LoginActivity,performDestroy]
03-25 19:38:57.942  1000  3244  3265 I am_pss  : [10948,10931,com.ezviz,260280320,57663488,367616,0,0,2,35]
03-25 19:38:58.004 10931 10948 10948 I am_on_paused_called: [0,com.ezviz.cameralist.CameraListActivity,performPause]
03-25 19:38:58.081 10931 10948 10948 I am_on_create_called: [0,com.ezviz.localmgt.LocalMgtActivity,performCreate]
03-25 19:38:58.083  1000  3244  3244 I notification_cancel: [10931,10948,com.ezviz,0,NULL,0,0,1088,8,NULL]
03-25 19:38:58.083 10931 10948 10948 I am_on_start_called: [0,com.ezviz.localmgt.LocalMgtActivity,handleStartActivity]
03-25 19:38:58.084 10931 10948 10948 I am_on_resume_called: [0,com.ezviz.localmgt.LocalMgtActivity,moveToState-INITIALIZING]
03-25 19:39:02.433 10931 10948 10948 I am_on_paused_called: [0,com.ezviz.localmgt.LocalMgtActivity,performPause]
03-25 19:39:02.471 10931 10948 10948 I am_on_create_called: [0,com.ezviz.message.MessageTabActivity,performCreate]
03-25 19:39:02.472 10931 10948 10948 I am_on_start_called: [0,com.ezviz.message.MessageTabActivity,handleStartActivity]
03-25 19:39:02.475 10931 10948 10948 I am_on_resume_called: [0,com.ezviz.message.MessageTabActivity,moveToState-INITIALIZING]
03-25 19:39:02.531 10931 10948 10948 I am_on_create_called: [0,com.ezviz.message.MessageActivity,performCreate]
03-25 19:39:02.532  1000  3244  3244 I notification_cancel: [10931,10948,com.ezviz,0,NULL,0,0,1088,8,NULL]
03-25 19:39:02.532 10931 10948 10948 I am_on_start_called: [0,com.ezviz.message.MessageActivity,handleStartActivity]
03-25 19:39:02.537 10931 10948 10948 I am_on_resume_called: [0,com.ezviz.message.MessageActivity,moveToState-INITIALIZING]
03-25 19:39:03.030 10931 10948 10948 I am_on_paused_called: [0,com.ezviz.message.MessageActivity,performPause]
03-25 19:39:03.030 10931 10948 10948 I am_on_paused_called: [0,com.ezviz.message.MessageTabActivity,performPause]
03-25 19:39:03.039 10931 10948 10948 I am_on_resume_called: [0,com.ezviz.cameralist.CameraListActivity,moveToState-STARTED]
03-25 19:39:03.848  1000  3244  6103 I am_create_activity: [0,117837124,1030,com.ezviz/.devicemgt.setting.DeviceSettingActivity,NULL,NULL,NULL,0,com.ezviz]
03-25 19:39:03.853  1000  3244  6103 I am_pause_activity: [0,233432107,com.ezviz/.main.MainTabActivity,userLeaving=true]
03-25 19:39:03.860 10931 10948 10948 I am_on_paused_called: [0,com.ezviz.cameralist.CameraListActivity,performPause]
03-25 19:39:03.861 10931 10948 10948 I am_on_paused_called: [0,com.ezviz.main.MainTabActivity,performPause]
03-25 19:39:03.863  1000  3244  6103 I am_restart_activity: [0,117837124,1030,com.ezviz/.devicemgt.setting.DeviceSettingActivity]
03-25 19:39:03.865  1000  3244  6103 I am_set_resumed_activity: [0,com.ezviz/.devicemgt.setting.DeviceSettingActivity,minimalResumeActivityLocked]
03-25 19:39:04.022 10931 10948 10948 I am_on_create_called: [0,com.ezviz.devicemgt.setting.DeviceSettingActivity,performCreate]
03-25 19:39:04.024  1000  3244  3244 I notification_cancel: [10931,10948,com.ezviz,0,NULL,0,0,1088,8,NULL]
03-25 19:39:04.024 10931 10948 10948 I am_on_start_called: [0,com.ezviz.devicemgt.setting.DeviceSettingActivity,handleStartActivity]
03-25 19:39:04.039 10931 10948 10948 I am_on_resume_called: [0,com.ezviz.devicemgt.setting.DeviceSettingActivity,RESUME_ACTIVITY]
03-25 19:39:04.115  1000  3244  3278 I am_activity_launch_time: [0,117837124,com.ezviz/.devicemgt.setting.DeviceSettingActivity,248,248]
03-25 19:39:04.413  1000  3244  3266 I am_stop_activity: [0,233432107,com.ezviz/.main.MainTabActivity]
03-25 19:39:04.436 10931 10948 10948 I am_on_stop_called: [0,com.ezviz.cameralist.CameraListActivity,moveToState-STARTED]
03-25 19:39:04.436 10931 10948 10948 I am_on_stop_called: [0,com.ezviz.localmgt.LocalMgtActivity,moveToState-STARTED]
03-25 19:39:04.437 10931 10948 10948 I am_on_stop_called: [0,com.ezviz.message.MessageActivity,moveToState-STARTED]
03-25 19:39:04.437 10931 10948 10948 I am_on_stop_called: [0,com.ezviz.message.MessageTabActivity,moveToState-STARTED]
03-25 19:39:04.437 10931 10948 10948 I am_on_stop_called: [0,com.ezviz.main.MainTabActivity,STOP_ACTIVITY_ITEM]
03-25 19:39:04.939  1000  3244  3256 I am_create_activity: [0,255837239,1030,com.ezviz/.devicemgt.ModifyDeviceNameActivity,NULL,NULL,NULL,0,com.ezviz]
03-25 19:39:04.945  1000  3244  3256 I am_pause_activity: [0,117837124,com.ezviz/.devicemgt.setting.DeviceSettingActivity,userLeaving=true]
03-25 19:39:04.952 10931 10948 10948 I am_on_paused_called: [0,com.ezviz.devicemgt.setting.DeviceSettingActivity,performPause]
03-25 19:39:04.957  1000  3244  3256 I am_restart_activity: [0,255837239,1030,com.ezviz/.devicemgt.ModifyDeviceNameActivity]
03-25 19:39:04.959  1000  3244  3256 I am_set_resumed_activity: [0,com.ezviz/.devicemgt.ModifyDeviceNameActivity,minimalResumeActivityLocked]
03-25 19:39:04.996 10931 10948 10948 I am_on_create_called: [0,com.ezviz.devicemgt.ModifyDeviceNameActivity,performCreate]
03-25 19:39:04.998  1000  3244  3244 I notification_cancel: [10931,10948,com.ezviz,0,NULL,0,0,1088,8,NULL]
03-25 19:39:04.998 10931 10948 10948 I am_on_start_called: [0,com.ezviz.devicemgt.ModifyDeviceNameActivity,handleStartActivity]
03-25 19:39:04.998 10931 10948 10948 I am_on_resume_called: [0,com.ezviz.devicemgt.ModifyDeviceNameActivity,RESUME_ACTIVITY]
03-25 19:39:05.048  1000  3244  3256 I sysui_multi_action: [757,906,758,4,806,com.ezviz,871,com.ezviz.devicemgt.ModifyDeviceNameActivity,908,com.samsung.android.samsungpassautofill,1452,0,1456,-1838231207]
03-25 19:39:05.087  1000  3244  3278 I am_activity_launch_time: [0,255837239,com.ezviz/.devicemgt.ModifyDeviceNameActivity,126,126]
03-25 19:39:05.109  1000  3244  3276 I sysui_multi_action: [757,907,758,10,806,com.ezviz,871,com.ezviz.devicemgt.ModifyDeviceNameActivity,908,com.samsung.android.samsungpassautofill,909,-1,1454,1,1456,-1838231207]
03-25 19:39:05.110  1000  3244  3276 I sysui_multi_action: [757,919,758,4,806,com.ezviz,871,com.ezviz.devicemgt.ModifyDeviceNameActivity,908,com.samsung.android.samsungpassautofill,1455,1,1456,-1838231207]
