03-24 17:48:11.763  3244  3244 D StorageManagerService: getExternalStorageMountMode : final mountMode=3, uid : 10931, packageName : com.ezviz
03-24 17:48:11.763  3244  3244 I ApplicationPolicy: isApplicationExternalStorageWhitelisted:com.ezviz user:0
03-24 17:48:11.763  3244  3244 D ActivityManager: package  com.ezviz, user - 0 is SDcard whitelisted
03-24 17:48:11.763  3244  3244 I ApplicationPolicy: isApplicationExternalStorageBlacklisted:com.ezviz user:0
03-24 17:48:11.763  3244  3244 I ApplicationPolicy: isApplicationExternalStorageBlacklisted:com.ezviz user:0
03-24 17:48:11.783  3244  3268 I ActivityManager: Start proc 28083:com.ezviz/u0a931 for activity com.ezviz/.login.LoadingActivity
03-24 17:48:11.783 28083 28083 I SELinux : SELinux: seapp_context_lookup: seinfo=default, level=s0:c512,c768, pkgname=com.ezviz 
03-24 17:48:11.795 28083 28083 E com.ezviz: Not starting debugger since process cannot load the jdwp agent.
03-24 17:48:11.815  3244  4172 I ActivityManager: DSS on for com.ezviz and scale is 1.0
03-24 17:48:11.837  5108  5289 I SAPrinter: sendEvent :{cd=det3packageNamecom.ezviz, uv=10.0, auid=JHpH6ERTm2GPRdKaYjvjqtjUxi9aLZLz, mnc=480, tz=-360, en=1001, mcc=311, tid=4C7-399-5010210, fv=G965USQS3CSAG, at=0, t=ev, la=en, av=10.0.00.362, pn=201, ts=1553467691837}
03-24 17:48:11.843 28083 28083 I com.ezviz: The ClassLoaderContext is a special shared library.
03-24 17:48:11.845  3244  4108 I ActivityManager: START u0 {act=android.intent.action.MAIN typ=null flg=0x10200000 cmp=ComponentInfo{com.ezviz/com.ezviz.login.LoadingActivity}} from uid 10091
03-24 17:48:11.855  3244  4108 I ActivityManager: [IOP] sourceDir : /data/app/com.ezviz-pvmBSAN8Wyc8sHmcPXvbZA== in ActivityStacksupervisor
03-24 17:48:11.855   733   733 E ANDR-IOP: IOP HAL: Received pkg_name = com.ezviz pid = -1
03-24 17:48:11.867  2808  2808 I SurfaceFlinger: id=37344 createSurf (5920x5920),2 flag=4, AppWindowToken{3679665 token=Token{61b35c ActivityRecord{824ddcf u0 com.ezviz/.login.LoadingActivity t740}}}#0
03-24 17:48:11.877  2808  2808 I SurfaceFlinger: id=37345 createSurf (5920x5920),2 flag=4, 9555960 Splash Screen com.ezviz#0
03-24 17:48:11.880  3244  3392 D ViewRootImpl@a8f0963[ezviz]: setView = DecorView@e617ede[ezviz] TM=true MM=false
03-24 17:48:11.881  3244  3392 D ViewRootImpl@a8f0963[ezviz]: dispatchAttachedToWindow
03-24 17:48:11.884  3244  3392 V WindowManager: Relayout Window{9555960 u0 Splash Screen com.ezviz}: viewVisibility=0 req=1440x2960 {(0,0)(fillxfill) sim={adjust=pan} ty=APPLICATION_STARTING wanim=0x10302ec
03-24 17:48:11.887  2808  2808 I SurfaceFlinger: id=37346 createSurf (1440x2960),1 flag=404, Splash Screen com.ezviz[28083]#0
03-24 17:48:11.888  3244  3392 D ViewRootImpl@a8f0963[ezviz]: Relayout returned: old=[0,0][1440,2960] new=[0,0][1440,2960] result=0x7 surface={valid=true 531272220672} changed=true
03-24 17:48:11.894  3244  5254 D GamePkgDataHelper: notifyAppCreate(), pkgName: com.ezviz, sendRet: true
03-24 17:48:11.894  3244  3657 D GamePkgDataHelper: getGamePkgData(). com.ezviz
03-24 17:48:11.894  3244  3657 D GameManagerService: handleMessage(), MSG_APP_CREATE. ignore. pkgName: com.ezviz
03-24 17:48:11.897  3244  5254 D GameManagerService: noteResumeComponent(), resumeComponent: com.ezviz
03-24 17:48:11.897  3244  3657 D GameManagerService: handleForegroundChange(). pkgName: com.ezviz, clsName: com.ezviz.login.LoadingActivity,FgActivityName:com.ezviz/.login.LoadingActivity
03-24 17:48:11.897  3244  3657 D GameManagerService:   handleForegroundChange(). set mFgApp: com.ezviz
03-24 17:48:11.897  3244  3657 D GameManagerService: notifyResumePause(). pkg: com.ezviz, type: 4, isMinimized: false, isTunableApp: false
03-24 17:48:11.897  3244  5254 D GamePkgDataHelper: getSosPolicy(). com.ezviz
03-24 17:48:11.897  3244  5254 D GameManagerService: identifyGamePackage. com.ezviz
03-24 17:48:11.897  3244  5254 D GamePkgDataHelper: getGamePkgData(). com.ezviz
03-24 17:48:11.898  3244  4108 D GamePkgDataHelper: getGamePkgDataIncServer(). com.ezviz
03-24 17:48:11.899  3244  5254 D MARsPolicyManager: onPackageResumedFG pkgName = com.ezviz, userId = 0
03-24 17:48:11.901  3244  3244 D Telecom:SamsungPrebindingServiceImpl: onTopActivityChanged ComponentInfo{com.ezviz/com.ezviz.login.LoadingActivity}
03-24 17:48:11.908  3244  4108 D GamePkgDataHelper: getSosPolicy(). com.ezviz
03-24 17:48:11.913  3244  4172 D GameManagerService: identifyGamePackage. com.ezviz
03-24 17:48:11.913  3244  4172 D GamePkgDataHelper: getGamePkgData(). com.ezviz
03-24 17:48:11.914  3244  3392 D WindowManager: finishDrawingWindow: Window{9555960 u0 Splash Screen com.ezviz} mDrawState=DRAW_PENDING
03-24 17:48:11.914  3244  3392 D ViewRootImpl@a8f0963[ezviz]: MSG_RESIZED_REPORT: frame=Rect(0, 0 - 1440, 2960) ci=Rect(0, 84 - 0, 0) vi=Rect(0, 84 - 0, 0) or=1
03-24 17:48:11.916  3244  3392 I WindowManager: commitFinishDrawingLocked: mDrawState=READY_TO_SHOW Surface(name=Splash Screen com.ezviz[28083])/@0x1d8f478
03-24 17:48:11.920  3244  3392 I WindowManager: Cancelling animation restarting=true, leash=null, surface=Surface(name=AppWindowToken{3679665 token=Token{61b35c ActivityRecord{824ddcf u0 com.ezviz/.login.LoadingActivity t740}}})/@0xcd88bb6, parent=Surface(name=Task=740)/@0x78920b7, caller=com.android.server.wm.SurfaceAnimator.startAnimation:114 com.android.server.wm.WindowContainer.startAnimation:1157 com.android.server.wm.AppWindowToken.applyAnimationLocked:2069 com.android.server.wm.AppWindowToken.setVisibility:468 com.android.server.wm.WindowSurfacePlacer.handleOpeningApps:481 
03-24 17:48:11.920  3244  3392 I WindowManager: Reparenting to leash, surface=Surface(name=AppWindowToken{3679665 token=Token{61b35c ActivityRecord{824ddcf u0 com.ezviz/.login.LoadingActivity t740}}})/@0xcd88bb6, caller=com.android.server.wm.SurfaceAnimator.startAnimation:122 com.android.server.wm.WindowContainer.startAnimation:1157 com.android.server.wm.AppWindowToken.applyAnimationLocked:2069 com.android.server.wm.AppWindowToken.setVisibility:468 com.android.server.wm.WindowSurfacePlacer.handleOpeningApps:481 
03-24 17:48:11.921  2808  2808 I SurfaceFlinger: id=37348 createSurf (5920x5920),2 flag=4, Surface(name=AppWindowToken{3679665 token=Token{61b35c ActivityRecord{824ddcf u0 com.ezviz/.login.LoadingActivity t740}}})/@0xcd88bb6 - animation-leash#0
03-24 17:48:11.922  3244  3392 D SurfaceControl: reparent is called, sc=Surface(name=AppWindowToken{3679665 token=Token{61b35c ActivityRecord{824ddcf u0 com.ezviz/.login.LoadingActivity t740}}})/@0xcd88bb6, newParentHandle=android.os.BinderProxy@1e4e024, transaction=android.view.SurfaceControl$Transaction@a96978d, caller=com.android.server.wm.SurfaceAnimator.createAnimationLeash:368 com.android.server.wm.SurfaceAnimator.startAnimation:122 com.android.server.wm.WindowContainer.startAnimation:1157 com.android.server.wm.AppWindowToken.applyAnimationLocked:2069 com.android.server.wm.AppWindowToken.setVisibility:468 com.android.server.wm.WindowSurfacePlacer.handleOpeningApps:481 com.android.server.wm.WindowSurfacePlacer.handleAppTransitionReadyLocked:325 
03-24 17:48:11.922  3244  3392 V WindowManager: performShowLocked: mDrawState=HAS_DRAWN in Window{9555960 u0 Splash Screen com.ezviz}
03-24 17:48:11.926  2808  4184 D Layer   : [AppWindowToken{3679665 token=Token{61b35c ActivityRecord{824ddcf u0 com.ezviz/.login.LoadingActivity t740}}}#0]::reparent oldParent:[Task=740#0], newParent:[Surface(name=AppWindowToken{3679665 token=Token{61b35c ActivityRecord{824ddcf u0 com.ezviz/.login.LoadingActivity t740}}})/@0xcd88bb6 - animation-leash#0]
03-24 17:48:11.945  3244  3392 D WindowManager: finishDrawingWindow: Window{9555960 u0 Splash Screen com.ezviz} mDrawState=HAS_DRAWN
03-24 17:48:11.953  3244  5790 D SamsungAlarmManager: Cancel Alarm calling from uid:10931 pid :28083 / op:PendingIntent{cd95b8e: PendingIntentRecord{456faf com.ezviz broadcastIntent}}
03-24 17:48:11.977 28083 28104 I FA      :   adb shell setprop debug.firebase.analytics.app com.ezviz
03-24 17:48:11.987  2808  2808 I SurfaceFlinger:      Device | 0x7039838f00 | 0002 | RGBA_8888 |   0.0    0.0 1439.0 2959.0 |   86 1031  846 2594 | Splash Screen com.ezviz[28083]#0
03-24 17:48:11.997  3244  4108 D SamsungAlarmManager: Cancel Alarm calling from uid:10931 pid :28083 / op:PendingIntent{5f20fbc: PendingIntentRecord{442b45 com.ezviz broadcastIntent}}
03-24 17:48:12.008  3244  3952 D MdnieScenarioControlService:  packageName : com.ezviz    className : com.ezviz.login.LoadingActivity
03-24 17:48:12.009  4239  4239 D KNOXCORE::LockSecureFolderTask: ResumedActivity userId0[com.ezviz/.login.LoadingActivity]
03-24 17:48:12.087  2827  2827 E audit   : type=1400 audit(1553467692.076:17516): avc:  denied  { ioctl } for  pid=28083 comm="com.ezviz" path="socket:[10106530]" dev="sockfs" ino=10106530 ioctlcmd=0x8927 scontext=u:r:untrusted_app_27:s0:c512,c768 tcontext=u:r:untrusted_app_27:s0:c512,c768 tclass=udp_socket permissive=0 SEPF_SM-G965U_9_0001 audit_filtered
03-24 17:48:12.087  2827  2827 E audit   : type=1300 audit(1553467692.076:17516): arch=40000028 syscall=54 per=8 success=no exit=-13 a0=35 a1=8927 a2=ffa23114 a3=0 items=0 ppid=2839 pid=28083 auid=4294967295 uid=10931 gid=10931 euid=10931 suid=10931 fsuid=10931 egid=10931 sgid=10931 fsgid=10931 tty=(none) ses=4294967295 comm="com.ezviz" exe="/system/bin/app_process32" subj=u:r:untrusted_app_27:s0:c512,c768 key=(null)
03-24 17:48:12.087  2827  2827 E audit   : type=1327 audit(1553467692.076:17516): proctitle="com.ezviz"
03-24 17:48:12.087  2827  2827 E audit   : type=1400 audit(1553467692.076:17517): avc:  denied  { ioctl } for  pid=28083 comm="com.ezviz" path="socket:[10106530]" dev="sockfs" ino=10106530 ioctlcmd=0x8927 scontext=u:r:untrusted_app_27:s0:c512,c768 tcontext=u:r:untrusted_app_27:s0:c512,c768 tclass=udp_socket permissive=0 SEPF_SM-G965U_9_0001 audit_filtered
03-24 17:48:12.087  2827  2827 E audit   : type=1300 audit(1553467692.076:17517): arch=40000028 syscall=54 per=8 success=no exit=-13 a0=35 a1=8927 a2=ffa230f4 a3=0 items=0 ppid=2839 pid=28083 auid=4294967295 uid=10931 gid=10931 euid=10931 suid=10931 fsuid=10931 egid=10931 sgid=10931 fsgid=10931 tty=(none) ses=4294967295 comm="com.ezviz" exe="/system/bin/app_process32" subj=u:r:untrusted_app_27:s0:c512,c768 key=(null)
03-24 17:48:12.087  2827  2827 E audit   : type=1327 audit(1553467692.076:17517): proctitle="com.ezviz"
03-24 17:48:12.141 28083 28083 I com.ezviz: The ClassLoaderContext is a special shared library.
03-24 17:48:12.164 28083 28083 V fb-UnpackingSoSource: locked dso store /data/user/0/com.ezviz/lib-main
03-24 17:48:12.165 28083 28083 I fb-UnpackingSoSource: dso store is up-to-date: /data/user/0/com.ezviz/lib-main
03-24 17:48:12.165 28083 28083 V fb-UnpackingSoSource: releasing dso store lock for /data/user/0/com.ezviz/lib-main
03-24 17:48:12.193 28083 28126 I com.ezviz: Thread[20,tid=28126,Native,Thread*=0xc6404800,peer=0x1508ded0,"Thread-3"] recursive attempt to load library "/data/app/com.ezviz-pvmBSAN8Wyc8sHmcPXvbZA==/lib/arm/libfb.so"
03-24 17:48:12.202  2827  2827 E audit   : type=1400 audit(1553467692.196:17518): avc:  denied  { read } for  pid=28083 comm="com.ezviz" name="anr" dev="dm-3" ino=1310721 scontext=u:r:untrusted_app_27:s0:c512,c768 tcontext=u:object_r:anr_data_file:s0 tclass=dir permissive=0 SEPF_SM-G965U_9_0001 audit_filtered
03-24 17:48:12.202  2827  2827 E audit   : type=1300 audit(1553467692.196:17518): arch=40000028 syscall=317 per=8 success=no exit=-13 a0=42 a1=c6468180 a2=8 a3=e48834d8 items=0 ppid=2839 pid=28083 auid=4294967295 uid=10931 gid=10931 euid=10931 suid=10931 fsuid=10931 egid=10931 sgid=10931 fsgid=10931 tty=(none) ses=4294967295 comm="com.ezviz" exe="/system/bin/app_process32" subj=u:r:untrusted_app_27:s0:c512,c768 key=(null)
03-24 17:48:12.202  2827  2827 E audit   : type=1327 audit(1553467692.196:17518): proctitle="com.ezviz"
03-24 17:48:12.265  3244  5790 I WindowManager: reset, Reparenting to original parent, shouldDeferScheduleAnimation=false, destroyLeash=true, surface=Surface(name=AppWindowToken{3679665 token=Token{61b35c ActivityRecord{824ddcf u0 com.ezviz/.login.LoadingActivity t740}}})/@0xcd88bb6, parent=Surface(name=Task=740)/@0x78920b7, parentNativeHandle=android.os.BinderProxy@8b6dfec, caller=com.android.server.wm.SurfaceAnimator.lambda$getFinishedCallback$0:89 com.android.server.wm.-$$Lambda$SurfaceAnimator$SIBia0mND666K8lMCPsoid8pUTI.run:4 com.android.server.wm.SurfaceAnimator.lambda$getFinishedCallback$1:96 com.android.server.wm.-$$Lambda$SurfaceAnimator$vdRZk66hQVbQCvVXEaQCT1kVmFc.onAnimationFinished:4 com.android.server.wm.RemoteAnimationController.onAnimationFinished:261 
03-24 17:48:12.265  3244  5790 D SurfaceControl: reparent is called, sc=Surface(name=AppWindowToken{3679665 token=Token{61b35c ActivityRecord{824ddcf u0 com.ezviz/.login.LoadingActivity t740}}})/@0xcd88bb6, newParentHandle=android.os.BinderProxy@8b6dfec, transaction=android.view.SurfaceControl$Transaction@a96978d, caller=com.android.server.wm.SurfaceAnimator.reset:317 com.android.server.wm.SurfaceAnimator.lambda$getFinishedCallback$0:89 com.android.server.wm.-$$Lambda$SurfaceAnimator$SIBia0mND666K8lMCPsoid8pUTI.run:4 com.android.server.wm.SurfaceAnimator.lambda$getFinishedCallback$1:96 com.android.server.wm.-$$Lambda$SurfaceAnimator$vdRZk66hQVbQCvVXEaQCT1kVmFc.onAnimationFinished:4 com.android.server.wm.RemoteAnimationController.onAnimationFinished:261 com.android.server.wm.RemoteAnimationController.access$300:54 
03-24 17:48:12.265  3244  5790 D SurfaceControl: destroy(case2), animation-leash is destroyed, sc=Surface(name=Surface(name=AppWindowToken{3679665 token=Token{61b35c ActivityRecord{824ddcf u0 com.ezviz/.login.LoadingActivity t740}}})/@0xcd88bb6 - animation-leash)/@0xa9f6fb5, transaction=android.view.SurfaceControl$Transaction@a96978d, caller=com.android.server.wm.SurfaceAnimator.reset:324 com.android.server.wm.SurfaceAnimator.lambda$getFinishedCallback$0:89 com.android.server.wm.-$$Lambda$SurfaceAnimator$SIBia0mND666K8lMCPsoid8pUTI.run:4 com.android.server.wm.SurfaceAnimator.lambda$getFinishedCallback$1:96 com.android.server.wm.-$$Lambda$SurfaceAnimator$vdRZk66hQVbQCvVXEaQCT1kVmFc.onAnimationFinished:4 com.android.server.wm.RemoteAnimationController.onAnimationFinished:261 com.android.server.wm.RemoteAnimationController.access$300:54 
03-24 17:48:12.270  2808  4184 D Layer   : [AppWindowToken{3679665 token=Token{61b35c ActivityRecord{824ddcf u0 com.ezviz/.login.LoadingActivity t740}}}#0]::reparent oldParent:[Surface(name=AppWindowToken{3679665 token=Token{61b35c ActivityRecord{824ddcf u0 com.ezviz/.login.LoadingActivity t740}}})/@0xcd88bb6 - animation-leash#0], newParent:[Task=740#0]
03-24 17:48:12.270  2808  4184 I SurfaceFlinger: id=37348 Removed Surface(name=AppWindowToken{3679665 token=Token{61b35c ActivityRecord{824ddcf u0 com.ezviz/.login.LoadingActivity t740}}})/@0xcd88bb6 - animation-leash#0 (0/66)
03-24 17:48:12.280  2808  2808 I Layer   : id=37348 onRemoved Surface(name=AppWindowToken{3679665 token=Token{61b35c ActivityRecord{824ddcf u0 com.ezviz/.login.LoadingActivity t740}}})/@0xcd88bb6 - animation-leash#0 
03-24 17:48:12.287  2808  2808 I SurfaceFlinger:      Device | 0x7039838f00 | 0002 | RGBA_8888 |   0.0    0.0 1440.0 2960.0 |    0    0 1440 2960 | Splash Screen com.ezviz[28083]#0
03-24 17:48:12.312  3244  5254 D WifiPermissionsUtil: canAccessScanResults: pkgName = com.ezviz, uid = 10931
03-24 17:48:12.327  2827  2827 E audit   : type=1327 audit(1553467692.316:17519): proctitle="com.ezviz"
03-24 17:48:12.327  2827  2827 E audit   : type=1327 audit(1553467692.316:17520): proctitle="com.ezviz"
03-24 17:48:12.327  2827  2827 E audit   : type=1327 audit(1553467692.316:17521): proctitle="com.ezviz"
03-24 17:48:12.463  2808  2808 I SurfaceFlinger: id=37350 createSurf (5920x5920),2 flag=4, dfdb533 com.ezviz/com.ezviz.login.LoadingActivity#0
03-24 17:48:12.469  3244  5790 I ActivityManager: START u0 {act=null typ=null flg=0x0 cmp=ComponentInfo{com.ezviz/com.ezviz.login.LoginActivity}} from uid 10931
03-24 17:48:12.471  2808  2808 I SurfaceFlinger: id=37351 createSurf (5920x5920),2 flag=4, AppWindowToken{74cb025 token=Token{4281c1c ActivityRecord{a54718f u0 com.ezviz/.login.LoginActivity t740}}}#0
03-24 17:48:12.476  3244  5790 D WindowManager: onParentSet, reparentSurfaceControl is called, surface=Surface(name=9555960 Splash Screen com.ezviz)/@0xaf075fa, newParent=AppWindowToken{74cb025 token=Token{4281c1c ActivityRecord{a54718f u0 com.ezviz/.login.LoginActivity t740}}}, caller=com.android.server.wm.WindowState.onParentSet:1007 com.android.server.wm.WindowContainer.setParent:186 com.android.server.wm.WindowContainer.addChild:263 com.android.server.wm.WindowToken.addWindow:211 com.android.server.wm.AppWindowToken.addWindow:1116 com.android.server.wm.AppWindowToken.transferStartingWindow:1396 com.android.server.wm.AppWindowContainerController.addStartingWindow:575 
03-24 17:48:12.477  3244  5790 D SurfaceControl: reparent is called, sc=Surface(name=9555960 Splash Screen com.ezviz)/@0xaf075fa, newParentHandle=android.os.BinderProxy@5b097ab, transaction=android.view.SurfaceControl$Transaction@3a8de08, caller=com.android.server.wm.SurfaceAnimator.reparent:207 com.android.server.wm.WindowContainer.reparentSurfaceControl:1002 com.android.server.wm.WindowContainer.onParentSet:217 com.android.server.wm.WindowState.onParentSet:1007 com.android.server.wm.WindowContainer.setParent:186 com.android.server.wm.WindowContainer.addChild:263 com.android.server.wm.WindowToken.addWindow:211 
03-24 17:48:12.481  2808  2812 D Layer   : [9555960 Splash Screen com.ezviz#0]::reparent oldParent:[AppWindowToken{3679665 token=Token{61b35c ActivityRecord{824ddcf u0 com.ezviz/.login.LoadingActivity t740}}}#0], newParent:[AppWindowToken{74cb025 token=Token{4281c1c ActivityRecord{a54718f u0 com.ezviz/.login.LoginActivity t740}}}#0]
03-24 17:48:12.484  3244  3244 D Telecom:SamsungPrebindingServiceImpl: onTopActivityChanged ComponentInfo{com.ezviz/com.ezviz.login.LoginActivity}
03-24 17:48:12.491  3244  5254 V WindowManager: Relayout Window{dfdb533 u0 com.ezviz/com.ezviz.login.LoadingActivity}: viewVisibility=0 req=1440x2960 {(0,0)(fillxfill) sim={adjust=pan forwardNavigation} ty=BASE_APPLICATION wanim=0x10302ec
03-24 17:48:12.494  2808  2808 I SurfaceFlinger: id=37352 createSurf (1440x2960),1 flag=404, com.ezviz/com.ezviz.login.LoadingActivity[28083]#0
03-24 17:48:12.495  3244  3267 D WindowManager: setSystemUiVisibility: vis= 0x8018, fullscreenVis= 0x0, dockedVis= 0x0, win=Window{dfdb533 u0 com.ezviz/com.ezviz.login.LoadingActivity}
03-24 17:48:12.520  3244  5790 D GamePkgDataHelper: notifyAppCreate(), pkgName: com.ezviz, sendRet: true
03-24 17:48:12.520  3244  3657 D GamePkgDataHelper: getGamePkgData(). com.ezviz
03-24 17:48:12.520  3244  3657 D GameManagerService: handleMessage(), MSG_APP_CREATE. ignore. pkgName: com.ezviz
03-24 17:48:12.523  3244  5790 D GameManagerService: noteResumeComponent(), resumeComponent: com.ezviz
03-24 17:48:12.523  3244  3657 D GameManagerService: handleForegroundChange(). pkgName: com.ezviz, clsName: com.ezviz.login.LoginActivity,FgActivityName:com.ezviz/.login.LoginActivity
03-24 17:48:12.524  3244  5790 D MARsPolicyManager: onPackageResumedFG pkgName = com.ezviz, userId = 0
03-24 17:48:12.525  3244  3244 D Telecom:SamsungPrebindingServiceImpl: onTopActivityChanged ComponentInfo{com.ezviz/com.ezviz.login.LoginActivity}
03-24 17:48:12.529  3244  5790 I WindowManager: Cancelling animation restarting=true, leash=null, surface=Surface(name=AppWindowToken{3679665 token=Token{61b35c ActivityRecord{824ddcf u0 com.ezviz/.login.LoadingActivity t740}}})/@0xcd88bb6, parent=Surface(name=Task=740)/@0x78920b7, caller=com.android.server.wm.SurfaceAnimator.startAnimation:114 com.android.server.wm.WindowContainer.startAnimation:1157 com.android.server.wm.AppWindowToken.applyAnimationLocked:2069 com.android.server.wm.AppWindowToken.setVisibility:468 com.android.server.wm.WindowSurfacePlacer.handleClosingApps:526 
03-24 17:48:12.529  3244  5790 I WindowManager: Reparenting to leash, surface=Surface(name=AppWindowToken{3679665 token=Token{61b35c ActivityRecord{824ddcf u0 com.ezviz/.login.LoadingActivity t740}}})/@0xcd88bb6, caller=com.android.server.wm.SurfaceAnimator.startAnimation:122 com.android.server.wm.WindowContainer.startAnimation:1157 com.android.server.wm.AppWindowToken.applyAnimationLocked:2069 com.android.server.wm.AppWindowToken.setVisibility:468 com.android.server.wm.WindowSurfacePlacer.handleClosingApps:526 
03-24 17:48:12.530  2808  2808 I SurfaceFlinger: id=37353 createSurf (5920x5920),2 flag=4, Surface(name=AppWindowToken{3679665 token=Token{61b35c ActivityRecord{824ddcf u0 com.ezviz/.login.LoadingActivity t740}}})/@0xcd88bb6 - animation-leash#0
03-24 17:48:12.531  3244  5790 D SurfaceControl: reparent is called, sc=Surface(name=AppWindowToken{3679665 token=Token{61b35c ActivityRecord{824ddcf u0 com.ezviz/.login.LoadingActivity t740}}})/@0xcd88bb6, newParentHandle=android.os.BinderProxy@ef1d2b4, transaction=android.view.SurfaceControl$Transaction@a96978d, caller=com.android.server.wm.SurfaceAnimator.createAnimationLeash:368 com.android.server.wm.SurfaceAnimator.startAnimation:122 com.android.server.wm.WindowContainer.startAnimation:1157 com.android.server.wm.AppWindowToken.applyAnimationLocked:2069 com.android.server.wm.AppWindowToken.setVisibility:468 com.android.server.wm.WindowSurfacePlacer.handleClosingApps:526 com.android.server.wm.WindowSurfacePlacer.handleAppTransitionReadyLocked:323 
03-24 17:48:12.534  2808  2812 D Layer   : [AppWindowToken{3679665 token=Token{61b35c ActivityRecord{824ddcf u0 com.ezviz/.login.LoadingActivity t740}}}#0]::reparent oldParent:[Task=740#0], newParent:[Surface(name=AppWindowToken{3679665 token=Token{61b35c ActivityRecord{824ddcf u0 com.ezviz/.login.LoadingActivity t740}}})/@0xcd88bb6 - animation-leash#0]
03-24 17:48:12.566  3244  4108 D WindowManager: finishDrawingWindow: Window{dfdb533 u0 com.ezviz/com.ezviz.login.LoadingActivity} mDrawState=DRAW_PENDING
03-24 17:48:12.567  3244  3392 I WindowManager: commitFinishDrawingLocked: mDrawState=READY_TO_SHOW Surface(name=com.ezviz/com.ezviz.login.LoadingActivity[28083])/@0xbfadc7f
03-24 17:48:12.567  3244  3392 V WindowManager: performShowLocked: mDrawState=HAS_DRAWN in Window{dfdb533 u0 com.ezviz/com.ezviz.login.LoadingActivity}
03-24 17:48:12.587  2808  2808 I SurfaceFlinger:      Device | 0x7039838f00 | 0002 | RGBA_8888 |   0.0    0.0 1440.0 2960.0 |    0    0 1440 2960 | Splash Screen com.ezviz[28083]#0
03-24 17:48:12.587  2808  2808 I SurfaceFlinger:      Device | 0x70398393d0 | 0002 | RGBA_8888 |   0.0    2.0 1440.0 2960.0 |    0    0 1440 2958 | com.ezviz/com.ezviz.login.LoadingActivity[28083]#0
03-24 17:48:12.591  3244  5790 W ActivityManager: wait for provider publish: waiters=1 callerApp=ProcessRecord{aade0f0d0 28083:com.ezviz/u0a931} cpr=ContentProviderRecord{cc2ec95 u0 com.facebook.katana/com.facebook.platform.common.provider.PlatformProviderBase}
03-24 17:48:12.590 28083 28083 I chatty  : uid=10931(com.ezviz) identical 1 line
03-24 17:48:12.636  4239  4239 D KNOXCORE::LockSecureFolderTask: ResumedActivity userId0[com.ezviz/.login.LoginActivity]
03-24 17:48:12.656 28083 28083 D InputMethodManager: SSI - flag : 0 Pid : 28083 view : com.ezviz
03-24 17:48:12.677  2808  2808 I SurfaceFlinger: id=37354 createSurf (5920x5920),2 flag=4, b5bde76 com.ezviz/com.ezviz.login.LoginActivity#0
03-24 17:48:12.699  3244  4108 V WindowManager: Relayout Window{b5bde76 u0 com.ezviz/com.ezviz.login.LoginActivity}: viewVisibility=0 req=1440x2960 {(0,0)(fillxfill) sim={state=hidden adjust=resize forwardNavigation} ty=BASE_APPLICATION wanim=0x10302ec
03-24 17:48:12.703  2808  2808 I SurfaceFlinger: id=37355 createSurf (1440x2960),1 flag=404, com.ezviz/com.ezviz.login.LoginActivity[28083]#0
03-24 17:48:12.705  3244  3267 D WindowManager: setSystemUiVisibility: vis= 0x8018, fullscreenVis= 0x0, dockedVis= 0x0, win=Window{b5bde76 u0 com.ezviz/com.ezviz.login.LoginActivity}
03-24 17:48:12.746  3244  5254 W ActivityManager: wait for provider publish: waiters=1 callerApp=ProcessRecord{aade0f0d0 28083:com.ezviz/u0a931} cpr=ContentProviderRecord{d392505 u0 com.facebook.katana/.provider.AttributionIdProvider}
03-24 17:48:12.768  3244  4108 D WindowManager: finishDrawingWindow: Window{b5bde76 u0 com.ezviz/com.ezviz.login.LoginActivity} mDrawState=DRAW_PENDING
03-24 17:48:12.770  3244  3392 I WindowManager: commitFinishDrawingLocked: mDrawState=READY_TO_SHOW Surface(name=com.ezviz/com.ezviz.login.LoginActivity[28083])/@0x17a795a
03-24 17:48:12.773  3244  3392 I WindowManager: commitFinishDrawingLocked: mDrawState=READY_TO_SHOW Surface(name=com.ezviz/com.ezviz.login.LoginActivity[28083])/@0x17a795a
03-24 17:48:12.774  3244  3392 I WindowManager: Cancelling animation restarting=false, leash=null, surface=Surface(name=b5bde76 com.ezviz/com.ezviz.login.LoginActivity)/@0x7bb478b, parent=Surface(name=AppWindowToken{74cb025 token=Token{4281c1c ActivityRecord{a54718f u0 com.ezviz/.login.LoginActivity t740}}})/@0xb0c0068, caller=com.android.server.wm.SurfaceAnimator.cancelAnimation:177 com.android.server.wm.WindowContainer.cancelAnimation:1165 com.android.server.wm.WindowState.cancelAnimation:6466 com.android.server.wm.AppWindowToken.onFirstWindowDrawn:359 com.android.server.wm.WindowState.performShowLocked:4848 
03-24 17:48:12.774  3244  3392 V WindowManager: performShowLocked: mDrawState=HAS_DRAWN in Window{b5bde76 u0 com.ezviz/com.ezviz.login.LoginActivity}
03-24 17:48:12.777  3244  3392 D ViewRootImpl@a8f0963[ezviz]: dispatchDetachedFromWindow
03-24 17:48:12.777  3244  3392 D ViewRootImpl@a8f0963[ezviz]: Surface release. android.view.ViewRootImpl.doDie:7931 android.view.ViewRootImpl$ViewRootHandler.handleMessage:4932 android.os.Handler.dispatchMessage:106 android.os.Looper.loop:214 android.os.HandlerThread.run:65 com.android.server.ServiceThread.run:44 <bottom of call stack> <bottom of call stack> 
03-24 17:48:12.777  3244  3278 D PersonaManagerService: notifyActivityDrawn u0 ComponentInfo{com.ezviz/com.ezviz.login.LoginActivity} showWhenLocked=false type=1 windowingMode=1 fullscreen=true dockSide=-1
03-24 17:48:12.778  3244  3392 V WindowManager: Remove Window{9555960 u0 Splash Screen com.ezviz}: mSurfaceController=Surface(name=Splash Screen com.ezviz[28083])/@0x1d8f478 mAnimatingExit=false mRemoveOnExit=false mHasSurface=true surfaceShowing=true isAnimationSet=false app-animation=false mWillReplaceWindow=false inPendingTransaction=false mDisplayFrozen=false callers=com.android.server.wm.WindowState.removeIfPossible:2626 com.android.server.wm.WindowManagerService.removeWindow:1908 com.android.server.wm.Session.remove:253 android.view.ViewRootImpl.dispatchDetachedFromWindow:4511 android.view.ViewRootImpl.doDie:7931 android.view.ViewRootImpl$ViewRootHandler.handleMessage:4932 
03-24 17:48:12.778  3244  3392 I WindowManager: Cancelling animation restarting=true, leash=null, surface=Surface(name=9555960 Splash Screen com.ezviz)/@0xaf075fa, parent=Surface(name=AppWindowToken{74cb025 token=Token{4281c1c ActivityRecord{a54718f u0 com.ezviz/.login.LoginActivity t740}}})/@0xb0c0068, caller=com.android.server.wm.SurfaceAnimator.startAnimation:114 com.android.server.wm.WindowContainer.startAnimation:1157 com.android.server.wm.WindowState.startAnimation:5628 com.android.server.wm.WindowState.startAnimation:5611 com.android.server.wm.WindowStateAnimator.applyAnimationLocked:1731 
03-24 17:48:12.778  3244  3392 I WindowManager: Reparenting to leash, surface=Surface(name=9555960 Splash Screen com.ezviz)/@0xaf075fa, caller=com.android.server.wm.SurfaceAnimator.startAnimation:122 com.android.server.wm.WindowContainer.startAnimation:1157 com.android.server.wm.WindowState.startAnimation:5628 com.android.server.wm.WindowState.startAnimation:5611 com.android.server.wm.WindowStateAnimator.applyAnimationLocked:1731 
03-24 17:48:12.779  2808  2808 I SurfaceFlinger: id=37356 createSurf (5920x5920),2 flag=4, Surface(name=9555960 Splash Screen com.ezviz)/@0xaf075fa - animation-leash#0
03-24 17:48:12.780  3244  3392 D SurfaceControl: reparent is called, sc=Surface(name=9555960 Splash Screen com.ezviz)/@0xaf075fa, newParentHandle=android.os.BinderProxy@994d167, transaction=android.view.SurfaceControl$Transaction@3a8de08, caller=com.android.server.wm.SurfaceAnimator.createAnimationLeash:368 com.android.server.wm.SurfaceAnimator.startAnimation:122 com.android.server.wm.WindowContainer.startAnimation:1157 com.android.server.wm.WindowState.startAnimation:5628 com.android.server.wm.WindowState.startAnimation:5611 com.android.server.wm.WindowStateAnimator.applyAnimationLocked:1731 com.android.server.wm.WindowState.removeIfPossible:2720 
03-24 17:48:12.782  2808  3290 D Layer   : [9555960 Splash Screen com.ezviz#0]::reparent oldParent:[AppWindowToken{74cb025 token=Token{4281c1c ActivityRecord{a54718f u0 com.ezviz/.login.LoginActivity t740}}}#0], newParent:[Surface(name=9555960 Splash Screen com.ezviz)/@0xaf075fa - animation-leash#0]
03-24 17:48:12.784  3244  3278 I ActivityManager: Displayed com.ezviz/.login.LoginActivity: +255ms (total +883ms)
03-24 17:48:12.795 28083 28083 V InputMethodManager: Starting input: tba=com.ezviz ic=com.android.internal.widget.EditableInputConnection@9794688 mNaviBarColor -855310 mIsGetNaviBarColorSuccess true , NavVisible : true , NavTrans : false
03-24 17:48:12.804  3244  6064 V InputMethodManagerService: windowGainedFocus : reason=WINDOW_FOCUS_GAIN client=android.os.BinderProxy@83ae06d inputContext=com.android.internal.view.IInputContext$Stub$Proxy@7931d03 missingMethods= attribute=android.view.inputmethod.EditorInfo@fcc7480 nm = com.ezviz controlFlags=#107 softInputMode=#112 windowFlags=#81810100
03-24 17:48:12.820  2808  2808 I SurfaceFlinger:      Device | 0x70392390e0 | 0002 | RGBA_8888 |   0.0    0.0 1440.0 2960.0 |    0    0 1440 2960 | com.ezviz/com.ezviz.login.LoginActivity[28083]#0
03-24 17:48:12.820  2808  2808 I SurfaceFlinger:      Device | 0x7039838f00 | 0002 | RGBA_8888 |   0.0    0.0 1440.0 2960.0 |    0    0 1440 2960 | Splash Screen com.ezviz[28083]#0
03-24 17:48:12.820  2808  2808 I SurfaceFlinger:      Device | 0x7039839360 | 0002 | RGBA_8888 |   0.0   85.0 1440.0 2960.0 |    0    0 1440 2875 | com.ezviz/com.ezviz.login.LoadingActivity[28083]#0
03-24 17:48:12.831  3244  3392 I WindowManager: reset, Reparenting to original parent, shouldDeferScheduleAnimation=false, destroyLeash=true, surface=Surface(name=AppWindowToken{3679665 token=Token{61b35c ActivityRecord{824ddcf u0 com.ezviz/.login.LoadingActivity t740}}})/@0xcd88bb6, parent=Surface(name=Task=740)/@0x78920b7, parentNativeHandle=android.os.BinderProxy@8b6dfec, caller=com.android.server.wm.SurfaceAnimator.lambda$getFinishedCallback$0:89 com.android.server.wm.-$$Lambda$SurfaceAnimator$SIBia0mND666K8lMCPsoid8pUTI.run:4 com.android.server.wm.SurfaceAnimator.lambda$getFinishedCallback$1:96 com.android.server.wm.-$$Lambda$SurfaceAnimator$vdRZk66hQVbQCvVXEaQCT1kVmFc.onAnimationFinished:4 com.android.server.wm.LocalAnimationAdapter.lambda$startAnimation$0:65 
03-24 17:48:12.831  3244  3392 D SurfaceControl: reparent is called, sc=Surface(name=AppWindowToken{3679665 token=Token{61b35c ActivityRecord{824ddcf u0 com.ezviz/.login.LoadingActivity t740}}})/@0xcd88bb6, newParentHandle=android.os.BinderProxy@8b6dfec, transaction=android.view.SurfaceControl$Transaction@a96978d, caller=com.android.server.wm.SurfaceAnimator.reset:317 com.android.server.wm.SurfaceAnimator.lambda$getFinishedCallback$0:89 com.android.server.wm.-$$Lambda$SurfaceAnimator$SIBia0mND666K8lMCPsoid8pUTI.run:4 com.android.server.wm.SurfaceAnimator.lambda$getFinishedCallback$1:96 com.android.server.wm.-$$Lambda$SurfaceAnimator$vdRZk66hQVbQCvVXEaQCT1kVmFc.onAnimationFinished:4 com.android.server.wm.LocalAnimationAdapter.lambda$startAnimation$0:65 com.android.server.wm.-$$Lambda$LocalAnimationAdapter$X--EomqUvw4qy89IeeTFTH7aCMo.run:4 
03-24 17:48:12.831  3244  3392 D SurfaceControl: destroy(case2), animation-leash is destroyed, sc=Surface(name=Surface(name=AppWindowToken{3679665 token=Token{61b35c ActivityRecord{824ddcf u0 com.ezviz/.login.LoadingActivity t740}}})/@0xcd88bb6 - animation-leash)/@0x661bedd, transaction=android.view.SurfaceControl$Transaction@a96978d, caller=com.android.server.wm.SurfaceAnimator.reset:324 com.android.server.wm.SurfaceAnimator.lambda$getFinishedCallback$0:89 com.android.server.wm.-$$Lambda$SurfaceAnimator$SIBia0mND666K8lMCPsoid8pUTI.run:4 com.android.server.wm.SurfaceAnimator.lambda$getFinishedCallback$1:96 com.android.server.wm.-$$Lambda$SurfaceAnimator$vdRZk66hQVbQCvVXEaQCT1kVmFc.onAnimationFinished:4 com.android.server.wm.LocalAnimationAdapter.lambda$startAnimation$0:65 com.android.server.wm.-$$Lambda$LocalAnimationAdapter$X--EomqUvw4qy89IeeTFTH7aCMo.run:4 
03-24 17:48:12.833  2808  4784 D Layer   : [AppWindowToken{3679665 token=Token{61b35c ActivityRecord{824ddcf u0 com.ezviz/.login.LoadingActivity t740}}}#0]::reparent oldParent:[Surface(name=AppWindowToken{3679665 token=Token{61b35c ActivityRecord{824ddcf u0 com.ezviz/.login.LoadingActivity t740}}})/@0xcd88bb6 - animation-leash#0], newParent:[Task=740#0]
03-24 17:48:12.833  2808  4784 I SurfaceFlinger: id=37353 Removed Surface(name=AppWindowToken{3679665 token=Token{61b35c ActivityRecord{824ddcf u0 com.ezviz/.login.LoadingActivity t740}}})/@0xcd88bb6 - animation-leash#0 (0/70)
03-24 17:48:12.848  2808  2808 I Layer   : id=37353 onRemoved Surface(name=AppWindowToken{3679665 token=Token{61b35c ActivityRecord{824ddcf u0 com.ezviz/.login.LoadingActivity t740}}})/@0xcd88bb6 - animation-leash#0 
03-24 17:48:12.851 28083 28083 V InputMethodManager: Starting input: tba=com.ezviz ic=com.android.internal.widget.EditableInputConnection@d17d446 mNaviBarColor -855310 mIsGetNaviBarColorSuccess true , NavVisible : true , NavTrans : false
03-24 17:48:12.853  2808  2808 I SurfaceFlinger:      Device | 0x70392390e0 | 0002 | RGBA_8888 |   0.0    0.0 1440.0 2960.0 |    0    0 1440 2960 | com.ezviz/com.ezviz.login.LoginActivity[28083]#0
03-24 17:48:12.853  2808  2808 I SurfaceFlinger:      Device | 0x7039838f00 | 0002 | RGBA_8888 |   0.0    0.0 1440.0 2960.0 |    0    0 1440 2960 | Splash Screen com.ezviz[28083]#0
03-24 17:48:12.874  3244  6064 V WindowManager: Relayout Window{dfdb533 u0 com.ezviz/com.ezviz.login.LoadingActivity}: viewVisibility=8 req=1440x2960 {(0,0)(fillxfill) sim={adjust=pan forwardNavigation} ty=BASE_APPLICATION wanim=0x10302ec
03-24 17:48:12.893  3244  6061 V WindowManager: Remove Window{dfdb533 u0 com.ezviz/com.ezviz.login.LoadingActivity}: mSurfaceController=Surface(name=com.ezviz/com.ezviz.login.LoadingActivity[28083])/@0xbfadc7f mAnimatingExit=false mRemoveOnExit=false mHasSurface=true surfaceShowing=false isAnimationSet=false app-animation=false mWillReplaceWindow=false inPendingTransaction=false mDisplayFrozen=false callers=com.android.server.wm.WindowState.removeIfPossible:2626 com.android.server.wm.WindowManagerService.removeWindow:1908 com.android.server.wm.Session.remove:253 android.view.IWindowSession$Stub.onTransact:261 com.android.server.wm.Session.onTransact:186 android.os.Binder.execTransact:739 
03-24 17:48:12.893  3244  6061 I WindowManager: Destroying surface Surface(name=com.ezviz/com.ezviz.login.LoadingActivity[28083])/@0xbfadc7f called by com.android.server.wm.WindowStateAnimator.destroySurface:1826 com.android.server.wm.WindowStateAnimator.destroySurfaceLocked:804 com.android.server.wm.WindowState.removeImmediately:2605 com.android.server.wm.WindowState.removeIfPossible:2755 com.android.server.wm.WindowState.removeIfPossible:2626 com.android.server.wm.WindowManagerService.removeWindow:1908 com.android.server.wm.Session.remove:253 android.view.IWindowSession$Stub.onTransact:261 
03-24 17:48:12.893  2808  4184 I SurfaceFlinger: id=37352 Removed com.ezviz/com.ezviz.login.LoadingActivity[28083]#0 (0/69)
03-24 17:48:12.895  2808  4184 I SurfaceFlinger: id=37350 Removed dfdb533 com.ezviz/com.ezviz.login.LoadingActivity#0 (0/68)
03-24 17:48:12.898  3244  6061 I WindowManager: Cancelling animation restarting=false, leash=null, surface=Surface(name=AppWindowToken{3679665 token=Token{61b35c ActivityRecord{824ddcf u0 com.ezviz/.login.LoadingActivity t740}}})/@0xcd88bb6, parent=Surface(name=Task=740)/@0x78920b7, caller=com.android.server.wm.SurfaceAnimator.cancelAnimation:177 com.android.server.wm.WindowContainer.cancelAnimation:1165 com.android.server.wm.AppWindowToken.cancelAnimation:2350 com.android.server.wm.AppWindowToken.onRemovedFromDisplay:776 com.android.server.wm.DisplayContent.removeAppToken:1040 
03-24 17:48:12.898  2808  2808 I Layer   : id=37350 onRemoved dfdb533 com.ezviz/com.ezviz.login.LoadingActivity#0 
03-24 17:48:12.898  2808  2808 I Layer   : id=37352 onRemoved com.ezviz/com.ezviz.login.LoadingActivity[28083]#0 
03-24 17:48:12.901  2808  4184 I SurfaceFlinger: id=37344 Removed AppWindowToken{3679665 token=Token{61b35c ActivityRecord{824ddcf u0 com.ezviz/.login.LoadingActivity t740}}}#0 (0/66)
03-24 17:48:12.915  2808  2808 I Layer   : id=37344 onRemoved AppWindowToken{3679665 token=Token{61b35c ActivityRecord{824ddcf u0 com.ezviz/.login.LoadingActivity t740}}}#0 
03-24 17:48:12.931  3244  3392 I WindowManager: reset, Reparenting to original parent, shouldDeferScheduleAnimation=false, destroyLeash=true, surface=Surface(name=9555960 Splash Screen com.ezviz)/@0xaf075fa, parent=Surface(name=AppWindowToken{74cb025 token=Token{4281c1c ActivityRecord{a54718f u0 com.ezviz/.login.LoginActivity t740}}})/@0xb0c0068, parentNativeHandle=android.os.BinderProxy@5b097ab, caller=com.android.server.wm.SurfaceAnimator.lambda$getFinishedCallback$0:89 com.android.server.wm.-$$Lambda$SurfaceAnimator$SIBia0mND666K8lMCPsoid8pUTI.run:4 com.android.server.wm.SurfaceAnimator.lambda$getFinishedCallback$1:96 com.android.server.wm.-$$Lambda$SurfaceAnimator$vdRZk66hQVbQCvVXEaQCT1kVmFc.onAnimationFinished:4 com.android.server.wm.LocalAnimationAdapter.lambda$startAnimation$0:65 
03-24 17:48:12.931  3244  3392 D SurfaceControl: reparent is called, sc=Surface(name=9555960 Splash Screen com.ezviz)/@0xaf075fa, newParentHandle=android.os.BinderProxy@5b097ab, transaction=android.view.SurfaceControl$Transaction@3a8de08, caller=com.android.server.wm.SurfaceAnimator.reset:317 com.android.server.wm.SurfaceAnimator.lambda$getFinishedCallback$0:89 com.android.server.wm.-$$Lambda$SurfaceAnimator$SIBia0mND666K8lMCPsoid8pUTI.run:4 com.android.server.wm.SurfaceAnimator.lambda$getFinishedCallback$1:96 com.android.server.wm.-$$Lambda$SurfaceAnimator$vdRZk66hQVbQCvVXEaQCT1kVmFc.onAnimationFinished:4 com.android.server.wm.LocalAnimationAdapter.lambda$startAnimation$0:65 com.android.server.wm.-$$Lambda$LocalAnimationAdapter$X--EomqUvw4qy89IeeTFTH7aCMo.run:4 
03-24 17:48:12.932  3244  3392 D SurfaceControl: destroy(case2), animation-leash is destroyed, sc=Surface(name=Surface(name=9555960 Splash Screen com.ezviz)/@0xaf075fa - animation-leash)/@0x8d4bb14, transaction=android.view.SurfaceControl$Transaction@3a8de08, caller=com.android.server.wm.SurfaceAnimator.reset:324 com.android.server.wm.SurfaceAnimator.lambda$getFinishedCallback$0:89 com.android.server.wm.-$$Lambda$SurfaceAnimator$SIBia0mND666K8lMCPsoid8pUTI.run:4 com.android.server.wm.SurfaceAnimator.lambda$getFinishedCallback$1:96 com.android.server.wm.-$$Lambda$SurfaceAnimator$vdRZk66hQVbQCvVXEaQCT1kVmFc.onAnimationFinished:4 com.android.server.wm.LocalAnimationAdapter.lambda$startAnimation$0:65 com.android.server.wm.-$$Lambda$LocalAnimationAdapter$X--EomqUvw4qy89IeeTFTH7aCMo.run:4 
03-24 17:48:12.932  3244  3392 E WindowManager: win=Window{9555960 u0 Splash Screen com.ezviz EXITING} destroySurfaces: appStopped=false win.mWindowRemovalAllowed=true win.mRemoveOnExit=true win.mViewVisibility=0 caller=com.android.server.wm.AppWindowToken.destroySurfaces:831 com.android.server.wm.AppWindowToken.destroySurfaces:812 com.android.server.wm.WindowState.onExitAnimationDone:5221 com.android.server.wm.WindowStateAnimator.onAnimationFinished:315 com.android.server.wm.WindowState.onAnimationFinished:5633 com.android.server.wm.-$$Lambda$yVRF8YoeNdTa8GR1wDStVsHu8xM.run:2 com.android.server.wm.SurfaceAnimator.lambda$getFinishedCallback$0:92 
03-24 17:48:12.932  3244  3392 I WindowManager: Destroying surface Surface(name=Splash Screen com.ezviz[28083])/@0x1d8f478 called by com.android.server.wm.WindowStateAnimator.destroySurface:1826 com.android.server.wm.WindowStateAnimator.destroySurfaceLocked:804 com.android.server.wm.WindowState.destroySurfaceUnchecked:3656 com.android.server.wm.WindowState.destroySurface:3637 com.android.server.wm.AppWindowToken.destroySurfaces:831 com.android.server.wm.AppWindowToken.destroySurfaces:812 com.android.server.wm.WindowState.onExitAnimationDone:5221 com.android.server.wm.WindowStateAnimator.onAnimationFinished:315 
03-24 17:48:12.932  2808  2811 I SurfaceFlinger: id=37346 Removed Splash Screen com.ezviz[28083]#0 (0/65)
03-24 17:48:12.938  2808  2811 W SurfaceFlinger: Attempting to set client state on removed layer: Splash Screen com.ezviz[28083]#0
03-24 17:48:12.938  2808  2811 D Layer   : [9555960 Splash Screen com.ezviz#0]::reparent oldParent:[Surface(name=9555960 Splash Screen com.ezviz)/@0xaf075fa - animation-leash#0], newParent:[AppWindowToken{74cb025 token=Token{4281c1c ActivityRecord{a54718f u0 com.ezviz/.login.LoginActivity t740}}}#0]
03-24 17:48:12.938  2808  2811 W SurfaceFlinger: Attempting to destroy on removed layer: Splash Screen com.ezviz[28083]#0
03-24 17:48:12.938  2808  2811 I SurfaceFlinger: id=37356 Removed Surface(name=9555960 Splash Screen com.ezviz)/@0xaf075fa - animation-leash#0 (2/64)
03-24 17:48:12.938  2808  2811 I SurfaceFlinger: id=37345 Removed 9555960 Splash Screen com.ezviz#0 (1/63)
03-24 17:48:12.948  2808  2808 I Layer   : id=37356 onRemoved Surface(name=9555960 Splash Screen com.ezviz)/@0xaf075fa - animation-leash#0 
03-24 17:48:12.948  2808  2808 I Layer   : id=37345 onRemoved 9555960 Splash Screen com.ezviz#0 
03-24 17:48:12.948  2808  2808 I Layer   : id=37346 onRemoved Splash Screen com.ezviz[28083]#0 
03-24 17:48:12.953  2808  2808 I SurfaceFlinger:      Device | 0x70392390e0 | 0002 | RGBA_8888 |   0.0    0.0 1440.0 2960.0 |    0    0 1440 2960 | com.ezviz/com.ezviz.login.LoginActivity[28083]#0
03-24 17:48:12.992 28203 28203 D [SPAF]StructureParser: Parsing structure for ComponentInfo{com.ezviz/com.ezviz.login.LoginActivity}
03-24 17:48:13.002  3244  3952 D MdnieScenarioControlService:  packageName : com.ezviz    className : com.ezviz.login.LoginActivity
03-24 17:48:13.058 28083 28244 D BundleManager: getRemoteBidInfo url:https://api.ezvizlife.com/nodeupdate/v3/rn/check?mobileType=SM-G965U&hardCode=17cd5f5280a6c64a01a99df0e810d42e&phone=&bids=[{"bid":"Pub","version":"2.0.0"}]
03-24 17:48:13.311  3244  3278 D PersonaManagerService: notifyActivityDrawn u0 ComponentInfo{com.ezviz/com.ezviz.login.LoginActivity} showWhenLocked=false type=1 windowingMode=1 fullscreen=true dockSide=-1
03-24 17:48:13.316 28083 28104 W com.ezviz: Long monitor contention with owner pool-1-thread-1 (28103) at long com.android.org.conscrypt.NativeCrypto.RSA_generate_key_ex(int, byte[])(NativeCrypto.java:-2) waiters=0 in com.google.firebase.iid.zzab com.google.firebase.iid.zzaa.zzq(java.lang.String, java.lang.String, java.lang.String) for 1.329s
03-24 17:48:13.349  3244  3392 I WindowManager: Cancelling animation restarting=true, leash=null, surface=Surface(name=271a204 Autofill UI)/@0xdc620a3, parent=Surface(name=b5bde76 com.ezviz/com.ezviz.login.LoginActivity)/@0x7bb478b, caller=com.android.server.wm.SurfaceAnimator.startAnimation:114 com.android.server.wm.WindowContainer.startAnimation:1157 com.android.server.wm.WindowState.startAnimation:5628 com.android.server.wm.WindowState.startAnimation:5611 com.android.server.wm.WindowStateAnimator.applyAnimationLocked:1731 
03-24 17:48:13.358  2808  4184 D Layer   : [271a204 Autofill UI#0]::reparent oldParent:[b5bde76 com.ezviz/com.ezviz.login.LoginActivity#0], newParent:[Surface(name=271a204 Autofill UI)/@0xdc620a3 - animation-leash#0]
03-24 17:48:13.362  3244  3278 D PersonaManagerService: notifyActivityDrawn u0 ComponentInfo{com.ezviz/com.ezviz.login.LoginActivity} showWhenLocked=false type=1 windowingMode=1 fullscreen=true dockSide=-1
03-24 17:48:13.403  2808  2808 I SurfaceFlinger:      Device | 0x70392390e0 | 0002 | RGBA_8888 |   0.0    0.0 1440.0 2960.0 |    0    0 1440 2960 | com.ezviz/com.ezviz.login.LoginActivity[28083]#0
03-24 17:48:13.600  3244  3392 I WindowManager: reset, Reparenting to original parent, shouldDeferScheduleAnimation=false, destroyLeash=true, surface=Surface(name=271a204 Autofill UI)/@0xdc620a3, parent=Surface(name=b5bde76 com.ezviz/com.ezviz.login.LoginActivity)/@0x7bb478b, parentNativeHandle=android.os.BinderProxy@44666da, caller=com.android.server.wm.SurfaceAnimator.lambda$getFinishedCallback$0:89 com.android.server.wm.-$$Lambda$SurfaceAnimator$SIBia0mND666K8lMCPsoid8pUTI.run:4 com.android.server.wm.SurfaceAnimator.lambda$getFinishedCallback$1:96 com.android.server.wm.-$$Lambda$SurfaceAnimator$vdRZk66hQVbQCvVXEaQCT1kVmFc.onAnimationFinished:4 com.android.server.wm.LocalAnimationAdapter.lambda$startAnimation$0:65 
03-24 17:48:13.604  2808  4784 D Layer   : [271a204 Autofill UI#0]::reparent oldParent:[Surface(name=271a204 Autofill UI)/@0xdc620a3 - animation-leash#0], newParent:[b5bde76 com.ezviz/com.ezviz.login.LoginActivity#0]
03-24 17:48:14.889  3244  3446 I clp-JNI : CLP add process info start. (channel) 271a204 Autofill UI (server) (pkg) AppWindowToken{74cb025 token=Token{4281c1c ActivityRecord{a54718f u0 com.ezviz/.login.LoginActivity t740}}} (action) 0
03-24 17:48:14.957  3244  3446 I clp-JNI : CLP add process info start. (channel) 271a204 Autofill UI (server) (pkg) AppWindowToken{74cb025 token=Token{4281c1c ActivityRecord{a54718f u0 com.ezviz/.login.LoginActivity t740}}} (action) 1
03-24 17:48:15.044  3244  3267 I WindowManager: Cancelling animation restarting=true, leash=null, surface=Surface(name=271a204 Autofill UI)/@0xdc620a3, parent=Surface(name=b5bde76 com.ezviz/com.ezviz.login.LoginActivity)/@0x7bb478b, caller=com.android.server.wm.SurfaceAnimator.startAnimation:114 com.android.server.wm.WindowContainer.startAnimation:1157 com.android.server.wm.WindowState.startAnimation:5628 com.android.server.wm.WindowState.startAnimation:5611 com.android.server.wm.WindowStateAnimator.applyAnimationLocked:1731 
03-24 17:48:15.050  2808  4784 D Layer   : [271a204 Autofill UI#0]::reparent oldParent:[b5bde76 com.ezviz/com.ezviz.login.LoginActivity#0], newParent:[Surface(name=271a204 Autofill UI)/@0xdc620a3 - animation-leash#0]
03-24 17:48:15.224  2808  2808 I SurfaceFlinger:      Device | 0x70392390e0 | 0002 | RGBA_8888 |   0.0    0.0 1440.0 2960.0 |    0    0 1440 2960 | com.ezviz/com.ezviz.login.LoginActivity[28083]#0
03-24 17:48:15.286  3244  3392 I WindowManager: reset, Reparenting to original parent, shouldDeferScheduleAnimation=false, destroyLeash=true, surface=Surface(name=271a204 Autofill UI)/@0xdc620a3, parent=Surface(name=b5bde76 com.ezviz/com.ezviz.login.LoginActivity)/@0x7bb478b, parentNativeHandle=android.os.BinderProxy@44666da, caller=com.android.server.wm.SurfaceAnimator.lambda$getFinishedCallback$0:89 com.android.server.wm.-$$Lambda$SurfaceAnimator$SIBia0mND666K8lMCPsoid8pUTI.run:4 com.android.server.wm.SurfaceAnimator.lambda$getFinishedCallback$1:96 com.android.server.wm.-$$Lambda$SurfaceAnimator$vdRZk66hQVbQCvVXEaQCT1kVmFc.onAnimationFinished:4 com.android.server.wm.LocalAnimationAdapter.lambda$startAnimation$0:65 
03-24 17:48:15.290  2808  2811 D Layer   : [271a204 Autofill UI#0]::reparent oldParent:[Surface(name=271a204 Autofill UI)/@0xdc620a3 - animation-leash#0], newParent:[b5bde76 com.ezviz/com.ezviz.login.LoginActivity#0]
03-24 17:48:15.625  2808  2808 I SurfaceFlinger:      Device | 0x70392390e0 | 0002 | RGBA_8888 |   0.0    0.0 1440.0 2960.0 |    0    0 1440 2960 | com.ezviz/com.ezviz.login.LoginActivity[28083]#0
03-24 17:48:15.641  2808  2808 I SurfaceFlinger:      Device | 0x7039239460 | 0002 | RGBA_8888 |   0.0    0.0 1440.0 2960.0 |    0    0 1440 2960 | com.ezviz/com.ezviz.login.LoginActivity[28083]#0
03-24 17:48:15.658  2808  2808 I SurfaceFlinger:      Device | 0x7039239380 | 0002 | RGBA_8888 |   0.0    0.0 1440.0 2960.0 |    0    0 1440 2960 | com.ezviz/com.ezviz.login.LoginActivity[28083]#0
03-24 17:48:16.285 28203 28203 D [SPAF]StructureParser: Parsing structure for ComponentInfo{com.ezviz/com.ezviz.login.LoginActivity}
03-24 17:48:16.460  2808  2808 I SurfaceFlinger:      Device | 0x7039239460 | 0002 | RGBA_8888 |   0.0    0.0 1440.0 2960.0 |    0    0 1440 2960 | com.ezviz/com.ezviz.login.LoginActivity[28083]#0
03-24 17:48:16.643  2808  2808 I SurfaceFlinger:      Device | 0x7039239460 | 0002 | RGBA_8888 |   0.0    0.0 1440.0 2960.0 |    0    0 1440 2960 | com.ezviz/com.ezviz.login.LoginActivity[28083]#0
03-24 17:48:17.247  3244  4172 D WifiPermissionsUtil: canAccessScanResults: pkgName = com.ezviz, uid = 10931
03-24 17:48:17.303  3244  3244 D Telecom:SamsungPrebindingServiceImpl: onTopActivityChanged ComponentInfo{com.ezviz/com.ezviz.login.LoginActivity}
03-24 17:48:17.347  3244  3267 D WindowManager: setSystemUiVisibility: vis= 0x8018, fullscreenVis= 0x0, dockedVis= 0x0, win=Window{b5bde76 u0 com.ezviz/com.ezviz.login.LoginActivity}
03-24 17:48:17.354  3244  4172 D GameManagerService: noteResumeComponent(), resumeComponent: com.ezviz
03-24 17:48:17.354  3244  4172 D GamePkgDataHelper: getSosPolicy(). com.ezviz
03-24 17:48:17.354  3244  3657 D GameManagerService: handleForegroundChange(). pkgName: com.ezviz, clsName: com.ezviz.login.LoginActivity,FgActivityName:com.ezviz/.login.LoginActivity
03-24 17:48:17.354  3244  3657 D GameManagerService:   handleForegroundChange(). set mFgApp: com.ezviz
03-24 17:48:17.354  3244  3657 D GameManagerService: notifyResumePause(). pkg: com.ezviz, type: 4, isMinimized: false, isTunableApp: false
