03-24 17:48:26.010  3244  3446 I clp-JNI : CLP add process info start. (channel) 12ad793 com.ezviz/com.ezviz.devicemgt.setting.DeviceSettingActivity (server) (pkg) AppWindowToken{2b3fa2a token=Token{877e715 ActivityRecord{91318cc u0 com.ezviz/.devicemgt.setting.DeviceSettingActivity t740}}} (action) 0
03-24 17:48:26.066  3244  3446 I clp-JNI : CLP add process info start. (channel) 12ad793 com.ezviz/com.ezviz.devicemgt.setting.DeviceSettingActivity (server) (pkg) AppWindowToken{2b3fa2a token=Token{877e715 ActivityRecord{91318cc u0 com.ezviz/.devicemgt.setting.DeviceSettingActivity t740}}} (action) 1
03-24 17:48:26.070  3244  3244 D Telecom:SamsungPrebindingServiceImpl: onTopActivityChanged ComponentInfo{com.ezviz/com.ezviz.main.MainTabActivity}
03-24 17:48:26.087  3244  4555 D GameManagerService: noteResumeComponent(), resumeComponent: com.ezviz
03-24 17:48:26.087  3244  3657 D GameManagerService: handleForegroundChange(). pkgName: com.ezviz, clsName: com.ezviz.main.MainTabActivity,FgActivityName:com.ezviz/.main.MainTabActivity
03-24 17:48:26.089  3244  4555 D MARsPolicyManager: onPackageResumedFG pkgName = com.ezviz, userId = 0
03-24 17:48:26.091  3244  3244 D Telecom:SamsungPrebindingServiceImpl: onTopActivityChanged ComponentInfo{com.ezviz/com.ezviz.main.MainTabActivity}
03-24 17:48:26.132  3244  4555 V WindowManager: Relayout Window{d3c0f79 u0 com.ezviz/com.ezviz.main.MainTabActivity}: viewVisibility=0 req=1440x2960 {(0,0)(fillxfill) sim={adjust=pan forwardNavigation} ty=BASE_APPLICATION wanim=0x10302ec
03-24 17:48:26.135  2808  2808 I SurfaceFlinger: id=37388 createSurf (1440x2960),1 flag=404, com.ezviz/com.ezviz.main.MainTabActivity[28083]#0
03-24 17:48:26.137  3244  3267 D WindowManager: setSystemUiVisibility: vis= 0x8018, fullscreenVis= 0x0, dockedVis= 0x0, win=Window{d3c0f79 u0 com.ezviz/com.ezviz.main.MainTabActivity}
03-24 17:48:26.168  3244  6061 D WindowManager: finishDrawingWindow: Window{d3c0f79 u0 com.ezviz/com.ezviz.main.MainTabActivity} mDrawState=DRAW_PENDING
03-24 17:48:26.170  3244  3392 I WindowManager: commitFinishDrawingLocked: mDrawState=READY_TO_SHOW Surface(name=com.ezviz/com.ezviz.main.MainTabActivity[28083])/@0x30c54de
03-24 17:48:26.171  3244  3392 I WindowManager: Cancelling animation restarting=true, leash=null, surface=Surface(name=AppWindowToken{2b3fa2a token=Token{877e715 ActivityRecord{91318cc u0 com.ezviz/.devicemgt.setting.DeviceSettingActivity t740}}})/@0xd03cf01, parent=Surface(name=Task=740)/@0x78920b7, caller=com.android.server.wm.SurfaceAnimator.startAnimation:114 com.android.server.wm.WindowContainer.startAnimation:1157 com.android.server.wm.AppWindowToken.applyAnimationLocked:2069 com.android.server.wm.AppWindowToken.setVisibility:468 com.android.server.wm.WindowSurfacePlacer.handleClosingApps:526 
03-24 17:48:26.171  3244  3392 I WindowManager: Reparenting to leash, surface=Surface(name=AppWindowToken{2b3fa2a token=Token{877e715 ActivityRecord{91318cc u0 com.ezviz/.devicemgt.setting.DeviceSettingActivity t740}}})/@0xd03cf01, caller=com.android.server.wm.SurfaceAnimator.startAnimation:122 com.android.server.wm.WindowContainer.startAnimation:1157 com.android.server.wm.AppWindowToken.applyAnimationLocked:2069 com.android.server.wm.AppWindowToken.setVisibility:468 com.android.server.wm.WindowSurfacePlacer.handleClosingApps:526 
03-24 17:48:26.174  2808  2808 I SurfaceFlinger: id=37389 createSurf (5920x5920),2 flag=4, Surface(name=AppWindowToken{2b3fa2a token=Token{877e715 ActivityRecord{91318cc u0 com.ezviz/.devicemgt.setting.DeviceSettingActivity t740}}})/@0xd03cf01 - animation-leash#0
03-24 17:48:26.176  3244  3392 D SurfaceControl: reparent is called, sc=Surface(name=AppWindowToken{2b3fa2a token=Token{877e715 ActivityRecord{91318cc u0 com.ezviz/.devicemgt.setting.DeviceSettingActivity t740}}})/@0xd03cf01, newParentHandle=android.os.BinderProxy@f74718c, transaction=android.view.SurfaceControl$Transaction@59497e7, caller=com.android.server.wm.SurfaceAnimator.createAnimationLeash:368 com.android.server.wm.SurfaceAnimator.startAnimation:122 com.android.server.wm.WindowContainer.startAnimation:1157 com.android.server.wm.AppWindowToken.applyAnimationLocked:2069 com.android.server.wm.AppWindowToken.setVisibility:468 com.android.server.wm.WindowSurfacePlacer.handleClosingApps:526 com.android.server.wm.WindowSurfacePlacer.handleAppTransitionReadyLocked:323 
03-24 17:48:26.177  3244  3392 I WindowManager: Cancelling animation restarting=true, leash=null, surface=Surface(name=AppWindowToken{644944f token=Token{8c1aeae ActivityRecord{bf94b29 u0 com.ezviz/.main.MainTabActivity t740}}})/@0xec983b3, parent=Surface(name=Task=740)/@0x78920b7, caller=com.android.server.wm.SurfaceAnimator.startAnimation:114 com.android.server.wm.WindowContainer.startAnimation:1157 com.android.server.wm.AppWindowToken.applyAnimationLocked:2069 com.android.server.wm.AppWindowToken.setVisibility:468 com.android.server.wm.WindowSurfacePlacer.handleOpeningApps:481 
03-24 17:48:26.177  3244  3392 I WindowManager: Reparenting to leash, surface=Surface(name=AppWindowToken{644944f token=Token{8c1aeae ActivityRecord{bf94b29 u0 com.ezviz/.main.MainTabActivity t740}}})/@0xec983b3, caller=com.android.server.wm.SurfaceAnimator.startAnimation:122 com.android.server.wm.WindowContainer.startAnimation:1157 com.android.server.wm.AppWindowToken.applyAnimationLocked:2069 com.android.server.wm.AppWindowToken.setVisibility:468 com.android.server.wm.WindowSurfacePlacer.handleOpeningApps:481 
03-24 17:48:26.178  2808  2808 I SurfaceFlinger: id=37390 createSurf (5920x5920),2 flag=4, Surface(name=AppWindowToken{644944f token=Token{8c1aeae ActivityRecord{bf94b29 u0 com.ezviz/.main.MainTabActivity t740}}})/@0xec983b3 - animation-leash#0
03-24 17:48:26.180  3244  3392 D SurfaceControl: reparent is called, sc=Surface(name=AppWindowToken{644944f token=Token{8c1aeae ActivityRecord{bf94b29 u0 com.ezviz/.main.MainTabActivity t740}}})/@0xec983b3, newParentHandle=android.os.BinderProxy@2bd1a78, transaction=android.view.SurfaceControl$Transaction@b02c8e9, caller=com.android.server.wm.SurfaceAnimator.createAnimationLeash:368 com.android.server.wm.SurfaceAnimator.startAnimation:122 com.android.server.wm.WindowContainer.startAnimation:1157 com.android.server.wm.AppWindowToken.applyAnimationLocked:2069 com.android.server.wm.AppWindowToken.setVisibility:468 com.android.server.wm.WindowSurfacePlacer.handleOpeningApps:481 com.android.server.wm.WindowSurfacePlacer.handleAppTransitionReadyLocked:325 
03-24 17:48:26.180  3244  3392 V WindowManager: performShowLocked: mDrawState=HAS_DRAWN in Window{d3c0f79 u0 com.ezviz/com.ezviz.main.MainTabActivity}
03-24 17:48:26.182  2808  3290 D Layer   : [AppWindowToken{2b3fa2a token=Token{877e715 ActivityRecord{91318cc u0 com.ezviz/.devicemgt.setting.DeviceSettingActivity t740}}}#0]::reparent oldParent:[Task=740#0], newParent:[Surface(name=AppWindowToken{2b3fa2a token=Token{877e715 ActivityRecord{91318cc u0 com.ezviz/.devicemgt.setting.DeviceSettingActivity t740}}})/@0xd03cf01 - animation-leash#0]
03-24 17:48:26.182  2808  3290 D Layer   : [AppWindowToken{644944f token=Token{8c1aeae ActivityRecord{bf94b29 u0 com.ezviz/.main.MainTabActivity t740}}}#0]::reparent oldParent:[Task=740#0], newParent:[Surface(name=AppWindowToken{644944f token=Token{8c1aeae ActivityRecord{bf94b29 u0 com.ezviz/.main.MainTabActivity t740}}})/@0xec983b3 - animation-leash#0]
03-24 17:48:26.185 28083 28083 V InputMethodManager: Starting input: tba=com.ezviz ic=null mNaviBarColor -855310 mIsGetNaviBarColorSuccess true , NavVisible : true , NavTrans : false
03-24 17:48:26.186  3244  3278 D PersonaManagerService: notifyActivityDrawn u0 ComponentInfo{com.ezviz/com.ezviz.main.MainTabActivity} showWhenLocked=false type=1 windowingMode=1 fullscreen=true dockSide=-1
03-24 17:48:26.186  3244  4108 V InputMethodManagerService: windowGainedFocus : reason=WINDOW_FOCUS_GAIN client=android.os.BinderProxy@83ae06d inputContext=null missingMethods= attribute=android.view.inputmethod.EditorInfo@54821b6 nm = com.ezviz controlFlags=#105 softInputMode=#20 windowFlags=#81810100
03-24 17:48:26.194  4239  4239 D KNOXCORE::LockSecureFolderTask: ResumedActivity userId0[com.ezviz/.main.MainTabActivity]
03-24 17:48:26.208  2808  2808 I SurfaceFlinger:      Device | 0x7039239460 | 0002 | RGBA_8888 |   0.0   87.0 1440.0 2960.0 |    0    0 1440 2873 | com.ezviz/com.ezviz.main.MainTabActivity[28083]#0
03-24 17:48:26.208  2808  2808 I SurfaceFlinger:      Device | 0x7039839bb0 | 0002 | RGBA_8888 |   0.0    0.0 1440.0 2950.0 |    0   10 1440 2960 | com.ezviz/com.ezviz.devicemgt.setting.DeviceSettingActivity[28083]#0
03-24 17:48:26.324  2808  2808 I SurfaceFlinger:      Device | 0x7039239460 | 0002 | RGBA_8888 |   0.0   51.0 1440.0 2960.0 |    0    0 1440 2909 | com.ezviz/com.ezviz.main.MainTabActivity[28083]#0
03-24 17:48:26.470  3244  3392 I WindowManager: reset, Reparenting to original parent, shouldDeferScheduleAnimation=true, destroyLeash=true, surface=Surface(name=AppWindowToken{2b3fa2a token=Token{877e715 ActivityRecord{91318cc u0 com.ezviz/.devicemgt.setting.DeviceSettingActivity t740}}})/@0xd03cf01, parent=Surface(name=Task=740)/@0x78920b7, parentNativeHandle=android.os.BinderProxy@8b6dfec, caller=com.android.server.wm.SurfaceAnimator.lambda$getFinishedCallback$0:89 com.android.server.wm.-$$Lambda$SurfaceAnimator$SIBia0mND666K8lMCPsoid8pUTI.run:4 com.android.server.wm.AnimatingAppWindowTokenRegistry.endDeferringFinished:104 com.android.server.wm.AnimatingAppWindowTokenRegistry.notifyAboutToFinish:77 com.android.server.wm.AppWindowToken.shouldDeferAnimationFinish:2167 
03-24 17:48:26.471  3244  3392 D SurfaceControl: reparent is called, sc=Surface(name=AppWindowToken{2b3fa2a token=Token{877e715 ActivityRecord{91318cc u0 com.ezviz/.devicemgt.setting.DeviceSettingActivity t740}}})/@0xd03cf01, newParentHandle=android.os.BinderProxy@8b6dfec, transaction=android.view.SurfaceControl$Transaction@59497e7, caller=com.android.server.wm.SurfaceAnimator.reset:317 com.android.server.wm.SurfaceAnimator.lambda$getFinishedCallback$0:89 com.android.server.wm.-$$Lambda$SurfaceAnimator$SIBia0mND666K8lMCPsoid8pUTI.run:4 com.android.server.wm.AnimatingAppWindowTokenRegistry.endDeferringFinished:104 com.android.server.wm.AnimatingAppWindowTokenRegistry.notifyAboutToFinish:77 com.android.server.wm.AppWindowToken.shouldDeferAnimationFinish:2167 com.android.server.wm.SurfaceAnimator.lambda$getFinishedCallback$1:95 
03-24 17:48:26.471  3244  3392 D SurfaceControl: destroy(case2), animation-leash is destroyed, sc=Surface(name=Surface(name=AppWindowToken{2b3fa2a token=Token{877e715 ActivityRecord{91318cc u0 com.ezviz/.devicemgt.setting.DeviceSettingActivity t740}}})/@0xd03cf01 - animation-leash)/@0xd7530d5, transaction=android.view.SurfaceControl$Transaction@59497e7, caller=com.android.server.wm.SurfaceAnimator.reset:324 com.android.server.wm.SurfaceAnimator.lambda$getFinishedCallback$0:89 com.android.server.wm.-$$Lambda$SurfaceAnimator$SIBia0mND666K8lMCPsoid8pUTI.run:4 com.android.server.wm.AnimatingAppWindowTokenRegistry.endDeferringFinished:104 com.android.server.wm.AnimatingAppWindowTokenRegistry.notifyAboutToFinish:77 com.android.server.wm.AppWindowToken.shouldDeferAnimationFinish:2167 com.android.server.wm.SurfaceAnimator.lambda$getFinishedCallback$1:95 
03-24 17:48:26.471  3244  3392 I WindowManager: reset, Reparenting to original parent, shouldDeferScheduleAnimation=false, destroyLeash=true, surface=Surface(name=AppWindowToken{644944f token=Token{8c1aeae ActivityRecord{bf94b29 u0 com.ezviz/.main.MainTabActivity t740}}})/@0xec983b3, parent=Surface(name=Task=740)/@0x78920b7, parentNativeHandle=android.os.BinderProxy@8b6dfec, caller=com.android.server.wm.SurfaceAnimator.lambda$getFinishedCallback$0:89 com.android.server.wm.-$$Lambda$SurfaceAnimator$SIBia0mND666K8lMCPsoid8pUTI.run:4 com.android.server.wm.SurfaceAnimator.lambda$getFinishedCallback$1:96 com.android.server.wm.-$$Lambda$SurfaceAnimator$vdRZk66hQVbQCvVXEaQCT1kVmFc.onAnimationFinished:4 com.android.server.wm.LocalAnimationAdapter.lambda$startAnimation$0:65 
03-24 17:48:26.471  3244  3392 D SurfaceControl: reparent is called, sc=Surface(name=AppWindowToken{644944f token=Token{8c1aeae ActivityRecord{bf94b29 u0 com.ezviz/.main.MainTabActivity t740}}})/@0xec983b3, newParentHandle=android.os.BinderProxy@8b6dfec, transaction=android.view.SurfaceControl$Transaction@b02c8e9, caller=com.android.server.wm.SurfaceAnimator.reset:317 com.android.server.wm.SurfaceAnimator.lambda$getFinishedCallback$0:89 com.android.server.wm.-$$Lambda$SurfaceAnimator$SIBia0mND666K8lMCPsoid8pUTI.run:4 com.android.server.wm.SurfaceAnimator.lambda$getFinishedCallback$1:96 com.android.server.wm.-$$Lambda$SurfaceAnimator$vdRZk66hQVbQCvVXEaQCT1kVmFc.onAnimationFinished:4 com.android.server.wm.LocalAnimationAdapter.lambda$startAnimation$0:65 com.android.server.wm.-$$Lambda$LocalAnimationAdapter$X--EomqUvw4qy89IeeTFTH7aCMo.run:4 
03-24 17:48:26.471  3244  3392 D SurfaceControl: destroy(case2), animation-leash is destroyed, sc=Surface(name=Surface(name=AppWindowToken{644944f token=Token{8c1aeae ActivityRecord{bf94b29 u0 com.ezviz/.main.MainTabActivity t740}}})/@0xec983b3 - animation-leash)/@0x9650551, transaction=android.view.SurfaceControl$Transaction@b02c8e9, caller=com.android.server.wm.SurfaceAnimator.reset:324 com.android.server.wm.SurfaceAnimator.lambda$getFinishedCallback$0:89 com.android.server.wm.-$$Lambda$SurfaceAnimator$SIBia0mND666K8lMCPsoid8pUTI.run:4 com.android.server.wm.SurfaceAnimator.lambda$getFinishedCallback$1:96 com.android.server.wm.-$$Lambda$SurfaceAnimator$vdRZk66hQVbQCvVXEaQCT1kVmFc.onAnimationFinished:4 com.android.server.wm.LocalAnimationAdapter.lambda$startAnimation$0:65 com.android.server.wm.-$$Lambda$LocalAnimationAdapter$X--EomqUvw4qy89IeeTFTH7aCMo.run:4 
03-24 17:48:26.473  2808  2811 D Layer   : [AppWindowToken{2b3fa2a token=Token{877e715 ActivityRecord{91318cc u0 com.ezviz/.devicemgt.setting.DeviceSettingActivity t740}}}#0]::reparent oldParent:[Surface(name=AppWindowToken{2b3fa2a token=Token{877e715 ActivityRecord{91318cc u0 com.ezviz/.devicemgt.setting.DeviceSettingActivity t740}}})/@0xd03cf01 - animation-leash#0], newParent:[Task=740#0]
03-24 17:48:26.473  2808  2811 D Layer   : [AppWindowToken{644944f token=Token{8c1aeae ActivityRecord{bf94b29 u0 com.ezviz/.main.MainTabActivity t740}}}#0]::reparent oldParent:[Surface(name=AppWindowToken{644944f token=Token{8c1aeae ActivityRecord{bf94b29 u0 com.ezviz/.main.MainTabActivity t740}}})/@0xec983b3 - animation-leash#0], newParent:[Task=740#0]
03-24 17:48:26.473  2808  2811 I SurfaceFlinger: id=37389 Removed Surface(name=AppWindowToken{2b3fa2a token=Token{877e715 ActivityRecord{91318cc u0 com.ezviz/.devicemgt.setting.DeviceSettingActivity t740}}})/@0xd03cf01 - animation-leash#0 (0/67)
03-24 17:48:26.474  2808  2811 I SurfaceFlinger: id=37390 Removed Surface(name=AppWindowToken{644944f token=Token{8c1aeae ActivityRecord{bf94b29 u0 com.ezviz/.main.MainTabActivity t740}}})/@0xec983b3 - animation-leash#0 (0/66)
03-24 17:48:26.487  2808  2808 I Layer   : id=37390 onRemoved Surface(name=AppWindowToken{644944f token=Token{8c1aeae ActivityRecord{bf94b29 u0 com.ezviz/.main.MainTabActivity t740}}})/@0xec983b3 - animation-leash#0 
03-24 17:48:26.487  2808  2808 I Layer   : id=37389 onRemoved Surface(name=AppWindowToken{2b3fa2a token=Token{877e715 ActivityRecord{91318cc u0 com.ezviz/.devicemgt.setting.DeviceSettingActivity t740}}})/@0xd03cf01 - animation-leash#0 
03-24 17:48:26.493  3244  6061 V WindowManager: Relayout Window{12ad793 u0 com.ezviz/com.ezviz.devicemgt.setting.DeviceSettingActivity}: viewVisibility=8 req=1440x2960 {(0,0)(fillxfill) sim={adjust=resize forwardNavigation} ty=BASE_APPLICATION wanim=0x10302ec
03-24 17:48:26.502  3244  6061 V WindowManager: Remove Window{12ad793 u0 com.ezviz/com.ezviz.devicemgt.setting.DeviceSettingActivity}: mSurfaceController=Surface(name=com.ezviz/com.ezviz.devicemgt.setting.DeviceSettingActivity[28083])/@0xad741da mAnimatingExit=false mRemoveOnExit=false mHasSurface=true surfaceShowing=false isAnimationSet=false app-animation=false mWillReplaceWindow=false inPendingTransaction=false mDisplayFrozen=false callers=com.android.server.wm.WindowState.removeIfPossible:2626 com.android.server.wm.WindowManagerService.removeWindow:1908 com.android.server.wm.Session.remove:253 android.view.IWindowSession$Stub.onTransact:261 com.android.server.wm.Session.onTransact:186 android.os.Binder.execTransact:739 
03-24 17:48:26.503  3244  6061 I WindowManager: Destroying surface Surface(name=com.ezviz/com.ezviz.devicemgt.setting.DeviceSettingActivity[28083])/@0xad741da called by com.android.server.wm.WindowStateAnimator.destroySurface:1826 com.android.server.wm.WindowStateAnimator.destroySurfaceLocked:804 com.android.server.wm.WindowState.removeImmediately:2605 com.android.server.wm.WindowState.removeIfPossible:2755 com.android.server.wm.WindowState.removeIfPossible:2626 com.android.server.wm.WindowManagerService.removeWindow:1908 com.android.server.wm.Session.remove:253 android.view.IWindowSession$Stub.onTransact:261 
03-24 17:48:26.503  2808  4184 I SurfaceFlinger: id=37383 Removed com.ezviz/com.ezviz.devicemgt.setting.DeviceSettingActivity[28083]#0 (0/65)
03-24 17:48:26.503  2808  2808 I Layer   : id=37383 onRemoved com.ezviz/com.ezviz.devicemgt.setting.DeviceSettingActivity[28083]#0 
03-24 17:48:26.505  2808  4184 I SurfaceFlinger: id=37382 Removed 12ad793 com.ezviz/com.ezviz.devicemgt.setting.DeviceSettingActivity#0 (0/64)
03-24 17:48:26.507  3244  4555 I WindowManager: Cancelling animation restarting=false, leash=null, surface=Surface(name=AppWindowToken{2b3fa2a token=Token{877e715 ActivityRecord{91318cc u0 com.ezviz/.devicemgt.setting.DeviceSettingActivity t740}}})/@0xd03cf01, parent=Surface(name=Task=740)/@0x78920b7, caller=com.android.server.wm.SurfaceAnimator.cancelAnimation:177 com.android.server.wm.WindowContainer.cancelAnimation:1165 com.android.server.wm.AppWindowToken.cancelAnimation:2350 com.android.server.wm.AppWindowToken.onRemovedFromDisplay:776 com.android.server.wm.DisplayContent.removeAppToken:1040 
03-24 17:48:26.520  2808  2808 I Layer   : id=37382 onRemoved 12ad793 com.ezviz/com.ezviz.devicemgt.setting.DeviceSettingActivity#0 
03-24 17:48:26.521  2808  4184 I SurfaceFlinger: id=37381 Removed AppWindowToken{2b3fa2a token=Token{877e715 ActivityRecord{91318cc u0 com.ezviz/.devicemgt.setting.DeviceSettingActivity t740}}}#0 (1/63)
03-24 17:48:26.537  2808  2808 I Layer   : id=37381 onRemoved AppWindowToken{2b3fa2a token=Token{877e715 ActivityRecord{91318cc u0 com.ezviz/.devicemgt.setting.DeviceSettingActivity t740}}}#0 
03-24 17:48:26.787  3244  3446 I clp-JNI : CLP add process info start. (channel) d3c0f79 com.ezviz/com.ezviz.main.MainTabActivity (server) (pkg) AppWindowToken{644944f token=Token{8c1aeae ActivityRecord{bf94b29 u0 com.ezviz/.main.MainTabActivity t740}}} (action) 0
03-24 17:48:26.852  3244  3446 I clp-JNI : CLP add process info start. (channel) d3c0f79 com.ezviz/com.ezviz.main.MainTabActivity (server) (pkg) AppWindowToken{644944f token=Token{8c1aeae ActivityRecord{bf94b29 u0 com.ezviz/.main.MainTabActivity t740}}} (action) 1
03-24 17:48:26.863  3244  4555 I ActivityManager: START u0 {act=null typ=null flg=0x0 cmp=ComponentInfo{com.ezviz/com.ezviz.realplay.MultiRealPlayActivity}} from uid 10931
03-24 17:48:26.870  2808  2808 I SurfaceFlinger: id=37391 createSurf (5920x5920),2 flag=4, AppWindowToken{4e5b18e token=Token{8b20d89 ActivityRecord{324c090 u0 com.ezviz/.realplay.MultiRealPlayActivity t740}}}#0
03-24 17:48:26.883  3244  4108 D GamePkgDataHelper: notifyAppCreate(), pkgName: com.ezviz, sendRet: true
03-24 17:48:26.883  3244  3657 D GamePkgDataHelper: getGamePkgData(). com.ezviz
03-24 17:48:26.883  3244  3657 D GameManagerService: handleMessage(), MSG_APP_CREATE. ignore. pkgName: com.ezviz
03-24 17:48:26.886  3244  4108 D GameManagerService: noteResumeComponent(), resumeComponent: com.ezviz
03-24 17:48:26.886  3244  3657 D GameManagerService: handleForegroundChange(). pkgName: com.ezviz, clsName: com.ezviz.realplay.MultiRealPlayActivity,FgActivityName:com.ezviz/.realplay.MultiRealPlayActivity
03-24 17:48:26.887  3244  4108 D MARsPolicyManager: onPackageResumedFG pkgName = com.ezviz, userId = 0
03-24 17:48:26.890  3244  3244 D Telecom:SamsungPrebindingServiceImpl: onTopActivityChanged ComponentInfo{com.ezviz/com.ezviz.realplay.MultiRealPlayActivity}
03-24 17:48:26.896  3244  6061 D ActivityManager: setRequestedOrientation(1) from com.ezviz
03-24 17:48:26.993  4239  4239 D KNOXCORE::LockSecureFolderTask: ResumedActivity userId0[com.ezviz/.realplay.MultiRealPlayActivity]
03-24 17:48:27.096 28083 28083 I chatty  : uid=10931(com.ezviz) identical 1 line
03-24 17:48:27.360 28083 28083 I chatty  : uid=10931(com.ezviz) identical 1 line
03-24 17:48:27.397  2808  2808 I SurfaceFlinger: id=37392 createSurf (5920x5920),2 flag=4, b1803a7 com.ezviz/com.ezviz.realplay.MultiRealPlayActivity#0
03-24 17:48:27.437  3244  4108 V WindowManager: Relayout Window{b1803a7 u0 com.ezviz/com.ezviz.realplay.MultiRealPlayActivity}: viewVisibility=0 req=1440x2960 {(0,0)(fillxfill) sim={adjust=resize forwardNavigation} ty=BASE_APPLICATION fmt=TRANSLUCENT wanim=0x10302ec
03-24 17:48:27.439  3244  4108 D WindowManager: preserveSurfaceLocked: Not has surfaceWindowStateAnimator{c716dc0 com.ezviz/com.ezviz.realplay.MultiRealPlayActivity}
03-24 17:48:27.440  2808  2808 I SurfaceFlinger: id=37393 createSurf (1440x2960),1 flag=4, com.ezviz/com.ezviz.realplay.MultiRealPlayActivity[28083]#0
03-24 17:48:27.442  3244  3267 D WindowManager: setSystemUiVisibility: vis= 0x8018, fullscreenVis= 0x0, dockedVis= 0x0, win=Window{b1803a7 u0 com.ezviz/com.ezviz.realplay.MultiRealPlayActivity}
03-24 17:48:27.449  2808  2808 I SurfaceFlinger: id=37394 createSurf (1440x810),1 flag=4, SurfaceView - com.ezviz/com.ezviz.realplay.MultiRealPlayActivity@6695b21@0[28083]#0
03-24 17:48:27.450  2808  2808 I SurfaceFlinger: id=37395 createSurf (1440x810),1024 flag=20004, Background for -SurfaceView - com.ezviz/com.ezviz.realplay.MultiRealPlayActivity@6695b21@0[28083]#0
03-24 17:48:27.450 28083 28083 D SurfaceView: hide() Surface(name=SurfaceView - com.ezviz/com.ezviz.realplay.MultiRealPlayActivity@6695b21@0[28083])/@0x286dda2 false true android.view.SurfaceView{6695b21 V.E...... ......ID 0,0-1440,810 #7f0d08d7 app:id/surface_view}
03-24 17:48:27.457 28083 28410 W System.err: 	at com.ezviz.remoteplayback.list.QueryHistoryLocalListAsyncTask.searchLocalFile(SourceFile:3242)
03-24 17:48:27.457 28083 28410 W System.err: 	at com.ezviz.remoteplayback.list.QueryHistoryLocalListAsyncTask.doInBackground(SourceFile:75)
03-24 17:48:27.457 28083 28410 W System.err: 	at com.ezviz.remoteplayback.list.QueryHistoryLocalListAsyncTask.doInBackground(SourceFile:33)
03-24 17:48:27.461  3244  6061 V WindowManager: Relayout Window{b1803a7 u0 com.ezviz/com.ezviz.realplay.MultiRealPlayActivity}: viewVisibility=0 req=1440x2960 {(0,0)(fillxfill) sim={adjust=resize forwardNavigation} ty=BASE_APPLICATION fmt=TRANSLUCENT wanim=0x10302ec
03-24 17:48:27.483  3244  4106 D WindowManager: finishDrawingWindow: Window{b1803a7 u0 com.ezviz/com.ezviz.realplay.MultiRealPlayActivity} mDrawState=DRAW_PENDING
03-24 17:48:27.484  3244  3392 I WindowManager: commitFinishDrawingLocked: mDrawState=READY_TO_SHOW Surface(name=com.ezviz/com.ezviz.realplay.MultiRealPlayActivity[28083])/@0xe3c6af9
03-24 17:48:27.486  3244  3392 I WindowManager: Cancelling animation restarting=true, leash=null, surface=Surface(name=AppWindowToken{644944f token=Token{8c1aeae ActivityRecord{bf94b29 u0 com.ezviz/.main.MainTabActivity t740}}})/@0xec983b3, parent=Surface(name=Task=740)/@0x78920b7, caller=com.android.server.wm.SurfaceAnimator.startAnimation:114 com.android.server.wm.WindowContainer.startAnimation:1157 com.android.server.wm.AppWindowToken.applyAnimationLocked:2069 com.android.server.wm.AppWindowToken.setVisibility:468 com.android.server.wm.WindowSurfacePlacer.handleClosingApps:526 
03-24 17:48:27.486  3244  3392 I WindowManager: Reparenting to leash, surface=Surface(name=AppWindowToken{644944f token=Token{8c1aeae ActivityRecord{bf94b29 u0 com.ezviz/.main.MainTabActivity t740}}})/@0xec983b3, caller=com.android.server.wm.SurfaceAnimator.startAnimation:122 com.android.server.wm.WindowContainer.startAnimation:1157 com.android.server.wm.AppWindowToken.applyAnimationLocked:2069 com.android.server.wm.AppWindowToken.setVisibility:468 com.android.server.wm.WindowSurfacePlacer.handleClosingApps:526 
03-24 17:48:27.487  2808  2808 I SurfaceFlinger: id=37396 createSurf (5920x5920),2 flag=4, Surface(name=AppWindowToken{644944f token=Token{8c1aeae ActivityRecord{bf94b29 u0 com.ezviz/.main.MainTabActivity t740}}})/@0xec983b3 - animation-leash#0
03-24 17:48:27.489  3244  3392 D SurfaceControl: reparent is called, sc=Surface(name=AppWindowToken{644944f token=Token{8c1aeae ActivityRecord{bf94b29 u0 com.ezviz/.main.MainTabActivity t740}}})/@0xec983b3, newParentHandle=android.os.BinderProxy@68fc09f, transaction=android.view.SurfaceControl$Transaction@b02c8e9, caller=com.android.server.wm.SurfaceAnimator.createAnimationLeash:368 com.android.server.wm.SurfaceAnimator.startAnimation:122 com.android.server.wm.WindowContainer.startAnimation:1157 com.android.server.wm.AppWindowToken.applyAnimationLocked:2069 com.android.server.wm.AppWindowToken.setVisibility:468 com.android.server.wm.WindowSurfacePlacer.handleClosingApps:526 com.android.server.wm.WindowSurfacePlacer.handleAppTransitionReadyLocked:323 
03-24 17:48:27.490  3244  3392 I WindowManager: Cancelling animation restarting=true, leash=null, surface=Surface(name=AppWindowToken{4e5b18e token=Token{8b20d89 ActivityRecord{324c090 u0 com.ezviz/.realplay.MultiRealPlayActivity t740}}})/@0xc39c7bb, parent=Surface(name=Task=740)/@0x78920b7, caller=com.android.server.wm.SurfaceAnimator.startAnimation:114 com.android.server.wm.WindowContainer.startAnimation:1157 com.android.server.wm.AppWindowToken.applyAnimationLocked:2069 com.android.server.wm.AppWindowToken.setVisibility:468 com.android.server.wm.WindowSurfacePlacer.handleOpeningApps:481 
03-24 17:48:27.490  3244  3392 I WindowManager: Reparenting to leash, surface=Surface(name=AppWindowToken{4e5b18e token=Token{8b20d89 ActivityRecord{324c090 u0 com.ezviz/.realplay.MultiRealPlayActivity t740}}})/@0xc39c7bb, caller=com.android.server.wm.SurfaceAnimator.startAnimation:122 com.android.server.wm.WindowContainer.startAnimation:1157 com.android.server.wm.AppWindowToken.applyAnimationLocked:2069 com.android.server.wm.AppWindowToken.setVisibility:468 com.android.server.wm.WindowSurfacePlacer.handleOpeningApps:481 
03-24 17:48:27.493  2808  2808 I SurfaceFlinger: id=37397 createSurf (5920x5920),2 flag=4, Surface(name=AppWindowToken{4e5b18e token=Token{8b20d89 ActivityRecord{324c090 u0 com.ezviz/.realplay.MultiRealPlayActivity t740}}})/@0xc39c7bb - animation-leash#0
03-24 17:48:27.495  3244  3392 D SurfaceControl: reparent is called, sc=Surface(name=AppWindowToken{4e5b18e token=Token{8b20d89 ActivityRecord{324c090 u0 com.ezviz/.realplay.MultiRealPlayActivity t740}}})/@0xc39c7bb, newParentHandle=android.os.BinderProxy@51734d8, transaction=android.view.SurfaceControl$Transaction@40b8031, caller=com.android.server.wm.SurfaceAnimator.createAnimationLeash:368 com.android.server.wm.SurfaceAnimator.startAnimation:122 com.android.server.wm.WindowContainer.startAnimation:1157 com.android.server.wm.AppWindowToken.applyAnimationLocked:2069 com.android.server.wm.AppWindowToken.setVisibility:468 com.android.server.wm.WindowSurfacePlacer.handleOpeningApps:481 com.android.server.wm.WindowSurfacePlacer.handleAppTransitionReadyLocked:325 
03-24 17:48:27.499  3244  3392 V WindowManager: performShowLocked: mDrawState=HAS_DRAWN in Window{b1803a7 u0 com.ezviz/com.ezviz.realplay.MultiRealPlayActivity}
03-24 17:48:27.501  2808  3290 D Layer   : [AppWindowToken{4e5b18e token=Token{8b20d89 ActivityRecord{324c090 u0 com.ezviz/.realplay.MultiRealPlayActivity t740}}}#0]::reparent oldParent:[Task=740#0], newParent:[Surface(name=AppWindowToken{4e5b18e token=Token{8b20d89 ActivityRecord{324c090 u0 com.ezviz/.realplay.MultiRealPlayActivity t740}}})/@0xc39c7bb - animation-leash#0]
03-24 17:48:27.501  2808  3290 D Layer   : [AppWindowToken{644944f token=Token{8c1aeae ActivityRecord{bf94b29 u0 com.ezviz/.main.MainTabActivity t740}}}#0]::reparent oldParent:[Task=740#0], newParent:[Surface(name=AppWindowToken{644944f token=Token{8c1aeae ActivityRecord{bf94b29 u0 com.ezviz/.main.MainTabActivity t740}}})/@0xec983b3 - animation-leash#0]
03-24 17:48:27.506  3244  3278 D PersonaManagerService: notifyActivityDrawn u0 ComponentInfo{com.ezviz/com.ezviz.realplay.MultiRealPlayActivity} showWhenLocked=false type=1 windowingMode=1 fullscreen=true dockSide=-1
03-24 17:48:27.506 28083 28083 V InputMethodManager: Starting input: tba=com.ezviz ic=null mNaviBarColor -855310 mIsGetNaviBarColorSuccess true , NavVisible : true , NavTrans : false
03-24 17:48:27.506  3244  3278 I ActivityManager: Displayed com.ezviz/.realplay.MultiRealPlayActivity: +617ms
03-24 17:48:27.507  3244  6061 V InputMethodManagerService: windowGainedFocus : reason=WINDOW_FOCUS_GAIN client=android.os.BinderProxy@83ae06d inputContext=null missingMethods= attribute=android.view.inputmethod.EditorInfo@a46eaa2 nm = com.ezviz controlFlags=#105 softInputMode=#110 windowFlags=#81810180
03-24 17:48:27.516  3244  6061 D WindowManager: finishDrawingWindow: Window{b1803a7 u0 com.ezviz/com.ezviz.realplay.MultiRealPlayActivity} mDrawState=HAS_DRAWN
03-24 17:48:27.518  3244  6061 D ActivityManager: setRequestedOrientation(4) from com.ezviz
03-24 17:48:27.528  2808  2808 I SurfaceFlinger:      Device | 0x7039239230 | 0002 | RGBA_8888 |   0.0    1.0 1440.0 2960.0 |    0    0 1440 2959 | com.ezviz/com.ezviz.main.MainTabActivity[28083]#0
03-24 17:48:27.528  2808  2808 I SurfaceFlinger:      Device | 0x70392398c0 | 0000 | RGBA_8888 |   0.0    0.0 1440.0 2268.0 |    0  692 1440 2960 | com.ezviz/com.ezviz.realplay.MultiRealPlayActivity[28083]#0
03-24 17:48:27.543  2808  2808 I SurfaceFlinger:      Device | 0x7039239230 | 0002 | RGBA_8888 |   0.0    2.0 1440.0 2960.0 |    0    0 1440 2958 | com.ezviz/com.ezviz.main.MainTabActivity[28083]#0
03-24 17:48:27.543  2808  2808 I SurfaceFlinger:      Device | 0x70392398c0 | 0000 | RGBA_8888 |   0.0    0.0 1440.0 2295.0 |    0  665 1440 2960 | com.ezviz/com.ezviz.realplay.MultiRealPlayActivity[28083]#0
03-24 17:48:27.658  3244  6061 D ActivityManager: setRequestedOrientation(4) from com.ezviz
03-24 17:48:27.789  3244  3392 I WindowManager: reset, Reparenting to original parent, shouldDeferScheduleAnimation=true, destroyLeash=true, surface=Surface(name=AppWindowToken{4e5b18e token=Token{8b20d89 ActivityRecord{324c090 u0 com.ezviz/.realplay.MultiRealPlayActivity t740}}})/@0xc39c7bb, parent=Surface(name=Task=740)/@0x78920b7, parentNativeHandle=android.os.BinderProxy@8b6dfec, caller=com.android.server.wm.SurfaceAnimator.lambda$getFinishedCallback$0:89 com.android.server.wm.-$$Lambda$SurfaceAnimator$SIBia0mND666K8lMCPsoid8pUTI.run:4 com.android.server.wm.AnimatingAppWindowTokenRegistry.endDeferringFinished:104 com.android.server.wm.AnimatingAppWindowTokenRegistry.notifyAboutToFinish:77 com.android.server.wm.AppWindowToken.shouldDeferAnimationFinish:2167 
03-24 17:48:27.789  3244  3392 D SurfaceControl: reparent is called, sc=Surface(name=AppWindowToken{4e5b18e token=Token{8b20d89 ActivityRecord{324c090 u0 com.ezviz/.realplay.MultiRealPlayActivity t740}}})/@0xc39c7bb, newParentHandle=android.os.BinderProxy@8b6dfec, transaction=android.view.SurfaceControl$Transaction@40b8031, caller=com.android.server.wm.SurfaceAnimator.reset:317 com.android.server.wm.SurfaceAnimator.lambda$getFinishedCallback$0:89 com.android.server.wm.-$$Lambda$SurfaceAnimator$SIBia0mND666K8lMCPsoid8pUTI.run:4 com.android.server.wm.AnimatingAppWindowTokenRegistry.endDeferringFinished:104 com.android.server.wm.AnimatingAppWindowTokenRegistry.notifyAboutToFinish:77 com.android.server.wm.AppWindowToken.shouldDeferAnimationFinish:2167 com.android.server.wm.SurfaceAnimator.lambda$getFinishedCallback$1:95 
03-24 17:48:27.789  3244  3392 D SurfaceControl: destroy(case2), animation-leash is destroyed, sc=Surface(name=Surface(name=AppWindowToken{4e5b18e token=Token{8b20d89 ActivityRecord{324c090 u0 com.ezviz/.realplay.MultiRealPlayActivity t740}}})/@0xc39c7bb - animation-leash)/@0xee6ee6d, transaction=android.view.SurfaceControl$Transaction@40b8031, caller=com.android.server.wm.SurfaceAnimator.reset:324 com.android.server.wm.SurfaceAnimator.lambda$getFinishedCallback$0:89 com.android.server.wm.-$$Lambda$SurfaceAnimator$SIBia0mND666K8lMCPsoid8pUTI.run:4 com.android.server.wm.AnimatingAppWindowTokenRegistry.endDeferringFinished:104 com.android.server.wm.AnimatingAppWindowTokenRegistry.notifyAboutToFinish:77 com.android.server.wm.AppWindowToken.shouldDeferAnimationFinish:2167 com.android.server.wm.SurfaceAnimator.lambda$getFinishedCallback$1:95 
03-24 17:48:27.790  3244  3392 I WindowManager: reset, Reparenting to original parent, shouldDeferScheduleAnimation=false, destroyLeash=true, surface=Surface(name=AppWindowToken{644944f token=Token{8c1aeae ActivityRecord{bf94b29 u0 com.ezviz/.main.MainTabActivity t740}}})/@0xec983b3, parent=Surface(name=Task=740)/@0x78920b7, parentNativeHandle=android.os.BinderProxy@8b6dfec, caller=com.android.server.wm.SurfaceAnimator.lambda$getFinishedCallback$0:89 com.android.server.wm.-$$Lambda$SurfaceAnimator$SIBia0mND666K8lMCPsoid8pUTI.run:4 com.android.server.wm.SurfaceAnimator.lambda$getFinishedCallback$1:96 com.android.server.wm.-$$Lambda$SurfaceAnimator$vdRZk66hQVbQCvVXEaQCT1kVmFc.onAnimationFinished:4 com.android.server.wm.LocalAnimationAdapter.lambda$startAnimation$0:65 
03-24 17:48:27.790  3244  3392 D SurfaceControl: reparent is called, sc=Surface(name=AppWindowToken{644944f token=Token{8c1aeae ActivityRecord{bf94b29 u0 com.ezviz/.main.MainTabActivity t740}}})/@0xec983b3, newParentHandle=android.os.BinderProxy@8b6dfec, transaction=android.view.SurfaceControl$Transaction@b02c8e9, caller=com.android.server.wm.SurfaceAnimator.reset:317 com.android.server.wm.SurfaceAnimator.lambda$getFinishedCallback$0:89 com.android.server.wm.-$$Lambda$SurfaceAnimator$SIBia0mND666K8lMCPsoid8pUTI.run:4 com.android.server.wm.SurfaceAnimator.lambda$getFinishedCallback$1:96 com.android.server.wm.-$$Lambda$SurfaceAnimator$vdRZk66hQVbQCvVXEaQCT1kVmFc.onAnimationFinished:4 com.android.server.wm.LocalAnimationAdapter.lambda$startAnimation$0:65 com.android.server.wm.-$$Lambda$LocalAnimationAdapter$X--EomqUvw4qy89IeeTFTH7aCMo.run:4 
03-24 17:48:27.790  3244  3392 D SurfaceControl: destroy(case2), animation-leash is destroyed, sc=Surface(name=Surface(name=AppWindowToken{644944f token=Token{8c1aeae ActivityRecord{bf94b29 u0 com.ezviz/.main.MainTabActivity t740}}})/@0xec983b3 - animation-leash)/@0x1dfa5ec, transaction=android.view.SurfaceControl$Transaction@b02c8e9, caller=com.android.server.wm.SurfaceAnimator.reset:324 com.android.server.wm.SurfaceAnimator.lambda$getFinishedCallback$0:89 com.android.server.wm.-$$Lambda$SurfaceAnimator$SIBia0mND666K8lMCPsoid8pUTI.run:4 com.android.server.wm.SurfaceAnimator.lambda$getFinishedCallback$1:96 com.android.server.wm.-$$Lambda$SurfaceAnimator$vdRZk66hQVbQCvVXEaQCT1kVmFc.onAnimationFinished:4 com.android.server.wm.LocalAnimationAdapter.lambda$startAnimation$0:65 com.android.server.wm.-$$Lambda$LocalAnimationAdapter$X--EomqUvw4qy89IeeTFTH7aCMo.run:4 
03-24 17:48:27.791  2808  3290 D Layer   : [AppWindowToken{4e5b18e token=Token{8b20d89 ActivityRecord{324c090 u0 com.ezviz/.realplay.MultiRealPlayActivity t740}}}#0]::reparent oldParent:[Surface(name=AppWindowToken{4e5b18e token=Token{8b20d89 ActivityRecord{324c090 u0 com.ezviz/.realplay.MultiRealPlayActivity t740}}})/@0xc39c7bb - animation-leash#0], newParent:[Task=740#0]
03-24 17:48:27.791  2808  3290 D Layer   : [AppWindowToken{644944f token=Token{8c1aeae ActivityRecord{bf94b29 u0 com.ezviz/.main.MainTabActivity t740}}}#0]::reparent oldParent:[Surface(name=AppWindowToken{644944f token=Token{8c1aeae ActivityRecord{bf94b29 u0 com.ezviz/.main.MainTabActivity t740}}})/@0xec983b3 - animation-leash#0], newParent:[Task=740#0]
03-24 17:48:27.791  2808  3290 I SurfaceFlinger: id=37397 Removed Surface(name=AppWindowToken{4e5b18e token=Token{8b20d89 ActivityRecord{324c090 u0 com.ezviz/.realplay.MultiRealPlayActivity t740}}})/@0xc39c7bb - animation-leash#0 (1/71)
03-24 17:48:27.791  2808  3290 I SurfaceFlinger: id=37396 Removed Surface(name=AppWindowToken{644944f token=Token{8c1aeae ActivityRecord{bf94b29 u0 com.ezviz/.main.MainTabActivity t740}}})/@0xec983b3 - animation-leash#0 (0/69)
03-24 17:48:27.799  3244  3479 D WifiTrafficPoller: TrafficStats TxPkts=1766211 RxPkts=8225699 TxBytes=289008667 RxBytes=10784247629 , Foreground uid=10931 pkgName=com.ezviz TxPackets=5603 RxPackets=4411 TxBytes=809263 RxBytes=2484345
03-24 17:48:27.806  2808  2808 I Layer   : id=37396 onRemoved Surface(name=AppWindowToken{644944f token=Token{8c1aeae ActivityRecord{bf94b29 u0 com.ezviz/.main.MainTabActivity t740}}})/@0xec983b3 - animation-leash#0 
03-24 17:48:27.806  2808  2808 I Layer   : id=37397 onRemoved Surface(name=AppWindowToken{4e5b18e token=Token{8b20d89 ActivityRecord{324c090 u0 com.ezviz/.realplay.MultiRealPlayActivity t740}}})/@0xc39c7bb - animation-leash#0 
03-24 17:48:27.812  2808  2808 I SurfaceFlinger:      Device | 0x70392391c0 | 0000 | RGBA_8888 |   0.0    0.0 1440.0 2960.0 |    0    0 1440 2960 | com.ezviz/com.ezviz.realplay.MultiRealPlayActivity[28083]#0
03-24 17:48:27.827  2808  2808 I SurfaceFlinger:      Device | 0x7039239540 | 0000 | RGBA_8888 |   0.0    0.0 1440.0 2960.0 |    0    0 1440 2960 | com.ezviz/com.ezviz.realplay.MultiRealPlayActivity[28083]#0
03-24 17:48:27.856  3244  6061 V WindowManager: Relayout Window{d3c0f79 u0 com.ezviz/com.ezviz.main.MainTabActivity}: viewVisibility=8 req=1440x2960 {(0,0)(fillxfill) sim={adjust=pan forwardNavigation} ty=BASE_APPLICATION wanim=0x10302ec
03-24 17:48:28.148  2808  2808 I SurfaceFlinger:      Device | 0x7039239460 | 0000 | RGBA_8888 |   0.0    0.0 1438.0  810.0 |    2  240 1440 1050 | SurfaceView - com.ezviz/com.ezviz.re[...]iRealPlayActivity@6695b21@0[28083]#0
03-24 17:48:28.148  2808  2808 I SurfaceFlinger:      Device | 0x7039239540 | 0000 | RGBA_8888 |   0.0    0.0 1440.0 2960.0 |    0    0 1440 2960 | com.ezviz/com.ezviz.realplay.MultiRealPlayActivity[28083]#0
03-24 17:48:29.490  3244  3446 I clp-JNI : CLP add process info start. (channel) b1803a7 com.ezviz/com.ezviz.realplay.MultiRealPlayActivity (server) (pkg) AppWindowToken{4e5b18e token=Token{8b20d89 ActivityRecord{324c090 u0 com.ezviz/.realplay.MultiRealPlayActivity t740}}} (action) 0
03-24 17:48:29.547  3244  3446 I clp-JNI : CLP add process info start. (channel) b1803a7 com.ezviz/com.ezviz.realplay.MultiRealPlayActivity (server) (pkg) AppWindowToken{4e5b18e token=Token{8b20d89 ActivityRecord{324c090 u0 com.ezviz/.realplay.MultiRealPlayActivity t740}}} (action) 1
03-24 17:48:31.863  3244  3479 D WifiTrafficPoller: TrafficStats TxPkts=1766364 RxPkts=8225854 TxBytes=289019067 RxBytes=10784361363 , Foreground uid=10931 pkgName=com.ezviz TxPackets=5752 RxPackets=4560 TxBytes=819555 RxBytes=2597823
03-24 17:48:33.696  3244  3446 I clp-JNI : CLP add process info start. (channel) b1803a7 com.ezviz/com.ezviz.realplay.MultiRealPlayActivity (server) (pkg) AppWindowToken{4e5b18e token=Token{8b20d89 ActivityRecord{324c090 u0 com.ezviz/.realplay.MultiRealPlayActivity t740}}} (action) 0
03-24 17:48:33.779  3244  3446 I clp-JNI : CLP add process info start. (channel) b1803a7 com.ezviz/com.ezviz.realplay.MultiRealPlayActivity (server) (pkg) AppWindowToken{4e5b18e token=Token{8b20d89 ActivityRecord{324c090 u0 com.ezviz/.realplay.MultiRealPlayActivity t740}}} (action) 1
03-24 17:48:33.785 28083 28083 D SurfaceView: hide() Surface(name=SurfaceView - com.ezviz/com.ezviz.realplay.MultiRealPlayActivity@6695b21@0[28083])/@0x286dda2 false false android.view.SurfaceView{6695b21 I.E...... ......I. 0,0-1440,810 #7f0d08d7 app:id/surface_view}
03-24 17:48:33.786  2808  3290 I SurfaceFlinger: id=37394 Removed SurfaceView - com.ezviz/com.ezviz.realplay.MultiRealPlayActivity@6695b21@0[28083]#0 (1/67)
03-24 17:48:33.786 28083 28083 D SurfaceView: destroy() Surface(name=SurfaceView - com.ezviz/com.ezviz.realplay.MultiRealPlayActivity@6695b21@0[28083])/@0x286dda2 android.view.SurfaceView{6695b21 I.E...... ......I. 0,0-1440,810 #7f0d08d7 app:id/surface_view}
03-24 17:48:33.786  2808  3290 I SurfaceFlinger: id=37395 Removed Background for -SurfaceView - com.ezviz/com.ezviz.realplay.MultiRealPlayActivity@6695b21@0[28083]#0 (0/66)
03-24 17:48:33.788  2808  2808 I SurfaceFlinger: id=37400 createSurf (1440x810),1 flag=4, SurfaceView - com.ezviz/com.ezviz.realplay.MultiRealPlayActivity@6695b21@1[28083]#0
03-24 17:48:33.788  2808  2808 I SurfaceFlinger: id=37401 createSurf (1440x810),1024 flag=20004, Background for -SurfaceView - com.ezviz/com.ezviz.realplay.MultiRealPlayActivity@6695b21@1[28083]#0
03-24 17:48:33.789 28083 28083 D SurfaceView: hide() Surface(name=SurfaceView - com.ezviz/com.ezviz.realplay.MultiRealPlayActivity@6695b21@1[28083])/@0x3537e0c false true android.view.SurfaceView{6695b21 V.E...... ......ID 0,0-1440,810 #7f0d08d7 app:id/surface_view}
03-24 17:48:33.790  3244  6061 D WindowManager: finishDrawingWindow: Window{b1803a7 u0 com.ezviz/com.ezviz.realplay.MultiRealPlayActivity} mDrawState=HAS_DRAWN
03-24 17:48:33.793  3244  3244 D Telecom:SamsungPrebindingServiceImpl: onTopActivityChanged ComponentInfo{com.ezviz/com.ezviz.main.MainTabActivity}
03-24 17:48:33.794  2808  3290 E BufferQueueProducer: [SurfaceView - com.ezviz/com.ezviz.realplay.MultiRealPlayActivity@6695b21@0[28083]#0] dequeueBuffer: BufferQueue has no connected producer
03-24 17:48:33.795  2808  3290 E BufferQueueProducer: [SurfaceView - com.ezviz/com.ezviz.realplay.MultiRealPlayActivity@6695b21@0[28083]#0] dequeueBuffer: BufferQueue has no connected producer
03-24 17:48:33.795  2808  3290 E BufferQueueProducer: [SurfaceView - com.ezviz/com.ezviz.realplay.MultiRealPlayActivity@6695b21@0[28083]#0] dequeueBuffer: BufferQueue has no connected producer
03-24 17:48:33.795  2808  3290 E BufferQueueProducer: [SurfaceView - com.ezviz/com.ezviz.realplay.MultiRealPlayActivity@6695b21@0[28083]#0] dequeueBuffer: BufferQueue has no connected producer
03-24 17:48:33.796  2808  3290 E BufferQueueProducer: [SurfaceView - com.ezviz/com.ezviz.realplay.MultiRealPlayActivity@6695b21@0[28083]#0] disconnect: not connected (req=1)
03-24 17:48:33.798  3244  6061 D ActivityManager: setRequestedOrientation(1) from com.ezviz
03-24 17:48:33.799  2808  2808 I Layer   : id=37395 onRemoved Background for -SurfaceView - com.ezviz/com.ezviz.realplay.MultiRealPlayActivity@6695b21@0[28083]#0 
03-24 17:48:33.799  2808  2808 I Layer   : id=37394 onRemoved SurfaceView - com.ezviz/com.ezviz.realplay.MultiRealPlayActivity@6695b21@0[28083]#0 
03-24 17:48:33.805  2808  2808 I SurfaceFlinger:      Device | 0x70392391c0 | 0000 | RGBA_8888 |   0.0    0.0 1440.0 2960.0 |    0    0 1440 2960 | com.ezviz/com.ezviz.realplay.MultiRealPlayActivity[28083]#0
03-24 17:48:33.834  3244  4555 E WindowManager: win=Window{d3c0f79 u0 com.ezviz/com.ezviz.main.MainTabActivity} destroySurfaces: appStopped=false win.mWindowRemovalAllowed=false win.mRemoveOnExit=false win.mViewVisibility=8 caller=com.android.server.wm.AppWindowToken.destroySurfaces:831 com.android.server.wm.AppWindowToken.notifyAppResumed:851 com.android.server.wm.AppWindowContainerController.notifyAppResumed:810 com.android.server.am.ActivityRecord.notifyAppResumed:1948 com.android.server.am.ActivityStack.resumeTopActivityInnerLocked:3178 com.android.server.am.ActivityStack.resumeTopActivityInnerLocked:2750 com.android.server.am.ActivityStack.resumeTopActivityUncheckedLocked:2695 
03-24 17:48:33.835  3244  4555 D GameManagerService: noteResumeComponent(), resumeComponent: com.ezviz
03-24 17:48:33.835  3244  3657 D GameManagerService: handleForegroundChange(). pkgName: com.ezviz, clsName: com.ezviz.main.MainTabActivity,FgActivityName:com.ezviz/.main.MainTabActivity
03-24 17:48:33.837  3244  4555 D MARsPolicyManager: onPackageResumedFG pkgName = com.ezviz, userId = 0
03-24 17:48:33.838  3244  3244 D Telecom:SamsungPrebindingServiceImpl: onTopActivityChanged ComponentInfo{com.ezviz/com.ezviz.main.MainTabActivity}
03-24 17:48:33.840  3244  4555 I WindowManager: Cancelling animation restarting=true, leash=null, surface=Surface(name=AppWindowToken{4e5b18e token=Token{8b20d89 ActivityRecord{324c090 u0 com.ezviz/.realplay.MultiRealPlayActivity t740}}})/@0xc39c7bb, parent=Surface(name=Task=740)/@0x78920b7, caller=com.android.server.wm.SurfaceAnimator.startAnimation:114 com.android.server.wm.WindowContainer.startAnimation:1157 com.android.server.wm.AppWindowToken.applyAnimationLocked:2069 com.android.server.wm.AppWindowToken.setVisibility:468 com.android.server.wm.WindowSurfacePlacer.handleClosingApps:526 
03-24 17:48:33.840  3244  4555 I WindowManager: Reparenting to leash, surface=Surface(name=AppWindowToken{4e5b18e token=Token{8b20d89 ActivityRecord{324c090 u0 com.ezviz/.realplay.MultiRealPlayActivity t740}}})/@0xc39c7bb, caller=com.android.server.wm.SurfaceAnimator.startAnimation:122 com.android.server.wm.WindowContainer.startAnimation:1157 com.android.server.wm.AppWindowToken.applyAnimationLocked:2069 com.android.server.wm.AppWindowToken.setVisibility:468 com.android.server.wm.WindowSurfacePlacer.handleClosingApps:526 
03-24 17:48:33.841  2808  2808 I SurfaceFlinger: id=37402 createSurf (5920x5920),2 flag=4, Surface(name=AppWindowToken{4e5b18e token=Token{8b20d89 ActivityRecord{324c090 u0 com.ezviz/.realplay.MultiRealPlayActivity t740}}})/@0xc39c7bb - animation-leash#0
03-24 17:48:33.843  3244  4555 D SurfaceControl: reparent is called, sc=Surface(name=AppWindowToken{4e5b18e token=Token{8b20d89 ActivityRecord{324c090 u0 com.ezviz/.realplay.MultiRealPlayActivity t740}}})/@0xc39c7bb, newParentHandle=android.os.BinderProxy@9ad8b4, transaction=android.view.SurfaceControl$Transaction@40b8031, caller=com.android.server.wm.SurfaceAnimator.createAnimationLeash:368 com.android.server.wm.SurfaceAnimator.startAnimation:122 com.android.server.wm.WindowContainer.startAnimation:1157 com.android.server.wm.AppWindowToken.applyAnimationLocked:2069 com.android.server.wm.AppWindowToken.setVisibility:468 com.android.server.wm.WindowSurfacePlacer.handleClosingApps:526 com.android.server.wm.WindowSurfacePlacer.handleAppTransitionReadyLocked:323 
03-24 17:48:33.844  3244  4555 I WindowManager: Cancelling animation restarting=true, leash=null, surface=Surface(name=AppWindowToken{644944f token=Token{8c1aeae ActivityRecord{bf94b29 u0 com.ezviz/.main.MainTabActivity t740}}})/@0xec983b3, parent=Surface(name=Task=740)/@0x78920b7, caller=com.android.server.wm.SurfaceAnimator.startAnimation:114 com.android.server.wm.WindowContainer.startAnimation:1157 com.android.server.wm.AppWindowToken.applyAnimationLocked:2069 com.android.server.wm.AppWindowToken.setVisibility:468 com.android.server.wm.WindowSurfacePlacer.handleOpeningApps:481 
03-24 17:48:33.845  3244  4555 I WindowManager: Reparenting to leash, surface=Surface(name=AppWindowToken{644944f token=Token{8c1aeae ActivityRecord{bf94b29 u0 com.ezviz/.main.MainTabActivity t740}}})/@0xec983b3, caller=com.android.server.wm.SurfaceAnimator.startAnimation:122 com.android.server.wm.WindowContainer.startAnimation:1157 com.android.server.wm.AppWindowToken.applyAnimationLocked:2069 com.android.server.wm.AppWindowToken.setVisibility:468 com.android.server.wm.WindowSurfacePlacer.handleOpeningApps:481 
03-24 17:48:33.845  2808  2808 I SurfaceFlinger: id=37403 createSurf (5920x5920),2 flag=4, Surface(name=AppWindowToken{644944f token=Token{8c1aeae ActivityRecord{bf94b29 u0 com.ezviz/.main.MainTabActivity t740}}})/@0xec983b3 - animation-leash#0
03-24 17:48:33.847  3244  4555 D SurfaceControl: reparent is called, sc=Surface(name=AppWindowToken{644944f token=Token{8c1aeae ActivityRecord{bf94b29 u0 com.ezviz/.main.MainTabActivity t740}}})/@0xec983b3, newParentHandle=android.os.BinderProxy@b878f23, transaction=android.view.SurfaceControl$Transaction@b02c8e9, caller=com.android.server.wm.SurfaceAnimator.createAnimationLeash:368 com.android.server.wm.SurfaceAnimator.startAnimation:122 com.android.server.wm.WindowContainer.startAnimation:1157 com.android.server.wm.AppWindowToken.applyAnimationLocked:2069 com.android.server.wm.AppWindowToken.setVisibility:468 com.android.server.wm.WindowSurfacePlacer.handleOpeningApps:481 com.android.server.wm.WindowSurfacePlacer.handleAppTransitionReadyLocked:325 
03-24 17:48:33.850  2808  2811 D Layer   : [AppWindowToken{4e5b18e token=Token{8b20d89 ActivityRecord{324c090 u0 com.ezviz/.realplay.MultiRealPlayActivity t740}}}#0]::reparent oldParent:[Task=740#0], newParent:[Surface(name=AppWindowToken{4e5b18e token=Token{8b20d89 ActivityRecord{324c090 u0 com.ezviz/.realplay.MultiRealPlayActivity t740}}})/@0xc39c7bb - animation-leash#0]
03-24 17:48:33.850  2808  2811 D Layer   : [AppWindowToken{644944f token=Token{8c1aeae ActivityRecord{bf94b29 u0 com.ezviz/.main.MainTabActivity t740}}}#0]::reparent oldParent:[Task=740#0], newParent:[Surface(name=AppWindowToken{644944f token=Token{8c1aeae ActivityRecord{bf94b29 u0 com.ezviz/.main.MainTabActivity t740}}})/@0xec983b3 - animation-leash#0]
03-24 17:48:33.852  3244  3278 D PersonaManagerService: notifyActivityDrawn u0 ComponentInfo{com.ezviz/com.ezviz.main.MainTabActivity} showWhenLocked=false type=1 windowingMode=1 fullscreen=true dockSide=-1
03-24 17:48:33.887  2808  2808 I SurfaceFlinger:      Device | 0x7039239230 | 0002 | RGBA_8888 |   0.0   87.0 1440.0 2960.0 |    0    0 1440 2873 | com.ezviz/com.ezviz.main.MainTabActivity[28083]#0
