03-24 17:48:17.355  3244  4172 D GameManagerService: identifyGamePackage. com.ezviz
03-24 17:48:17.355  3244  4172 D GamePkgDataHelper: getGamePkgData(). com.ezviz
03-24 17:48:17.355  3244  6061 D GamePkgDataHelper: getGamePkgDataIncServer(). com.ezviz
03-24 17:48:17.357  3244  4172 D MARsPolicyManager: onPackageResumedFG pkgName = com.ezviz, userId = 0
03-24 17:48:17.358  3244  3244 D Telecom:SamsungPrebindingServiceImpl: onTopActivityChanged ComponentInfo{com.ezviz/com.ezviz.login.LoginActivity}
03-24 17:48:17.372  3244  4108 D GamePkgDataHelper: getSosPolicy(). com.ezviz
03-24 17:48:17.380 28083 28083 V InputMethodManager: Starting input: tba=com.ezviz ic=com.android.internal.widget.EditableInputConnection@83ca55c mNaviBarColor -855310 mIsGetNaviBarColorSuccess true , NavVisible : true , NavTrans : false
03-24 17:48:17.383  3244  5790 D GameManagerService: identifyGamePackage. com.ezviz
03-24 17:48:17.383  3244  5790 D GamePkgDataHelper: getGamePkgData(). com.ezviz
03-24 17:48:17.387  3244  5790 V InputMethodManagerService: windowGainedFocus : reason=WINDOW_FOCUS_GAIN client=android.os.BinderProxy@83ae06d inputContext=com.android.internal.view.IInputContext$Stub$Proxy@d145c26 missingMethods= attribute=android.view.inputmethod.EditorInfo@1230067 nm = com.ezviz controlFlags=#103 softInputMode=#12 windowFlags=#81810100
03-24 17:48:17.393 28083 28083 V InputMethodManager: Starting input: tba=com.ezviz ic=com.android.internal.widget.EditableInputConnection@140a1eb mNaviBarColor -855310 mIsGetNaviBarColorSuccess true , NavVisible : true , NavTrans : false
03-24 17:48:17.471  4239  4239 D KNOXCORE::LockSecureFolderTask: ResumedActivity userId0[com.ezviz/.login.LoginActivity]
03-24 17:48:17.511  3244  3952 D MdnieScenarioControlService:  packageName : com.ezviz    className : com.ezviz.login.LoginActivity
03-24 17:48:17.628  2808  2808 I SurfaceFlinger:      Device | 0x7039239380 | 0002 | RGBA_8888 |   0.0    0.0 1440.0 2960.0 |    0    0 1440 2960 | com.ezviz/com.ezviz.login.LoginActivity[28083]#0
03-24 17:48:17.928  3244  8711 D GameManagerService: identifyGamePackage. com.ezviz
03-24 17:48:17.928  3244  8711 D GamePkgDataHelper: getGamePkgData(). com.ezviz
03-24 17:48:19.327  3244  3446 I clp-JNI : CLP add process info start. (channel) b5bde76 com.ezviz/com.ezviz.login.LoginActivity (server) (pkg) AppWindowToken{74cb025 token=Token{4281c1c ActivityRecord{a54718f u0 com.ezviz/.login.LoginActivity t740}}} (action) 0
03-24 17:48:19.398  3244  3446 I clp-JNI : CLP add process info start. (channel) b5bde76 com.ezviz/com.ezviz.login.LoginActivity (server) (pkg) AppWindowToken{74cb025 token=Token{4281c1c ActivityRecord{a54718f u0 com.ezviz/.login.LoginActivity t740}}} (action) 1
03-24 17:48:19.441  2808  2808 I SurfaceFlinger: id=37372 createSurf (5920x5920),2 flag=4, cd6d157 com.ezviz/com.ezviz.login.LoginActivity#0
03-24 17:48:19.461  3244  6061 V WindowManager: Relayout Window{cd6d157 u0 com.ezviz/com.ezviz.login.LoginActivity}: viewVisibility=0 req=1440x2960 {(0,0)(fillxfill) gr=BOTTOM CENTER_VERTICAL sim={adjust=pan forwardNavigation} ty=APPLICATION fmt=TRANSPARENT wanim=0x1030000
03-24 17:48:19.463  3244  3267 D WindowManager: setSystemUiVisibility: vis= 0x18, fullscreenVis= 0x0, dockedVis= 0x0, win=Window{cd6d157 u0 com.ezviz/com.ezviz.login.LoginActivity}
03-24 17:48:19.470  2808  2808 D SurfaceFlinger: duplicate layer name: changing com.ezviz/com.ezviz.login.LoginActivity[28083] to com.ezviz/com.ezviz.login.LoginActivity[28083]#1
03-24 17:48:19.471  2808  2808 I SurfaceFlinger: id=37373 createSurf (1440x2960),1 flag=4, com.ezviz/com.ezviz.login.LoginActivity[28083]#1
03-24 17:48:19.474  3244  3278 D PersonaManagerService: notifyActivityDrawn u0 ComponentInfo{com.ezviz/com.ezviz.login.LoginActivity} showWhenLocked=false type=1 windowingMode=1 fullscreen=true dockSide=-1
03-24 17:48:19.485 28083 28083 V InputMethodManager: Starting input: tba=com.ezviz ic=null mNaviBarColor -855310 mIsGetNaviBarColorSuccess true , NavVisible : true , NavTrans : false
03-24 17:48:19.486  3244  6061 V InputMethodManagerService: windowGainedFocus : reason=WINDOW_FOCUS_GAIN client=android.os.BinderProxy@83ae06d inputContext=null missingMethods= attribute=android.view.inputmethod.EditorInfo@b89d444 nm = com.ezviz controlFlags=#104 softInputMode=#120 windowFlags=#1810100
03-24 17:48:19.503  3244  6061 D WindowManager: finishDrawingWindow: Window{cd6d157 u0 com.ezviz/com.ezviz.login.LoginActivity} mDrawState=DRAW_PENDING
03-24 17:48:19.504  3244  3392 I WindowManager: commitFinishDrawingLocked: mDrawState=READY_TO_SHOW Surface(name=com.ezviz/com.ezviz.login.LoginActivity[28083])/@0x41d0e62
03-24 17:48:19.506  3244  3392 I WindowManager: commitFinishDrawingLocked: mDrawState=READY_TO_SHOW Surface(name=com.ezviz/com.ezviz.login.LoginActivity[28083])/@0x41d0e62
03-24 17:48:19.506  3244  3392 V WindowManager: performShowLocked: mDrawState=HAS_DRAWN in Window{cd6d157 u0 com.ezviz/com.ezviz.login.LoginActivity}
03-24 17:48:19.511  3244  3278 D PersonaManagerService: notifyActivityDrawn u0 ComponentInfo{com.ezviz/com.ezviz.login.LoginActivity} showWhenLocked=false type=1 windowingMode=1 fullscreen=true dockSide=-1
03-24 17:48:19.515  2808  2808 I SurfaceFlinger:      Device | 0x7039239380 | 0002 | RGBA_8888 |   0.0    0.0 1440.0 2960.0 |    0    0 1440 2960 | com.ezviz/com.ezviz.login.LoginActivity[28083]#0
03-24 17:48:19.515  2808  2808 I SurfaceFlinger:      Device | 0x7039239700 | 0000 | RGBA_8888 |   0.0    0.0 1440.0 2960.0 |    0    0 1440 2960 | com.ezviz/com.ezviz.login.LoginActivity[28083]#1
03-24 17:48:19.700  3244  3479 D WifiTrafficPoller: TrafficStats TxPkts=1765712 RxPkts=8225310 TxBytes=288942579 RxBytes=10783956211 , Foreground uid=10931 pkgName=com.ezviz TxPackets=5148 RxPackets=4058 TxBytes=752458 RxBytes=2196219
03-24 17:48:20.091 28083 28083 W System.err: 	at com.videogo.pre.http.core.adapter.call.EzvizResponseCallBack.onResponse(SourceFile:172)
03-24 17:48:20.091 28083 28083 W System.err: 	at com.videogo.pre.http.core.adapter.rxjava.EzvizResponseObserver.onNext(SourceFile:43)
03-24 17:48:20.091 28083 28083 W System.err: 	at com.videogo.pre.http.core.adapter.rxjava.EzvizResponseObserver.onNext(SourceFile:24)
03-24 17:48:20.091 28083 28083 W System.err: 	at com.videogo.pre.http.core.adapter.rxjava.EzvizCallExecuteObservable.subscribeActual(SourceFile:29)
03-24 17:48:20.091 28083 28083 W System.err: 	at com.videogo.pre.http.core.adapter.rxjava.EzvizBodyObservable.subscribeActual(SourceFile:20)
03-24 17:48:20.178  3244  5790 D WifiPermissionsUtil: canAccessScanResults: pkgName = com.ezviz, uid = 10931
03-24 17:48:20.181  3244  5790 V WindowManager: Remove Window{cd6d157 u0 com.ezviz/com.ezviz.login.LoginActivity}: mSurfaceController=Surface(name=com.ezviz/com.ezviz.login.LoginActivity[28083])/@0x41d0e62 mAnimatingExit=false mRemoveOnExit=false mHasSurface=true surfaceShowing=true isAnimationSet=false app-animation=false mWillReplaceWindow=false inPendingTransaction=false mDisplayFrozen=false callers=com.android.server.wm.WindowState.removeIfPossible:2626 com.android.server.wm.WindowManagerService.removeWindow:1908 com.android.server.wm.Session.remove:253 android.view.IWindowSession$Stub.onTransact:261 com.android.server.wm.Session.onTransact:186 android.os.Binder.execTransact:739 
03-24 17:48:20.182  3244  5790 I WindowManager: Destroying surface Surface(name=com.ezviz/com.ezviz.login.LoginActivity[28083])/@0x41d0e62 called by com.android.server.wm.WindowStateAnimator.destroySurface:1826 com.android.server.wm.WindowStateAnimator.destroySurfaceLocked:804 com.android.server.wm.WindowState.removeImmediately:2605 com.android.server.wm.WindowState.removeIfPossible:2755 com.android.server.wm.WindowState.removeIfPossible:2626 com.android.server.wm.WindowManagerService.removeWindow:1908 com.android.server.wm.Session.remove:253 android.view.IWindowSession$Stub.onTransact:261 
03-24 17:48:20.183  2808  2811 I SurfaceFlinger: id=37373 Removed com.ezviz/com.ezviz.login.LoginActivity[28083]#1 (0/64)
03-24 17:48:20.186  3244  3267 D WindowManager: setSystemUiVisibility: vis= 0x8018, fullscreenVis= 0x0, dockedVis= 0x0, win=Window{cd6d157 u0 com.ezviz/com.ezviz.login.LoginActivity}
03-24 17:48:20.188  2808  2811 I SurfaceFlinger: id=37372 Removed cd6d157 com.ezviz/com.ezviz.login.LoginActivity#0 (1/63)
03-24 17:48:20.193  2808  2808 I Layer   : id=37372 onRemoved cd6d157 com.ezviz/com.ezviz.login.LoginActivity#0 
03-24 17:48:20.193  2808  2808 I Layer   : id=37373 onRemoved com.ezviz/com.ezviz.login.LoginActivity[28083]#1 
03-24 17:48:20.200  3244  6064 I ActivityManager: START u0 {act=null typ=null flg=0x4000000 cmp=ComponentInfo{com.ezviz/com.ezviz.main.MainTabActivity}} from uid 10931
03-24 17:48:20.204  2808  2808 I SurfaceFlinger:      Device | 0x7039239380 | 0002 | RGBA_8888 |   0.0    0.0 1440.0 2960.0 |    0    0 1440 2960 | com.ezviz/com.ezviz.login.LoginActivity[28083]#0
03-24 17:48:20.217  2808  2808 I SurfaceFlinger: id=37374 createSurf (5920x5920),2 flag=4, AppWindowToken{644944f token=Token{8c1aeae ActivityRecord{bf94b29 u0 com.ezviz/.main.MainTabActivity t740}}}#0
03-24 17:48:20.225  3244  3244 D Telecom:SamsungPrebindingServiceImpl: onTopActivityChanged ComponentInfo{com.ezviz/com.ezviz.main.MainTabActivity}
03-24 17:48:20.235 28083 28083 V InputMethodManager: Starting input: tba=com.ezviz ic=com.android.internal.widget.EditableInputConnection@84f9f19 mNaviBarColor -855310 mIsGetNaviBarColorSuccess true , NavVisible : true , NavTrans : false
03-24 17:48:20.240  3244  6064 V InputMethodManagerService: windowGainedFocus : reason=WINDOW_FOCUS_GAIN client=android.os.BinderProxy@83ae06d inputContext=com.android.internal.view.IInputContext$Stub$Proxy@260266b missingMethods= attribute=android.view.inputmethod.EditorInfo@6725c8 nm = com.ezviz controlFlags=#103 softInputMode=#12 windowFlags=#81810100
03-24 17:48:20.245  3244  6064 D GamePkgDataHelper: notifyAppCreate(), pkgName: com.ezviz, sendRet: true
03-24 17:48:20.245  3244  3657 D GamePkgDataHelper: getGamePkgData(). com.ezviz
03-24 17:48:20.245  3244  3657 D GameManagerService: handleMessage(), MSG_APP_CREATE. ignore. pkgName: com.ezviz
03-24 17:48:20.248  3244  6064 D GameManagerService: noteResumeComponent(), resumeComponent: com.ezviz
03-24 17:48:20.248  3244  3657 D GameManagerService: handleForegroundChange(). pkgName: com.ezviz, clsName: com.ezviz.main.MainTabActivity,FgActivityName:com.ezviz/.main.MainTabActivity
03-24 17:48:20.251  3244  6064 D MARsPolicyManager: onPackageResumedFG pkgName = com.ezviz, userId = 0
03-24 17:48:20.252  3244  3244 D Telecom:SamsungPrebindingServiceImpl: onTopActivityChanged ComponentInfo{com.ezviz/com.ezviz.main.MainTabActivity}
03-24 17:48:20.355  4239  4239 D KNOXCORE::LockSecureFolderTask: ResumedActivity userId0[com.ezviz/.main.MainTabActivity]
03-24 17:48:20.386  3244  3397 D WifiPermissionsUtil: canAccessScanResults: pkgName = com.ezviz, uid = 10931
03-24 17:48:20.391 28083 28400 D BundleManager: getRemoteBidInfo url:https://apiius.ezvizlife.com/nodeupdate/v3/rn/check?mobileType=SM-G965U&hardCode=17cd5f5280a6c64a01a99df0e810d42e&phone=&bids=[{"bid":"ModulePIRSetting","version":"2.0.0.267978"},{"bid":"DeviceSocket","version":"2.0.0.268391"},{"bid":"DeviceW3","version":"2.0.0.263113"},{"bid":"ModulePIRSettingRCA","version":"2.0.0.263113"},{"bid":"ServiceAdvert","version":"2.0.0.267786"},{"bid":"ModuleAddDevice","version":"2.0.0.265513"},{"bid":"Pub","version":"2.0.0"},{"bid":"DeviceAlertKeyboard","version":"2.0.0.267786"},{"bid":"Core","version":"2.0.0"},{"bid":"DeviceA1S","version":"2.0.0.267786"}]
03-24 17:48:20.429  2808  2808 I SurfaceFlinger: id=37375 createSurf (5920x5920),2 flag=4, d3c0f79 com.ezviz/com.ezviz.main.MainTabActivity#0
03-24 17:48:20.439  3244  6064 D WifiPermissionsUtil: canAccessScanResults: pkgName = com.ezviz, uid = 10931
03-24 17:48:20.447  3244  6064 V WindowManager: Relayout Window{d3c0f79 u0 com.ezviz/com.ezviz.main.MainTabActivity}: viewVisibility=0 req=1440x2960 {(0,0)(fillxfill) sim={adjust=pan forwardNavigation} ty=BASE_APPLICATION wanim=0x10302ec
03-24 17:48:20.450  2808  2808 I SurfaceFlinger: id=37376 createSurf (1440x2960),1 flag=404, com.ezviz/com.ezviz.main.MainTabActivity[28083]#0
03-24 17:48:20.452  3244  3267 D WindowManager: setSystemUiVisibility: vis= 0x8018, fullscreenVis= 0x0, dockedVis= 0x0, win=Window{d3c0f79 u0 com.ezviz/com.ezviz.main.MainTabActivity}
03-24 17:48:20.469 28083 28083 V InputMethodManager: Starting input: tba=com.ezviz ic=null mNaviBarColor -855310 mIsGetNaviBarColorSuccess true , NavVisible : true , NavTrans : false
03-24 17:48:20.469  3244  4139 V InputMethodManagerService: windowGainedFocus : reason=WINDOW_FOCUS_GAIN client=android.os.BinderProxy@83ae06d inputContext=null missingMethods= attribute=android.view.inputmethod.EditorInfo@de52a35 nm = com.ezviz controlFlags=#105 softInputMode=#120 windowFlags=#81810100
03-24 17:48:20.480  3244  4139 D WindowManager: finishDrawingWindow: Window{d3c0f79 u0 com.ezviz/com.ezviz.main.MainTabActivity} mDrawState=DRAW_PENDING
03-24 17:48:20.481  3244  3392 I WindowManager: commitFinishDrawingLocked: mDrawState=READY_TO_SHOW Surface(name=com.ezviz/com.ezviz.main.MainTabActivity[28083])/@0x1c8483b
03-24 17:48:20.482  3244  3392 I WindowManager: Cancelling animation restarting=true, leash=null, surface=Surface(name=AppWindowToken{74cb025 token=Token{4281c1c ActivityRecord{a54718f u0 com.ezviz/.login.LoginActivity t740}}})/@0xb0c0068, parent=Surface(name=Task=740)/@0x78920b7, caller=com.android.server.wm.SurfaceAnimator.startAnimation:114 com.android.server.wm.WindowContainer.startAnimation:1157 com.android.server.wm.AppWindowToken.applyAnimationLocked:2069 com.android.server.wm.AppWindowToken.setVisibility:468 com.android.server.wm.WindowSurfacePlacer.handleClosingApps:526 
03-24 17:48:20.482  3244  3392 I WindowManager: Reparenting to leash, surface=Surface(name=AppWindowToken{74cb025 token=Token{4281c1c ActivityRecord{a54718f u0 com.ezviz/.login.LoginActivity t740}}})/@0xb0c0068, caller=com.android.server.wm.SurfaceAnimator.startAnimation:122 com.android.server.wm.WindowContainer.startAnimation:1157 com.android.server.wm.AppWindowToken.applyAnimationLocked:2069 com.android.server.wm.AppWindowToken.setVisibility:468 com.android.server.wm.WindowSurfacePlacer.handleClosingApps:526 
03-24 17:48:20.483  2808  2808 I SurfaceFlinger: id=37377 createSurf (5920x5920),2 flag=4, Surface(name=AppWindowToken{74cb025 token=Token{4281c1c ActivityRecord{a54718f u0 com.ezviz/.login.LoginActivity t740}}})/@0xb0c0068 - animation-leash#0
03-24 17:48:20.486  3244  3392 D SurfaceControl: reparent is called, sc=Surface(name=AppWindowToken{74cb025 token=Token{4281c1c ActivityRecord{a54718f u0 com.ezviz/.login.LoginActivity t740}}})/@0xb0c0068, newParentHandle=android.os.BinderProxy@3798d96, transaction=android.view.SurfaceControl$Transaction@be92d17, caller=com.android.server.wm.SurfaceAnimator.createAnimationLeash:368 com.android.server.wm.SurfaceAnimator.startAnimation:122 com.android.server.wm.WindowContainer.startAnimation:1157 com.android.server.wm.AppWindowToken.applyAnimationLocked:2069 com.android.server.wm.AppWindowToken.setVisibility:468 com.android.server.wm.WindowSurfacePlacer.handleClosingApps:526 com.android.server.wm.WindowSurfacePlacer.handleAppTransitionReadyLocked:323 
03-24 17:48:20.487  3244  3392 I WindowManager: Cancelling animation restarting=true, leash=null, surface=Surface(name=AppWindowToken{644944f token=Token{8c1aeae ActivityRecord{bf94b29 u0 com.ezviz/.main.MainTabActivity t740}}})/@0xec983b3, parent=Surface(name=Task=740)/@0x78920b7, caller=com.android.server.wm.SurfaceAnimator.startAnimation:114 com.android.server.wm.WindowContainer.startAnimation:1157 com.android.server.wm.AppWindowToken.applyAnimationLocked:2069 com.android.server.wm.AppWindowToken.setVisibility:468 com.android.server.wm.WindowSurfacePlacer.handleOpeningApps:481 
03-24 17:48:20.487  3244  3392 I WindowManager: Reparenting to leash, surface=Surface(name=AppWindowToken{644944f token=Token{8c1aeae ActivityRecord{bf94b29 u0 com.ezviz/.main.MainTabActivity t740}}})/@0xec983b3, caller=com.android.server.wm.SurfaceAnimator.startAnimation:122 com.android.server.wm.WindowContainer.startAnimation:1157 com.android.server.wm.AppWindowToken.applyAnimationLocked:2069 com.android.server.wm.AppWindowToken.setVisibility:468 com.android.server.wm.WindowSurfacePlacer.handleOpeningApps:481 
03-24 17:48:20.488  2808  2808 I SurfaceFlinger: id=37378 createSurf (5920x5920),2 flag=4, Surface(name=AppWindowToken{644944f token=Token{8c1aeae ActivityRecord{bf94b29 u0 com.ezviz/.main.MainTabActivity t740}}})/@0xec983b3 - animation-leash#0
03-24 17:48:20.491  3244  3392 D SurfaceControl: reparent is called, sc=Surface(name=AppWindowToken{644944f token=Token{8c1aeae ActivityRecord{bf94b29 u0 com.ezviz/.main.MainTabActivity t740}}})/@0xec983b3, newParentHandle=android.os.BinderProxy@15fcd70, transaction=android.view.SurfaceControl$Transaction@b02c8e9, caller=com.android.server.wm.SurfaceAnimator.createAnimationLeash:368 com.android.server.wm.SurfaceAnimator.startAnimation:122 com.android.server.wm.WindowContainer.startAnimation:1157 com.android.server.wm.AppWindowToken.applyAnimationLocked:2069 com.android.server.wm.AppWindowToken.setVisibility:468 com.android.server.wm.WindowSurfacePlacer.handleOpeningApps:481 com.android.server.wm.WindowSurfacePlacer.handleAppTransitionReadyLocked:325 
03-24 17:48:20.497  3244  3392 V WindowManager: performShowLocked: mDrawState=HAS_DRAWN in Window{d3c0f79 u0 com.ezviz/com.ezviz.main.MainTabActivity}
03-24 17:48:20.499  2808  2812 D Layer   : [AppWindowToken{74cb025 token=Token{4281c1c ActivityRecord{a54718f u0 com.ezviz/.login.LoginActivity t740}}}#0]::reparent oldParent:[Task=740#0], newParent:[Surface(name=AppWindowToken{74cb025 token=Token{4281c1c ActivityRecord{a54718f u0 com.ezviz/.login.LoginActivity t740}}})/@0xb0c0068 - animation-leash#0]
03-24 17:48:20.499  2808  2812 D Layer   : [AppWindowToken{644944f token=Token{8c1aeae ActivityRecord{bf94b29 u0 com.ezviz/.main.MainTabActivity t740}}}#0]::reparent oldParent:[Task=740#0], newParent:[Surface(name=AppWindowToken{644944f token=Token{8c1aeae ActivityRecord{bf94b29 u0 com.ezviz/.main.MainTabActivity t740}}})/@0xec983b3 - animation-leash#0]
03-24 17:48:20.504  3244  3278 D PersonaManagerService: notifyActivityDrawn u0 ComponentInfo{com.ezviz/com.ezviz.main.MainTabActivity} showWhenLocked=false type=1 windowingMode=1 fullscreen=true dockSide=-1
03-24 17:48:20.505  3244  3278 I ActivityManager: Displayed com.ezviz/.main.MainTabActivity: +254ms
03-24 17:48:20.532  2808  2808 I SurfaceFlinger:      Device | 0x7039239380 | 0002 | RGBA_8888 |   0.0    1.0 1440.0 2960.0 |    0    0 1440 2959 | com.ezviz/com.ezviz.login.LoginActivity[28083]#0
03-24 17:48:20.532  2808  2808 I SurfaceFlinger:      Device | 0x7039239850 | 0002 | RGBA_8888 |   0.0    0.0 1440.0 2268.0 |    0  692 1440 2960 | com.ezviz/com.ezviz.main.MainTabActivity[28083]#0
03-24 17:48:20.550  2808  2808 I SurfaceFlinger:      Device | 0x7039239380 | 0002 | RGBA_8888 |   0.0    2.0 1440.0 2960.0 |    0    0 1440 2958 | com.ezviz/com.ezviz.login.LoginActivity[28083]#0
03-24 17:48:20.550  2808  2808 I SurfaceFlinger:      Device | 0x70398393d0 | 0002 | RGBA_8888 |   0.0    0.0 1440.0 2295.0 |    0  665 1440 2960 | com.ezviz/com.ezviz.main.MainTabActivity[28083]#0
03-24 17:48:20.632  2808  2808 I SurfaceFlinger:      Device | 0x7039239380 | 0002 | RGBA_8888 |   0.0   28.0 1440.0 2960.0 |    0    0 1440 2932 | com.ezviz/com.ezviz.login.LoginActivity[28083]#0
03-24 17:48:20.632  2808  2808 I SurfaceFlinger:      Device | 0x7039239850 | 0002 | RGBA_8888 |   0.0    0.0 1440.0 2750.0 |    0  210 1440 2960 | com.ezviz/com.ezviz.main.MainTabActivity[28083]#0
03-24 17:48:20.812  3244  3392 I WindowManager: reset, Reparenting to original parent, shouldDeferScheduleAnimation=true, destroyLeash=true, surface=Surface(name=AppWindowToken{644944f token=Token{8c1aeae ActivityRecord{bf94b29 u0 com.ezviz/.main.MainTabActivity t740}}})/@0xec983b3, parent=Surface(name=Task=740)/@0x78920b7, parentNativeHandle=android.os.BinderProxy@8b6dfec, caller=com.android.server.wm.SurfaceAnimator.lambda$getFinishedCallback$0:89 com.android.server.wm.-$$Lambda$SurfaceAnimator$SIBia0mND666K8lMCPsoid8pUTI.run:4 com.android.server.wm.AnimatingAppWindowTokenRegistry.endDeferringFinished:104 com.android.server.wm.AnimatingAppWindowTokenRegistry.notifyAboutToFinish:77 com.android.server.wm.AppWindowToken.shouldDeferAnimationFinish:2167 
03-24 17:48:20.812  3244  3392 D SurfaceControl: reparent is called, sc=Surface(name=AppWindowToken{644944f token=Token{8c1aeae ActivityRecord{bf94b29 u0 com.ezviz/.main.MainTabActivity t740}}})/@0xec983b3, newParentHandle=android.os.BinderProxy@8b6dfec, transaction=android.view.SurfaceControl$Transaction@b02c8e9, caller=com.android.server.wm.SurfaceAnimator.reset:317 com.android.server.wm.SurfaceAnimator.lambda$getFinishedCallback$0:89 com.android.server.wm.-$$Lambda$SurfaceAnimator$SIBia0mND666K8lMCPsoid8pUTI.run:4 com.android.server.wm.AnimatingAppWindowTokenRegistry.endDeferringFinished:104 com.android.server.wm.AnimatingAppWindowTokenRegistry.notifyAboutToFinish:77 com.android.server.wm.AppWindowToken.shouldDeferAnimationFinish:2167 com.android.server.wm.SurfaceAnimator.lambda$getFinishedCallback$1:95 
03-24 17:48:20.813  3244  3392 D SurfaceControl: destroy(case2), animation-leash is destroyed, sc=Surface(name=Surface(name=AppWindowToken{644944f token=Token{8c1aeae ActivityRecord{bf94b29 u0 com.ezviz/.main.MainTabActivity t740}}})/@0xec983b3 - animation-leash)/@0x6b60aa5, transaction=android.view.SurfaceControl$Transaction@b02c8e9, caller=com.android.server.wm.SurfaceAnimator.reset:324 com.android.server.wm.SurfaceAnimator.lambda$getFinishedCallback$0:89 com.android.server.wm.-$$Lambda$SurfaceAnimator$SIBia0mND666K8lMCPsoid8pUTI.run:4 com.android.server.wm.AnimatingAppWindowTokenRegistry.endDeferringFinished:104 com.android.server.wm.AnimatingAppWindowTokenRegistry.notifyAboutToFinish:77 com.android.server.wm.AppWindowToken.shouldDeferAnimationFinish:2167 com.android.server.wm.SurfaceAnimator.lambda$getFinishedCallback$1:95 
03-24 17:48:20.813  3244  3392 I WindowManager: reset, Reparenting to original parent, shouldDeferScheduleAnimation=false, destroyLeash=true, surface=Surface(name=AppWindowToken{74cb025 token=Token{4281c1c ActivityRecord{a54718f u0 com.ezviz/.login.LoginActivity t740}}})/@0xb0c0068, parent=Surface(name=Task=740)/@0x78920b7, parentNativeHandle=android.os.BinderProxy@8b6dfec, caller=com.android.server.wm.SurfaceAnimator.lambda$getFinishedCallback$0:89 com.android.server.wm.-$$Lambda$SurfaceAnimator$SIBia0mND666K8lMCPsoid8pUTI.run:4 com.android.server.wm.SurfaceAnimator.lambda$getFinishedCallback$1:96 com.android.server.wm.-$$Lambda$SurfaceAnimator$vdRZk66hQVbQCvVXEaQCT1kVmFc.onAnimationFinished:4 com.android.server.wm.LocalAnimationAdapter.lambda$startAnimation$0:65 
03-24 17:48:20.813  3244  3392 D SurfaceControl: reparent is called, sc=Surface(name=AppWindowToken{74cb025 token=Token{4281c1c ActivityRecord{a54718f u0 com.ezviz/.login.LoginActivity t740}}})/@0xb0c0068, newParentHandle=android.os.BinderProxy@8b6dfec, transaction=android.view.SurfaceControl$Transaction@be92d17, caller=com.android.server.wm.SurfaceAnimator.reset:317 com.android.server.wm.SurfaceAnimator.lambda$getFinishedCallback$0:89 com.android.server.wm.-$$Lambda$SurfaceAnimator$SIBia0mND666K8lMCPsoid8pUTI.run:4 com.android.server.wm.SurfaceAnimator.lambda$getFinishedCallback$1:96 com.android.server.wm.-$$Lambda$SurfaceAnimator$vdRZk66hQVbQCvVXEaQCT1kVmFc.onAnimationFinished:4 com.android.server.wm.LocalAnimationAdapter.lambda$startAnimation$0:65 com.android.server.wm.-$$Lambda$LocalAnimationAdapter$X--EomqUvw4qy89IeeTFTH7aCMo.run:4 
03-24 17:48:20.813  3244  3392 D SurfaceControl: destroy(case2), animation-leash is destroyed, sc=Surface(name=Surface(name=AppWindowToken{74cb025 token=Token{4281c1c ActivityRecord{a54718f u0 com.ezviz/.login.LoginActivity t740}}})/@0xb0c0068 - animation-leash)/@0x4cf6504, transaction=android.view.SurfaceControl$Transaction@be92d17, caller=com.android.server.wm.SurfaceAnimator.reset:324 com.android.server.wm.SurfaceAnimator.lambda$getFinishedCallback$0:89 com.android.server.wm.-$$Lambda$SurfaceAnimator$SIBia0mND666K8lMCPsoid8pUTI.run:4 com.android.server.wm.SurfaceAnimator.lambda$getFinishedCallback$1:96 com.android.server.wm.-$$Lambda$SurfaceAnimator$vdRZk66hQVbQCvVXEaQCT1kVmFc.onAnimationFinished:4 com.android.server.wm.LocalAnimationAdapter.lambda$startAnimation$0:65 com.android.server.wm.-$$Lambda$LocalAnimationAdapter$X--EomqUvw4qy89IeeTFTH7aCMo.run:4 
03-24 17:48:20.815  2808  4184 D Layer   : [AppWindowToken{74cb025 token=Token{4281c1c ActivityRecord{a54718f u0 com.ezviz/.login.LoginActivity t740}}}#0]::reparent oldParent:[Surface(name=AppWindowToken{74cb025 token=Token{4281c1c ActivityRecord{a54718f u0 com.ezviz/.login.LoginActivity t740}}})/@0xb0c0068 - animation-leash#0], newParent:[Task=740#0]
03-24 17:48:20.815  2808  4184 D Layer   : [AppWindowToken{644944f token=Token{8c1aeae ActivityRecord{bf94b29 u0 com.ezviz/.main.MainTabActivity t740}}}#0]::reparent oldParent:[Surface(name=AppWindowToken{644944f token=Token{8c1aeae ActivityRecord{bf94b29 u0 com.ezviz/.main.MainTabActivity t740}}})/@0xec983b3 - animation-leash#0], newParent:[Task=740#0]
03-24 17:48:20.815  2808  4184 I SurfaceFlinger: id=37378 Removed Surface(name=AppWindowToken{644944f token=Token{8c1aeae ActivityRecord{bf94b29 u0 com.ezviz/.main.MainTabActivity t740}}})/@0xec983b3 - animation-leash#0 (1/69)
03-24 17:48:20.815  2808  4184 I SurfaceFlinger: id=37377 Removed Surface(name=AppWindowToken{74cb025 token=Token{4281c1c ActivityRecord{a54718f u0 com.ezviz/.login.LoginActivity t740}}})/@0xb0c0068 - animation-leash#0 (0/68)
03-24 17:48:20.816  2808  2808 I SurfaceFlinger:      Device | 0x7039239690 | 0002 | RGBA_8888 |   0.0    0.0 1440.0 2960.0 |    0    0 1440 2960 | com.ezviz/com.ezviz.main.MainTabActivity[28083]#0
03-24 17:48:20.827  2808  2808 I Layer   : id=37377 onRemoved Surface(name=AppWindowToken{74cb025 token=Token{4281c1c ActivityRecord{a54718f u0 com.ezviz/.login.LoginActivity t740}}})/@0xb0c0068 - animation-leash#0 
03-24 17:48:20.827  2808  2808 I Layer   : id=37378 onRemoved Surface(name=AppWindowToken{644944f token=Token{8c1aeae ActivityRecord{bf94b29 u0 com.ezviz/.main.MainTabActivity t740}}})/@0xec983b3 - animation-leash#0 
03-24 17:48:20.860  3244  4108 V WindowManager: Relayout Window{b5bde76 u0 com.ezviz/com.ezviz.login.LoginActivity}: viewVisibility=8 req=1440x2960 {(0,0)(fillxfill) sim={state=hidden adjust=resize forwardNavigation} ty=BASE_APPLICATION wanim=0x10302ec
03-24 17:48:21.320  3244  4139 V WindowManager: Remove Window{b5bde76 u0 com.ezviz/com.ezviz.login.LoginActivity}: mSurfaceController=Surface(name=com.ezviz/com.ezviz.login.LoginActivity[28083])/@0x17a795a mAnimatingExit=false mRemoveOnExit=false mHasSurface=true surfaceShowing=false isAnimationSet=false app-animation=false mWillReplaceWindow=false inPendingTransaction=false mDisplayFrozen=false callers=com.android.server.wm.WindowState.removeIfPossible:2626 com.android.server.wm.WindowManagerService.removeWindow:1908 com.android.server.wm.Session.remove:253 android.view.IWindowSession$Stub.onTransact:261 com.android.server.wm.Session.onTransact:186 android.os.Binder.execTransact:739 
03-24 17:48:21.320  3244  4139 I WindowManager: Destroying surface Surface(name=com.ezviz/com.ezviz.login.LoginActivity[28083])/@0x17a795a called by com.android.server.wm.WindowStateAnimator.destroySurface:1826 com.android.server.wm.WindowStateAnimator.destroySurfaceLocked:804 com.android.server.wm.WindowState.removeImmediately:2605 com.android.server.wm.WindowState.removeIfPossible:2755 com.android.server.wm.WindowState.removeIfPossible:2626 com.android.server.wm.WindowManagerService.removeWindow:1908 com.android.server.wm.Session.remove:253 android.view.IWindowSession$Stub.onTransact:261 
03-24 17:48:21.320  2808  4184 I SurfaceFlinger: id=37355 Removed com.ezviz/com.ezviz.login.LoginActivity[28083]#0 (0/65)
03-24 17:48:21.323  2808  3290 I SurfaceFlinger: id=37354 Removed b5bde76 com.ezviz/com.ezviz.login.LoginActivity#0 (0/64)
03-24 17:48:21.325  3244  4139 I WindowManager: Cancelling animation restarting=false, leash=null, surface=Surface(name=AppWindowToken{74cb025 token=Token{4281c1c ActivityRecord{a54718f u0 com.ezviz/.login.LoginActivity t740}}})/@0xb0c0068, parent=Surface(name=Task=740)/@0x78920b7, caller=com.android.server.wm.SurfaceAnimator.cancelAnimation:177 com.android.server.wm.WindowContainer.cancelAnimation:1165 com.android.server.wm.AppWindowToken.cancelAnimation:2350 com.android.server.wm.AppWindowToken.onRemovedFromDisplay:776 com.android.server.wm.DisplayContent.removeAppToken:1040 
03-24 17:48:21.328  2808  2808 I Layer   : id=37355 onRemoved com.ezviz/com.ezviz.login.LoginActivity[28083]#0 
03-24 17:48:21.328  2808  2808 I Layer   : id=37354 onRemoved b5bde76 com.ezviz/com.ezviz.login.LoginActivity#0 
03-24 17:48:21.329  2808  2811 I SurfaceFlinger: id=37351 Removed AppWindowToken{74cb025 token=Token{4281c1c ActivityRecord{a54718f u0 com.ezviz/.login.LoginActivity t740}}}#0 (0/63)
03-24 17:48:21.344  2808  2808 I Layer   : id=37351 onRemoved AppWindowToken{74cb025 token=Token{4281c1c ActivityRecord{a54718f u0 com.ezviz/.login.LoginActivity t740}}}#0 
03-24 17:48:22.080  3244  3446 I clp-JNI : CLP add process info start. (channel) d3c0f79 com.ezviz/com.ezviz.main.MainTabActivity (server) (pkg) AppWindowToken{644944f token=Token{8c1aeae ActivityRecord{bf94b29 u0 com.ezviz/.main.MainTabActivity t740}}} (action) 0
03-24 17:48:22.143  3244  3446 I clp-JNI : CLP add process info start. (channel) d3c0f79 com.ezviz/com.ezviz.main.MainTabActivity (server) (pkg) AppWindowToken{644944f token=Token{8c1aeae ActivityRecord{bf94b29 u0 com.ezviz/.main.MainTabActivity t740}}} (action) 1
03-24 17:48:22.155  3244  4108 I ActivityManager: START u0 {act=null typ=null flg=0x0 cmp=ComponentInfo{com.ezviz/com.ezviz.devicemgt.setting.DeviceSettingActivity}} from uid 10931
03-24 17:48:22.162  2808  2808 I SurfaceFlinger: id=37381 createSurf (5920x5920),2 flag=4, AppWindowToken{2b3fa2a token=Token{877e715 ActivityRecord{91318cc u0 com.ezviz/.devicemgt.setting.DeviceSettingActivity t740}}}#0
03-24 17:48:22.175  3244  4139 D GamePkgDataHelper: notifyAppCreate(), pkgName: com.ezviz, sendRet: true
03-24 17:48:22.175  3244  3657 D GamePkgDataHelper: getGamePkgData(). com.ezviz
03-24 17:48:22.175  3244  3657 D GameManagerService: handleMessage(), MSG_APP_CREATE. ignore. pkgName: com.ezviz
03-24 17:48:22.178  3244  4139 D GameManagerService: noteResumeComponent(), resumeComponent: com.ezviz
03-24 17:48:22.178  3244  3657 D GameManagerService: handleForegroundChange(). pkgName: com.ezviz, clsName: com.ezviz.devicemgt.setting.DeviceSettingActivity,FgActivityName:com.ezviz/.devicemgt.setting.DeviceSettingActivity
03-24 17:48:22.180  3244  4139 D MARsPolicyManager: onPackageResumedFG pkgName = com.ezviz, userId = 0
03-24 17:48:22.181  3244  3244 D Telecom:SamsungPrebindingServiceImpl: onTopActivityChanged ComponentInfo{com.ezviz/com.ezviz.devicemgt.setting.DeviceSettingActivity}
03-24 17:48:22.226 28083 28083 I chatty  : uid=10931(com.ezviz) identical 1 line
03-24 17:48:22.285  4239  4239 D KNOXCORE::LockSecureFolderTask: ResumedActivity userId0[com.ezviz/.devicemgt.setting.DeviceSettingActivity]
03-24 17:48:22.371  2808  2808 I SurfaceFlinger: id=37382 createSurf (5920x5920),2 flag=4, 12ad793 com.ezviz/com.ezviz.devicemgt.setting.DeviceSettingActivity#0
03-24 17:48:22.386  3244  6064 V WindowManager: Relayout Window{12ad793 u0 com.ezviz/com.ezviz.devicemgt.setting.DeviceSettingActivity}: viewVisibility=0 req=1440x2960 {(0,0)(fillxfill) sim={adjust=resize forwardNavigation} ty=BASE_APPLICATION wanim=0x10302ec
03-24 17:48:22.389  2808  2808 I SurfaceFlinger: id=37383 createSurf (1440x2960),1 flag=404, com.ezviz/com.ezviz.devicemgt.setting.DeviceSettingActivity[28083]#0
03-24 17:48:22.391  3244  3267 D WindowManager: setSystemUiVisibility: vis= 0x8018, fullscreenVis= 0x0, dockedVis= 0x0, win=Window{12ad793 u0 com.ezviz/com.ezviz.devicemgt.setting.DeviceSettingActivity}
03-24 17:48:22.404 28083 28083 V InputMethodManager: Starting input: tba=com.ezviz ic=null mNaviBarColor -855310 mIsGetNaviBarColorSuccess true , NavVisible : true , NavTrans : false
03-24 17:48:22.405  3244  3397 V InputMethodManagerService: windowGainedFocus : reason=WINDOW_FOCUS_GAIN client=android.os.BinderProxy@83ae06d inputContext=null missingMethods= attribute=android.view.inputmethod.EditorInfo@5f44cfc nm = com.ezviz controlFlags=#104 softInputMode=#110 windowFlags=#81810100
03-24 17:48:22.420  3244  3397 D WindowManager: finishDrawingWindow: Window{12ad793 u0 com.ezviz/com.ezviz.devicemgt.setting.DeviceSettingActivity} mDrawState=DRAW_PENDING
03-24 17:48:22.421  3244  3392 I WindowManager: commitFinishDrawingLocked: mDrawState=READY_TO_SHOW Surface(name=com.ezviz/com.ezviz.devicemgt.setting.DeviceSettingActivity[28083])/@0xad741da
03-24 17:48:22.422  3244  3392 I WindowManager: Cancelling animation restarting=true, leash=null, surface=Surface(name=AppWindowToken{644944f token=Token{8c1aeae ActivityRecord{bf94b29 u0 com.ezviz/.main.MainTabActivity t740}}})/@0xec983b3, parent=Surface(name=Task=740)/@0x78920b7, caller=com.android.server.wm.SurfaceAnimator.startAnimation:114 com.android.server.wm.WindowContainer.startAnimation:1157 com.android.server.wm.AppWindowToken.applyAnimationLocked:2069 com.android.server.wm.AppWindowToken.setVisibility:468 com.android.server.wm.WindowSurfacePlacer.handleClosingApps:526 
03-24 17:48:22.422  3244  3392 I WindowManager: Reparenting to leash, surface=Surface(name=AppWindowToken{644944f token=Token{8c1aeae ActivityRecord{bf94b29 u0 com.ezviz/.main.MainTabActivity t740}}})/@0xec983b3, caller=com.android.server.wm.SurfaceAnimator.startAnimation:122 com.android.server.wm.WindowContainer.startAnimation:1157 com.android.server.wm.AppWindowToken.applyAnimationLocked:2069 com.android.server.wm.AppWindowToken.setVisibility:468 com.android.server.wm.WindowSurfacePlacer.handleClosingApps:526 
03-24 17:48:22.423  2808  2808 I SurfaceFlinger: id=37384 createSurf (5920x5920),2 flag=4, Surface(name=AppWindowToken{644944f token=Token{8c1aeae ActivityRecord{bf94b29 u0 com.ezviz/.main.MainTabActivity t740}}})/@0xec983b3 - animation-leash#0
03-24 17:48:22.424  3244  3392 D SurfaceControl: reparent is called, sc=Surface(name=AppWindowToken{644944f token=Token{8c1aeae ActivityRecord{bf94b29 u0 com.ezviz/.main.MainTabActivity t740}}})/@0xec983b3, newParentHandle=android.os.BinderProxy@c53a60b, transaction=android.view.SurfaceControl$Transaction@b02c8e9, caller=com.android.server.wm.SurfaceAnimator.createAnimationLeash:368 com.android.server.wm.SurfaceAnimator.startAnimation:122 com.android.server.wm.WindowContainer.startAnimation:1157 com.android.server.wm.AppWindowToken.applyAnimationLocked:2069 com.android.server.wm.AppWindowToken.setVisibility:468 com.android.server.wm.WindowSurfacePlacer.handleClosingApps:526 com.android.server.wm.WindowSurfacePlacer.handleAppTransitionReadyLocked:323 
03-24 17:48:22.425  3244  3392 I WindowManager: Cancelling animation restarting=true, leash=null, surface=Surface(name=AppWindowToken{2b3fa2a token=Token{877e715 ActivityRecord{91318cc u0 com.ezviz/.devicemgt.setting.DeviceSettingActivity t740}}})/@0xd03cf01, parent=Surface(name=Task=740)/@0x78920b7, caller=com.android.server.wm.SurfaceAnimator.startAnimation:114 com.android.server.wm.WindowContainer.startAnimation:1157 com.android.server.wm.AppWindowToken.applyAnimationLocked:2069 com.android.server.wm.AppWindowToken.setVisibility:468 com.android.server.wm.WindowSurfacePlacer.handleOpeningApps:481 
03-24 17:48:22.425  3244  3392 I WindowManager: Reparenting to leash, surface=Surface(name=AppWindowToken{2b3fa2a token=Token{877e715 ActivityRecord{91318cc u0 com.ezviz/.devicemgt.setting.DeviceSettingActivity t740}}})/@0xd03cf01, caller=com.android.server.wm.SurfaceAnimator.startAnimation:122 com.android.server.wm.WindowContainer.startAnimation:1157 com.android.server.wm.AppWindowToken.applyAnimationLocked:2069 com.android.server.wm.AppWindowToken.setVisibility:468 com.android.server.wm.WindowSurfacePlacer.handleOpeningApps:481 
03-24 17:48:22.426  2808  2808 I SurfaceFlinger: id=37385 createSurf (5920x5920),2 flag=4, Surface(name=AppWindowToken{2b3fa2a token=Token{877e715 ActivityRecord{91318cc u0 com.ezviz/.devicemgt.setting.DeviceSettingActivity t740}}})/@0xd03cf01 - animation-leash#0
03-24 17:48:22.428  3244  3392 D SurfaceControl: reparent is called, sc=Surface(name=AppWindowToken{2b3fa2a token=Token{877e715 ActivityRecord{91318cc u0 com.ezviz/.devicemgt.setting.DeviceSettingActivity t740}}})/@0xd03cf01, newParentHandle=android.os.BinderProxy@f77a1a6, transaction=android.view.SurfaceControl$Transaction@59497e7, caller=com.android.server.wm.SurfaceAnimator.createAnimationLeash:368 com.android.server.wm.SurfaceAnimator.startAnimation:122 com.android.server.wm.WindowContainer.startAnimation:1157 com.android.server.wm.AppWindowToken.applyAnimationLocked:2069 com.android.server.wm.AppWindowToken.setVisibility:468 com.android.server.wm.WindowSurfacePlacer.handleOpeningApps:481 com.android.server.wm.WindowSurfacePlacer.handleAppTransitionReadyLocked:325 
03-24 17:48:22.435  3244  3392 V WindowManager: performShowLocked: mDrawState=HAS_DRAWN in Window{12ad793 u0 com.ezviz/com.ezviz.devicemgt.setting.DeviceSettingActivity}
03-24 17:48:22.438  2808  2811 D Layer   : [AppWindowToken{2b3fa2a token=Token{877e715 ActivityRecord{91318cc u0 com.ezviz/.devicemgt.setting.DeviceSettingActivity t740}}}#0]::reparent oldParent:[Task=740#0], newParent:[Surface(name=AppWindowToken{2b3fa2a token=Token{877e715 ActivityRecord{91318cc u0 com.ezviz/.devicemgt.setting.DeviceSettingActivity t740}}})/@0xd03cf01 - animation-leash#0]
03-24 17:48:22.438  2808  2811 D Layer   : [AppWindowToken{644944f token=Token{8c1aeae ActivityRecord{bf94b29 u0 com.ezviz/.main.MainTabActivity t740}}}#0]::reparent oldParent:[Task=740#0], newParent:[Surface(name=AppWindowToken{644944f token=Token{8c1aeae ActivityRecord{bf94b29 u0 com.ezviz/.main.MainTabActivity t740}}})/@0xec983b3 - animation-leash#0]
03-24 17:48:22.445  3244  3278 D PersonaManagerService: notifyActivityDrawn u0 ComponentInfo{com.ezviz/com.ezviz.devicemgt.setting.DeviceSettingActivity} showWhenLocked=false type=1 windowingMode=1 fullscreen=true dockSide=-1
03-24 17:48:22.446  3244  3278 I ActivityManager: Displayed com.ezviz/.devicemgt.setting.DeviceSettingActivity: +262ms
03-24 17:48:22.468  2808  2808 I SurfaceFlinger:      Device | 0x7039239850 | 0002 | RGBA_8888 |   0.0    1.0 1440.0 2960.0 |    0    0 1440 2959 | com.ezviz/com.ezviz.main.MainTabActivity[28083]#0
03-24 17:48:22.468  2808  2808 I SurfaceFlinger:      Device | 0x70392391c0 | 0002 | RGBA_8888 |   0.0    0.0 1440.0 2268.0 |    0  692 1440 2960 | com.ezviz/com.ezviz.devicemgt.setting.DeviceSettingActivity[28083]#0
03-24 17:48:22.486  2808  2808 I SurfaceFlinger:      Device | 0x7039239850 | 0002 | RGBA_8888 |   0.0    2.0 1440.0 2960.0 |    0    0 1440 2958 | com.ezviz/com.ezviz.main.MainTabActivity[28083]#0
03-24 17:48:22.486  2808  2808 I SurfaceFlinger:      Device | 0x7039839bb0 | 0002 | RGBA_8888 |   0.0    0.0 1440.0 2295.0 |    0  665 1440 2960 | com.ezviz/com.ezviz.devicemgt.setting.DeviceSettingActivity[28083]#0
03-24 17:48:22.567  2808  2808 I SurfaceFlinger:      Device | 0x7039239850 | 0002 | RGBA_8888 |   0.0   28.0 1440.0 2960.0 |    0    0 1440 2932 | com.ezviz/com.ezviz.main.MainTabActivity[28083]#0
03-24 17:48:22.567  2808  2808 I SurfaceFlinger:      Device | 0x7039839a60 | 0002 | RGBA_8888 |   0.0    0.0 1440.0 2750.0 |    0  210 1440 2960 | com.ezviz/com.ezviz.devicemgt.setting.DeviceSettingActivity[28083]#0
03-24 17:48:22.730  3244  3392 I WindowManager: reset, Reparenting to original parent, shouldDeferScheduleAnimation=true, destroyLeash=true, surface=Surface(name=AppWindowToken{2b3fa2a token=Token{877e715 ActivityRecord{91318cc u0 com.ezviz/.devicemgt.setting.DeviceSettingActivity t740}}})/@0xd03cf01, parent=Surface(name=Task=740)/@0x78920b7, parentNativeHandle=android.os.BinderProxy@8b6dfec, caller=com.android.server.wm.SurfaceAnimator.lambda$getFinishedCallback$0:89 com.android.server.wm.-$$Lambda$SurfaceAnimator$SIBia0mND666K8lMCPsoid8pUTI.run:4 com.android.server.wm.AnimatingAppWindowTokenRegistry.endDeferringFinished:104 com.android.server.wm.AnimatingAppWindowTokenRegistry.notifyAboutToFinish:77 com.android.server.wm.AppWindowToken.shouldDeferAnimationFinish:2167 
03-24 17:48:22.731  3244  3392 D SurfaceControl: reparent is called, sc=Surface(name=AppWindowToken{2b3fa2a token=Token{877e715 ActivityRecord{91318cc u0 com.ezviz/.devicemgt.setting.DeviceSettingActivity t740}}})/@0xd03cf01, newParentHandle=android.os.BinderProxy@8b6dfec, transaction=android.view.SurfaceControl$Transaction@59497e7, caller=com.android.server.wm.SurfaceAnimator.reset:317 com.android.server.wm.SurfaceAnimator.lambda$getFinishedCallback$0:89 com.android.server.wm.-$$Lambda$SurfaceAnimator$SIBia0mND666K8lMCPsoid8pUTI.run:4 com.android.server.wm.AnimatingAppWindowTokenRegistry.endDeferringFinished:104 com.android.server.wm.AnimatingAppWindowTokenRegistry.notifyAboutToFinish:77 com.android.server.wm.AppWindowToken.shouldDeferAnimationFinish:2167 com.android.server.wm.SurfaceAnimator.lambda$getFinishedCallback$1:95 
03-24 17:48:22.731  3244  3392 D SurfaceControl: destroy(case2), animation-leash is destroyed, sc=Surface(name=Surface(name=AppWindowToken{2b3fa2a token=Token{877e715 ActivityRecord{91318cc u0 com.ezviz/.devicemgt.setting.DeviceSettingActivity t740}}})/@0xd03cf01 - animation-leash)/@0xe08cb83, transaction=android.view.SurfaceControl$Transaction@59497e7, caller=com.android.server.wm.SurfaceAnimator.reset:324 com.android.server.wm.SurfaceAnimator.lambda$getFinishedCallback$0:89 com.android.server.wm.-$$Lambda$SurfaceAnimator$SIBia0mND666K8lMCPsoid8pUTI.run:4 com.android.server.wm.AnimatingAppWindowTokenRegistry.endDeferringFinished:104 com.android.server.wm.AnimatingAppWindowTokenRegistry.notifyAboutToFinish:77 com.android.server.wm.AppWindowToken.shouldDeferAnimationFinish:2167 com.android.server.wm.SurfaceAnimator.lambda$getFinishedCallback$1:95 
03-24 17:48:22.731  3244  3392 I WindowManager: reset, Reparenting to original parent, shouldDeferScheduleAnimation=false, destroyLeash=true, surface=Surface(name=AppWindowToken{644944f token=Token{8c1aeae ActivityRecord{bf94b29 u0 com.ezviz/.main.MainTabActivity t740}}})/@0xec983b3, parent=Surface(name=Task=740)/@0x78920b7, parentNativeHandle=android.os.BinderProxy@8b6dfec, caller=com.android.server.wm.SurfaceAnimator.lambda$getFinishedCallback$0:89 com.android.server.wm.-$$Lambda$SurfaceAnimator$SIBia0mND666K8lMCPsoid8pUTI.run:4 com.android.server.wm.SurfaceAnimator.lambda$getFinishedCallback$1:96 com.android.server.wm.-$$Lambda$SurfaceAnimator$vdRZk66hQVbQCvVXEaQCT1kVmFc.onAnimationFinished:4 com.android.server.wm.LocalAnimationAdapter.lambda$startAnimation$0:65 
03-24 17:48:22.731  3244  3392 D SurfaceControl: reparent is called, sc=Surface(name=AppWindowToken{644944f token=Token{8c1aeae ActivityRecord{bf94b29 u0 com.ezviz/.main.MainTabActivity t740}}})/@0xec983b3, newParentHandle=android.os.BinderProxy@8b6dfec, transaction=android.view.SurfaceControl$Transaction@b02c8e9, caller=com.android.server.wm.SurfaceAnimator.reset:317 com.android.server.wm.SurfaceAnimator.lambda$getFinishedCallback$0:89 com.android.server.wm.-$$Lambda$SurfaceAnimator$SIBia0mND666K8lMCPsoid8pUTI.run:4 com.android.server.wm.SurfaceAnimator.lambda$getFinishedCallback$1:96 com.android.server.wm.-$$Lambda$SurfaceAnimator$vdRZk66hQVbQCvVXEaQCT1kVmFc.onAnimationFinished:4 com.android.server.wm.LocalAnimationAdapter.lambda$startAnimation$0:65 com.android.server.wm.-$$Lambda$LocalAnimationAdapter$X--EomqUvw4qy89IeeTFTH7aCMo.run:4 
03-24 17:48:22.731  3244  3392 D SurfaceControl: destroy(case2), animation-leash is destroyed, sc=Surface(name=Surface(name=AppWindowToken{644944f token=Token{8c1aeae ActivityRecord{bf94b29 u0 com.ezviz/.main.MainTabActivity t740}}})/@0xec983b3 - animation-leash)/@0x3b73ce8, transaction=android.view.SurfaceControl$Transaction@b02c8e9, caller=com.android.server.wm.SurfaceAnimator.reset:324 com.android.server.wm.SurfaceAnimator.lambda$getFinishedCallback$0:89 com.android.server.wm.-$$Lambda$SurfaceAnimator$SIBia0mND666K8lMCPsoid8pUTI.run:4 com.android.server.wm.SurfaceAnimator.lambda$getFinishedCallback$1:96 com.android.server.wm.-$$Lambda$SurfaceAnimator$vdRZk66hQVbQCvVXEaQCT1kVmFc.onAnimationFinished:4 com.android.server.wm.LocalAnimationAdapter.lambda$startAnimation$0:65 com.android.server.wm.-$$Lambda$LocalAnimationAdapter$X--EomqUvw4qy89IeeTFTH7aCMo.run:4 
03-24 17:48:22.733  2808  2811 D Layer   : [AppWindowToken{2b3fa2a token=Token{877e715 ActivityRecord{91318cc u0 com.ezviz/.devicemgt.setting.DeviceSettingActivity t740}}}#0]::reparent oldParent:[Surface(name=AppWindowToken{2b3fa2a token=Token{877e715 ActivityRecord{91318cc u0 com.ezviz/.devicemgt.setting.DeviceSettingActivity t740}}})/@0xd03cf01 - animation-leash#0], newParent:[Task=740#0]
03-24 17:48:22.733  2808  2811 D Layer   : [AppWindowToken{644944f token=Token{8c1aeae ActivityRecord{bf94b29 u0 com.ezviz/.main.MainTabActivity t740}}}#0]::reparent oldParent:[Surface(name=AppWindowToken{644944f token=Token{8c1aeae ActivityRecord{bf94b29 u0 com.ezviz/.main.MainTabActivity t740}}})/@0xec983b3 - animation-leash#0], newParent:[Task=740#0]
03-24 17:48:22.733  2808  2811 I SurfaceFlinger: id=37385 Removed Surface(name=AppWindowToken{2b3fa2a token=Token{877e715 ActivityRecord{91318cc u0 com.ezviz/.devicemgt.setting.DeviceSettingActivity t740}}})/@0xd03cf01 - animation-leash#0 (1/69)
03-24 17:48:22.733  2808  2811 I SurfaceFlinger: id=37384 Removed Surface(name=AppWindowToken{644944f token=Token{8c1aeae ActivityRecord{bf94b29 u0 com.ezviz/.main.MainTabActivity t740}}})/@0xec983b3 - animation-leash#0 (0/67)
03-24 17:48:22.747  2808  2808 I Layer   : id=37385 onRemoved Surface(name=AppWindowToken{2b3fa2a token=Token{877e715 ActivityRecord{91318cc u0 com.ezviz/.devicemgt.setting.DeviceSettingActivity t740}}})/@0xd03cf01 - animation-leash#0 
03-24 17:48:22.747  2808  2808 I Layer   : id=37384 onRemoved Surface(name=AppWindowToken{644944f token=Token{8c1aeae ActivityRecord{bf94b29 u0 com.ezviz/.main.MainTabActivity t740}}})/@0xec983b3 - animation-leash#0 
03-24 17:48:22.753  3244  3397 V WindowManager: Relayout Window{d3c0f79 u0 com.ezviz/com.ezviz.main.MainTabActivity}: viewVisibility=8 req=1440x2960 {(0,0)(fillxfill) sim={adjust=pan forwardNavigation} ty=BASE_APPLICATION wanim=0x10302ec
03-24 17:48:22.753  2808  2808 I SurfaceFlinger:      Device | 0x7039839a60 | 0002 | RGBA_8888 |   0.0    0.0 1440.0 2960.0 |    0    0 1440 2960 | com.ezviz/com.ezviz.devicemgt.setting.DeviceSettingActivity[28083]#0
03-24 17:48:22.768  3244  3397 E WindowManager: win=Window{d3c0f79 u0 com.ezviz/com.ezviz.main.MainTabActivity} destroySurfaces: appStopped=true win.mWindowRemovalAllowed=false win.mRemoveOnExit=false win.mViewVisibility=8 caller=com.android.server.wm.AppWindowToken.destroySurfaces:831 com.android.server.wm.AppWindowToken.destroySurfaces:812 com.android.server.wm.AppWindowToken.notifyAppStopped:867 com.android.server.wm.AppWindowContainerController.notifyAppStopped:832 com.android.server.am.ActivityRecord.activityStoppedLocked:2183 com.android.server.am.ActivityManagerService.activityStopped:10398 android.app.IActivityManager$Stub.onTransact$activityStopped$:10987 
03-24 17:48:22.768  3244  3397 I WindowManager: Destroying surface Surface(name=com.ezviz/com.ezviz.main.MainTabActivity[28083])/@0x1c8483b called by com.android.server.wm.WindowStateAnimator.destroySurface:1826 com.android.server.wm.WindowStateAnimator.destroySurfaceLocked:804 com.android.server.wm.WindowState.destroySurfaceUnchecked:3656 com.android.server.wm.WindowState.destroySurface:3637 com.android.server.wm.AppWindowToken.destroySurfaces:831 com.android.server.wm.AppWindowToken.destroySurfaces:812 com.android.server.wm.AppWindowToken.notifyAppStopped:867 com.android.server.wm.AppWindowContainerController.notifyAppStopped:832 
03-24 17:48:22.769  2808  2811 I SurfaceFlinger: id=37376 Removed com.ezviz/com.ezviz.main.MainTabActivity[28083]#0 (0/65)
03-24 17:48:22.780  2808  2808 I Layer   : id=37376 onRemoved com.ezviz/com.ezviz.main.MainTabActivity[28083]#0 
03-24 17:48:22.834 28083 28424 I chatty  : uid=10931(com.ezviz) CaptureManager- identical 1 line
03-24 17:48:23.360  3244  8711 D GameManagerService: identifyGamePackage. com.ezviz
03-24 17:48:23.361  3244  8711 D GamePkgDataHelper: getGamePkgData(). com.ezviz
03-24 17:48:23.762  3244  3479 D WifiTrafficPoller: TrafficStats TxPkts=1766098 RxPkts=8225598 TxBytes=288993049 RxBytes=10784144399 , Foreground uid=10931 pkgName=com.ezviz TxPackets=5511 RxPackets=4326 TxBytes=801742 RxBytes=2382516
03-24 17:48:24.147  3244  3446 I clp-JNI : CLP add process info start. (channel) 12ad793 com.ezviz/com.ezviz.devicemgt.setting.DeviceSettingActivity (server) (pkg) AppWindowToken{2b3fa2a token=Token{877e715 ActivityRecord{91318cc u0 com.ezviz/.devicemgt.setting.DeviceSettingActivity t740}}} (action) 0
03-24 17:48:24.764  3244  3446 I clp-JNI : CLP add process info start. (channel) 12ad793 com.ezviz/com.ezviz.devicemgt.setting.DeviceSettingActivity (server) (pkg) AppWindowToken{2b3fa2a token=Token{877e715 ActivityRecord{91318cc u0 com.ezviz/.devicemgt.setting.DeviceSettingActivity t740}}} (action) 1
03-24 17:48:24.773  3244  3244 D GameManagerService: identifyGamePackage. com.ezviz
03-24 17:48:24.773  3244  3244 D GamePkgDataHelper: getGamePkgData(). com.ezviz
