04-13 12:17:22.079  2817  2817 I SurfaceFlinger:      Device | 0x7a5022f310 | 0000 | RGBA_8888 |   0.
04-13 12:17:22.191  3214  3335 I WindowManager: reset, Reparenting to original parent, shouldDeferScheduleAnimation=false, destroyLeash=true, surface=Surface(name=8686650 com.ezviz/com.ezviz.login.FingerprintLoginActivity)/@0x7e18803, parent=Surface(name=AppWindowToken{4e8f1b4 token=Token{5533e87 ActivityRecord{2443ec6 u0 com.ezviz/.login.FingerprintLoginActivity t2042}}})/@0x7ca0380, parentNativeHandle=android.os.BinderProxy@4b58152, caller=com.android.server.wm.SurfaceAnimator.lambda$getFinishedCallback$0:94 com.android.server.wm.-$$Lambda$SurfaceAnimator$SIBia0mND666K8lMCPsoid8pUTI.run:4 com.android.server.wm.SurfaceAnimator.lambda$getFinishedCallback$1:101 com.android.server.wm.-$$Lambda$SurfaceAnimator$vdRZk66hQVbQCvVXEaQCT1kVmFc.onAnimationFinished:4 com.android.server.wm.LocalAnimationAdapter.lambda$startAnimation$0:65 
04-13 12:17:22.191  3214  3335 D SurfaceControl: reparent is called, sc=Surface(name=8686650 com.ezviz/com.ezviz.login.FingerprintLoginActivity)/@0x7e18803, newParentHandle=android.os.BinderProxy@4b58152, transaction=android.view.SurfaceControl$Transaction@78bd7ac, caller=com.android.server.wm.SurfaceAnimator.reset:322 com.android.server.wm.SurfaceAnimator.lambda$getFinishedCallback$0:94 com.android.server.wm.-$$Lambda$SurfaceAnimator$SIBia0mND666K8lMCPsoid8pUTI.run:4 com.android.server.wm.SurfaceAnimator.lambda$getFinishedCallback$1:101 com.android.server.wm.-$$Lambda$SurfaceAnimator$vdRZk66hQVbQCvVXEaQCT1kVmFc.onAnimationFinished:4 com.android.server.wm.LocalAnimationAdapter.lambda$startAnimation$0:65 com.android.server.wm.-$$Lambda$LocalAnimationAdapter$X--EomqUvw4qy89IeeTFTH7aCMo.run:4 
04-13 12:17:22.191  3214  3335 D SurfaceControl: destroy(case2), animation-leash is destroyed, sc=Surface(name=Surface(name=8686650 com.ezviz/com.ezviz.login.FingerprintLoginActivity)/@0x7e18803 - animation-leash)/@0xd496c75, transaction=android.view.SurfaceControl$Transaction@78bd7ac, caller=com.android.server.wm.SurfaceAnimator.reset:329 com.android.server.wm.SurfaceAnimator.lambda$getFinishedCallback$0:94 com.android.server.wm.-$$Lambda$SurfaceAnimator$SIBia0mND666K8lMCPsoid8pUTI.run:4 com.android.server.wm.SurfaceAnimator.lambda$getFinishedCallback$1:101 com.android.server.wm.-$$Lambda$SurfaceAnimator$vdRZk66hQVbQCvVXEaQCT1kVmFc.onAnimationFinished:4 com.android.server.wm.LocalAnimationAdapter.lambda$startAnimation$0:65 com.android.server.wm.-$$Lambda$LocalAnimationAdapter$X--EomqUvw4qy89IeeTFTH7aCMo.run:4 
04-13 12:17:22.192  3214  3335 D WindowManager: prepareSurfaces, request to clear saved leash, surface=Surface(name=8686650 com.ezviz/com.ezviz.login.FingerprintLoginActivity)/@0x7e18803
04-13 12:17:22.193  2817  3386 D Layer   : [8686650 com.ezviz/com.ezviz.login.FingerprintLoginActivity#0]::reparent oldParent:[Surface(name=8686650 com.ezviz/com.ezviz.login.FingerprintLoginActivity)/@0x7e18803 - animation-leash#0], newParent:[AppWindowToken{4e8f1b4 token=Token{5533e87 ActivityRecord{2443ec6 u0 com.ezviz/.login.FingerprintLoginActivity t2042}}}#0]
04-13 12:17:22.193  2817  3386 I SurfaceFlinger: id=52380 Removed Surface(name=8686650 com.ezviz/com.ezviz.login.FingerprintLoginActivity)/@0x7e18803 - animation-leash#0 (2/72)
04-13 12:17:22.193  3214  3335 D WindowManager: clearSavedLeashOnCommit, savedLeash=Surface(name=Surface(name=8686650 com.ezviz/com.ezviz.login.FingerprintLoginActivity)/@0x7e18803 - animation-leash)/@0xd496c75, caller=com.android.server.wm.WindowContainer.clearSavedLeashOnCommit:1150 com.android.server.wm.WindowContainer.clearSavedLeashOnCommit:1154 com.android.server.wm.WindowContainer.clearSavedLeashOnCommit:1154 com.android.server.wm.WindowContainer.clearSavedLeashOnCommit:1154 com.android.server.wm.WindowContainer.clearSavedLeashOnCommit:1154 com.android.server.wm.WindowContainer.clearSavedLeashOnCommit:1154 
04-13 12:17:22.195 16586 16694 D BundleManager: getRemoteBidInfo url:https://api.ezvizlife.com/nodeupdate/v3/rn/check?mobileType=SM-G965U&hardCode=17cd5f5280a6c64a01a99df0e810d42e&phone=&bids=[{"bid":"Pub","version":"2.0.0"}]
04-13 12:17:22.207  2817  2817 I Layer   : id=52380 onRemoved Surface(name=8686650 com.ezviz/com.ezviz.login.FingerprintLoginActivity)/@0x7e18803 - animation-leash#0 
04-13 12:17:24.260 16586 16586 D ViewRootImpl@daa2a6d[FingerprintLoginActivity]: Surface release. android.view.ViewRootImpl.doDie:7931 android.view.ViewRootImpl.die:7899 android.view.WindowManagerGlobal.removeViewLocked:497 android.view.WindowManagerGlobal.removeView:435 android.view.WindowManagerImpl.removeViewImmediate:124 android.app.Dialog.dismissDialog:518 android.app.Dialog.dismiss:501 com.ezviz.util.FingerprintUtils$SimpleCallback.onAuthenticationSucceeded:125 
04-13 12:17:24.261  3214  5473 V WindowManager: Remove Window{8686650 u0 com.ezviz/com.ezviz.login.FingerprintLoginActivity}: mSurfaceController=Surface(name=com.ezviz/com.ezviz.login.FingerprintLoginActivity[16586])/@0x3cba2bd mAnimatingExit=false mRemoveOnExit=false mHasSurface=true surfaceShowing=true isAnimationSet=false app-animation=false mWillReplaceWindow=false inPendingTransaction=false mDisplayFrozen=false callers=com.android.server.wm.WindowState.removeIfPossible:2626 com.android.server.wm.WindowManagerService.removeWindow:1908 com.android.server.wm.Session.remove:253 android.view.IWindowSession$Stub.onTransact:261 com.android.server.wm.Session.onTransact:186 android.os.Binder.execTransact:739 
04-13 12:17:24.262  3214  5473 I WindowManager: Cancelling animation restarting=true, leash=null, surface=Surface(name=8686650 com.ezviz/com.ezviz.login.FingerprintLoginActivity)/@0x7e18803, parent=Surface(name=AppWindowToken{4e8f1b4 token=Token{5533e87 ActivityRecord{2443ec6 u0 com.ezviz/.login.FingerprintLoginActivity t2042}}})/@0x7ca0380, caller=com.android.server.wm.SurfaceAnimator.startAnimation:119 com.android.server.wm.WindowContainer.startAnimation:1199 com.android.server.wm.WindowState.startAnimation:5628 com.android.server.wm.WindowState.startAnimation:5611 com.android.server.wm.WindowStateAnimator.applyAnimationLocked:1731 
04-13 12:17:24.262  3214  5473 I WindowManager: Reparenting to leash, surface=Surface(name=8686650 com.ezviz/com.ezviz.login.FingerprintLoginActivity)/@0x7e18803, caller=com.android.server.wm.SurfaceAnimator.startAnimation:127 com.android.server.wm.WindowContainer.startAnimation:1199 com.android.server.wm.WindowState.startAnimation:5628 com.android.server.wm.WindowState.startAnimation:5611 com.android.server.wm.WindowStateAnimator.applyAnimationLocked:1731 
04-13 12:17:24.263  2817  2817 I SurfaceFlinger: id=52384 createSurf (5920x5920),2 flag=4, Surface(name=8686650 com.ezviz/com.ezviz.login.FingerprintLoginActivity)/@0x7e18803 - animation-leash#0
04-13 12:17:24.266  3214  5473 D SurfaceControl: reparent is called, sc=Surface(name=8686650 com.ezviz/com.ezviz.login.FingerprintLoginActivity)/@0x7e18803, newParentHandle=android.os.BinderProxy@b143b3f, transaction=android.view.SurfaceControl$Transaction@78bd7ac, caller=com.android.server.wm.SurfaceAnimator.createAnimationLeash:381 com.android.server.wm.SurfaceAnimator.startAnimation:127 com.android.server.wm.WindowContainer.startAnimation:1199 com.android.server.wm.WindowState.startAnimation:5628 com.android.server.wm.WindowState.startAnimation:5611 com.android.server.wm.WindowStateAnimator.applyAnimationLocked:1731 com.android.server.wm.WindowState.removeIfPossible:2720 
04-13 12:17:24.272  2817  3386 D Layer   : [8686650 com.ezviz/com.ezviz.login.FingerprintLoginActivity#0]::reparent oldParent:[AppWindowToken{4e8f1b4 token=Token{5533e87 ActivityRecord{2443ec6 u0 com.ezviz/.login.FingerprintLoginActivity t2042}}}#0], newParent:[Surface(name=8686650 com.ezviz/com.ezviz.login.FingerprintLoginActivity)/@0x7e18803 - animation-leash#0]
04-13 12:17:24.273  3214  3259 D WindowManager: setSystemUiVisibility: vis= 0x8018, fullscreenVis= 0x0, dockedVis= 0x0, win=Window{9073e6f u0 com.ezviz/com.ezviz.login.FingerprintLoginActivity}
04-13 12:17:24.277  3214  3861 I ActivityManager: START u0 {act=null typ=null flg=0x0 cmp=ComponentInfo{com.ezviz/com.ezviz.login.LoadingActivity}} from uid 10931
04-13 12:17:24.281  2817  2817 I SurfaceFlinger: id=52386 createSurf (5920x5920),2 flag=4, AppWindowToken{1325d1 token=Token{9c56cf8 ActivityRecord{19b4c5b u0 com.ezviz/.login.LoadingActivity t2042}}}#0
04-13 12:17:24.284  8443 23155 I TrayUsageStatesWatcher: notePauseComponent : ComponentInfo{com.ezviz/com.ezviz.login.FingerprintLoginActivity}
04-13 12:17:24.288  3214  3214 D Telecom:SamsungPrebindingServiceImpl: onTopActivityChanged ComponentInfo{com.ezviz/com.ezviz.login.LoadingActivity}
04-13 12:17:24.291 16586 16586 V InputMethodManager: Starting input: tba=com.ezviz ic=null mNaviBarColor -855310 mIsGetNaviBarColorSuccess true , NavVisible : true , NavTrans : false
04-13 12:17:24.292  3214  5473 V InputMethodManagerService: windowGainedFocus : reason=WINDOW_FOCUS_GAIN client=android.os.BinderProxy@9fce302 inputContext=null missingMethods= attribute=android.view.inputmethod.EditorInfo@b85337 nm = com.ezviz controlFlags=#104 softInputMode=#120 windowFlags=#81810100
04-13 12:17:24.296  3214  5158 I FingerprintService: cancelAuthentication : token=android.os.BinderProxy@934ebd3 from pid=16586, from uid=10931, name=com.ezviz
04-13 12:17:24.299  3214  5473 D GamePkgDataHelper: notifyAppCreate(), pkgName: com.ezviz, sendRet: true
04-13 12:17:24.299  3214  3603 D GamePkgDataHelper: getGamePkgData(). com.ezviz
04-13 12:17:24.300  3214  3603 D GameManagerService: handleMessage(), MSG_APP_CREATE. ignore. pkgName: com.ezviz
04-13 12:17:24.304  3214  5473 D GameManagerService: noteResumeComponent(), resumeComponent: com.ezviz
04-13 12:17:24.304  3214  5473 D MARsPolicyManager: onPackageResumedFG pkgName = com.ezviz, userId = 0
04-13 12:17:24.304  3214  3603 D GameManagerService: handleForegroundChange(). pkgName: com.ezviz, clsName: com.ezviz.login.LoadingActivity,FgActivityName:com.ezviz/.login.LoadingActivity
04-13 12:17:24.304  8443 23155 I TrayUsageStatesWatcher: noteResumeComponent : ComponentInfo{com.ezviz/com.ezviz.login.LoadingActivity}
04-13 12:17:24.306  3214  3214 D Telecom:SamsungPrebindingServiceImpl: onTopActivityChanged ComponentInfo{com.ezviz/com.ezviz.login.LoadingActivity}
04-13 12:17:24.308 16586 16586 V InputMethodManager: Starting input: tba=com.ezviz ic=null mNaviBarColor -855310 mIsGetNaviBarColorSuccess true , NavVisible : true , NavTrans : false
04-13 12:17:24.398  2817  2817 I SurfaceFlinger: Display 0 HWC layers:
04-13 12:17:24.398  2817  2817 I SurfaceFlinger:     type    |    handle    | flag |  format   |   source crop (l,t,r,b)    |         frame       | name 
04-13 12:17:24.398  2817  2817 I SurfaceFlinger: ------------+--------------+------+-----------+----------------------------+---------------------+------
04-13 12:17:24.398  2817  2817 I SurfaceFlinger:      Device | 0x7a50839ad0 | 0002 | RGBA_8888 |   0.0    0.0 1440.0 2960.0 |    0    0 1440 2960 | com.ezviz/com.ezviz.login.FingerprintLoginActivity[16586]#1
04-13 12:17:24.398  2817  2817 I SurfaceFlinger:  SolidColor |              | 0000 |  Unknown  |   0.0    0.0   -1.0   -1.0 |    0    0 1440 2960 | Dim Layer for - Task=2042#0
04-13 12:17:24.398  2817  2817 I SurfaceFlinger:      Device | 0x7a5022f690 | 0000 | RGBA_8888 |   0.0    0.0 1440.0   84.0 |    0    0 1440   84 | StatusBar[3642]#0
04-13 12:17:24.398  2817  2817 I SurfaceFlinger:      Device | 0x7a50839440 | 0000 | RGBA_8888 |   0.0    0.0   67.0  385.0 | 1373  639 1440 1024 | com.samsung.android.app.cocktailbars[...]arservice.CocktailBarService[8443]#0
04-13 12:17:24.398  2817  2817 I SurfaceFlinger:      Device | 0x7a5022f310 | 0000 | RGBA_8888 |   0.0    0.0 1440.0  415.0 |    0 2545 1440 2960 | NavbarGestureHandler[3642]#0
04-13 12:17:24.398  2817  2817 I SurfaceFlinger: 
04-13 12:17:24.413  4152  4152 D KNOXCORE::LockSecureFolderTask: ResumedActivity userId0[com.ezviz/.login.LoadingActivity]
04-13 12:17:24.414  3214  5158 I ActivityManager: START u0 {act=null typ=null flg=0x4000000 cmp=ComponentInfo{com.ezviz/com.ezviz.main.MainTabActivity}} from uid 10931
04-13 12:17:24.417  2817  2817 I SurfaceFlinger: id=52387 createSurf (5920x5920),2 flag=4, AppWindowToken{9ea0428 token=Token{884024b ActivityRecord{8da671a u0 com.ezviz/.main.MainTabActivity t2042}}}#0
04-13 12:17:24.420  8443 23155 I TrayUsageStatesWatcher: notePauseComponent : ComponentInfo{com.ezviz/com.ezviz.login.LoadingActivity}
04-13 12:17:24.424  3214  3214 D Telecom:SamsungPrebindingServiceImpl: onTopActivityChanged ComponentInfo{com.ezviz/com.ezviz.main.MainTabActivity}
04-13 12:17:24.430  3214  5473 D GamePkgDataHelper: notifyAppCreate(), pkgName: com.ezviz, sendRet: true
04-13 12:17:24.430  3214  3603 D GamePkgDataHelper: getGamePkgData(). com.ezviz
04-13 12:17:24.430  3214  3603 D GameManagerService: handleMessage(), MSG_APP_CREATE. ignore. pkgName: com.ezviz
04-13 12:17:24.434  3214  5473 D GameManagerService: noteResumeComponent(), resumeComponent: com.ezviz
04-13 12:17:24.434  3214  5473 D MARsPolicyManager: onPackageResumedFG pkgName = com.ezviz, userId = 0
04-13 12:17:24.434  8443 23155 I TrayUsageStatesWatcher: noteResumeComponent : ComponentInfo{com.ezviz/com.ezviz.main.MainTabActivity}
04-13 12:17:24.434  3214  3603 D GameManagerService: handleForegroundChange(). pkgName: com.ezviz, clsName: com.ezviz.main.MainTabActivity,FgActivityName:com.ezviz/.main.MainTabActivity
04-13 12:17:24.435  3214  3214 D Telecom:SamsungPrebindingServiceImpl: onTopActivityChanged ComponentInfo{com.ezviz/com.ezviz.main.MainTabActivity}
04-13 12:17:24.538  4152  4152 D KNOXCORE::LockSecureFolderTask: ResumedActivity userId0[com.ezviz/.main.MainTabActivity]
04-13 12:17:24.577  3214  3335 I WindowManager: reset, Reparenting to original parent, shouldDeferScheduleAnimation=false, destroyLeash=true, surface=Surface(name=8686650 com.ezviz/com.ezviz.login.FingerprintLoginActivity)/@0x7e18803, parent=Surface(name=AppWindowToken{4e8f1b4 token=Token{5533e87 ActivityRecord{2443ec6 u0 com.ezviz/.login.FingerprintLoginActivity t2042}}})/@0x7ca0380, parentNativeHandle=android.os.BinderProxy@4b58152, caller=com.android.server.wm.SurfaceAnimator.lambda$getFinishedCallback$0:94 com.android.server.wm.-$$Lambda$SurfaceAnimator$SIBia0mND666K8lMCPsoid8pUTI.run:4 com.android.server.wm.SurfaceAnimator.lambda$getFinishedCallback$1:101 com.android.server.wm.-$$Lambda$SurfaceAnimator$vdRZk66hQVbQCvVXEaQCT1kVmFc.onAnimationFinished:4 com.android.server.wm.LocalAnimationAdapter.lambda$startAnimation$0:65 
04-13 12:17:24.578  3214  3335 D SurfaceControl: reparent is called, sc=Surface(name=8686650 com.ezviz/com.ezviz.login.FingerprintLoginActivity)/@0x7e18803, newParentHandle=android.os.BinderProxy@4b58152, transaction=android.view.SurfaceControl$Transaction@78bd7ac, caller=com.android.server.wm.SurfaceAnimator.reset:322 com.android.server.wm.SurfaceAnimator.lambda$getFinishedCallback$0:94 com.android.server.wm.-$$Lambda$SurfaceAnimator$SIBia0mND666K8lMCPsoid8pUTI.run:4 com.android.server.wm.SurfaceAnimator.lambda$getFinishedCallback$1:101 com.android.server.wm.-$$Lambda$SurfaceAnimator$vdRZk66hQVbQCvVXEaQCT1kVmFc.onAnimationFinished:4 com.android.server.wm.LocalAnimationAdapter.lambda$startAnimation$0:65 com.android.server.wm.-$$Lambda$LocalAnimationAdapter$X--EomqUvw4qy89IeeTFTH7aCMo.run:4 
04-13 12:17:24.578  3214  3335 D SurfaceControl: destroy(case2), animation-leash is destroyed, sc=Surface(name=Surface(name=8686650 com.ezviz/com.ezviz.login.FingerprintLoginActivity)/@0x7e18803 - animation-leash)/@0x3649c0c, transaction=android.view.SurfaceControl$Transaction@78bd7ac, caller=com.android.server.wm.SurfaceAnimator.reset:329 com.android.server.wm.SurfaceAnimator.lambda$getFinishedCallback$0:94 com.android.server.wm.-$$Lambda$SurfaceAnimator$SIBia0mND666K8lMCPsoid8pUTI.run:4 com.android.server.wm.SurfaceAnimator.lambda$getFinishedCallback$1:101 com.android.server.wm.-$$Lambda$SurfaceAnimator$vdRZk66hQVbQCvVXEaQCT1kVmFc.onAnimationFinished:4 com.android.server.wm.LocalAnimationAdapter.lambda$startAnimation$0:65 com.android.server.wm.-$$Lambda$LocalAnimationAdapter$X--EomqUvw4qy89IeeTFTH7aCMo.run:4 
04-13 12:17:24.578  3214  3335 E WindowManager: win=Window{8686650 u0 com.ezviz/com.ezviz.login.FingerprintLoginActivity EXITING} destroySurfaces: appStopped=false win.mWindowRemovalAllowed=true win.mRemoveOnExit=true win.mViewVisibility=0 caller=com.android.server.wm.AppWindowToken.destroySurfaces:831 com.android.server.wm.AppWindowToken.destroySurfaces:812 com.android.server.wm.WindowState.onExitAnimationDone:5221 com.android.server.wm.WindowStateAnimator.onAnimationFinished:315 com.android.server.wm.WindowState.onAnimationFinished:5633 com.android.server.wm.-$$Lambda$yVRF8YoeNdTa8GR1wDStVsHu8xM.run:2 com.android.server.wm.SurfaceAnimator.lambda$getFinishedCallback$0:97 
04-13 12:17:24.578  3214  3335 I WindowManager: Destroying surface Surface(name=com.ezviz/com.ezviz.login.FingerprintLoginActivity[16586])/@0x3cba2bd called by com.android.server.wm.WindowStateAnimator.destroySurface:1826 com.android.server.wm.WindowStateAnimator.destroySurfaceLocked:804 com.android.server.wm.WindowState.destroySurfaceUnchecked:3656 com.android.server.wm.WindowState.destroySurface:3637 com.android.server.wm.AppWindowToken.destroySurfaces:831 com.android.server.wm.AppWindowToken.destroySurfaces:812 com.android.server.wm.WindowState.onExitAnimationDone:5221 com.android.server.wm.WindowStateAnimator.onAnimationFinished:315 
04-13 12:17:24.578  2817  2907 I SurfaceFlinger: id=52378 Removed com.ezviz/com.ezviz.login.FingerprintLoginActivity[16586]#0 (0/73)
04-13 12:17:24.578  3214  3335 D WindowManager: clearSavedLeashOnCommit, savedLeash=Surface(name=Surface(name=8686650 com.ezviz/com.ezviz.login.FingerprintLoginActivity)/@0x7e18803 - animation-leash)/@0x3649c0c, caller=com.android.server.wm.WindowContainer.removeImmediately:337 com.android.server.wm.WindowState.removeImmediately:2538 com.android.server.wm.WindowState.destroySurface:3640 com.android.server.wm.AppWindowToken.destroySurfaces:831 com.android.server.wm.AppWindowToken.destroySurfaces:812 com.android.server.wm.WindowState.onExitAnimationDone:5221 
04-13 12:17:24.580  2817  3386 W SurfaceFlinger: Attempting to set client state on removed layer: com.ezviz/com.ezviz.login.FingerprintLoginActivity[16586]#0
04-13 12:17:24.580  2817  3386 D Layer   : [8686650 com.ezviz/com.ezviz.login.FingerprintLoginActivity#0]::reparent oldParent:[Surface(name=8686650 com.ezviz/com.ezviz.login.FingerprintLoginActivity)/@0x7e18803 - animation-leash#0], newParent:[AppWindowToken{4e8f1b4 token=Token{5533e87 ActivityRecord{2443ec6 u0 com.ezviz/.login.FingerprintLoginActivity t2042}}}#0]
04-13 12:17:24.580  2817  3386 W SurfaceFlinger: Attempting to destroy on removed layer: com.ezviz/com.ezviz.login.FingerprintLoginActivity[16586]#0
04-13 12:17:24.580  2817  3386 I SurfaceFlinger: id=52384 Removed Surface(name=8686650 com.ezviz/com.ezviz.login.FingerprintLoginActivity)/@0x7e18803 - animation-leash#0 (2/72)
04-13 12:17:24.580  2817  3386 I SurfaceFlinger: id=52376 Removed 8686650 com.ezviz/com.ezviz.login.FingerprintLoginActivity#0 (1/71)
04-13 12:17:24.594  2817  2817 I Layer   : id=52376 onRemoved 8686650 com.ezviz/com.ezviz.login.FingerprintLoginActivity#0 
04-13 12:17:24.594  2817  2817 I Layer   : id=52384 onRemoved Surface(name=8686650 com.ezviz/com.ezviz.login.FingerprintLoginActivity)/@0x7e18803 - animation-leash#0 
04-13 12:17:24.594  2817  2817 I Layer   : id=52378 onRemoved com.ezviz/com.ezviz.login.FingerprintLoginActivity[16586]#0 
04-13 12:17:24.594  3214  5473 D WifiPermissionsUtil: canAccessScanResults: pkgName = com.ezviz, uid = 10931
04-13 12:17:24.599  2817  2817 I SurfaceFlinger: Display 0 HWC layers:
04-13 12:17:24.599  2817  2817 I SurfaceFlinger:     type    |    handle    | flag |  format   |   source crop (l,t,r,b)    |         frame       | name 
04-13 12:17:24.599  2817  2817 I SurfaceFlinger: ------------+--------------+------+-----------+----------------------------+---------------------+------
04-13 12:17:24.599  2817  2817 I SurfaceFlinger:      Device | 0x7a50839ad0 | 0002 | RGBA_8888 |   0.0    0.0 1440.0 2960.0 |    0    0 1440 2960 | com.ezviz/com.ezviz.login.FingerprintLoginActivity[16586]#1
04-13 12:17:24.599  2817  2817 I SurfaceFlinger:      Device | 0x7a5022f690 | 0000 | RGBA_8888 |   0.0    0.0 1440.0   84.0 |    0    0 1440   84 | StatusBar[3642]#0
04-13 12:17:24.599  2817  2817 I SurfaceFlinger:      Device | 0x7a50839440 | 0000 | RGBA_8888 |   0.0    0.0   67.0  385.0 | 1373  639 1440 1024 | com.samsung.android.app.cocktailbars[...]arservice.CocktailBarService[8443]#0
04-13 12:17:24.599  2817  2817 I SurfaceFlinger:      Device | 0x7a5022f310 | 0000 | RGBA_8888 |   0.0    0.0 1440.0  415.0 |    0 2545 1440 2960 | NavbarGestureHandler[3642]#0
04-13 12:17:24.599  2817  2817 I SurfaceFlinger: 
04-13 12:17:24.623 16586 16726 D BundleManager: getRemoteBidInfo url:https://apiius.ezvizlife.com/nodeupdate/v3/rn/check?mobileType=SM-G965U&hardCode=17cd5f5280a6c64a01a99df0e810d42e&phone=&bids=[{"bid":"ModulePIRSetting","version":"2.0.0.267978"},{"bid":"DeviceSocket","version":"2.0.0.268391"},{"bid":"DeviceW3","version":"2.0.0.263113"},{"bid":"ModulePIRSettingRCA","version":"2.0.0.263113"},{"bid":"ServiceAdvert","version":"2.0.0.267786"},{"bid":"ModuleAddDevice","version":"2.0.0.265513"},{"bid":"Pub","version":"2.0.0"},{"bid":"DeviceAlertKeyboard","version":"2.0.0.267786"},{"bid":"Core","version":"2.0.0"},{"bid":"DeviceA1S","version":"2.0.0.267786"}]
04-13 12:17:24.677  2817  2817 I SurfaceFlinger: id=52388 createSurf (5920x5920),2 flag=4, 92ec446 com.ezviz/com.ezviz.main.MainTabActivity#0
04-13 12:17:24.686  3214  5473 D WifiPermissionsUtil: canAccessScanResults: pkgName = com.ezviz, uid = 10931
04-13 12:17:24.696  3214  5473 V WindowManager: Relayout Window{92ec446 u0 com.ezviz/com.ezviz.main.MainTabActivity}: viewVisibility=0 req=1440x2960 {(0,0)(fillxfill) sim={adjust=pan forwardNavigation} ty=BASE_APPLICATION wanim=0x10302ec
04-13 12:17:24.696  3214  5473 V WindowManager:   fl=LAYOUT_IN_SCREEN LAYOUT_INSET_DECOR SPLIT_TOUCH HARDWARE_ACCELERATED DRAWS_SYSTEM_BAR_BACKGROUNDS
04-13 12:17:24.696  3214  5473 V WindowManager:   pfl=FORCE_DRAW_STATUS_BAR_BACKGROUND  remains{ 0x1000000 }
04-13 12:17:24.696  3214  5473 V WindowManager:   vsysui=LIGHT_NAVIGATION_BAR naviIconColor=0}
04-13 12:17:24.699  2817  2817 I SurfaceFlinger: id=52389 createSurf (1440x2960),1 flag=404, com.ezviz/com.ezviz.main.MainTabActivity[16586]#0
04-13 12:17:24.702  3214  3259 D WindowManager: setSystemUiVisibility: vis= 0x8018, fullscreenVis= 0x0, dockedVis= 0x0, win=Window{92ec446 u0 com.ezviz/com.ezviz.main.MainTabActivity}
04-13 12:17:24.745  3214  5473 D WindowManager: finishDrawingWindow: Window{92ec446 u0 com.ezviz/com.ezviz.main.MainTabActivity} mDrawState=DRAW_PENDING
04-13 12:17:24.746  3214  3335 I WindowManager: commitFinishDrawingLocked: mDrawState=READY_TO_SHOW Surface(name=com.ezviz/com.ezviz.main.MainTabActivity[16586])/@0x382ded2
04-13 12:17:24.748  3214  3335 I WindowManager: Cancelling animation restarting=true, leash=null, surface=Surface(name=AppWindowToken{4e8f1b4 token=Token{5533e87 ActivityRecord{2443ec6 u0 com.ezviz/.login.FingerprintLoginActivity t2042}}})/@0x7ca0380, parent=Surface(name=Task=2042)/@0x49e1aa8, caller=com.android.server.wm.SurfaceAnimator.startAnimation:119 com.android.server.wm.WindowContainer.startAnimation:1199 com.android.server.wm.AppWindowToken.applyAnimationLocked:2069 com.android.server.wm.AppWindowToken.setVisibility:468 com.android.server.wm.WindowSurfacePlacer.handleClosingApps:526 
04-13 12:17:24.748  3214  3335 I WindowManager: Reparenting to leash, surface=Surface(name=AppWindowToken{4e8f1b4 token=Token{5533e87 ActivityRecord{2443ec6 u0 com.ezviz/.login.FingerprintLoginActivity t2042}}})/@0x7ca0380, caller=com.android.server.wm.SurfaceAnimator.startAnimation:127 com.android.server.wm.WindowContainer.startAnimation:1199 com.android.server.wm.AppWindowToken.applyAnimationLocked:2069 com.android.server.wm.AppWindowToken.setVisibility:468 com.android.server.wm.WindowSurfacePlacer.handleClosingApps:526 
04-13 12:17:24.749  2817  2817 I SurfaceFlinger: id=52390 createSurf (5920x5920),2 flag=4, Surface(name=AppWindowToken{4e8f1b4 token=Token{5533e87 ActivityRecord{2443ec6 u0 com.ezviz/.login.FingerprintLoginActivity t2042}}})/@0x7ca0380 - animation-leash#0
04-13 12:17:24.752  3214  3335 D SurfaceControl: reparent is called, sc=Surface(name=AppWindowToken{4e8f1b4 token=Token{5533e87 ActivityRecord{2443ec6 u0 com.ezviz/.login.FingerprintLoginActivity t2042}}})/@0x7ca0380, newParentHandle=android.os.BinderProxy@ab7ea59, transaction=android.view.SurfaceControl$Transaction@38c161e, caller=com.android.server.wm.SurfaceAnimator.createAnimationLeash:381 com.android.server.wm.SurfaceAnimator.startAnimation:127 com.android.server.wm.WindowContainer.startAnimation:1199 com.android.server.wm.AppWindowToken.applyAnimationLocked:2069 com.android.server.wm.AppWindowToken.setVisibility:468 com.android.server.wm.WindowSurfacePlacer.handleClosingApps:526 com.android.server.wm.WindowSurfacePlacer.handleAppTransitionReadyLocked:323 
04-13 12:17:24.754  3214  3335 I WindowManager: Cancelling animation restarting=true, leash=null, surface=Surface(name=AppWindowToken{9ea0428 token=Token{884024b ActivityRecord{8da671a u0 com.ezviz/.main.MainTabActivity t2042}}})/@0xa5f762a, parent=Surface(name=Task=2042)/@0x49e1aa8, caller=com.android.server.wm.SurfaceAnimator.startAnimation:119 com.android.server.wm.WindowContainer.startAnimation:1199 com.android.server.wm.AppWindowToken.applyAnimationLocked:2069 com.android.server.wm.AppWindowToken.setVisibility:468 com.android.server.wm.WindowSurfacePlacer.handleOpeningApps:481 
04-13 12:17:24.754  3214  3335 I WindowManager: Reparenting to leash, surface=Surface(name=AppWindowToken{9ea0428 token=Token{884024b ActivityRecord{8da671a u0 com.ezviz/.main.MainTabActivity t2042}}})/@0xa5f762a, caller=com.android.server.wm.SurfaceAnimator.startAnimation:127 com.android.server.wm.WindowContainer.startAnimation:1199 com.android.server.wm.AppWindowToken.applyAnimationLocked:2069 com.android.server.wm.AppWindowToken.setVisibility:468 com.android.server.wm.WindowSurfacePlacer.handleOpeningApps:481 
04-13 12:17:24.755  2817  2817 I SurfaceFlinger: id=52391 createSurf (5920x5920),2 flag=4, Surface(name=AppWindowToken{9ea0428 token=Token{884024b ActivityRecord{8da671a u0 com.ezviz/.main.MainTabActivity t2042}}})/@0xa5f762a - animation-leash#0
04-13 12:17:24.758  3214  3335 D SurfaceControl: reparent is called, sc=Surface(name=AppWindowToken{9ea0428 token=Token{884024b ActivityRecord{8da671a u0 com.ezviz/.main.MainTabActivity t2042}}})/@0xa5f762a, newParentHandle=android.os.BinderProxy@f224c1b, transaction=android.view.SurfaceControl$Transaction@cacd1b8, caller=com.android.server.wm.SurfaceAnimator.createAnimationLeash:381 com.android.server.wm.SurfaceAnimator.startAnimation:127 com.android.server.wm.WindowContainer.startAnimation:1199 com.android.server.wm.AppWindowToken.applyAnimationLocked:2069 com.android.server.wm.AppWindowToken.setVisibility:468 com.android.server.wm.WindowSurfacePlacer.handleOpeningApps:481 com.android.server.wm.WindowSurfacePlacer.handleAppTransitionReadyLocked:325 
04-13 12:17:24.764  3214  3335 V WindowManager: performShowLocked: mDrawState=HAS_DRAWN in Window{92ec446 u0 com.ezviz/com.ezviz.main.MainTabActivity}
04-13 12:17:24.766  2817  2907 D Layer   : [AppWindowToken{9ea0428 token=Token{884024b ActivityRecord{8da671a u0 com.ezviz/.main.MainTabActivity t2042}}}#0]::reparent oldParent:[Task=2042#0], newParent:[Surface(name=AppWindowToken{9ea0428 token=Token{884024b ActivityRecord{8da671a u0 com.ezviz/.main.MainTabActivity t2042}}})/@0xa5f762a - animation-leash#0]
04-13 12:17:24.766  2817  2907 D Layer   : [AppWindowToken{4e8f1b4 token=Token{5533e87 ActivityRecord{2443ec6 u0 com.ezviz/.login.FingerprintLoginActivity t2042}}}#0]::reparent oldParent:[Task=2042#0], newParent:[Surface(name=AppWindowToken{4e8f1b4 token=Token{5533e87 ActivityRecord{2443ec6 u0 com.ezviz/.login.FingerprintLoginActivity t2042}}})/@0x7ca0380 - animation-leash#0]
04-13 12:17:24.769  3214  3269 D PersonaManagerService: notifyActivityDrawn u0 ComponentInfo{com.ezviz/com.ezviz.main.MainTabActivity} showWhenLocked=false type=1 windowingMode=1 fullscreen=true dockSide=-1
04-13 12:17:24.769  3214  3269 I ActivityManager: Displayed com.ezviz/.main.MainTabActivity: +336ms (total +466ms)
04-13 12:17:24.769 16586 16586 V InputMethodManager: Starting input: tba=com.ezviz ic=null mNaviBarColor -855310 mIsGetNaviBarColorSuccess true , NavVisible : true , NavTrans : false
04-13 12:17:24.772  3214  3861 V InputMethodManagerService: windowGainedFocus : reason=WINDOW_FOCUS_GAIN client=android.os.BinderProxy@9fce302 inputContext=null missingMethods= attribute=android.view.inputmethod.EditorInfo@a8c4fcd nm = com.ezviz controlFlags=#105 softInputMode=#120 windowFlags=#81810100
04-13 12:17:24.799  2817  2817 I SurfaceFlinger: Display 0 HWC layers:
04-13 12:17:24.799  2817  2817 I SurfaceFlinger:     type    |    handle    | flag |  format   |   source crop (l,t,r,b)    |         frame       | name 
04-13 12:17:24.799  2817  2817 I SurfaceFlinger: ------------+--------------+------+-----------+----------------------------+---------------------+------
04-13 12:17:24.799  2817  2817 I SurfaceFlinger:  SolidColor |              | 0000 |  Unknown  |   0.0    0.0   -0.2   -0.5 |    0    0 1440 2960 | animation background stackId=1348#0
04-13 12:17:24.799  2817  2817 I SurfaceFlinger:      Device | 0x7a50839ad0 | 0002 | RGBA_8888 |   0.0    1.0 1440.0 2960.0 |    0    0 1440 2959 | com.ezviz/com.ezviz.login.FingerprintLoginActivity[16586]#1
04-13 12:17:24.799  2817  2817 I SurfaceFlinger:      Device | 0x7a50838f00 | 0002 | RGBA_8888 |   0.0    0.0 1440.0 2268.0 |    0  692 1440 2960 | com.ezviz/com.ezviz.main.MainTabActivity[16586]#0
04-13 12:17:24.799  2817  2817 I SurfaceFlinger:      Device | 0x7a5022f690 | 0000 | RGBA_8888 |   0.0    0.0 1440.0   84.0 |    0    0 1440   84 | StatusBar[3642]#0
04-13 12:17:24.799  2817  2817 I SurfaceFlinger:      Device | 0x7a50839440 | 0000 | RGBA_8888 |   0.0    0.0   67.0  385.0 | 1373  639 1440 1024 | com.samsung.android.app.cocktailbars[...]arservice.CocktailBarService[8443]#0
04-13 12:17:24.799  2817  2817 I SurfaceFlinger:      Device | 0x7a5022f310 | 0000 | RGBA_8888 |   0.0 
04-13 12:17:24.816  2817  2817 I SurfaceFlinger: Display 0 HWC layers:
04-13 12:17:24.816  2817  2817 I SurfaceFlinger:     type    |    handle    | flag |  format   |   source crop (l,t,r,b)    |         frame       | name 
04-13 12:17:24.816  2817  2817 I SurfaceFlinger: ------------+--------------+------+-----------+----------------------------+---------------------+------
04-13 12:17:24.816  2817  2817 I SurfaceFlinger:  SolidColor |              | 0000 |  Unknown  |   0.0    0.0   -0.2   -0.5 |    0    0 1440 2960 | animation background stackId=1348#0
04-13 12:17:24.816  2817  2817 I SurfaceFlinger:      Device | 0x7a50839ad0 | 0002 | RGBA_8888 |   0.0    3.0 1440.0 2960.0 |    0    0 1440 2957 | com.ezviz/com.ezviz.login.FingerprintLoginActivity[16586]#1
04-13 12:17:24.816  2817  2817 I SurfaceFlinger:  SolidColor |              | 0000 |  Unknown  |   0.0    0.0   -1.0   -1.0 |    0    0 1440 2960 | Dim Layer for - Task=2042#0
04-13 12:17:24.816  2817  2817 I SurfaceFlinger:      Device | 0x7a508390c0 | 0002 | RGBA_8888 |   0.0    0.0 1440.0 2298.0 |    0  662 1440 2960 | com.ezviz/com.ezviz.main.MainTabActivity[16586]#0
04-13 12:17:24.816  2817  2817 I SurfaceFlinger:      Device | 0x7a5022f690 | 0000 | RGBA_8888 |   0.0    0.0 1440.0   84.0 |    0    0 1440   84 | StatusBar[3642]#0
04-13 12:17:24.816  2817  2817 I SurfaceFlinger:      Device | 0x7a50839440 | 0000 | RGBA_8888 |   0.0    0.0   67.0  385.0 | 1373  639 1440 1024 | com.s
04-13 12:17:24.899  2817  2817 I SurfaceFlinger: Display 0 HWC layers:
04-13 12:17:24.899  2817  2817 I SurfaceFlinger:     type    |    handle    | flag |  format   |   source crop (l,t,r,b)    |         frame       | name 
04-13 12:17:24.899  2817  2817 I SurfaceFlinger: ------------+--------------+------+-----------+----------------------------+---------------------+------
04-13 12:17:24.899  2817  2817 I SurfaceFlinger:      Device | 0x7a50839ad0 | 0002 | RGBA_8888 |   0.0   28.0 1440.0 2960.0 |    0    0 1440 2932 | com.ezviz/com.ezviz.login.FingerprintLoginActivity[16586]#1
04-13 12:17:24.899  2817  2817 I SurfaceFlinger:  SolidColor |              | 0000 |  Unknown  |   0.0    0.0   -1.0   -1.0 |    0    0 1440 2960 | Dim Layer for - Task=2042#0
04-13 12:17:24.899  2817  2817 I SurfaceFlinger:      Device | 0x7a50838f00 | 0002 | RGBA_8888 |   0.0    0.0 1440.0 2750.0 |    0  210 1440 2960 | com.ezviz/com.ezviz.main.MainTabActivity[16586]#0
04-13 12:17:24.899  2817  2817 I SurfaceFlinger:      Device | 0x7a5022f690 | 0000 | RGBA_8888 |   0.0    0.0 1440.0   84.0 |    0    0 1440   84 | StatusBar[3642]#0
04-13 12:17:24.899  2817  2817 I SurfaceFlinger:      Device | 0x7a50839440 | 0000 | RGBA_8888 |   0.0    0.0   67.0  385.0 | 1373  639 1440 1024 | com.samsung.android.app.cocktailbars[...]arservice.CocktailBarService[8443]#0
04-13 12:17:24.899  2817  2817 I SurfaceFlinger:      Device | 0x7a5022f310 | 0000 | RGBA_8888 |   0.0    0.0 1
04-13 12:17:24.941  3214  5473 D WifiPermissionsUtil: canAccessScanResults: pkgName = com.ezviz, uid = 10931
04-13 12:17:25.062  3214  3335 I WindowManager: reset, Reparenting to original parent, shouldDeferScheduleAnimation=true, destroyLeash=true, surface=Surface(name=AppWindowToken{4e8f1b4 token=Token{5533e87 ActivityRecord{2443ec6 u0 com.ezviz/.login.FingerprintLoginActivity t2042}}})/@0x7ca0380, parent=Surface(name=Task=2042)/@0x49e1aa8, parentNativeHandle=android.os.BinderProxy@9cf8325, caller=com.android.server.wm.SurfaceAnimator.lambda$getFinishedCallback$0:94 com.android.server.wm.-$$Lambda$SurfaceAnimator$SIBia0mND666K8lMCPsoid8pUTI.run:4 com.android.server.wm.AnimatingAppWindowTokenRegistry.endDeferringFinished:104 com.android.server.wm.AnimatingAppWindowTokenRegistry.notifyAboutToFinish:77 com.android.server.wm.AppWindowToken.shouldDeferAnimationFinish:2167 
04-13 12:17:25.062  3214  3335 D SurfaceControl: reparent is called, sc=Surface(name=AppWindowToken{4e8f1b4 token=Token{5533e87 ActivityRecord{2443ec6 u0 com.ezviz/.login.FingerprintLoginActivity t2042}}})/@0x7ca0380, newParentHandle=android.os.BinderProxy@9cf8325, transaction=android.view.SurfaceControl$Transaction@38c161e, caller=com.android.server.wm.SurfaceAnimator.reset:322 com.android.server.wm.SurfaceAnimator.lambda$getFinishedCallback$0:94 com.android.server.wm.-$$Lambda$SurfaceAnimator$SIBia0mND666K8lMCPsoid8pUTI.run:4 com.android.server.wm.AnimatingAppWindowTokenRegistry.endDeferringFinished:104 com.android.server.wm.AnimatingAppWindowTokenRegistry.notifyAboutToFinish:77 com.android.server.wm.AppWindowToken.shouldDeferAnimationFinish:2167 com.android.server.wm.SurfaceAnimator.lambda$getFinishedCallback$1:100 
04-13 12:17:25.063  3214  3335 D SurfaceControl: destroy(case2), animation-leash is destroyed, sc=Surface(name=Surface(name=AppWindowToken{4e8f1b4 token=Token{5533e87 ActivityRecord{2443ec6 u0 com.ezviz/.login.FingerprintLoginActivity t2042}}})/@0x7ca0380 - animation-leash)/@0xa96beff, transaction=android.view.SurfaceControl$Transaction@38c161e, caller=com.android.server.wm.SurfaceAnimator.reset:329 com.android.server.wm.SurfaceAnimator.lambda$getFinishedCallback$0:94 com.android.server.wm.-$$Lambda$SurfaceAnimator$SIBia0mND666K8lMCPsoid8pUTI.run:4 com.android.server.wm.AnimatingAppWindowTokenRegistry.endDeferringFinished:104 com.android.server.wm.AnimatingAppWindowTokenRegistry.notifyAboutToFinish:77 com.android.server.wm.AppWindowToken.shouldDeferAnimationFinish:2167 com.android.server.wm.SurfaceAnimator.lambda$getFinishedCallback$1:100 
04-13 12:17:25.063  3214  3335 I WindowManager: reset, Reparenting to original parent, shouldDeferScheduleAnimation=false, destroyLeash=true, surface=Surface(name=AppWindowToken{9ea0428 token=Token{884024b ActivityRecord{8da671a u0 com.ezviz/.main.MainTabActivity t2042}}})/@0xa5f762a, parent=Surface(name=Task=2042)/@0x49e1aa8, parentNativeHandle=android.os.BinderProxy@9cf8325, caller=com.android.server.wm.SurfaceAnimator.lambda$getFinishedCallback$0:94 com.android.server.wm.-$$Lambda$SurfaceAnimator$SIBia0mND666K8lMCPsoid8pUTI.run:4 com.android.server.wm.SurfaceAnimator.lambda$getFinishedCallback$1:101 com.android.server.wm.-$$Lambda$SurfaceAnimator$vdRZk66hQVbQCvVXEaQCT1kVmFc.onAnimationFinished:4 com.android.server.wm.LocalAnimationAdapter.lambda$startAnimation$0:65 
04-13 12:17:25.063  3214  3335 D SurfaceControl: reparent is called, sc=Surface(name=AppWindowToken{9ea0428 token=Token{884024b ActivityRecord{8da671a u0 com.ezviz/.main.MainTabActivity t2042}}})/@0xa5f762a, newParentHandle=android.os.BinderProxy@9cf8325, transaction=android.view.SurfaceControl$Transaction@cacd1b8, caller=com.android.server.wm.SurfaceAnimator.reset:322 com.android.server.wm.SurfaceAnimator.lambda$getFinishedCallback$0:94 com.android.server.wm.-$$Lambda$SurfaceAnimator$SIBia0mND666K8lMCPsoid8pUTI.run:4 com.android.server.wm.SurfaceAnimator.lambda$getFinishedCallback$1:101 com.android.server.wm.-$$Lambda$SurfaceAnimator$vdRZk66hQVbQCvVXEaQCT1kVmFc.onAnimationFinished:4 com.android.server.wm.LocalAnimationAdapter.lambda$startAnimation$0:65 com.android.server.wm.-$$Lambda$LocalAnimationAdapter$X--EomqUvw4qy89IeeTFTH7aCMo.run:4 
04-13 12:17:25.063  3214  3335 D SurfaceControl: destroy(case2), animation-leash is destroyed, sc=Surface(name=Surface(name=AppWindowToken{9ea0428 token=Token{884024b ActivityRecord{8da671a u0 com.ezviz/.main.MainTabActivity t2042}}})/@0xa5f762a - animation-leash)/@0x4395164, transaction=android.view.SurfaceControl$Transaction@cacd1b8, caller=com.android.server.wm.SurfaceAnimator.reset:329 com.android.server.wm.SurfaceAnimator.lambda$getFinishedCallback$0:94 com.android.server.wm.-$$Lambda$SurfaceAnimator$SIBia0mND666K8lMCPsoid8pUTI.run:4 com.android.server.wm.SurfaceAnimator.lambda$getFinishedCallback$1:101 com.android.server.wm.-$$Lambda$SurfaceAnimator$vdRZk66hQVbQCvVXEaQCT1kVmFc.onAnimationFinished:4 com.android.server.wm.LocalAnimationAdapter.lambda$startAnimation$0:65 com.android.server.wm.-$$Lambda$LocalAnimationAdapter$X--EomqUvw4qy89IeeTFTH7aCMo.run:4 
04-13 12:17:25.064  3214  3335 D WindowManager: prepareSurfaces, request to clear saved leash, surface=Surface(name=AppWindowToken{4e8f1b4 token=Token{5533e87 ActivityRecord{2443ec6 u0 com.ezviz/.login.FingerprintLoginActivity t2042}}})/@0x7ca0380
04-13 12:17:25.064  3214  3335 D WindowManager: prepareSurfaces, request to clear saved leash, surface=Surface(name=AppWindowToken{9ea0428 token=Token{884024b ActivityRecord{8da671a u0 com.ezviz/.main.MainTabActivity t2042}}})/@0xa5f762a
04-13 12:17:25.065  2817  4739 D Layer   : [AppWindowToken{4e8f1b4 token=Token{5533e87 ActivityRecord{2443ec6 u0 com.ezviz/.login.FingerprintLoginActivity t2042}}}#0]::reparent oldParent:[Surface(name=AppWindowToken{4e8f1b4 token=Token{5533e87 ActivityRecord{2443ec6 u0 com.ezviz/.login.FingerprintLoginActivity t2042}}})/@0x7ca0380 - animation-leash#0], newParent:[Task=2042#0]
04-13 12:17:25.065  2817  4739 D Layer   : [AppWindowToken{9ea0428 token=Token{884024b ActivityRecord{8da671a u0 com.ezviz/.main.MainTabActivity t2042}}}#0]::reparent oldParent:[Surface(name=AppWindowToken{9ea0428 token=Token{884024b ActivityRecord{8da671a u0 com.ezviz/.main.MainTabActivity t2042}}})/@0xa5f762a - animation-leash#0], newParent:[Task=2042#0]
04-13 12:17:25.065  2817  4739 I SurfaceFlinger: id=52391 Removed Surface(name=AppWindowToken{9ea0428 token=Token{884024b ActivityRecord{8da671a u0 com.ezviz/.main.MainTabActivity t2042}}})/@0xa5f762a - animation-leash#0 (1/75)
04-13 12:17:25.065  2817  4739 I SurfaceFlinger: id=52390 Removed Surface(name=AppWindowToken{4e8f1b4 token=Token{5533e87 ActivityRecord{2443ec6 u0 com.ezviz/.login.FingerprintLoginActivity t2042}}})/@0x7ca0380 - animation-leash#0 (0/73)
04-13 12:17:25.065  3214  3335 D WindowManager: clearSavedLeashOnCommit, savedLeash=Surface(name=Surface(name=AppWindowToken{4e8f1b4 token=Token{5533e87 ActivityRecord{2443ec6 u0 com.ezviz/.login.FingerprintLoginActivity t2042}}})/@0x7ca0380 - animation-leash)/@0xa96beff, caller=com.android.server.wm.WindowContainer.clearSavedLeashOnCommit:1150 com.android.server.wm.WindowContainer.clearSavedLeashOnCommit:1154 com.android.server.wm.WindowContainer.clearSavedLeashOnCommit:1154 com.android.server.wm.WindowContainer.clearSavedLeashOnCommit:1154 com.android.server.wm.WindowContainer.clearSavedLeashOnCommit:1154 com.android.server.wm.RootWindowContainer.performSurfacePlacement:750 
04-13 12:17:25.065  3214  3335 D WindowManager: clearSavedLeashOnCommit, savedLeash=Surface(name=Surface(name=AppWindowToken{9ea0428 token=Token{884024b ActivityRecord{8da671a u0 com.ezviz/.main.MainTabActivity t2042}}})/@0xa5f762a - animation-leash)/@0x4395164, caller=com.android.server.wm.WindowContainer.clearSavedLeashOnCommit:1150 com.android.server.wm.WindowContainer.clearSavedLeashOnCommit:1154 com.android.server.wm.WindowContainer.clearSavedLeashOnCommit:1154 com.android.server.wm.WindowContainer.clearSavedLeashOnCommit:1154 com.android.server.wm.WindowContainer.clearSavedLeashOnCommit:1154 com.android.server.wm.RootWindowContainer.performSurfacePlacement:750 
04-13 12:17:25.078  2817  2817 I Layer   : id=52391 onRemoved Surface(name=AppWindowToken{9ea0428 token=Token{884024b ActivityRecord{8da671a u0 com.ezviz/.main.MainTabActivity t2042}}})/@0xa5f762a - animation-leash#0 
04-13 12:17:25.078  2817  2817 I Layer   : id=52390 onRemoved Surface(name=AppWindowToken{4e8f1b4 token=Token{5533e87 ActivityRecord{2443ec6 u0 com.ezviz/.login.FingerprintLoginActivity t2042}}})/@0x7ca0380 - animation-leash#0 
04-13 12:17:25.084  2817  2817 I SurfaceFlinger: Display 0 HWC layers:
04-13 12:17:25.084  2817  2817 I SurfaceFlinger:     type    |    handle    | flag |  format   |   source crop (l,t,r,b)    |         frame       | name 
04-13 12:17:25.084  2817  2817 I SurfaceFlinger: ------------+--------------+------+-----------+----------------------------+---------------------+------
04-13 12:17:25.084  2817  2817 I SurfaceFlinger:      Device | 0x7a50839600 | 0002 | RGBA_8888 |   0.0    0.0 1440.0 2960.0 |    0    0 1440 2960 | com.ezviz/com.ezviz.main.MainTabActivity[16586]#0
04-13 12:17:25.084  2817  2817 I SurfaceFlinger:      Device | 0x7a5022f690 | 0000 | RGBA_8888 |   0.0    0.0 1440.0   84.0 |    0    0 1440   84 | StatusBar[3642]#0
04-13 12:17:25.084  2817  2817 I SurfaceFlinger:      Device | 0x7a50839440 | 0000 | RGBA_8888 |   0.0    0.0   67.0  385.0 | 1373  639 1440 1024 | com.samsung.android.app.cocktailbars[...]arservice.CocktailBarService[8443]#0
04-13 12:17:25.084  2817  2817 I SurfaceFlinger:      Device | 0x7a5022f310 | 0000 | RGBA_8888 |   0.0    0.0 1440.0  415.0 |    0 2545 1440 2960 | NavbarGestureHandler[3642]#0
04-13 12:17:25.084  2817  2817 I SurfaceFlinger: 
04-13 12:17:25.110  3214  3861 V WindowManager: Relayout Window{9073e6f u0 com.ezviz/com.ezviz.login.FingerprintLoginActivity}: viewVisibility=8 req=1440x2960 {(0,0)(fillxfill) sim={adjust=pan forwardNavigation} ty=BASE_APPLICATION wanim=0x10302ec
04-13 12:17:25.110  3214  3861 V WindowManager:   fl=LAYOUT_IN_SCREEN LAYOUT_INSET_DECOR SPLIT_TOUCH HARDWARE_ACCELERATED DRAWS_SYSTEM_BAR_BACKGROUNDS
04-13 12:17:25.110  3214  3861 V WindowManager:   pfl=FORCE_DRAW_STATUS_BAR_BACKGROUND  remains{ 0x1000000 }
04-13 12:17:25.110  3214  3861 V WindowManager:   vsysui=LIGHT_NAVIGATION_BAR naviIconColor=0}
04-13 12:17:25.135  3214  3861 I WindowManager: Cancelling animation restarting=false, leash=null, surface=Surface(name=AppWindowToken{1325d1 token=Token{9c56cf8 ActivityRecord{19b4c5b u0 com.ezviz/.login.LoadingActivity t2042}}})/@0x259bdda, parent=Surface(name=Task=2042)/@0x49e1aa8, caller=com.android.server.wm.SurfaceAnimator.cancelAnimation:182 com.android.server.wm.WindowContainer.cancelAnimation:1207 com.android.server.wm.AppWindowToken.cancelAnimation:2350 com.android.server.wm.AppWindowToken.onRemovedFromDisplay:776 com.android.server.wm.DisplayContent.removeAppToken:1040 
04-13 12:17:25.139  3214  5473 V WindowManager: Remove Window{9073e6f u0 com.ezviz/com.ezviz.login.FingerprintLoginActivity}: mSurfaceController=Surface(name=com.ezviz/com.ezviz.login.FingerprintLoginActivity[16586])/@0x47810b2 mAnimatingExit=false mRemoveOnExit=false mHasSurface=true surfaceShowing=false isAnimationSet=false app-animation=false mWillReplaceWindow=false inPendingTransaction=false mDisplayFrozen=false callers=com.android.server.wm.WindowState.removeIfPossible:2626 com.android.server.wm.WindowManagerService.removeWindow:1908 com.android.server.wm.Session.remove:253 android.view.IWindowSession$Stub.onTransact:261 com.android.server.wm.Session.onTransact:186 android.os.Binder.execTransact:739 
04-13 12:17:25.139  3214  5473 I WindowManager: Destroying surface Surface(name=com.ezviz/com.ezviz.login.FingerprintLoginActivity[16586])/@0x47810b2 called by com.android.server.wm.WindowStateAnimator.destroySurface:1826 com.android.server.wm.WindowStateAnimator.destroySurfaceLocked:804 com.android.server.wm.WindowState.removeImmediately:2605 com.android.server.wm.WindowState.removeIfPossible:2755 com.android.server.wm.WindowState.removeIfPossible:2626 com.android.server.wm.WindowManagerService.removeWindow:1908 com.android.server.wm.Session.remove:253 android.view.IWindowSession$Stub.onTransact:261 
04-13 12:17:25.139  2817  2907 I SurfaceFlinger: id=52379 Removed com.ezviz/com.ezviz.login.FingerprintLoginActivity[16586]#1 (0/71)
04-13 12:17:25.141  2817  2907 I SurfaceFlinger: id=52377 Removed 9073e6f com.ezviz/com.ezviz.login.FingerprintLoginActivity#0 (0/70)
04-13 12:17:25.141  2817  2907 I SurfaceFlinger: id=52386 Removed AppWindowToken{1325d1 token=Token{9c56cf8 ActivityRecord{19b4c5b u0 com.ezviz/.login.LoadingActivity t2042}}}#0 (1/69)
04-13 12:17:25.143  3214  5473 I WindowManager: Cancelling animation restarting=false, leash=null, surface=Surface(name=AppWindowToken{4e8f1b4 token=Token{5533e87 ActivityRecord{2443ec6 u0 com.ezviz/.login.FingerprintLoginActivity t2042}}})/@0x7ca0380, parent=Surface(name=Task=2042)/@0x49e1aa8, caller=com.android.server.wm.SurfaceAnimator.cancelAnimation:182 com.android.server.wm.WindowContainer.cancelAnimation:1207 com.android.server.wm.AppWindowToken.cancelAnimation:2350 com.android.server.wm.AppWindowToken.onRemovedFromDisplay:776 com.android.server.wm.DisplayContent.removeAppToken:1040 
04-13 12:17:25.145  2817  2817 I Layer   : id=52377 onRemoved 9073e6f com.ezviz/com.ezviz.login.FingerprintLoginActivity#0 
04-13 12:17:25.145  2817  2817 I Layer   : id=52386 onRemoved AppWindowToken{1325d1 token=Token{9c56cf8 ActivityRecord{19b4c5b u0 com.ezviz/.login.LoadingActivity t2042}}}#0 
04-13 12:17:25.145  2817  2817 I Layer   : id=52379 onRemoved com.ezviz/com.ezviz.login.FingerprintLoginActivity[16586]#1 
04-13 12:17:25.145  2817  2907 I SurfaceFlinger: id=52374 Removed AppWindowToken{4e8f1b4 token=Token{5533e87 ActivityRecord{2443ec6 u0 com.ezviz/.login.FingerprintLoginActivity t2042}}}#0 (0/68)
04-13 12:17:25.161  2817  2817 I Layer   : id=52374 onRemoved AppWindowToken{4e8f1b4 token=Token{5533e87 ActivityRecord{2443ec6 u0 com.ezviz/.login.FingerprintLoginActivity t2042}}}#0 
04-13 12:17:25.181 16586 16586 V InputMethodManager: Starting input: tba=com.ezviz ic=null mNaviBarColor -855310 mIsGetNaviBarColorSuccess true , NavVisible : true , NavTrans : false
04-13 12:17:25.932  3214  3427 D WifiTrafficPoller: TrafficStats TxPkts=3315116 RxPkts=12374437 TxBytes=417358050 RxBytes=16770452104 , Foreground uid=10931 pkgName=com.ezviz TxPackets=4178 RxPackets=3693 TxBytes=453216 RxBytes=2904554
04-13 12:17:26.420  3214  5218 D WifiPermissionsUtil: canAccessScanResults: pkgName = com.ezviz, uid = 10931
04-13 12:17:26.737  3214  3392 I clp-JNI : CLP add process info start. (channel) 92ec446 com.ezviz/com.ezviz.main.MainTabActivity (server) (pkg) AppWindowToken{9ea0428 token=Token{884024b ActivityRecord{8da671a u0 com.ezviz/.main.MainTabActivity t2042}}} (action) 0
04-13 12:17:26.794  3214  3392 I clp-JNI : CLP add process info start. (channel) 92ec446 com.ezviz/com.ezviz.main.MainTabActivity (server) (pkg) AppWindowToken{9ea0428 token=Token{884024b ActivityRecord{8da671a u0 com.ezviz/.main.MainTabActivity t2042}}} (action) 1
04-13 12:17:26.823  2691 28506 I CameraService: CameraService::connect call (PID -1 "com.ezviz", camera ID 0) for HAL version default and Camera API version 1
04-13 12:17:26.826  2691 28506 I CameraFlashlight: prepareDeviceOpen: prepare for device open(cameraId=0, package=com.ezviz)
04-13 12:17:26.908  2691 28506 I Camera2ClientBase: Camera 0: Opened. Client: com.ezviz (PID 16586, UID 10931)
04-13 12:17:26.910  2691 28506 I CameraService: startCameraOps: Start camera ops, package name = com.ezviz, client UID = 10931
04-13 12:17:27.061  2691 10596 I CameraService: finishCameraOps: Finish camera ops, package name = com.ezviz, client UID = 10931
04-13 12:17:27.063  2691 10596 I CameraFlashlight: deviceClosed: device 0 is closed(package=com.ezviz)
04-13 12:17:27.064  2691 10596 I Camera2ClientBase: Closed Camera 0. Client was: com.ezviz (PID 16586, UID 10931)
04-13 12:17:27.072  3214  3861 I ActivityManager: START u0 {act=null typ=null flg=0x10000000 cmp=ComponentInfo{com.ezviz/com.videogo.add.qrcode.CaptureActivity}} from uid 10931
04-13 12:17:27.080  2817  2817 I SurfaceFlinger: id=52394 createSurf (5920x5920),2 flag=4, AppWindowToken{6f1d00 token=Token{ced1783 ActivityRecord{2422e32 u0 com.ezviz/com.videogo.add.qrcode.CaptureActivity t2042}}}#0
