04-13 12:17:35.431  3214  3335 D WindowManager: prepareSurfaces, request to clear saved leash, surface=Surface(name=AppWindowToken{9fe90c1 token=Token{640eda8 ActivityRecord{ca6a1cb u0 com.ezviz/com.videogo.add.device.search.SeriesNumSearchActivity t2042}}})/@0x11b097
04-13 12:17:35.431  2817  3386 D Layer   : [AppWindowToken{6f1d00 token=Token{ced1783 ActivityRecord{2422e32 u0 com.ezviz/com.videogo.add.qrcode.CaptureActivity t2042}}}#0]::reparent oldParent:[Surface(name=AppWindowToken{6f1d00 token=Token{ced1783 ActivityRecord{2422e32 u0 com.ezviz/com.videogo.add.qrcode.CaptureActivity t2042}}})/@0x8049363 - animation-leash#0], newParent:[Task=2042#0]
04-13 12:17:35.431  2817  3386 D Layer   : [AppWindowToken{9fe90c1 token=Token{640eda8 ActivityRecord{ca6a1cb u0 com.ezviz/com.videogo.add.device.search.SeriesNumSearchActivity t2042}}}#0]::reparent oldParent:[Surface(name=AppWindowToken{9fe90c1 token=Token{640eda8 ActivityRecord{ca6a1cb u0 com.ezviz/com.videogo.add.device.search.SeriesNumSearchActivity t2042}}})/@0x11b097 - animation-leash#0], newParent:[Task=2042#0]
04-13 12:17:35.431  2817  3386 I SurfaceFlinger: id=52407 Removed Surface(name=AppWindowToken{9fe90c1 token=Token{640eda8 ActivityRecord{ca6a1cb u0 com.ezviz/com.videogo.add.device.search.SeriesNumSearchActivity t2042}}})/@0x11b097 - animation-leash#0 (1/76)
04-13 12:17:35.431  2817  3386 I SurfaceFlinger: id=52406 Removed Surface(name=AppWindowToken{6f1d00 token=Token{ced1783 ActivityRecord{2422e32 u0 com.ezviz/com.videogo.add.qrcode.CaptureActivity t2042}}})/@0x8049363 - animation-leash#0 (0/75)
04-13 12:17:35.431  3214  3335 D WindowManager: clearSavedLeashOnCommit, savedLeash=Surface(name=Surface(name=AppWindowToken{6f1d00 token=Token{ced1783 ActivityRecord{2422e32 u0 com.ezviz/com.videogo.add.qrcode.CaptureActivity t2042}}})/@0x8049363 - animation-leash)/@0xfabef16, caller=com.android.server.wm.WindowContainer.clearSavedLeashOnCommit:1150 com.android.server.wm.WindowContainer.clearSavedLeashOnCommit:1154 com.android.server.wm.WindowContainer.clearSavedLeashOnCommit:1154 com.android.server.wm.WindowContainer.clearSavedLeashOnCommit:1154 com.android.server.wm.WindowContainer.clearSavedLeashOnCommit:1154 com.android.server.wm.RootWindowContainer.performSurfacePlacement:750 
04-13 12:17:35.432  3214  3335 D WindowManager: clearSavedLeashOnCommit, savedLeash=Surface(name=Surface(name=AppWindowToken{9fe90c1 token=Token{640eda8 ActivityRecord{ca6a1cb u0 com.ezviz/com.videogo.add.device.search.SeriesNumSearchActivity t2042}}})/@0x11b097 - animation-leash)/@0xd1b3069, caller=com.android.server.wm.WindowContainer.clearSavedLeashOnCommit:1150 com.android.server.wm.WindowContainer.clearSavedLeashOnCommit:1154 com.android.server.wm.WindowContainer.clearSavedLeashOnCommit:1154 com.android.server.wm.WindowContainer.clearSavedLeashOnCommit:1154 com.android.server.wm.WindowContainer.clearSavedLeashOnCommit:1154 com.android.server.wm.RootWindowContainer.performSurfacePlacement:750 
04-13 12:17:35.435  2817  2817 I SurfaceFlinger: Display 0 HWC layers:
04-13 12:17:35.435  2817  2817 I SurfaceFlinger:     type    |    handle    | flag |  format   |   source crop (l,t,r,b)    |         frame       | name 
04-13 12:17:35.435  2817  2817 I SurfaceFlinger: ------------+--------------+------+-----------+----------------------------+---------------------+------
04-13 12:17:35.435  2817  2817 I SurfaceFlinger:      Device | 0x7a5083a2b0 | 0002 | RGBA_8888 |   0.0    0.0 1440.0 2960.0 |    0    0 1440 2960 | com.ezviz/com.videogo.add.device.search.SeriesNumSearchActivity[16586]#0
04-13 12:17:35.435  2817  2817 I SurfaceFlinger:      Device | 0x7a50839750 | 0000 | RGBA_8888 |   0.0    0.0 1440.0   84.0 |    0    0 1440   84 | StatusBar[3642]#0
04-13 12:17:35.435  2817  2817 I SurfaceFlinger:      Device | 0x7a50839440 | 0000 | RGBA_8888 |   0.0    0.0   67.0  385.0 | 1373  639 1440 1024 | com.samsung.android.app.cocktailbars[...]arservice.CocktailBarService[8443]#0
04-13 12:17:35.435  2817  2817 I SurfaceFlinger:      Device | 0x7a5022f310 | 0000 | RGBA_8888 |   0.0    0.0 1440.0  415.0 |    0 2545 1440 2960 | NavbarGestureHandler[3642]#0
04-13 12:17:35.435  2817  2817 I SurfaceFlinger: 
04-13 12:17:35.444 16586 16586 D SurfaceView: show() Surface(name=SurfaceView - com.ezviz/com.videogo.add.qrcode.CaptureActivity@f720823@0[16586])/@0x694cc49 android.view.SurfaceView{f720823 V.E...... ........ 0,0-1440,2876 #7f0d03a4 app:id/preview_view}
04-13 12:17:35.444  2817  2817 I Layer   : id=52406 onRemoved Surface(name=AppWindowToken{6f1d00 token=Token{ced1783 ActivityRecord{2422e32 u0 com.ezviz/com.videogo.add.qrcode.CaptureActivity t2042}}})/@0x8049363 - animation-leash#0 
04-13 12:17:35.444  2817  2817 I Layer   : id=52407 onRemoved Surface(name=AppWindowToken{9fe90c1 token=Token{640eda8 ActivityRecord{ca6a1cb u0 com.ezviz/com.videogo.add.device.search.SeriesNumSearchActivity t2042}}})/@0x11b097 - animation-leash#0 
04-13 12:17:35.445 16586 16586 D SurfaceView: destroy() Surface(name=SurfaceView - com.ezviz/com.videogo.add.qrcode.CaptureActivity@f720823@0[16586])/@0x694cc49 android.view.SurfaceView{f720823 V.E...... ........ 0,0-1440,2876 #7f0d03a4 app:id/preview_view}
04-13 12:17:35.450  3214  3861 V WindowManager: Relayout Window{792e773 u0 com.ezviz/com.videogo.add.qrcode.CaptureActivity}: viewVisibility=8 req=1440x2960 {(0,0)(fillxfill) sim={adjust=pan forwardNavigation} ty=BASE_APPLICATION fmt=TRANSLUCENT wanim=0x10302ec
04-13 12:17:35.450  3214  3861 V WindowManager:   fl=KEEP_SCREEN_ON LAYOUT_IN_SCREEN LAYOUT_INSET_DECOR SPLIT_TOUCH HARDWARE_ACCELERATED DRAWS_SYSTEM_BAR_BACKGROUNDS
04-13 12:17:35.450  3214  3861 V WindowManager:   pfl=FORCE_DRAW_STATUS_BAR_BACKGROUND  remains{ 0x1000000 }
04-13 12:17:35.450  3214  3861 V WindowManager:   vsysui=LIGHT_NAVIGATION_BAR naviIconColor=0}
04-13 12:17:35.461  3214  3861 E WindowManager: win=Window{792e773 u0 com.ezviz/com.videogo.add.qrcode.CaptureActivity} destroySurfaces: appStopped=true win.mWindowRemovalAllowed=false win.mRemoveOnExit=false win.mViewVisibility=8 caller=com.android.server.wm.AppWindowToken.destroySurfaces:831 com.android.server.wm.AppWindowToken.destroySurfaces:812 com.android.server.wm.AppWindowToken.notifyAppStopped:867 com.android.server.wm.AppWindowContainerController.notifyAppStopped:832 com.android.server.am.ActivityRecord.activityStoppedLocked:2183 com.android.server.am.ActivityManagerService.activityStopped:10403 android.app.IActivityManager$Stub.onTransact$activityStopped$:10987 
04-13 12:17:35.461  3214  3861 I WindowManager: Destroying surface Surface(name=com.ezviz/com.videogo.add.qrcode.CaptureActivity[16586])/@0xd1eb3f4 called by com.android.server.wm.WindowStateAnimator.destroySurface:1826 com.android.server.wm.WindowStateAnimator.destroySurfaceLocked:804 com.android.server.wm.WindowState.destroySurfaceUnchecked:3656 com.android.server.wm.WindowState.destroySurface:3637 com.android.server.wm.AppWindowToken.destroySurfaces:831 com.android.server.wm.AppWindowToken.destroySurfaces:812 com.android.server.wm.AppWindowToken.notifyAppStopped:867 com.android.server.wm.AppWindowContainerController.notifyAppStopped:832 
04-13 12:17:35.461  2817  3251 I SurfaceFlinger: id=52396 Removed com.ezviz/com.videogo.add.qrcode.CaptureActivity[16586]#0 (0/74)
04-13 12:17:35.462 16586 16586 W Glide   : Load failed for http://devpic.ezvizlife.com/device/image/CS-CV206-C0-1A1WFR-KJDS/3.png with size [-2147483648x-2147483648]
04-13 12:17:35.462 16586 16586 W Glide   : class com.bumptech.glide.load.engine.GlideException: Failed to load resource
04-13 12:17:35.462 16586 16586 W Glide   : There were 2 causes:
04-13 12:17:35.462 16586 16586 W Glide   : com.bumptech.glide.load.HttpException(Not Found)
04-13 12:17:35.462 16586 16586 W Glide   : java.io.FileNotFoundException(No content provider: http://devpic.ezvizlife.com/device/image/CS-CV206-C0-1A1WFR-KJDS/3.png)
04-13 12:17:35.462 16586 16586 W Glide   :  call GlideException#logRootCauses(String) for more detail
04-13 12:17:35.462 16586 16586 W Glide   :   Cause (1 of 2): class com.bumptech.glide.load.engine.GlideException: Fetching data failed, class java.io.InputStream, REMOTE
04-13 12:17:35.462 16586 16586 W Glide   : There was 1 cause:
04-13 12:17:35.462 16586 16586 W Glide   : com.bumptech.glide.load.HttpException(Not Found)
04-13 12:17:35.462 16586 16586 W Glide   :  call GlideException#logRootCauses(String) for more detail
04-13 12:17:35.462 16586 16586 W Glide   :     Cause (1 of 1): class com.bumptech.glide.load.engine.GlideException: Fetch failed
04-13 12:17:35.462 16586 16586 W Glide   : There was 1 cause:
04-13 12:17:35.462 16586 16586 W Glide   : com.bumptech.glide.load.HttpException(Not Found)
04-13 12:17:35.462 16586 16586 W Glide   :  call GlideException#logRootCauses(String) for more detail
04-13 12:17:35.462 16586 16586 W Glide   :       Cause (1 of 1): class com.bumptech.glide.load.HttpException: Not Found
04-13 12:17:35.462 16586 16586 W Glide   :   Cause (2 of 2): class com.bumptech.glide.load.engine.GlideException: Fetching data failed, class android.content.res.AssetFileDescriptor, LOCAL
04-13 12:17:35.462 16586 16586 W Glide   : There was 1 cause:
04-13 12:17:35.462 16586 16586 W Glide   : java.io.FileNotFoundException(No content provider: http://devpic.ezvizlife.com/device/image/CS-CV206-C0-1A1WFR-KJDS/3.png)
04-13 12:17:35.462 16586 16586 W Glide   :  call GlideException#logRootCauses(String) for more detail
04-13 12:17:35.462 16586 16586 W Glide   :     Cause (1 of 1): class java.io.FileNotFoundException: No content provider: http://devpic.ezvizlife.com/device/image/CS-CV206-C0-1A1WFR-KJDS/3.png
04-13 12:17:35.463 16586 16586 I Glide   : Root cause (2 of 2)
04-13 12:17:35.463 16586 16586 I Glide   : java.io.FileNotFoundException: No content provider: http://devpic.ezvizlife.com/device/image/CS-CV206-C0-1A1WFR-KJDS/3.png
04-13 12:17:35.463 16586 16586 I Glide   : 	at android.content.ContentResolver.openTypedAssetFileDescriptor(ContentResolver.java:1450)
04-13 12:17:35.463 16586 16586 I Glide   : 	at android.content.ContentResolver.openAssetFileDescriptor(ContentResolver.java:1301)
04-13 12:17:35.463 16586 16586 I Glide   : 	at android.content.ContentResolver.openAssetFileDescriptor(ContentResolver.java:1224)
04-13 12:17:35.463 16586 16586 I Glide   : 	at com.bumptech.glide.load.data.AssetFileDescriptorLocalUriFetcher.a(SourceFile:2022)
04-13 12:17:35.463 16586 16586 I Glide   : 	at com.bumptech.glide.load.data.LocalUriFetcher.a(SourceFile:44)
04-13 12:17:35.463 16586 16586 I Glide   : 	at com.bumptech.glide.load.engine.SourceGenerator.a(SourceFile:62)
04-13 12:17:35.463 16586 16586 I Glide   : 	at com.bumptech.glide.load.engine.DecodeJob.g(SourceFile:299)
04-13 12:17:35.463 16586 16586 I Glide   : 	at com.bumptech.glide.load.engine.DecodeJob.a(SourceFile:394)
04-13 12:17:35.463 16586 16586 I Glide   : 	at com.bumptech.glide.load.engine.SourceGenerator.a(SourceFile:119)
04-13 12:17:35.463 16586 16586 I Glide   : 	at com.bumptech.glide.load.model.MultiModelLoader$MultiFetcher.e(SourceFile:151)
04-13 12:17:35.463 16586 16586 I Glide   : 	at com.bumptech.glide.load.model.MultiModelLoader$MultiFetcher.a(SourceFile:142)
04-13 12:17:35.463 16586 16586 I Glide   : 	at com.videogo.glide.EZHttpUrlFetcher.a(SourceFile:62)
04-13 12:17:35.463 16586 16586 I Glide   : 	at com.bumptech.glide.load.model.MultiModelLoader$MultiFetcher.a(SourceFile:97)
04-13 12:17:35.463 16586 16586 I Glide   : 	at com.bumptech.glide.load.model.MultiModelLoader$MultiFetcher.e(SourceFile:148)
04-13 12:17:35.463 16586 16586 I Glide   : 	at com.bumptech.glide.load.model.MultiModelLoader$MultiFetcher.a(SourceFile:142)
04-13 12:17:35.463 16586 16586 I Glide   : 	at com.videogo.glide.EZHttpUrlFetcher.a(SourceFile:62)
04-13 12:17:35.463 16586 16586 I Glide   : 	at com.bumptech.glide.load.model.MultiModelLoader$MultiFetcher.a(SourceFile:97)
04-13 12:17:35.463 16586 16586 I Glide   : 	at com.bumptech.glide.load.engine.SourceGenerator.a(SourceFile:62)
04-13 12:17:35.463 16586 16586 I Glide   : 	at com.bumptech.glide.load.engine.DecodeJob.g(SourceFile:299)
04-13 12:17:35.463 16586 16586 I Glide   : 	at com.bumptech.glide.load.engine.DecodeJob.run(SourceFile:1269)
04-13 12:17:35.463 16586 16586 I Glide   : 	at java.util.concurrent.ThreadPoolExecutor.runWorker(ThreadPoolExecutor.java:1167)
04-13 12:17:35.463 16586 16586 I Glide   : 	at java.util.concurrent.ThreadPoolExecutor$Worker.run(ThreadPoolExecutor.java:641)
04-13 12:17:35.463 16586 16586 I Glide   : 	at java.lang.Thread.run(Thread.java:764)
04-13 12:17:35.463 16586 16586 I Glide   : 	at com.bumptech.glide.load.engine.executor.GlideExecutor$DefaultThreadFactory$1.run(SourceFile:446)
04-13 12:17:35.477  2817  2817 I Layer   : id=52396 onRemoved com.ezviz/com.videogo.add.qrcode.CaptureActivity[16586]#0 
04-13 12:17:35.477  2817  2817 I Layer   : id=52398 onRemoved Background for -SurfaceView - com.ezviz/com.videogo.add.qrcode.CaptureActivity@f720823@0[16586]#0 
04-13 12:17:35.477  2817  2817 I Layer   : id=52397 onRemoved SurfaceView - com.ezviz/com.videogo.add.qrcode.CaptureActivity@f720823@0[16586]#0 
04-13 12:17:35.670 16586 16586 W Glide   : Load failed for http://devpic.ezvizlife.com/device/image/CS-CV206-C0-1A1WFR-KJDS/4.png with size [-2147483648x-2147483648]
04-13 12:17:35.670 16586 16586 W Glide   : class com.bumptech.glide.load.engine.GlideException: Failed to load resource
04-13 12:17:35.670 16586 16586 W Glide   : There were 2 causes:
04-13 12:17:35.670 16586 16586 W Glide   : com.bumptech.glide.load.HttpException(Not Found)
04-13 12:17:35.670 16586 16586 W Glide   : java.io.FileNotFoundException(No content provider: http://devpic.ezvizlife.com/device/image/CS-CV206-C0-1A1WFR-KJDS/4.png)
04-13 12:17:35.670 16586 16586 W Glide   :  call GlideException#logRootCauses(String) for more detail
04-13 12:17:35.670 16586 16586 W Glide   :   Cause (1 of 2): class com.bumptech.glide.load.engine.GlideException: Fetching data failed, class java.io.InputStream, REMOTE
04-13 12:17:35.670 16586 16586 W Glide   : There was 1 cause:
04-13 12:17:35.670 16586 16586 W Glide   : com.bumptech.glide.load.HttpException(Not Found)
04-13 12:17:35.670 16586 16586 W Glide   :  call GlideException#logRootCauses(String) for more detail
04-13 12:17:35.670 16586 16586 W Glide   :     Cause (1 of 1): class com.bumptech.glide.load.engine.GlideException: Fetch failed
04-13 12:17:35.670 16586 16586 W Glide   : There was 1 cause:
04-13 12:17:35.670 16586 16586 W Glide   : com.bumptech.glide.load.HttpException(Not Found)
04-13 12:17:35.670 16586 16586 W Glide   :  call GlideException#logRootCauses(String) for more detail
04-13 12:17:35.670 16586 16586 W Glide   :       Cause (1 of 1): class com.bumptech.glide.load.HttpException: Not Found
04-13 12:17:35.670 16586 16586 W Glide   :   Cause (2 of 2): class com.bumptech.glide.load.engine.GlideException: Fetching data failed, class android.content.res.AssetFileDescriptor, LOCAL
04-13 12:17:35.670 16586 16586 W Glide   : There was 1 cause:
04-13 12:17:35.670 16586 16586 W Glide   : java.io.FileNotFoundException(No content provider: http://devpic.ezvizlife.com/device/image/CS-CV206-C0-1A1WFR-KJDS/4.png)
04-13 12:17:35.670 16586 16586 W Glide   :  call GlideException#logRootCauses(String) for more detail
04-13 12:17:35.670 16586 16586 W Glide   :     Cause (1 of 1): class java.io.FileNotFoundException: No content provider: http://devpic.ezvizlife.com/device/image/CS-CV206-C0-1A1WFR-KJDS/4.png
04-13 12:17:35.671 16586 16586 I Glide   : Root cause (2 of 2)
04-13 12:17:35.671 16586 16586 I Glide   : java.io.FileNotFoundException: No content provider: http://devpic.ezvizlife.com/device/image/CS-CV206-C0-1A1WFR-KJDS/4.png
04-13 12:17:35.671 16586 16586 I Glide   : 	at android.content.ContentResolver.openTypedAssetFileDescriptor(ContentResolver.java:1450)
04-13 12:17:35.671 16586 16586 I Glide   : 	at android.content.ContentResolver.openAssetFileDescriptor(ContentResolver.java:1301)
04-13 12:17:35.671 16586 16586 I Glide   : 	at android.content.ContentResolver.openAssetFileDescriptor(ContentResolver.java:1224)
04-13 12:17:35.671 16586 16586 I Glide   : 	at com.bumptech.glide.load.data.AssetFileDescriptorLocalUriFetcher.a(SourceFile:2022)
04-13 12:17:35.671 16586 16586 I Glide   : 	at com.bumptech.glide.load.data.LocalUriFetcher.a(SourceFile:44)
04-13 12:17:35.671 16586 16586 I Glide   : 	at com.bumptech.glide.load.engine.SourceGenerator.a(SourceFile:62)
04-13 12:17:35.671 16586 16586 I Glide   : 	at com.bumptech.glide.load.engine.DecodeJob.g(SourceFile:299)
04-13 12:17:35.671 16586 16586 I Glide   : 	at com.bumptech.glide.load.engine.DecodeJob.a(SourceFile:394)
04-13 12:17:35.671 16586 16586 I Glide   : 	at com.bumptech.glide.load.engine.SourceGenerator.a(SourceFile:119)
04-13 12:17:35.671 16586 16586 I Glide   : 	at com.bumptech.glide.load.model.MultiModelLoader$MultiFetcher.e(SourceFile:151)
04-13 12:17:35.671 16586 16586 I Glide   : 	at com.bumptech.glide.load.model.MultiModelLoader$MultiFetcher.a(SourceFile:142)
04-13 12:17:35.671 16586 16586 I Glide   : 	at com.videogo.glide.EZHttpUrlFetcher.a(SourceFile:62)
04-13 12:17:35.671 16586 16586 I Glide   : 	at com.bumptech.glide.load.model.MultiModelLoader$MultiFetcher.a(SourceFile:97)
04-13 12:17:35.671 16586 16586 I Glide   : 	at com.bumptech.glide.load.model.MultiModelLoader$MultiFetcher.e(SourceFile:148)
04-13 12:17:35.671 16586 16586 I Glide   : 	at com.bumptech.glide.load.model.MultiModelLoader$MultiFetcher.a(SourceFile:142)
04-13 12:17:35.671 16586 16586 I Glide   : 	at com.videogo.glide.EZHttpUrlFetcher.a(SourceFile:62)
04-13 12:17:35.671 16586 16586 I Glide   : 	at com.bumptech.glide.load.model.MultiModelLoader$MultiFetcher.a(SourceFile:97)
04-13 12:17:35.671 16586 16586 I Glide   : 	at com.bumptech.glide.load.engine.SourceGenerator.a(SourceFile:62)
04-13 12:17:35.671 16586 16586 I Glide   : 	at com.bumptech.glide.load.engine.DecodeJob.g(SourceFile:299)
04-13 12:17:35.671 16586 16586 I Glide   : 	at com.bumptech.glide.load.engine.DecodeJob.run(SourceFile:1269)
04-13 12:17:35.671 16586 16586 I Glide   : 	at java.util.concurrent.ThreadPoolExecutor.runWorker(ThreadPoolExecutor.java:1167)
04-13 12:17:35.671 16586 16586 I Glide   : 	at java.util.concurrent.ThreadPoolExecutor$Worker.run(ThreadPoolExecutor.java:641)
04-13 12:17:35.671 16586 16586 I Glide   : 	at java.lang.Thread.run(Thread.java:764)
04-13 12:17:35.671 16586 16586 I Glide   : 	at com.bumptech.glide.load.engine.executor.GlideExecutor$DefaultThreadFactory$1.run(SourceFile:446)
04-13 12:17:35.900 16586 16586 W Glide   : Load failed for http://devpic.ezvizlife.com/device/image/CS-CV206-C0-1A1WFR-KJDS/5.png with size [-2147483648x-2147483648]
04-13 12:17:35.900 16586 16586 W Glide   : class com.bumptech.glide.load.engine.GlideException: Failed to load resource
04-13 12:17:35.900 16586 16586 W Glide   : There were 2 causes:
04-13 12:17:35.900 16586 16586 W Glide   : com.bumptech.glide.load.HttpException(Not Found)
04-13 12:17:35.900 16586 16586 W Glide   : java.io.FileNotFoundException(No content provider: http://devpic.ezvizlife.com/device/image/CS-CV206-C0-1A1WFR-KJDS/5.png)
04-13 12:17:35.900 16586 16586 W Glide   :  call GlideException#logRootCauses(String) for more detail
04-13 12:17:35.900 16586 16586 W Glide   :   Cause (1 of 2): class com.bumptech.glide.load.engine.GlideException: Fetching data failed, class java.io.InputStream, REMOTE
04-13 12:17:35.900 16586 16586 W Glide   : There was 1 cause:
04-13 12:17:35.900 16586 16586 W Glide   : com.bumptech.glide.load.HttpException(Not Found)
04-13 12:17:35.900 16586 16586 W Glide   :  call GlideException#logRootCauses(String) for more detail
04-13 12:17:35.900 16586 16586 W Glide   :     Cause (1 of 1): class com.bumptech.glide.load.engine.GlideException: Fetch failed
04-13 12:17:35.900 16586 16586 W Glide   : There was 1 cause:
04-13 12:17:35.900 16586 16586 W Glide   : com.bumptech.glide.load.HttpException(Not Found)
04-13 12:17:35.900 16586 16586 W Glide   :  call GlideException#logRootCauses(String) for more detail
04-13 12:17:35.900 16586 16586 W Glide   :       Cause (1 of 1): class com.bumptech.glide.load.HttpException: Not Found
04-13 12:17:35.900 16586 16586 W Glide   :   Cause (2 of 2): class com.bumptech.glide.load.engine.GlideException: Fetching data failed, class android.content.res.AssetFileDescriptor, LOCAL
04-13 12:17:35.900 16586 16586 W Glide   : There was 1 cause:
04-13 12:17:35.900 16586 16586 W Glide   : java.io.FileNotFoundException(No content provider: http://devpic.ezvizlife.com/device/image/CS-CV206-C0-1A1WFR-KJDS/5.png)
04-13 12:17:35.900 16586 16586 W Glide   :  call GlideException#logRootCauses(String) for more detail
04-13 12:17:35.900 16586 16586 W Glide   :     Cause (1 of 1): class java.io.FileNotFoundException: No content provider: http://devpic.ezvizlife.com/device/image/CS-CV206-C0-1A1WFR-KJDS/5.png
04-13 12:17:35.902 16586 16586 I Glide   : Root cause (2 of 2)
04-13 12:17:35.902 16586 16586 I Glide   : java.io.FileNotFoundException: No content provider: http://devpic.ezvizlife.com/device/image/CS-CV206-C0-1A1WFR-KJDS/5.png
04-13 12:17:35.902 16586 16586 I Glide   : 	at android.content.ContentResolver.openTypedAssetFileDescriptor(ContentResolver.java:1450)
04-13 12:17:35.902 16586 16586 I Glide   : 	at android.content.ContentResolver.openAssetFileDescriptor(ContentResolver.java:1301)
04-13 12:17:35.902 16586 16586 I Glide   : 	at android.content.ContentResolver.openAssetFileDescriptor(ContentResolver.java:1224)
04-13 12:17:35.902 16586 16586 I Glide   : 	at com.bumptech.glide.load.data.AssetFileDescriptorLocalUriFetcher.a(SourceFile:2022)
04-13 12:17:35.902 16586 16586 I Glide   : 	at com.bumptech.glide.load.data.LocalUriFetcher.a(SourceFile:44)
04-13 12:17:35.902 16586 16586 I Glide   : 	at com.bumptech.glide.load.engine.SourceGenerator.a(SourceFile:62)
04-13 12:17:35.902 16586 16586 I Glide   : 	at com.bumptech.glide.load.engine.DecodeJob.g(SourceFile:299)
04-13 12:17:35.902 16586 16586 I Glide   : 	at com.bumptech.glide.load.engine.DecodeJob.a(SourceFile:394)
04-13 12:17:35.902 16586 16586 I Glide   : 	at com.bumptech.glide.load.engine.SourceGenerator.a(SourceFile:119)
04-13 12:17:35.902 16586 16586 I Glide   : 	at com.bumptech.glide.load.model.MultiModelLoader$MultiFetcher.e(SourceFile:151)
04-13 12:17:35.902 16586 16586 I Glide   : 	at com.bumptech.glide.load.model.MultiModelLoader$MultiFetcher.a(SourceFile:142)
04-13 12:17:35.902 16586 16586 I Glide   : 	at com.videogo.glide.EZHttpUrlFetcher.a(SourceFile:62)
04-13 12:17:35.902 16586 16586 I Glide   : 	at com.bumptech.glide.load.model.MultiModelLoader$MultiFetcher.a(SourceFile:97)
04-13 12:17:35.902 16586 16586 I Glide   : 	at com.bumptech.glide.load.model.MultiModelLoader$MultiFetcher.e(SourceFile:148)
04-13 12:17:35.902 16586 16586 I Glide   : 	at com.bumptech.glide.load.model.MultiModelLoader$MultiFetcher.a(SourceFile:142)
04-13 12:17:35.902 16586 16586 I Glide   : 	at com.videogo.glide.EZHttpUrlFetcher.a(SourceFile:62)
04-13 12:17:35.902 16586 16586 I Glide   : 	at com.bumptech.glide.load.model.MultiModelLoader$MultiFetcher.a(SourceFile:97)
04-13 12:17:35.902 16586 16586 I Glide   : 	at com.bumptech.glide.load.engine.SourceGenerator.a(SourceFile:62)
04-13 12:17:35.902 16586 16586 I Glide   : 	at com.bumptech.glide.load.engine.DecodeJob.g(SourceFile:299)
04-13 12:17:35.902 16586 16586 I Glide   : 	at com.bumptech.glide.load.engine.DecodeJob.run(SourceFile:1269)
04-13 12:17:35.902 16586 16586 I Glide   : 	at java.util.concurrent.ThreadPoolExecutor.runWorker(ThreadPoolExecutor.java:1167)
04-13 12:17:35.902 16586 16586 I Glide   : 	at java.util.concurrent.ThreadPoolExecutor$Worker.run(ThreadPoolExecutor.java:641)
04-13 12:17:35.902 16586 16586 I Glide   : 	at java.lang.Thread.run(Thread.java:764)
04-13 12:17:35.902 16586 16586 I Glide   : 	at com.bumptech.glide.load.engine.executor.GlideExecutor$DefaultThreadFactory$1.run(SourceFile:446)
04-13 12:17:36.049  3214  3427 D WifiTrafficPoller: TrafficStats TxPkts=3315197 RxPkts=12374477 TxBytes=417369297 RxBytes=16770459863 , Foreground uid=10931 pkgName=com.ezviz TxPackets=4254 RxPackets=3730 TxBytes=464153 RxBytes=2912034
04-13 12:17:37.115  3214  3392 I clp-JNI : CLP add process info start. (channel) 88b3c54 com.ezviz/com.videogo.add.device.search.SeriesNumSearchActivity (server) (pkg) AppWindowToken{9fe90c1 token=Token{640eda8 ActivityRecord{ca6a1cb u0 com.ezviz/com.videogo.add.device.search.SeriesNumSearchActivity t2042}}} (action) 0
04-13 12:17:37.235  3214  3392 I clp-JNI : CLP add process info start. (channel) 88b3c54 com.ezviz/com.videogo.add.device.search.SeriesNumSearchActivity (server) (pkg) AppWindowToken{9fe90c1 token=Token{640eda8 ActivityRecord{ca6a1cb u0 com.ezviz/com.videogo.add.device.search.SeriesNumSearchActivity t2042}}} (action) 1
04-13 12:17:37.249  3214  3341 I ActivityManager: START u0 {act=null typ=null flg=0x0 cmp=ComponentInfo{com.ezviz/com.videogo.add.device.step.AutoWifiPrepareStepOneActivity}} from uid 10931
04-13 12:17:37.258  2817  2817 I SurfaceFlinger: id=52410 createSurf (5920x5920),2 flag=4, AppWindowToken{e5e03aa token=Token{6c62695 ActivityRecord{5bca64c u0 com.ezviz/com.videogo.add.device.step.AutoWifiPrepareStepOneActivity t2042}}}#0
04-13 12:17:37.260  8443 23155 I TrayUsageStatesWatcher: notePauseComponent : ComponentInfo{com.ezviz/com.videogo.add.device.search.SeriesNumSearchActivity}
04-13 12:17:37.272  3214  3341 D GamePkgDataHelper: notifyAppCreate(), pkgName: com.ezviz, sendRet: true
04-13 12:17:37.272  3214  3603 D GamePkgDataHelper: getGamePkgData(). com.ezviz
04-13 12:17:37.272  3214  3603 D GameManagerService: handleMessage(), MSG_APP_CREATE. ignore. pkgName: com.ezviz
04-13 12:17:37.278  3214  3341 D GameManagerService: noteResumeComponent(), resumeComponent: com.ezviz
04-13 12:17:37.278  3214  3341 D MARsPolicyManager: onPackageResumedFG pkgName = com.ezviz, userId = 0
04-13 12:17:37.278  3214  3603 D GameManagerService: handleForegroundChange(). pkgName: com.ezviz, clsName: com.videogo.add.device.step.AutoWifiPrepareStepOneActivity,FgActivityName:com.ezviz/com.videogo.add.device.step.AutoWifiPrepareStepOneActivity
04-13 12:17:37.278  8443 23155 I TrayUsageStatesWatcher: noteResumeComponent : ComponentInfo{com.ezviz/com.videogo.add.device.step.AutoWifiPrepareStepOneActivity}
04-13 12:17:37.283  3214  3214 D Telecom:SamsungPrebindingServiceImpl: onTopActivityChanged ComponentInfo{com.ezviz/com.videogo.add.device.step.AutoWifiPrepareStepOneActivity}
04-13 12:17:37.357  2817  2817 I SurfaceFlinger: id=52411 createSurf (5920x5920),2 flag=4, 37edf05 com.ezviz/com.videogo.add.device.step.AutoWifiPrepareStepOneActivity#0
04-13 12:17:37.370  3214  3341 V WindowManager: Relayout Window{37edf05 u0 com.ezviz/com.videogo.add.device.step.AutoWifiPrepareStepOneActivity}: viewVisibility=0 req=1440x2960 {(0,0)(fillxfill) sim={adjust=pan forwardNavigation} ty=BASE_APPLICATION wanim=0x10302ec
04-13 12:17:37.370  3214  3341 V WindowManager:   fl=LAYOUT_IN_SCREEN LAYOUT_INSET_DECOR SPLIT_TOUCH HARDWARE_ACCELERATED DRAWS_SYSTEM_BAR_BACKGROUNDS
04-13 12:17:37.370  3214  3341 V WindowManager:   pfl=FORCE_DRAW_STATUS_BAR_BACKGROUND  remains{ 0x1000000 }
04-13 12:17:37.370  3214  3341 V WindowManager:   vsysui=LIGHT_NAVIGATION_BAR naviIconColor=0}
04-13 12:17:37.374  2817  2817 I SurfaceFlinger: id=52412 createSurf (1440x2960),1 flag=404, com.ezviz/com.videogo.add.device.step.AutoWifiPrepareStepOneActivity[16586]#0
04-13 12:17:37.375  3214  3259 D WindowManager: setSystemUiVisibility: vis= 0x8018, fullscreenVis= 0x0, dockedVis= 0x0, win=Window{37edf05 u0 com.ezviz/com.videogo.add.device.step.AutoWifiPrepareStepOneActivity}
04-13 12:17:37.389  4152  4152 D KNOXCORE::LockSecureFolderTask: ResumedActivity userId0[com.ezviz/com.videogo.add.device.step.AutoWifiPrepareStepOneActivity]
04-13 12:17:37.389 16586 16586 V InputMethodManager: Starting input: tba=com.ezviz ic=null mNaviBarColor -855310 mIsGetNaviBarColorSuccess true , NavVisible : true , NavTrans : false
04-13 12:17:37.389  3214  5473 V InputMethodManagerService: windowGainedFocus : reason=WINDOW_FOCUS_GAIN client=android.os.BinderProxy@9fce302 inputContext=null missingMethods= attribute=android.view.inputmethod.EditorInfo@ac42326 nm = com.ezviz controlFlags=#104 softInputMode=#120 windowFlags=#81810100
04-13 12:17:37.423  3214  3341 D WindowManager: finishDrawingWindow: Window{37edf05 u0 com.ezviz/com.videogo.add.device.step.AutoWifiPrepareStepOneActivity} mDrawState=DRAW_PENDING
04-13 12:17:37.425  3214  3335 I WindowManager: commitFinishDrawingLocked: mDrawState=READY_TO_SHOW Surface(name=com.ezviz/com.videogo.add.device.step.AutoWifiPrepareStepOneActivity[16586])/@0x57f5d14
04-13 12:17:37.427  3214  3335 I WindowManager: Cancelling animation restarting=true, leash=null, surface=Surface(name=AppWindowToken{9fe90c1 token=Token{640eda8 ActivityRecord{ca6a1cb u0 com.ezviz/com.videogo.add.device.search.SeriesNumSearchActivity t2042}}})/@0x11b097, parent=Surface(name=Task=2042)/@0x49e1aa8, caller=com.android.server.wm.SurfaceAnimator.startAnimation:119 com.android.server.wm.WindowContainer.startAnimation:1199 com.android.server.wm.AppWindowToken.applyAnimationLocked:2069 com.android.server.wm.AppWindowToken.setVisibility:468 com.android.server.wm.WindowSurfacePlacer.handleClosingApps:526 
04-13 12:17:37.427  3214  3335 I WindowManager: Reparenting to leash, surface=Surface(name=AppWindowToken{9fe90c1 token=Token{640eda8 ActivityRecord{ca6a1cb u0 com.ezviz/com.videogo.add.device.search.SeriesNumSearchActivity t2042}}})/@0x11b097, caller=com.android.server.wm.SurfaceAnimator.startAnimation:127 com.android.server.wm.WindowContainer.startAnimation:1199 com.android.server.wm.AppWindowToken.applyAnimationLocked:2069 com.android.server.wm.AppWindowToken.setVisibility:468 com.android.server.wm.WindowSurfacePlacer.handleClosingApps:526 
04-13 12:17:37.428  2817  2817 I SurfaceFlinger: id=52413 createSurf (5920x5920),2 flag=4, Surface(name=AppWindowToken{9fe90c1 token=Token{640eda8 ActivityRecord{ca6a1cb u0 com.ezviz/com.videogo.add.device.search.SeriesNumSearchActivity t2042}}})/@0x11b097 - animation-leash#0
04-13 12:17:37.429  3214  3335 D SurfaceControl: reparent is called, sc=Surface(name=AppWindowToken{9fe90c1 token=Token{640eda8 ActivityRecord{ca6a1cb u0 com.ezviz/com.videogo.add.device.search.SeriesNumSearchActivity t2042}}})/@0x11b097, newParentHandle=android.os.BinderProxy@70ee9bd, transaction=android.view.SurfaceControl$Transaction@ce65a6d, caller=com.android.server.wm.SurfaceAnimator.createAnimationLeash:381 com.android.server.wm.SurfaceAnimator.startAnimation:127 com.android.server.wm.WindowContainer.startAnimation:1199 com.android.server.wm.AppWindowToken.applyAnimationLocked:2069 com.android.server.wm.AppWindowToken.setVisibility:468 com.android.server.wm.WindowSurfacePlacer.handleClosingApps:526 com.android.server.wm.WindowSurfacePlacer.handleAppTransitionReadyLocked:323 
04-13 12:17:37.431  3214  3335 I WindowManager: Cancelling animation restarting=true, leash=null, surface=Surface(name=AppWindowToken{e5e03aa token=Token{6c62695 ActivityRecord{5bca64c u0 com.ezviz/com.videogo.add.device.step.AutoWifiPrepareStepOneActivity t2042}}})/@0x52fa703, parent=Surface(name=Task=2042)/@0x49e1aa8, caller=com.android.server.wm.SurfaceAnimator.startAnimation:119 com.android.server.wm.WindowContainer.startAnimation:1199 com.android.server.wm.AppWindowToken.applyAnimationLocked:2069 com.android.server.wm.AppWindowToken.setVisibility:468 com.android.server.wm.WindowSurfacePlacer.handleOpeningApps:481 
04-13 12:17:37.431  3214  3335 I WindowManager: Reparenting to leash, surface=Surface(name=AppWindowToken{e5e03aa token=Token{6c62695 ActivityRecord{5bca64c u0 com.ezviz/com.videogo.add.device.step.AutoWifiPrepareStepOneActivity t2042}}})/@0x52fa703, caller=com.android.server.wm.SurfaceAnimator.startAnimation:127 com.android.server.wm.WindowContainer.startAnimation:1199 com.android.server.wm.AppWindowToken.applyAnimationLocked:2069 com.android.server.wm.AppWindowToken.setVisibility:468 com.android.server.wm.WindowSurfacePlacer.handleOpeningApps:481 
04-13 12:17:37.435  2817  2817 I SurfaceFlinger: id=52414 createSurf (5920x5920),2 flag=4, Surface(name=AppWindowToken{e5e03aa token=Token{6c62695 ActivityRecord{5bca64c u0 com.ezviz/com.videogo.add.device.step.AutoWifiPrepareStepOneActivity t2042}}})/@0x52fa703 - animation-leash#0
04-13 12:17:37.436  3214  3335 D SurfaceControl: reparent is called, sc=Surface(name=AppWindowToken{e5e03aa token=Token{6c62695 ActivityRecord{5bca64c u0 com.ezviz/com.videogo.add.device.step.AutoWifiPrepareStepOneActivity t2042}}})/@0x52fa703, newParentHandle=android.os.BinderProxy@97f3680, transaction=android.view.SurfaceControl$Transaction@4c564b9, caller=com.android.server.wm.SurfaceAnimator.createAnimationLeash:381 com.android.server.wm.SurfaceAnimator.startAnimation:127 com.android.server.wm.WindowContainer.startAnimation:1199 com.android.server.wm.AppWindowToken.applyAnimationLocked:2069 com.android.server.wm.AppWindowToken.setVisibility:468 com.android.server.wm.WindowSurfacePlacer.handleOpeningApps:481 com.android.server.wm.WindowSurfacePlacer.handleAppTransitionReadyLocked:325 
04-13 12:17:37.441  3214  3335 V WindowManager: performShowLocked: mDrawState=HAS_DRAWN in Window{37edf05 u0 com.ezviz/com.videogo.add.device.step.AutoWifiPrepareStepOneActivity}
04-13 12:17:37.443  2817  4739 D Layer   : [AppWindowToken{e5e03aa token=Token{6c62695 ActivityRecord{5bca64c u0 com.ezviz/com.videogo.add.device.step.AutoWifiPrepareStepOneActivity t2042}}}#0]::reparent oldParent:[Task=2042#0], newParent:[Surface(name=AppWindowToken{e5e03aa token=Token{6c62695 ActivityRecord{5bca64c u0 com.ezviz/com.videogo.add.device.step.AutoWifiPrepareStepOneActivity t2042}}})/@0x52fa703 - animation-leash#0]
04-13 12:17:37.444  2817  4739 D Layer   : [AppWindowToken{9fe90c1 token=Token{640eda8 ActivityRecord{ca6a1cb u0 com.ezviz/com.videogo.add.device.search.SeriesNumSearchActivity t2042}}}#0]::reparent oldParent:[Task=2042#0], newParent:[Surface(name=AppWindowToken{9fe90c1 token=Token{640eda8 ActivityRecord{ca6a1cb u0 com.ezviz/com.videogo.add.device.search.SeriesNumSearchActivity t2042}}})/@0x11b097 - animation-leash#0]
04-13 12:17:37.451  3214  3269 D PersonaManagerService: notifyActivityDrawn u0 ComponentInfo{com.ezviz/com.videogo.add.device.step.AutoWifiPrepareStepOneActivity} showWhenLocked=false type=1 windowingMode=1 fullscreen=true dockSide=-1
04-13 12:17:37.452  3214  3269 I ActivityManager: Displayed com.ezviz/com.videogo.add.device.step.AutoWifiPrepareStepOneActivity: +172ms
04-13 12:17:37.469  2817  2817 I SurfaceFlinger: Display 0 HWC layers:
04-13 12:17:37.469  2817  2817 I SurfaceFlinger:     type    |    handle    | flag |  format   |   source crop (l,t,r,b)    |         frame       | name 
04-13 12:17:37.469  2817  2817 I SurfaceFlinger: ------------+--------------+------+-----------+----------------------------+---------------------+------
04-13 12:17:37.469  2817  2817 I SurfaceFlinger:  SolidColor |              | 0000 |  Unknown  |   0.0    0.0   -0.2   -0.5 |    0    0 1440 2960 | animation background stackId=1348#0
04-13 12:17:37.469  2817  2817 I SurfaceFlinger:      Device | 0x7a5083a2b0 | 0002 | RGBA_8888 |   0.0    1.0 1440.0 2960.0 |    0    0 1440 2959 | com.ezviz/com.videogo.add.device.search.SeriesNumSearchActivity[16586]#0
04-13 12:17:37.469  2817  2817 I SurfaceFlinger:      Device | 0x7a50839c20 | 0002 | RGBA_8888 |   0.0    0.0 1440.0 2268.0 |    0  692 1440 2960 | com.ezviz/com.videogo.add.device.step.AutoWifiPrepareStepOneActivity[16586]#0
04-13 12:17:37.469  2817  2817 I SurfaceFlinger:      Device | 0x7a50839750 | 0000 | RGBA_8888 |   0.0    0.0 1440.0   84.0 |    0    0 1440   84 | StatusBar[3642]#0
04-13 12:17:37.469  2817  2817 I SurfaceFlinger:      Device | 0x7a50839440 | 0000 | RGBA_8888 |   0.0    0.0   67.0  385.0 | 1373  639 1440 1024 | com.samsung.android.app.cocktailbars[...]arservice.CocktailBarService[8443]#0
04-13 12:17:37.469  2817  2817 I SurfaceFlinger:      Device |
04-13 12:17:37.485  2817  2817 I SurfaceFlinger: Display 0 HWC layers:
04-13 12:17:37.485  2817  2817 I SurfaceFlinger:     type    |    handle    | flag |  format   |   source crop (l,t,r,b)    |         frame       | name 
04-13 12:17:37.485  2817  2817 I SurfaceFlinger: ------------+--------------+------+-----------+----------------------------+---------------------+------
04-13 12:17:37.485  2817  2817 I SurfaceFlinger:  SolidColor |              | 0000 |  Unknown  |   0.0    0.0   -0.2   -0.5 |    0    0 1440 2960 | animation background stackId=1348#0
04-13 12:17:37.485  2817  2817 I SurfaceFlinger:      Device | 0x7a5083a2b0 | 0002 | RGBA_8888 |   0.0    2.0 1440.0 2960.0 |    0    0 1440 2958 | com.ezviz/com.videogo.add.device.search.SeriesNumSearchActivity[16586]#0
04-13 12:17:37.485  2817  2817 I SurfaceFlinger:  SolidColor |              | 0000 |  Unknown  |   0.0    0.0   -1.0   -1.0 |    0    0 1440 2960 | Dim Layer for - Task=2042#0
04-13 12:17:37.485  2817  2817 I SurfaceFlinger:      Device | 0x7a50839c20 | 0002 | RGBA_8888 |   0.0    0.0 1440.0 2295.0 |    0  665 1440 2960 | com.ezviz/com.videogo.add.device.step.AutoWifiPrepareStepOneActivity[16586]#0
04-13 12:17:37.485  2817  2817 I SurfaceFlinger:      Device | 0x7a50839750 | 0000 | RGBA_8888 |   0.0    0.0 1440.0   84.0 |    0    0 1440   84 | StatusBar[3642]#0
04-13 12:17:37.485  2817  2817 I SurfaceFlinger:      Device | 0x7a50839440 | 0000 | RGBA_8888 |   0.0    0.0   
04-13 12:17:37.568  2817  2817 I SurfaceFlinger: Display 0 HWC layers:
04-13 12:17:37.568  2817  2817 I SurfaceFlinger:     type    |    handle    | flag |  format   |   source crop (l,t,r,b)    |         frame       | name 
04-13 12:17:37.568  2817  2817 I SurfaceFlinger: ------------+--------------+------+-----------+----------------------------+---------------------+------
04-13 12:17:37.568  2817  2817 I SurfaceFlinger:      Device | 0x7a5083a2b0 | 0002 | RGBA_8888 |   0.0   28.0 1440.0 2960.0 |    0    0 1440 2932 | com.ezviz/com.videogo.add.device.search.SeriesNumSearchActivity[16586]#0
04-13 12:17:37.568  2817  2817 I SurfaceFlinger:  SolidColor |              | 0000 |  Unknown  |   0.0    0.0   -1.0   -1.0 |    0    0 1440 2960 | Dim Layer for - Task=2042#0
04-13 12:17:37.568  2817  2817 I SurfaceFlinger:      Device | 0x7a50839c20 | 0002 | RGBA_8888 |   0.0    0.0 1440.0 2750.0 |    0  210 1440 2960 | com.ezviz/com.videogo.add.device.step.AutoWifiPrepareStepOneActivity[16586]#0
04-13 12:17:37.568  2817  2817 I SurfaceFlinger:      Device | 0x7a50839750 | 0000 | RGBA_8888 |   0.0    0.0 1440.0   84.0 |    0    0 1440   84 | StatusBar[3642]#0
04-13 12:17:37.568  2817  2817 I SurfaceFlinger:      Device | 0x7a50839440 | 0000 | RGBA_8888 |   0.0    0.0   67.0  385.0 | 1373  639 1440 1024 | com.samsung.android.app.cocktailbars[...]arservice.CocktailBarService[8443]#0
04-13 12:17:37.568  2817  2817 I SurfaceFlinger:      Device | 0x7a502
04-13 12:17:37.748  3214  3335 I WindowManager: reset, Reparenting to original parent, shouldDeferScheduleAnimation=true, destroyLeash=true, surface=Surface(name=AppWindowToken{e5e03aa token=Token{6c62695 ActivityRecord{5bca64c u0 com.ezviz/com.videogo.add.device.step.AutoWifiPrepareStepOneActivity t2042}}})/@0x52fa703, parent=Surface(name=Task=2042)/@0x49e1aa8, parentNativeHandle=android.os.BinderProxy@e7d118d, caller=com.android.server.wm.SurfaceAnimator.lambda$getFinishedCallback$0:94 com.android.server.wm.-$$Lambda$SurfaceAnimator$SIBia0mND666K8lMCPsoid8pUTI.run:4 com.android.server.wm.AnimatingAppWindowTokenRegistry.endDeferringFinished:104 com.android.server.wm.AnimatingAppWindowTokenRegistry.notifyAboutToFinish:77 com.android.server.wm.AppWindowToken.shouldDeferAnimationFinish:2167 
04-13 12:17:37.748  3214  3335 D SurfaceControl: reparent is called, sc=Surface(name=AppWindowToken{e5e03aa token=Token{6c62695 ActivityRecord{5bca64c u0 com.ezviz/com.videogo.add.device.step.AutoWifiPrepareStepOneActivity t2042}}})/@0x52fa703, newParentHandle=android.os.BinderProxy@e7d118d, transaction=android.view.SurfaceControl$Transaction@4c564b9, caller=com.android.server.wm.SurfaceAnimator.reset:322 com.android.server.wm.SurfaceAnimator.lambda$getFinishedCallback$0:94 com.android.server.wm.-$$Lambda$SurfaceAnimator$SIBia0mND666K8lMCPsoid8pUTI.run:4 com.android.server.wm.AnimatingAppWindowTokenRegistry.endDeferringFinished:104 com.android.server.wm.AnimatingAppWindowTokenRegistry.notifyAboutToFinish:77 com.android.server.wm.AppWindowToken.shouldDeferAnimationFinish:2167 com.android.server.wm.SurfaceAnimator.lambda$getFinishedCallback$1:100 
04-13 12:17:37.748  3214  3335 D SurfaceControl: destroy(case2), animation-leash is destroyed, sc=Surface(name=Surface(name=AppWindowToken{e5e03aa token=Token{6c62695 ActivityRecord{5bca64c u0 com.ezviz/com.videogo.add.device.step.AutoWifiPrepareStepOneActivity t2042}}})/@0x52fa703 - animation-leash)/@0xece9375, transaction=android.view.SurfaceControl$Transaction@4c564b9, caller=com.android.server.wm.SurfaceAnimator.reset:329 com.android.server.wm.SurfaceAnimator.lambda$getFinishedCallback$0:94 com.android.server.wm.-$$Lambda$SurfaceAnimator$SIBia0mND666K8lMCPsoid8pUTI.run:4 com.android.server.wm.AnimatingAppWindowTokenRegistry.endDeferringFinished:104 com.android.server.wm.AnimatingAppWindowTokenRegistry.notifyAboutToFinish:77 com.android.server.wm.AppWindowToken.shouldDeferAnimationFinish:2167 com.android.server.wm.SurfaceAnimator.lambda$getFinishedCallback$1:100 
04-13 12:17:37.749  3214  3335 I WindowManager: reset, Reparenting to original parent, shouldDeferScheduleAnimation=false, destroyLeash=true, surface=Surface(name=AppWindowToken{9fe90c1 token=Token{640eda8 ActivityRecord{ca6a1cb u0 com.ezviz/com.videogo.add.device.search.SeriesNumSearchActivity t2042}}})/@0x11b097, parent=Surface(name=Task=2042)/@0x49e1aa8, parentNativeHandle=android.os.BinderProxy@e7d118d, caller=com.android.server.wm.SurfaceAnimator.lambda$getFinishedCallback$0:94 com.android.server.wm.-$$Lambda$SurfaceAnimator$SIBia0mND666K8lMCPsoid8pUTI.run:4 com.android.server.wm.SurfaceAnimator.lambda$getFinishedCallback$1:101 com.android.server.wm.-$$Lambda$SurfaceAnimator$vdRZk66hQVbQCvVXEaQCT1kVmFc.onAnimationFinished:4 com.android.server.wm.LocalAnimationAdapter.lambda$startAnimation$0:65 
04-13 12:17:37.749  3214  3335 D SurfaceControl: reparent is called, sc=Surface(name=AppWindowToken{9fe90c1 token=Token{640eda8 ActivityRecord{ca6a1cb u0 com.ezviz/com.videogo.add.device.search.SeriesNumSearchActivity t2042}}})/@0x11b097, newParentHandle=android.os.BinderProxy@e7d118d, transaction=android.view.SurfaceControl$Transaction@ce65a6d, caller=com.android.server.wm.SurfaceAnimator.reset:322 com.android.server.wm.SurfaceAnimator.lambda$getFinishedCallback$0:94 com.android.server.wm.-$$Lambda$SurfaceAnimator$SIBia0mND666K8lMCPsoid8pUTI.run:4 com.android.server.wm.SurfaceAnimator.lambda$getFinishedCallback$1:101 com.android.server.wm.-$$Lambda$SurfaceAnimator$vdRZk66hQVbQCvVXEaQCT1kVmFc.onAnimationFinished:4 com.android.server.wm.LocalAnimationAdapter.lambda$startAnimation$0:65 com.android.server.wm.-$$Lambda$LocalAnimationAdapter$X--EomqUvw4qy89IeeTFTH7aCMo.run:4 
04-13 12:17:37.749  3214  3335 D SurfaceControl: destroy(case2), animation-leash is destroyed, sc=Surface(name=Surface(name=AppWindowToken{9fe90c1 token=Token{640eda8 ActivityRecord{ca6a1cb u0 com.ezviz/com.videogo.add.device.search.SeriesNumSearchActivity t2042}}})/@0x11b097 - animation-leash)/@0x1bf4bb2, transaction=android.view.SurfaceControl$Transaction@ce65a6d, caller=com.android.server.wm.SurfaceAnimator.reset:329 com.android.server.wm.SurfaceAnimator.lambda$getFinishedCallback$0:94 com.android.server.wm.-$$Lambda$SurfaceAnimator$SIBia0mND666K8lMCPsoid8pUTI.run:4 com.android.server.wm.SurfaceAnimator.lambda$getFinishedCallback$1:101 com.android.server.wm.-$$Lambda$SurfaceAnimator$vdRZk66hQVbQCvVXEaQCT1kVmFc.onAnimationFinished:4 com.android.server.wm.LocalAnimationAdapter.lambda$startAnimation$0:65 com.android.server.wm.-$$Lambda$LocalAnimationAdapter$X--EomqUvw4qy89IeeTFTH7aCMo.run:4 
04-13 12:17:37.750  3214  3335 D WindowManager: prepareSurfaces, request to clear saved leash, surface=Surface(name=AppWindowToken{9fe90c1 token=Token{640eda8 ActivityRecord{ca6a1cb u0 com.ezviz/com.videogo.add.device.search.SeriesNumSearchActivity t2042}}})/@0x11b097
04-13 12:17:37.751  3214  3335 D WindowManager: prepareSurfaces, request to clear saved leash, surface=Surface(name=AppWindowToken{e5e03aa token=Token{6c62695 ActivityRecord{5bca64c u0 com.ezviz/com.videogo.add.device.step.AutoWifiPrepareStepOneActivity t2042}}})/@0x52fa703
04-13 12:17:37.751  2817  4739 D Layer   : [AppWindowToken{e5e03aa token=Token{6c62695 ActivityRecord{5bca64c u0 com.ezviz/com.videogo.add.device.step.AutoWifiPrepareStepOneActivity t2042}}}#0]::reparent oldParent:[Surface(name=AppWindowToken{e5e03aa token=Token{6c62695 ActivityRecord{5bca64c u0 com.ezviz/com.videogo.add.device.step.AutoWifiPrepareStepOneActivity t2042}}})/@0x52fa703 - animation-leash#0], newParent:[Task=2042#0]
04-13 12:17:37.751  2817  4739 D Layer   : [AppWindowToken{9fe90c1 token=Token{640eda8 ActivityRecord{ca6a1cb u0 com.ezviz/com.videogo.add.device.search.SeriesNumSearchActivity t2042}}}#0]::reparent oldParent:[Surface(name=AppWindowToken{9fe90c1 token=Token{640eda8 ActivityRecord{ca6a1cb u0 com.ezviz/com.videogo.add.device.search.SeriesNumSearchActivity t2042}}})/@0x11b097 - animation-leash#0], newParent:[Task=2042#0]
04-13 12:17:37.751  2817  4739 I SurfaceFlinger: id=52414 Removed Surface(name=AppWindowToken{e5e03aa token=Token{6c62695 ActivityRecord{5bca64c u0 com.ezviz/com.videogo.add.device.step.AutoWifiPrepareStepOneActivity t2042}}})/@0x52fa703 - animation-leash#0 (1/78)
04-13 12:17:37.751  2817  4739 I SurfaceFlinger: id=52413 Removed Surface(name=AppWindowToken{9fe90c1 token=Token{640eda8 ActivityRecord{ca6a1cb u0 com.ezviz/com.videogo.add.device.search.SeriesNumSearchActivity t2042}}})/@0x11b097 - animation-leash#0 (0/77)
04-13 12:17:37.752  3214  3335 D WindowManager: clearSavedLeashOnCommit, savedLeash=Surface(name=Surface(name=AppWindowToken{9fe90c1 token=Token{640eda8 ActivityRecord{ca6a1cb u0 com.ezviz/com.videogo.add.device.search.SeriesNumSearchActivity t2042}}})/@0x11b097 - animation-leash)/@0x1bf4bb2, caller=com.android.server.wm.WindowContainer.clearSavedLeashOnCommit:1150 com.android.server.wm.WindowContainer.clearSavedLeashOnCommit:1154 com.android.server.wm.WindowContainer.clearSavedLeashOnCommit:1154 com.android.server.wm.WindowContainer.clearSavedLeashOnCommit:1154 com.android.server.wm.WindowContainer.clearSavedLeashOnCommit:1154 com.android.server.wm.RootWindowContainer.performSurfacePlacement:750 
04-13 12:17:37.752  3214  3335 D WindowManager: clearSavedLeashOnCommit, savedLeash=Surface(name=Surface(name=AppWindowToken{e5e03aa token=Token{6c62695 ActivityRecord{5bca64c u0 com.ezviz/com.videogo.add.device.step.AutoWifiPrepareStepOneActivity t2042}}})/@0x52fa703 - animation-leash)/@0xece9375, caller=com.android.server.wm.WindowContainer.clearSavedLeashOnCommit:1150 com.android.server.wm.WindowContainer.clearSavedLeashOnCommit:1154 com.android.server.wm.WindowContainer.clearSavedLeashOnCommit:1154 com.android.server.wm.WindowContainer.clearSavedLeashOnCommit:1154 com.android.server.wm.WindowContainer.clearSavedLeashOnCommit:1154 com.android.server.wm.RootWindowContainer.performSurfacePlacement:750 
04-13 12:17:37.753  2817  2817 I SurfaceFlinger: Display 0 HWC layers:
04-13 12:17:37.753  2817  2817 I SurfaceFlinger:     type    |    handle    | flag |  format   |   source crop (l,t,r,b)    |         frame       | name 
04-13 12:17:37.753  2817  2817 I SurfaceFlinger: ------------+--------------+------+-----------+----------------------------+---------------------+------
04-13 12:17:37.753  2817  2817 I SurfaceFlinger:      Device | 0x7a50839c20 | 0002 | RGBA_8888 |   0.0    0.0 1440.0 2960.0 |    0    0 1440 2960 | com.ezviz/com.videogo.add.device.step.AutoWifiPrepareStepOneActivity[16586]#0
04-13 12:17:37.753  2817  2817 I SurfaceFlinger:      Device | 0x7a50839750 | 0000 | RGBA_8888 |   0.0    0.0 1440.0   84.0 |    0    0 1440   84 | StatusBar[3642]#0
04-13 12:17:37.753  2817  2817 I SurfaceFlinger:      Device | 0x7a50839440 | 0000 | RGBA_8888 |   0.0    0.0   67.0  385.0 | 1373  639 1440 1024 | com.samsung.android.app.cocktailbars[...]arservice.CocktailBarService[8443]#0
04-13 12:17:37.753  2817  2817 I SurfaceFlinger:      Device | 0x7a5022f310 | 0000 | RGBA_8888 |   0.0    0.0 1440.0  415.0 |    0 2545 1440 2960 | NavbarGestureHandler[3642]#0
04-13 12:17:37.753  2817  2817 I SurfaceFlinger: 
04-13 12:17:37.764  2817  2817 I Layer   : id=52413 onRemoved Surface(name=AppWindowToken{9fe90c1 token=Token{640eda8 ActivityRecord{ca6a1cb u0 com.ezviz/com.videogo.add.device.search.SeriesNumSearchActivity t2042}}})/@0x11b097 - animation-leash#0 
04-13 12:17:37.764  2817  2817 I Layer   : id=52414 onRemoved Surface(name=AppWindowToken{e5e03aa token=Token{6c62695 ActivityRecord{5bca64c u0 com.ezviz/com.videogo.add.device.step.AutoWifiPrepareStepOneActivity t2042}}})/@0x52fa703 - animation-leash#0 
04-13 12:17:37.770  3214  3341 V WindowManager: Relayout Window{88b3c54 u0 com.ezviz/com.videogo.add.device.search.SeriesNumSearchActivity}: viewVisibility=8 req=1440x2960 {(0,0)(fillxfill) sim={state=always_hidden adjust=pan forwardNavigation} ty=BASE_APPLICATION wanim=0x10302ec
04-13 12:17:37.770  3214  3341 V WindowManager:   fl=LAYOUT_IN_SCREEN LAYOUT_INSET_DECOR SPLIT_TOUCH HARDWARE_ACCELERATED DRAWS_SYSTEM_BAR_BACKGROUNDS
04-13 12:17:37.770  3214  3341 V WindowManager:   pfl=FORCE_DRAW_STATUS_BAR_BACKGROUND  remains{ 0x1000000 }
04-13 12:17:37.770  3214  3341 V WindowManager:   vsysui=LIGHT_NAVIGATION_BAR naviIconColor=0}
