04-13 12:17:27.084  8443 23155 I TrayUsageStatesWatcher: notePauseComponent : ComponentInfo{com.ezviz/com.ezviz.main.MainTabActivity}
04-13 12:17:27.100  3214  3861 D GamePkgDataHelper: notifyAppCreate(), pkgName: com.ezviz, sendRet: true
04-13 12:17:27.100  3214  3603 D GamePkgDataHelper: getGamePkgData(). com.ezviz
04-13 12:17:27.100  3214  3603 D GameManagerService: handleMessage(), MSG_APP_CREATE. ignore. pkgName: com.ezviz
04-13 12:17:27.105  3214  3861 D GameManagerService: noteResumeComponent(), resumeComponent: com.ezviz
04-13 12:17:27.105  3214  3861 D MARsPolicyManager: onPackageResumedFG pkgName = com.ezviz, userId = 0
04-13 12:17:27.105  3214  3603 D GameManagerService: handleForegroundChange(). pkgName: com.ezviz, clsName: com.videogo.add.qrcode.CaptureActivity,FgActivityName:com.ezviz/com.videogo.add.qrcode.CaptureActivity
04-13 12:17:27.105  8443 23155 I TrayUsageStatesWatcher: noteResumeComponent : ComponentInfo{com.ezviz/com.videogo.add.qrcode.CaptureActivity}
04-13 12:17:27.107  3214  3214 D Telecom:SamsungPrebindingServiceImpl: onTopActivityChanged ComponentInfo{com.ezviz/com.videogo.add.qrcode.CaptureActivity}
04-13 12:17:27.143  3214  9267 D GameManagerService: identifyGamePackage. com.ezviz
04-13 12:17:27.143  3214  9267 D GamePkgDataHelper: getGamePkgData(). com.ezviz
04-13 12:17:27.185  3214  5473 D ActivityManager: setRequestedOrientation(1) from com.ezviz
04-13 12:17:27.197  2817  2817 I SurfaceFlinger: id=52395 createSurf (5920x5920),2 flag=4, 792e773 com.ezviz/com.videogo.add.qrcode.CaptureActivity#0
04-13 12:17:27.212  4152  4152 D KNOXCORE::LockSecureFolderTask: ResumedActivity userId0[com.ezviz/com.videogo.add.qrcode.CaptureActivity]
04-13 12:17:27.218  3214  5218 V WindowManager: Relayout Window{792e773 u0 com.ezviz/com.videogo.add.qrcode.CaptureActivity}: viewVisibility=0 req=1440x2960 {(0,0)(fillxfill) sim={adjust=pan forwardNavigation} ty=BASE_APPLICATION fmt=TRANSLUCENT wanim=0x10302ec
04-13 12:17:27.218  3214  5218 V WindowManager:   fl=KEEP_SCREEN_ON LAYOUT_IN_SCREEN LAYOUT_INSET_DECOR SPLIT_TOUCH HARDWARE_ACCELERATED DRAWS_SYSTEM_BAR_BACKGROUNDS
04-13 12:17:27.218  3214  5218 V WindowManager:   pfl=FORCE_DRAW_STATUS_BAR_BACKGROUND  remains{ 0x1000000 }
04-13 12:17:27.218  3214  5218 V WindowManager:   vsysui=LIGHT_NAVIGATION_BAR naviIconColor=0}
04-13 12:17:27.221  3214  5218 D WindowManager: preserveSurfaceLocked: Not has surfaceWindowStateAnimator{eaa87cf com.ezviz/com.videogo.add.qrcode.CaptureActivity}
04-13 12:17:27.222  2817  2817 I SurfaceFlinger: id=52396 createSurf (1440x2960),1 flag=4, com.ezviz/com.videogo.add.qrcode.CaptureActivity[16586]#0
04-13 12:17:27.224  3214  3259 D WindowManager: setSystemUiVisibility: vis= 0x8018, fullscreenVis= 0x0, dockedVis= 0x0, win=Window{792e773 u0 com.ezviz/com.videogo.add.qrcode.CaptureActivity}
04-13 12:17:27.228  2817  2817 I SurfaceFlinger: id=52397 createSurf (1440x2876),4 flag=404, SurfaceView - com.ezviz/com.videogo.add.qrcode.CaptureActivity@f720823@0[16586]#0
04-13 12:17:27.229  2817  2817 I SurfaceFlinger: id=52398 createSurf (1440x2876),1024 flag=20404, Background for -SurfaceView - com.ezviz/com.videogo.add.qrcode.CaptureActivity@f720823@0[16586]#0
04-13 12:17:27.229 16586 16586 D SurfaceView: show() Surface(name=SurfaceView - com.ezviz/com.videogo.add.qrcode.CaptureActivity@f720823@0[16586])/@0x694cc49 android.view.SurfaceView{f720823 V.E...... ......ID 0,0-1440,2876 #7f0d03a4 app:id/preview_view}
04-13 12:17:27.234  2691 10596 I CameraService: CameraService::connect call (PID -1 "com.ezviz", camera ID 0) for HAL version default and Camera API version 1
04-13 12:17:27.235  2691 10596 I CameraFlashlight: prepareDeviceOpen: prepare for device open(cameraId=0, package=com.ezviz)
04-13 12:17:27.285  2691 10596 I Camera2ClientBase: Camera 0: Opened. Client: com.ezviz (PID 16586, UID 10931)
04-13 12:17:27.285  2691 10596 I CameraService: startCameraOps: Start camera ops, package name = com.ezviz, client UID = 10931
04-13 12:17:27.346 16586 16597 I chatty  : uid=10931(com.ezviz) FinalizerDaemon identical 1 line
04-13 12:17:28.179  3214  5218 V WindowManager: Relayout Window{792e773 u0 com.ezviz/com.videogo.add.qrcode.CaptureActivity}: viewVisibility=0 req=1440x2960 {(0,0)(fillxfill) sim={adjust=pan forwardNavigation} ty=BASE_APPLICATION fmt=TRANSLUCENT wanim=0x10302ec
04-13 12:17:28.179  3214  5218 V WindowManager:   fl=KEEP_SCREEN_ON LAYOUT_IN_SCREEN LAYOUT_INSET_DECOR SPLIT_TOUCH HARDWARE_ACCELERATED DRAWS_SYSTEM_BAR_BACKGROUNDS
04-13 12:17:28.179  3214  5218 V WindowManager:   pfl=FORCE_DRAW_STATUS_BAR_BACKGROUND  remains{ 0x1000000 }
04-13 12:17:28.179  3214  5218 V WindowManager:   vsysui=LIGHT_NAVIGATION_BAR naviIconColor=0}
04-13 12:17:28.206  3214  4182 D WindowManager: finishDrawingWindow: Window{792e773 u0 com.ezviz/com.videogo.add.qrcode.CaptureActivity} mDrawState=DRAW_PENDING
04-13 12:17:28.210  3214  3335 I WindowManager: commitFinishDrawingLocked: mDrawState=READY_TO_SHOW Surface(name=com.ezviz/com.videogo.add.qrcode.CaptureActivity[16586])/@0xd1eb3f4
04-13 12:17:28.212  3214  3335 I WindowManager: Cancelling animation restarting=true, leash=null, surface=Surface(name=AppWindowToken{9ea0428 token=Token{884024b ActivityRecord{8da671a u0 com.ezviz/.main.MainTabActivity t2042}}})/@0xa5f762a, parent=Surface(name=Task=2042)/@0x49e1aa8, caller=com.android.server.wm.SurfaceAnimator.startAnimation:119 com.android.server.wm.WindowContainer.startAnimation:1199 com.android.server.wm.AppWindowToken.applyAnimationLocked:2069 com.android.server.wm.AppWindowToken.setVisibility:468 com.android.server.wm.WindowSurfacePlacer.handleClosingApps:526 
04-13 12:17:28.212  3214  3335 I WindowManager: Reparenting to leash, surface=Surface(name=AppWindowToken{9ea0428 token=Token{884024b ActivityRecord{8da671a u0 com.ezviz/.main.MainTabActivity t2042}}})/@0xa5f762a, caller=com.android.server.wm.SurfaceAnimator.startAnimation:127 com.android.server.wm.WindowContainer.startAnimation:1199 com.android.server.wm.AppWindowToken.applyAnimationLocked:2069 com.android.server.wm.AppWindowToken.setVisibility:468 com.android.server.wm.WindowSurfacePlacer.handleClosingApps:526 
04-13 12:17:28.213  2817  2817 I SurfaceFlinger: id=52399 createSurf (5920x5920),2 flag=4, Surface(name=AppWindowToken{9ea0428 token=Token{884024b ActivityRecord{8da671a u0 com.ezviz/.main.MainTabActivity t2042}}})/@0xa5f762a - animation-leash#0
04-13 12:17:28.216  3214  3335 D SurfaceControl: reparent is called, sc=Surface(name=AppWindowToken{9ea0428 token=Token{884024b ActivityRecord{8da671a u0 com.ezviz/.main.MainTabActivity t2042}}})/@0xa5f762a, newParentHandle=android.os.BinderProxy@39f271d, transaction=android.view.SurfaceControl$Transaction@cacd1b8, caller=com.android.server.wm.SurfaceAnimator.createAnimationLeash:381 com.android.server.wm.SurfaceAnimator.startAnimation:127 com.android.server.wm.WindowContainer.startAnimation:1199 com.android.server.wm.AppWindowToken.applyAnimationLocked:2069 com.android.server.wm.AppWindowToken.setVisibility:468 com.android.server.wm.WindowSurfacePlacer.handleClosingApps:526 com.android.server.wm.WindowSurfacePlacer.handleAppTransitionReadyLocked:323 
04-13 12:17:28.217  3214  3335 I WindowManager: Cancelling animation restarting=true, leash=null, surface=Surface(name=AppWindowToken{6f1d00 token=Token{ced1783 ActivityRecord{2422e32 u0 com.ezviz/com.videogo.add.qrcode.CaptureActivity t2042}}})/@0x8049363, parent=Surface(name=Task=2042)/@0x49e1aa8, caller=com.android.server.wm.SurfaceAnimator.startAnimation:119 com.android.server.wm.WindowContainer.startAnimation:1199 com.android.server.wm.AppWindowToken.applyAnimationLocked:2069 com.android.server.wm.AppWindowToken.setVisibility:468 com.android.server.wm.WindowSurfacePlacer.handleOpeningApps:481 
04-13 12:17:28.218  3214  3335 I WindowManager: Reparenting to leash, surface=Surface(name=AppWindowToken{6f1d00 token=Token{ced1783 ActivityRecord{2422e32 u0 com.ezviz/com.videogo.add.qrcode.CaptureActivity t2042}}})/@0x8049363, caller=com.android.server.wm.SurfaceAnimator.startAnimation:127 com.android.server.wm.WindowContainer.startAnimation:1199 com.android.server.wm.AppWindowToken.applyAnimationLocked:2069 com.android.server.wm.AppWindowToken.setVisibility:468 com.android.server.wm.WindowSurfacePlacer.handleOpeningApps:481 
04-13 12:17:28.218  2817  2817 I SurfaceFlinger: id=52400 createSurf (5920x5920),2 flag=4, Surface(name=AppWindowToken{6f1d00 token=Token{ced1783 ActivityRecord{2422e32 u0 com.ezviz/com.videogo.add.qrcode.CaptureActivity t2042}}})/@0x8049363 - animation-leash#0
04-13 12:17:28.223  3214  3335 D SurfaceControl: reparent is called, sc=Surface(name=AppWindowToken{6f1d00 token=Token{ced1783 ActivityRecord{2422e32 u0 com.ezviz/com.videogo.add.qrcode.CaptureActivity t2042}}})/@0x8049363, newParentHandle=android.os.BinderProxy@6d1b60, transaction=android.view.SurfaceControl$Transaction@90c1819, caller=com.android.server.wm.SurfaceAnimator.createAnimationLeash:381 com.android.server.wm.SurfaceAnimator.startAnimation:127 com.android.server.wm.WindowContainer.startAnimation:1199 com.android.server.wm.AppWindowToken.applyAnimationLocked:2069 com.android.server.wm.AppWindowToken.setVisibility:468 com.android.server.wm.WindowSurfacePlacer.handleOpeningApps:481 com.android.server.wm.WindowSurfacePlacer.handleAppTransitionReadyLocked:325 
04-13 12:17:28.235  3214  3335 V WindowManager: performShowLocked: mDrawState=HAS_DRAWN in Window{792e773 u0 com.ezviz/com.videogo.add.qrcode.CaptureActivity}
04-13 12:17:28.239  2817  4739 D Layer   : [AppWindowToken{6f1d00 token=Token{ced1783 ActivityRecord{2422e32 u0 com.ezviz/com.videogo.add.qrcode.CaptureActivity t2042}}}#0]::reparent oldParent:[Task=2042#0], newParent:[Surface(name=AppWindowToken{6f1d00 token=Token{ced1783 ActivityRecord{2422e32 u0 com.ezviz/com.videogo.add.qrcode.CaptureActivity t2042}}})/@0x8049363 - animation-leash#0]
04-13 12:17:28.239  2817  4739 D Layer   : [AppWindowToken{9ea0428 token=Token{884024b ActivityRecord{8da671a u0 com.ezviz/.main.MainTabActivity t2042}}}#0]::reparent oldParent:[Task=2042#0], newParent:[Surface(name=AppWindowToken{9ea0428 token=Token{884024b ActivityRecord{8da671a u0 com.ezviz/.main.MainTabActivity t2042}}})/@0xa5f762a - animation-leash#0]
04-13 12:17:28.247 16586 16586 V InputMethodManager: Starting input: tba=com.ezviz ic=null mNaviBarColor -855310 mIsGetNaviBarColorSuccess true , NavVisible : true , NavTrans : false
04-13 12:17:28.250  3214  3269 D PersonaManagerService: notifyActivityDrawn u0 ComponentInfo{com.ezviz/com.videogo.add.qrcode.CaptureActivity} showWhenLocked=false type=1 windowingMode=1 fullscreen=true dockSide=-1
04-13 12:17:28.250  3214  3269 I ActivityManager: Displayed com.ezviz/com.videogo.add.qrcode.CaptureActivity: +1s137ms
04-13 12:17:28.251  3214  3861 V InputMethodManagerService: windowGainedFocus : reason=WINDOW_FOCUS_GAIN client=android.os.BinderProxy@9fce302 inputContext=null missingMethods= attribute=android.view.inputmethod.EditorInfo@70c5cea nm = com.ezviz controlFlags=#104 softInputMode=#120 windowFlags=#81810180
04-13 12:17:28.274  2817  2817 I SurfaceFlinger: Display 0 HWC layers:
04-13 12:17:28.274  2817  2817 I SurfaceFlinger:     type    |    handle    | flag |  format   |   source crop (l,t,r,b)    |         frame       | name 
04-13 12:17:28.274  2817  2817 I SurfaceFlinger: ------------+--------------+------+-----------+----------------------------+---------------------+------
04-13 12:17:28.274  2817  2817 I SurfaceFlinger:  SolidColor |              | 0000 |  Unknown  |   0.0    0.0   -0.2   -0.5 |    0    0 1440 2960 | animation background stackId=1348#0
04-13 12:17:28.274  2817  2817 I SurfaceFlinger:      Device | 0x7a50839600 | 0002 | RGBA_8888 |   0.0    1.0 1440.0 2960.0 |    0    0 1440 2959 | com.ezviz/com.ezviz.main.MainTabActivity[16586]#0
04-13 12:17:28.274  2817  2817 I SurfaceFlinger:  SolidColor |              | 0002 |  Unknown  |   0.0    0.0   -1.0   -0.8 |    0  776 1440 2960 | Background for -SurfaceView - com.ez[...]e.CaptureActivity@f720823@0[16586]#0
04-13 12:17:28.274  2817  2817 I SurfaceFlinger:      Client | 0x7a50839910 | 0002 | 0x0000022 |   0.0    0.0 1458.0 1080.0 |    0  776 1440 2960 | SurfaceView - com.ezviz/com.videogo.[...]e.CaptureActivity@f720823@0[16586]#0
04-13 12:17:28.274  2817  2817 I SurfaceFlinger:      Device | 0x7a50838f70 | 0000 | RGBA_8888 |   0.0    0.0 1440.0 2268.0 |    0  692 1440 2960 | com.ezviz/com.videogo.add.qrcode.CaptureActivity[16586
04-13 12:17:28.278  3214  3861 D WindowManager: finishDrawingWindow: Window{792e773 u0 com.ezviz/com.videogo.add.qrcode.CaptureActivity} mDrawState=HAS_DRAWN
04-13 12:17:28.290  2817  2817 I SurfaceFlinger: Display 0 HWC layers:
04-13 12:17:28.290  2817  2817 I SurfaceFlinger:     type    |    handle    | flag |  format   |   source crop (l,t,r,b)    |         frame       | name 
04-13 12:17:28.290  2817  2817 I SurfaceFlinger: ------------+--------------+------+-----------+----------------------------+---------------------+------
04-13 12:17:28.290  2817  2817 I SurfaceFlinger:  SolidColor |              | 0000 |  Unknown  |   0.0    0.0   -0.2   -0.5 |    0    0 1440 2960 | animation background stackId=1348#0
04-13 12:17:28.290  2817  2817 I SurfaceFlinger:      Device | 0x7a50839600 | 0002 | RGBA_8888 |   0.0    3.0 1440.0 2960.0 |    0    0 1440 2957 | com.ezviz/com.ezviz.main.MainTabActivity[16586]#0
04-13 12:17:28.290  2817  2817 I SurfaceFlinger:  SolidColor |              | 0000 |  Unknown  |   0.0    0.0   -1.0   -1.0 |    0    0 1440 2960 | Dim Layer for - Task=2042#0
04-13 12:17:28.290  2817  2817 I SurfaceFlinger:  SolidColor |              | 0002 |  Unknown  |   0.0    0.0   -1.0   -0.8 |    0  746 1440 2960 | Background for -SurfaceView - com.ez[...]e.CaptureActivity@f720823@0[16586]#0
04-13 12:17:28.290  2817  2817 I SurfaceFlinger:      Client | 0x7a50839910 | 0002 | 0x0000022 |   0.0    0.0 1478.1 1080.0 |    0  746 1440 2960 | SurfaceView - com.ezviz/com.videogo.[...]e.CaptureActivity@f720823@0[16586]#0
04-13 12:17:28.290  2817  2817 I SurfaceFlinger:      Device | 0x7a50839ec0
04-13 12:17:28.290  2817  2817 I SurfaceFlinger:  | 0000 | RGBA_8888 |   0.0    0.0 1440.0 2298.0 |    0  662 1440 2960 | com.ezviz/com.videogo.add.qrcode.CaptureActivity[16586]#0
04-13 12:17:28.290  2817  2817 I SurfaceFlinger:      Device | 0x7a50838fe0 | 0000 | RGBA_8888 |   0.0    0.0 1440.0   84.0 |    0    0 1440   84 | StatusBar[3642]#0
04-13 12:17:28.290  2817  2817 I SurfaceFlinger:      Device | 0x7a50839440 | 0000 | RGBA_8888 |   0.0    0.0   67.0  385.0 | 1373  639 1440 1024 | com.samsung.android.app.cocktailbars[...]arservice.CocktailBarService[8443]#0
04-13 12:17:28.290  2817  2817 I SurfaceFlinger:      Device | 0x7a5022f310 | 0000 | RGBA_8888 |   0.0    0.0 1440.0  415.0 |    0 2545 1440 2960 | NavbarGestureHandler[3642]#0
04-13 12:17:28.290  2817  2817 I SurfaceFlinger: 
04-13 12:17:28.356  2817  2817 I SurfaceFlinger: Display 0 HWC layers:
04-13 12:17:28.356  2817  2817 I SurfaceFlinger:     type    |    handle    | flag |  format   |   source crop (l,t,r,b)    |         frame       | name 
04-13 12:17:28.356  2817  2817 I SurfaceFlinger: ------------+--------------+------+-----------+----------------------------+---------------------+------
04-13 12:17:28.356  2817  2817 I SurfaceFlinger:      Device | 0x7a50839600 | 0002 | RGBA_8888 |   0.0   22.0 1440.0 2960.0 |    0    0 1440 2938 | com.ezviz/com.ezviz.main.MainTabActivity[16586]#0
04-13 12:17:28.356  2817  2817 I SurfaceFlinger:  SolidColor |              | 0000 |  Unknown  |   0.0    0.0   -1.0   -1.0 |    0    0 1440 2960 | Dim Layer for - Task=2042#0
04-13 12:17:28.356  2817  2817 I SurfaceFlinger:      Client | 0x7a50839910 | 0002 | 0x0000022 |   0.0    0.0 1736.4 1080.0 |    0  359 1440 2960 | SurfaceView - com.ezviz/com.videogo.[...]e.CaptureActivity@f720823@0[16586]#0
04-13 12:17:28.356  2817  2817 I SurfaceFlinger:      Device | 0x7a5083a010 | 0000 | RGBA_8888 |   0.0    0.0 1440.0 2685.0 |    0  275 1440 2960 | com.ezviz/com.videogo.add.qrcode.CaptureActivity[16586]#0
04-13 12:17:28.356  2817  2817 I SurfaceFlinger:      Device | 0x7a50838fe0 | 0000 | RGBA_8888 |   0.0    0.0 1440.0   84.0 |    0    0 1440   84 | StatusBar[3642]#0
04-13 12:17:28.356  2817  2817 I SurfaceFlinger:      Device | 0x7a50839440 | 0000 | RGBA_8888 |   0.0    0.0   6
04-13 12:17:28.537  3214  3335 I WindowManager: reset, Reparenting to original parent, shouldDeferScheduleAnimation=true, destroyLeash=true, surface=Surface(name=AppWindowToken{6f1d00 token=Token{ced1783 ActivityRecord{2422e32 u0 com.ezviz/com.videogo.add.qrcode.CaptureActivity t2042}}})/@0x8049363, parent=Surface(name=Task=2042)/@0x49e1aa8, parentNativeHandle=android.os.BinderProxy@e7d118d, caller=com.android.server.wm.SurfaceAnimator.lambda$getFinishedCallback$0:94 com.android.server.wm.-$$Lambda$SurfaceAnimator$SIBia0mND666K8lMCPsoid8pUTI.run:4 com.android.server.wm.AnimatingAppWindowTokenRegistry.endDeferringFinished:104 com.android.server.wm.AnimatingAppWindowTokenRegistry.notifyAboutToFinish:77 com.android.server.wm.AppWindowToken.shouldDeferAnimationFinish:2167 
04-13 12:17:28.538  3214  3335 D SurfaceControl: reparent is called, sc=Surface(name=AppWindowToken{6f1d00 token=Token{ced1783 ActivityRecord{2422e32 u0 com.ezviz/com.videogo.add.qrcode.CaptureActivity t2042}}})/@0x8049363, newParentHandle=android.os.BinderProxy@e7d118d, transaction=android.view.SurfaceControl$Transaction@90c1819, caller=com.android.server.wm.SurfaceAnimator.reset:322 com.android.server.wm.SurfaceAnimator.lambda$getFinishedCallback$0:94 com.android.server.wm.-$$Lambda$SurfaceAnimator$SIBia0mND666K8lMCPsoid8pUTI.run:4 com.android.server.wm.AnimatingAppWindowTokenRegistry.endDeferringFinished:104 com.android.server.wm.AnimatingAppWindowTokenRegistry.notifyAboutToFinish:77 com.android.server.wm.AppWindowToken.shouldDeferAnimationFinish:2167 com.android.server.wm.SurfaceAnimator.lambda$getFinishedCallback$1:100 
04-13 12:17:28.538  3214  3335 D SurfaceControl: destroy(case2), animation-leash is destroyed, sc=Surface(name=Surface(name=AppWindowToken{6f1d00 token=Token{ced1783 ActivityRecord{2422e32 u0 com.ezviz/com.videogo.add.qrcode.CaptureActivity t2042}}})/@0x8049363 - animation-leash)/@0xebd1cd5, transaction=android.view.SurfaceControl$Transaction@90c1819, caller=com.android.server.wm.SurfaceAnimator.reset:329 com.android.server.wm.SurfaceAnimator.lambda$getFinishedCallback$0:94 com.android.server.wm.-$$Lambda$SurfaceAnimator$SIBia0mND666K8lMCPsoid8pUTI.run:4 com.android.server.wm.AnimatingAppWindowTokenRegistry.endDeferringFinished:104 com.android.server.wm.AnimatingAppWindowTokenRegistry.notifyAboutToFinish:77 com.android.server.wm.AppWindowToken.shouldDeferAnimationFinish:2167 com.android.server.wm.SurfaceAnimator.lambda$getFinishedCallback$1:100 
04-13 12:17:28.539  3214  3335 I WindowManager: reset, Reparenting to original parent, shouldDeferScheduleAnimation=false, destroyLeash=true, surface=Surface(name=AppWindowToken{9ea0428 token=Token{884024b ActivityRecord{8da671a u0 com.ezviz/.main.MainTabActivity t2042}}})/@0xa5f762a, parent=Surface(name=Task=2042)/@0x49e1aa8, parentNativeHandle=android.os.BinderProxy@e7d118d, caller=com.android.server.wm.SurfaceAnimator.lambda$getFinishedCallback$0:94 com.android.server.wm.-$$Lambda$SurfaceAnimator$SIBia0mND666K8lMCPsoid8pUTI.run:4 com.android.server.wm.SurfaceAnimator.lambda$getFinishedCallback$1:101 com.android.server.wm.-$$Lambda$SurfaceAnimator$vdRZk66hQVbQCvVXEaQCT1kVmFc.onAnimationFinished:4 com.android.server.wm.LocalAnimationAdapter.lambda$startAnimation$0:65 
04-13 12:17:28.539  3214  3335 D SurfaceControl: reparent is called, sc=Surface(name=AppWindowToken{9ea0428 token=Token{884024b ActivityRecord{8da671a u0 com.ezviz/.main.MainTabActivity t2042}}})/@0xa5f762a, newParentHandle=android.os.BinderProxy@e7d118d, transaction=android.view.SurfaceControl$Transaction@cacd1b8, caller=com.android.server.wm.SurfaceAnimator.reset:322 com.android.server.wm.SurfaceAnimator.lambda$getFinishedCallback$0:94 com.android.server.wm.-$$Lambda$SurfaceAnimator$SIBia0mND666K8lMCPsoid8pUTI.run:4 com.android.server.wm.SurfaceAnimator.lambda$getFinishedCallback$1:101 com.android.server.wm.-$$Lambda$SurfaceAnimator$vdRZk66hQVbQCvVXEaQCT1kVmFc.onAnimationFinished:4 com.android.server.wm.LocalAnimationAdapter.lambda$startAnimation$0:65 com.android.server.wm.-$$Lambda$LocalAnimationAdapter$X--EomqUvw4qy89IeeTFTH7aCMo.run:4 
04-13 12:17:28.539  3214  3335 D SurfaceControl: destroy(case2), animation-leash is destroyed, sc=Surface(name=Surface(name=AppWindowToken{9ea0428 token=Token{884024b ActivityRecord{8da671a u0 com.ezviz/.main.MainTabActivity t2042}}})/@0xa5f762a - animation-leash)/@0x61cad92, transaction=android.view.SurfaceControl$Transaction@cacd1b8, caller=com.android.server.wm.SurfaceAnimator.reset:329 com.android.server.wm.SurfaceAnimator.lambda$getFinishedCallback$0:94 com.android.server.wm.-$$Lambda$SurfaceAnimator$SIBia0mND666K8lMCPsoid8pUTI.run:4 com.android.server.wm.SurfaceAnimator.lambda$getFinishedCallback$1:101 com.android.server.wm.-$$Lambda$SurfaceAnimator$vdRZk66hQVbQCvVXEaQCT1kVmFc.onAnimationFinished:4 com.android.server.wm.LocalAnimationAdapter.lambda$startAnimation$0:65 com.android.server.wm.-$$Lambda$LocalAnimationAdapter$X--EomqUvw4qy89IeeTFTH7aCMo.run:4 
04-13 12:17:28.540  3214  3335 D WindowManager: prepareSurfaces, request to clear saved leash, surface=Surface(name=AppWindowToken{9ea0428 token=Token{884024b ActivityRecord{8da671a u0 com.ezviz/.main.MainTabActivity t2042}}})/@0xa5f762a
04-13 12:17:28.541  3214  3335 D WindowManager: prepareSurfaces, request to clear saved leash, surface=Surface(name=AppWindowToken{6f1d00 token=Token{ced1783 ActivityRecord{2422e32 u0 com.ezviz/com.videogo.add.qrcode.CaptureActivity t2042}}})/@0x8049363
04-13 12:17:28.541  2817  4739 D Layer   : [AppWindowToken{6f1d00 token=Token{ced1783 ActivityRecord{2422e32 u0 com.ezviz/com.videogo.add.qrcode.CaptureActivity t2042}}}#0]::reparent oldParent:[Surface(name=AppWindowToken{6f1d00 token=Token{ced1783 ActivityRecord{2422e32 u0 com.ezviz/com.videogo.add.qrcode.CaptureActivity t2042}}})/@0x8049363 - animation-leash#0], newParent:[Task=2042#0]
04-13 12:17:28.541  2817  4739 D Layer   : [AppWindowToken{9ea0428 token=Token{884024b ActivityRecord{8da671a u0 com.ezviz/.main.MainTabActivity t2042}}}#0]::reparent oldParent:[Surface(name=AppWindowToken{9ea0428 token=Token{884024b ActivityRecord{8da671a u0 com.ezviz/.main.MainTabActivity t2042}}})/@0xa5f762a - animation-leash#0], newParent:[Task=2042#0]
04-13 12:17:28.541  2817  4739 I SurfaceFlinger: id=52400 Removed Surface(name=AppWindowToken{6f1d00 token=Token{ced1783 ActivityRecord{2422e32 u0 com.ezviz/com.videogo.add.qrcode.CaptureActivity t2042}}})/@0x8049363 - animation-leash#0 (1/76)
04-13 12:17:28.541  2817  4739 I SurfaceFlinger: id=52399 Removed Surface(name=AppWindowToken{9ea0428 token=Token{884024b ActivityRecord{8da671a u0 com.ezviz/.main.MainTabActivity t2042}}})/@0xa5f762a - animation-leash#0 (0/74)
04-13 12:17:28.541  3214  3335 D WindowManager: clearSavedLeashOnCommit, savedLeash=Surface(name=Surface(name=AppWindowToken{9ea0428 token=Token{884024b ActivityRecord{8da671a u0 com.ezviz/.main.MainTabActivity t2042}}})/@0xa5f762a - animation-leash)/@0x61cad92, caller=com.android.server.wm.WindowContainer.clearSavedLeashOnCommit:1150 com.android.server.wm.WindowContainer.clearSavedLeashOnCommit:1154 com.android.server.wm.WindowContainer.clearSavedLeashOnCommit:1154 com.android.server.wm.WindowContainer.clearSavedLeashOnCommit:1154 com.android.server.wm.WindowContainer.clearSavedLeashOnCommit:1154 com.android.server.wm.RootWindowContainer.performSurfacePlacement:750 
04-13 12:17:28.541  3214  3335 D WindowManager: clearSavedLeashOnCommit, savedLeash=Surface(name=Surface(name=AppWindowToken{6f1d00 token=Token{ced1783 ActivityRecord{2422e32 u0 com.ezviz/com.videogo.add.qrcode.CaptureActivity t2042}}})/@0x8049363 - animation-leash)/@0xebd1cd5, caller=com.android.server.wm.WindowContainer.clearSavedLeashOnCommit:1150 com.android.server.wm.WindowContainer.clearSavedLeashOnCommit:1154 com.android.server.wm.WindowContainer.clearSavedLeashOnCommit:1154 com.android.server.wm.WindowContainer.clearSavedLeashOnCommit:1154 com.android.server.wm.WindowContainer.clearSavedLeashOnCommit:1154 com.android.server.wm.RootWindowContainer.performSurfacePlacement:750 
04-13 12:17:28.550  2817  2817 I Layer   : id=52399 onRemoved Surface(name=AppWindowToken{9ea0428 token=Token{884024b ActivityRecord{8da671a u0 com.ezviz/.main.MainTabActivity t2042}}})/@0xa5f762a - animation-leash#0 
04-13 12:17:28.550  2817  2817 I Layer   : id=52400 onRemoved Surface(name=AppWindowToken{6f1d00 token=Token{ced1783 ActivityRecord{2422e32 u0 com.ezviz/com.videogo.add.qrcode.CaptureActivity t2042}}})/@0x8049363 - animation-leash#0 
04-13 12:17:28.555  3214  3861 V WindowManager: Relayout Window{92ec446 u0 com.ezviz/com.ezviz.main.MainTabActivity}: viewVisibility=8 req=1440x2960 {(0,0)(fillxfill) sim={adjust=pan forwardNavigation} ty=BASE_APPLICATION wanim=0x10302ec
04-13 12:17:28.555  3214  3861 V WindowManager:   fl=LAYOUT_IN_SCREEN LAYOUT_INSET_DECOR SPLIT_TOUCH HARDWARE_ACCELERATED DRAWS_SYSTEM_BAR_BACKGROUNDS
04-13 12:17:28.555  3214  3861 V WindowManager:   pfl=FORCE_DRAW_STATUS_BAR_BACKGROUND  remains{ 0x1000000 }
04-13 12:17:28.555  3214  3861 V WindowManager:   vsysui=LIGHT_NAVIGATION_BAR naviIconColor=0}
04-13 12:17:28.568  2817  2817 I SurfaceFlinger: Display 0 HWC layers:
04-13 12:17:28.568  2817  2817 I SurfaceFlinger:     type    |    handle    | flag |  format   |   source crop (l,t,r,b)    |         frame       | name 
04-13 12:17:28.568  2817  2817 I SurfaceFlinger: ------------+--------------+------+-----------+----------------------------+---------------------+------
04-13 12:17:28.568  2817  2817 I SurfaceFlinger:  SolidColor |              | 0000 |  Unknown  |   0.0    0.0   -0.2   -0.5 |    0    0 1440 2960 | animation background stackId=1348#0
04-13 12:17:28.568  2817  2817 I SurfaceFlinger:      Device | 0x7a508396e0 | 0002 | 0x0000022 |   0.0    0.0 1920.0 1080.0 |    0   84 1440 2960 | SurfaceView - com.ezviz/com.videogo.[...]e.CaptureActivity@f720823@0[16586]#0
04-13 12:17:28.568  2817  2817 I SurfaceFlinger:      Device | 0x7a5083a010 | 0000 | RGBA_8888 |   0.0    0.0 1440.0 2960.0 |    0    0 1440 2960 | com.ezviz/com.videogo.add.qrcode.CaptureActivity[16586]#0
04-13 12:17:28.568  2817  2817 I SurfaceFlinger:      Device | 0x7a50838fe0 | 0000 | RGBA_8888 |   0.0    0.0 1440.0   84.0 |    0    0 1440   84 | StatusBar[3642]#0
04-13 12:17:28.568  2817  2817 I SurfaceFlinger:      Device | 0x7a50839440 | 0000 | RGBA_8888 |   0.0    0.0   67.0  385.0 | 1373  639 1440 1024 | com.samsung.android.app.cocktailbars[...]arservice.CocktailBarService[8443]#0
04-13 12:17:28.568  2817  2817 I SurfaceFlinger:      Device | 0x7a5022f310 |
04-13 12:17:28.594  2817  2817 I SurfaceFlinger: Display 0 HWC layers:
04-13 12:17:28.594  2817  2817 I SurfaceFlinger:     type    |    handle    | flag |  format   |   source crop (l,t,r,b)    |         frame       | name 
04-13 12:17:28.594  2817  2817 I SurfaceFlinger: ------------+--------------+------+-----------+----------------------------+---------------------+------
04-13 12:17:28.594  2817  2817 I SurfaceFlinger:      Device | 0x7a5022f3f0 | 0002 | 0x0000022 |   0.0    0.0 1920.0 1080.0 |    0   84 1440 2960 | SurfaceView - com.ezviz/com.videogo.[...]e.CaptureActivity@f720823@0[16586]#0
04-13 12:17:28.594  2817  2817 I SurfaceFlinger:      Device | 0x7a5083a010 | 0000 | RGBA_8888 |   0.0    0.0 1440.0 2960.0 |    0    0 1440 2960 | com.ezviz/com.videogo.add.qrcode.CaptureActivity[16586]#0
04-13 12:17:28.594  2817  2817 I SurfaceFlinger:      Device | 0x7a50838fe0 | 0000 | RGBA_8888 |   0.0    0.0 1440.0   84.0 |    0    0 1440   84 | StatusBar[3642]#0
04-13 12:17:28.594  2817  2817 I SurfaceFlinger:      Device | 0x7a50839440 | 0000 | RGBA_8888 |   0.0    0.0   67.0  385.0 | 1373  639 1440 1024 | com.samsung.android.app.cocktailbars[...]arservice.CocktailBarService[8443]#0
04-13 12:17:28.594  2817  2817 I SurfaceFlinger:      Device | 0x7a5022f310 | 0000 | RGBA_8888 |   0.0    0.0 1440.0  415.0 |    0 2545 1440 2960 | NavbarGestureHandler[3642]#0
04-13 12:17:28.594  2817  2817 I SurfaceFlinger: 
04-13 12:17:28.600  3214  3861 E WindowManager: win=Window{92ec446 u0 com.ezviz/com.ezviz.main.MainTabActivity} destroySurfaces: appStopped=true win.mWindowRemovalAllowed=false win.mRemoveOnExit=false win.mViewVisibility=8 caller=com.android.server.wm.AppWindowToken.destroySurfaces:831 com.android.server.wm.AppWindowToken.destroySurfaces:812 com.android.server.wm.AppWindowToken.notifyAppStopped:867 com.android.server.wm.AppWindowContainerController.notifyAppStopped:832 com.android.server.am.ActivityRecord.activityStoppedLocked:2183 com.android.server.am.ActivityManagerService.activityStopped:10403 android.app.IActivityManager$Stub.onTransact$activityStopped$:10987 
04-13 12:17:28.600  3214  3861 I WindowManager: Destroying surface Surface(name=com.ezviz/com.ezviz.main.MainTabActivity[16586])/@0x382ded2 called by com.android.server.wm.WindowStateAnimator.destroySurface:1826 com.android.server.wm.WindowStateAnimator.destroySurfaceLocked:804 com.android.server.wm.WindowState.destroySurfaceUnchecked:3656 com.android.server.wm.WindowState.destroySurface:3637 com.android.server.wm.AppWindowToken.destroySurfaces:831 com.android.server.wm.AppWindowToken.destroySurfaces:812 com.android.server.wm.AppWindowToken.notifyAppStopped:867 com.android.server.wm.AppWindowContainerController.notifyAppStopped:832 
04-13 12:17:28.600  2817  4739 I SurfaceFlinger: id=52389 Removed com.ezviz/com.ezviz.main.MainTabActivity[16586]#0 (0/72)
04-13 12:17:28.615  2817  2817 I Layer   : id=52389 onRemoved com.ezviz/com.ezviz.main.MainTabActivity[16586]#0 
04-13 12:17:34.413  3214  4182 V VibratorService: vibrate - package: com.ezviz, token: android.os.BinderProxy@7b63989, usage: 0, effect: OneShot{mDuration=200, mAmplitude=-1, mMagnitude=-1, mMagnitudeType=TYPE_EXTRA}, mag: 6000, TYPE_EXTRA
04-13 12:17:34.433  3214  4182 I ActivityManager: START u0 {act=null typ=null flg=0x0 cmp=ComponentInfo{com.ezviz/com.videogo.add.device.search.SeriesNumSearchActivity}} from uid 10931
04-13 12:17:34.447  2817  2817 I SurfaceFlinger: id=52403 createSurf (5920x5920),2 flag=4, AppWindowToken{9fe90c1 token=Token{640eda8 ActivityRecord{ca6a1cb u0 com.ezviz/com.videogo.add.device.search.SeriesNumSearchActivity t2042}}}#0
04-13 12:17:34.449  8443 23155 I TrayUsageStatesWatcher: notePauseComponent : ComponentInfo{com.ezviz/com.videogo.add.qrcode.CaptureActivity}
04-13 12:17:34.895  2691  3345 I CameraService: finishCameraOps: Finish camera ops, package name = com.ezviz, client UID = 10931
04-13 12:17:34.898  2691  3345 I CameraFlashlight: deviceClosed: device 0 is closed(package=com.ezviz)
04-13 12:17:34.899  2691  3345 I Camera2ClientBase: Closed Camera 0. Client was: com.ezviz (PID 16586, UID 10931)
04-13 12:17:34.906  3214  3861 D GamePkgDataHelper: notifyAppCreate(), pkgName: com.ezviz, sendRet: true
04-13 12:17:34.906  3214  3603 D GamePkgDataHelper: getGamePkgData(). com.ezviz
04-13 12:17:34.906  3214  3603 D GameManagerService: handleMessage(), MSG_APP_CREATE. ignore. pkgName: com.ezviz
04-13 12:17:34.910  3214  3861 D GameManagerService: noteResumeComponent(), resumeComponent: com.ezviz
04-13 12:17:34.911  3214  3861 D MARsPolicyManager: onPackageResumedFG pkgName = com.ezviz, userId = 0
04-13 12:17:34.911  3214  3603 D GameManagerService: handleForegroundChange(). pkgName: com.ezviz, clsName: com.videogo.add.device.search.SeriesNumSearchActivity,FgActivityName:com.ezviz/com.videogo.add.device.search.SeriesNumSearchActivity
04-13 12:17:34.911  8443 23155 I TrayUsageStatesWatcher: noteResumeComponent : ComponentInfo{com.ezviz/com.videogo.add.device.search.SeriesNumSearchActivity}
04-13 12:17:34.913  3214  3214 D Telecom:SamsungPrebindingServiceImpl: onTopActivityChanged ComponentInfo{com.ezviz/com.videogo.add.device.search.SeriesNumSearchActivity}
04-13 12:17:35.017  4152  4152 D KNOXCORE::LockSecureFolderTask: ResumedActivity userId0[com.ezviz/com.videogo.add.device.search.SeriesNumSearchActivity]
04-13 12:17:35.047  2817  2817 I SurfaceFlinger: id=52404 createSurf (5920x5920),2 flag=4, 88b3c54 com.ezviz/com.videogo.add.device.search.SeriesNumSearchActivity#0
04-13 12:17:35.063  3214  3861 V WindowManager: Relayout Window{88b3c54 u0 com.ezviz/com.videogo.add.device.search.SeriesNumSearchActivity}: viewVisibility=0 req=1440x2960 {(0,0)(fillxfill) sim={state=always_hidden adjust=pan forwardNavigation} ty=BASE_APPLICATION wanim=0x10302ec
04-13 12:17:35.063  3214  3861 V WindowManager:   fl=LAYOUT_IN_SCREEN LAYOUT_INSET_DECOR SPLIT_TOUCH HARDWARE_ACCELERATED DRAWS_SYSTEM_BAR_BACKGROUNDS
04-13 12:17:35.063  3214  3861 V WindowManager:   pfl=FORCE_DRAW_STATUS_BAR_BACKGROUND  remains{ 0x1000000 }
04-13 12:17:35.063  3214  3861 V WindowManager:   vsysui=LIGHT_NAVIGATION_BAR naviIconColor=0}
04-13 12:17:35.066  2817  2817 I SurfaceFlinger: id=52405 createSurf (1440x2960),1 flag=404, com.ezviz/com.videogo.add.device.search.SeriesNumSearchActivity[16586]#0
04-13 12:17:35.068  3214  3259 D WindowManager: setSystemUiVisibility: vis= 0x8018, fullscreenVis= 0x0, dockedVis= 0x0, win=Window{88b3c54 u0 com.ezviz/com.videogo.add.device.search.SeriesNumSearchActivity}
04-13 12:17:35.093 16586 16586 V InputMethodManager: Starting input: tba=com.ezviz ic=null mNaviBarColor -855310 mIsGetNaviBarColorSuccess true , NavVisible : true , NavTrans : false
04-13 12:17:35.094  3214  3861 V InputMethodManagerService: windowGainedFocus : reason=WINDOW_FOCUS_GAIN client=android.os.BinderProxy@9fce302 inputContext=null missingMethods= attribute=android.view.inputmethod.EditorInfo@758cc9f nm = com.ezviz controlFlags=#104 softInputMode=#123 windowFlags=#81810100
04-13 12:17:35.111  3214  5218 D WindowManager: finishDrawingWindow: Window{88b3c54 u0 com.ezviz/com.videogo.add.device.search.SeriesNumSearchActivity} mDrawState=DRAW_PENDING
04-13 12:17:35.112  3214  3335 I WindowManager: commitFinishDrawingLocked: mDrawState=READY_TO_SHOW Surface(name=com.ezviz/com.videogo.add.device.search.SeriesNumSearchActivity[16586])/@0xc5f10d8
04-13 12:17:35.113  3214  3335 I WindowManager: Cancelling animation restarting=true, leash=null, surface=Surface(name=AppWindowToken{6f1d00 token=Token{ced1783 ActivityRecord{2422e32 u0 com.ezviz/com.videogo.add.qrcode.CaptureActivity t2042}}})/@0x8049363, parent=Surface(name=Task=2042)/@0x49e1aa8, caller=com.android.server.wm.SurfaceAnimator.startAnimation:119 com.android.server.wm.WindowContainer.startAnimation:1199 com.android.server.wm.AppWindowToken.applyAnimationLocked:2069 com.android.server.wm.AppWindowToken.setVisibility:468 com.android.server.wm.WindowSurfacePlacer.handleClosingApps:526 
04-13 12:17:35.114  3214  3335 I WindowManager: Reparenting to leash, surface=Surface(name=AppWindowToken{6f1d00 token=Token{ced1783 ActivityRecord{2422e32 u0 com.ezviz/com.videogo.add.qrcode.CaptureActivity t2042}}})/@0x8049363, caller=com.android.server.wm.SurfaceAnimator.startAnimation:127 com.android.server.wm.WindowContainer.startAnimation:1199 com.android.server.wm.AppWindowToken.applyAnimationLocked:2069 com.android.server.wm.AppWindowToken.setVisibility:468 com.android.server.wm.WindowSurfacePlacer.handleClosingApps:526 
04-13 12:17:35.115  2817  2817 I SurfaceFlinger: id=52406 createSurf (5920x5920),2 flag=4, Surface(name=AppWindowToken{6f1d00 token=Token{ced1783 ActivityRecord{2422e32 u0 com.ezviz/com.videogo.add.qrcode.CaptureActivity t2042}}})/@0x8049363 - animation-leash#0
04-13 12:17:35.116  3214  3335 D SurfaceControl: reparent is called, sc=Surface(name=AppWindowToken{6f1d00 token=Token{ced1783 ActivityRecord{2422e32 u0 com.ezviz/com.videogo.add.qrcode.CaptureActivity t2042}}})/@0x8049363, newParentHandle=android.os.BinderProxy@aac2c31, transaction=android.view.SurfaceControl$Transaction@90c1819, caller=com.android.server.wm.SurfaceAnimator.createAnimationLeash:381 com.android.server.wm.SurfaceAnimator.startAnimation:127 com.android.server.wm.WindowContainer.startAnimation:1199 com.android.server.wm.AppWindowToken.applyAnimationLocked:2069 com.android.server.wm.AppWindowToken.setVisibility:468 com.android.server.wm.WindowSurfacePlacer.handleClosingApps:526 com.android.server.wm.WindowSurfacePlacer.handleAppTransitionReadyLocked:323 
04-13 12:17:35.117  3214  3335 I WindowManager: Cancelling animation restarting=true, leash=null, surface=Surface(name=AppWindowToken{9fe90c1 token=Token{640eda8 ActivityRecord{ca6a1cb u0 com.ezviz/com.videogo.add.device.search.SeriesNumSearchActivity t2042}}})/@0x11b097, parent=Surface(name=Task=2042)/@0x49e1aa8, caller=com.android.server.wm.SurfaceAnimator.startAnimation:119 com.android.server.wm.WindowContainer.startAnimation:1199 com.android.server.wm.AppWindowToken.applyAnimationLocked:2069 com.android.server.wm.AppWindowToken.setVisibility:468 com.android.server.wm.WindowSurfacePlacer.handleOpeningApps:481 
04-13 12:17:35.117  3214  3335 I WindowManager: Reparenting to leash, surface=Surface(name=AppWindowToken{9fe90c1 token=Token{640eda8 ActivityRecord{ca6a1cb u0 com.ezviz/com.videogo.add.device.search.SeriesNumSearchActivity t2042}}})/@0x11b097, caller=com.android.server.wm.SurfaceAnimator.startAnimation:127 com.android.server.wm.WindowContainer.startAnimation:1199 com.android.server.wm.AppWindowToken.applyAnimationLocked:2069 com.android.server.wm.AppWindowToken.setVisibility:468 com.android.server.wm.WindowSurfacePlacer.handleOpeningApps:481 
04-13 12:17:35.118  2817  2817 I SurfaceFlinger: id=52407 createSurf (5920x5920),2 flag=4, Surface(name=AppWindowToken{9fe90c1 token=Token{640eda8 ActivityRecord{ca6a1cb u0 com.ezviz/com.videogo.add.device.search.SeriesNumSearchActivity t2042}}})/@0x11b097 - animation-leash#0
04-13 12:17:35.119  3214  3335 D SurfaceControl: reparent is called, sc=Surface(name=AppWindowToken{9fe90c1 token=Token{640eda8 ActivityRecord{ca6a1cb u0 com.ezviz/com.videogo.add.device.search.SeriesNumSearchActivity t2042}}})/@0x11b097, newParentHandle=android.os.BinderProxy@7206284, transaction=android.view.SurfaceControl$Transaction@ce65a6d, caller=com.android.server.wm.SurfaceAnimator.createAnimationLeash:381 com.android.server.wm.SurfaceAnimator.startAnimation:127 com.android.server.wm.WindowContainer.startAnimation:1199 com.android.server.wm.AppWindowToken.applyAnimationLocked:2069 com.android.server.wm.AppWindowToken.setVisibility:468 com.android.server.wm.WindowSurfacePlacer.handleOpeningApps:481 com.android.server.wm.WindowSurfacePlacer.handleAppTransitionReadyLocked:325 
04-13 12:17:35.123  3214  3335 V WindowManager: performShowLocked: mDrawState=HAS_DRAWN in Window{88b3c54 u0 com.ezviz/com.videogo.add.device.search.SeriesNumSearchActivity}
04-13 12:17:35.126  2817  4739 D Layer   : [AppWindowToken{9fe90c1 token=Token{640eda8 ActivityRecord{ca6a1cb u0 com.ezviz/com.videogo.add.device.search.SeriesNumSearchActivity t2042}}}#0]::reparent oldParent:[Task=2042#0], newParent:[Surface(name=AppWindowToken{9fe90c1 token=Token{640eda8 ActivityRecord{ca6a1cb u0 com.ezviz/com.videogo.add.device.search.SeriesNumSearchActivity t2042}}})/@0x11b097 - animation-leash#0]
04-13 12:17:35.126  2817  4739 D Layer   : [AppWindowToken{6f1d00 token=Token{ced1783 ActivityRecord{2422e32 u0 com.ezviz/com.videogo.add.qrcode.CaptureActivity t2042}}}#0]::reparent oldParent:[Task=2042#0], newParent:[Surface(name=AppWindowToken{6f1d00 token=Token{ced1783 ActivityRecord{2422e32 u0 com.ezviz/com.videogo.add.qrcode.CaptureActivity t2042}}})/@0x8049363 - animation-leash#0]
04-13 12:17:35.133  3214  3269 D PersonaManagerService: notifyActivityDrawn u0 ComponentInfo{com.ezviz/com.videogo.add.device.search.SeriesNumSearchActivity} showWhenLocked=false type=1 windowingMode=1 fullscreen=true dockSide=-1
04-13 12:17:35.134  3214  3269 I ActivityManager: Displayed com.ezviz/com.videogo.add.device.search.SeriesNumSearchActivity: +221ms
04-13 12:17:35.150  2817  2817 I SurfaceFlinger: Display 0 HWC layers:
04-13 12:17:35.150  2817  2817 I SurfaceFlinger:     type    |    handle    | flag |  format   |   source crop (l,t,r,b)    |         frame       | name 
04-13 12:17:35.150  2817  2817 I SurfaceFlinger: ------------+--------------+------+-----------+----------------------------+---------------------+------
04-13 12:17:35.150  2817  2817 I SurfaceFlinger:  SolidColor |              | 0000 |  Unknown  |   0.0    0.0   -0.2   -0.5 |    0    0 1440 2960 | animation background stackId=1348#0
04-13 12:17:35.150  2817  2817 I SurfaceFlinger:      Device | 0x7a508396e0 | 0002 | 0x0000022 |   0.0    0.0 1920.0 1080.0 |    0   83 1440 2959 | SurfaceView - com.ezviz/com.videogo.[...]e.CaptureActivity@f720823@0[16586]#0
04-13 12:17:35.150  2817  2817 I SurfaceFlinger:      Device | 0x7a5083a010 | 0000 | RGBA_8888 |   0.0    1.0 1440.0 2960.0 |    0    0 1440 2959 | com.ezviz/com.videogo.add.qrcode.CaptureActivity[16586]#0
04-13 12:17:35.150  2817  2817 I SurfaceFlinger:      Device | 0x7a5083a320 | 0002 | RGBA_8888 |   0.0    0.0 1440.0 2268.0 |    0  692 1440 2960 | com.ezviz/com.videogo.add.device.search.SeriesNumSearchActivity[16586]#0
04-13 12:17:35.150  2817  2817 I SurfaceFlinger:      Device | 0x7a50839750 | 0000 | RGBA_8888 |   0.0    0.0 1440.0   84.0 |    0    0 1440   84 | StatusBar[3642]#0
04-13 12:17:35.150  2817  2817 I SurfaceFlinger:      Device | 0x7a50839440 | 0000
04-13 12:17:35.167  2817  2817 I SurfaceFlinger: Display 0 HWC layers:
04-13 12:17:35.167  2817  2817 I SurfaceFlinger:     type    |    handle    | flag |  format   |   source crop (l,t,r,b)    |         frame       | name 
04-13 12:17:35.167  2817  2817 I SurfaceFlinger: ------------+--------------+------+-----------+----------------------------+---------------------+------
04-13 12:17:35.167  2817  2817 I SurfaceFlinger:  SolidColor |              | 0000 |  Unknown  |   0.0    0.0   -0.2   -0.5 |    0    0 1440 2960 | animation background stackId=1348#0
04-13 12:17:35.167  2817  2817 I SurfaceFlinger:      Device | 0x7a508396e0 | 0002 | 0x0000022 |   0.0    0.0 1920.0 1080.0 |    0   82 1440 2958 | SurfaceView - com.ezviz/com.videogo.[...]e.CaptureActivity@f720823@0[16586]#0
04-13 12:17:35.167  2817  2817 I SurfaceFlinger:      Device | 0x7a5083a010 | 0000 | RGBA_8888 |   0.0    2.0 1440.0 2960.0 |    0    0 1440 2958 | com.ezviz/com.videogo.add.qrcode.CaptureActivity[16586]#0
04-13 12:17:35.167  2817  2817 I SurfaceFlinger:  SolidColor |              | 0000 |  Unknown  |   0.0    0.0   -1.0   -1.0 |    0    0 1440 2960 | Dim Layer for - Task=2042#0
04-13 12:17:35.167  2817  2817 I SurfaceFlinger:      Device | 0x7a5083a390 | 0002 | RGBA_8888 |   0.0    0.0 1440.0 2295.0 |    0  665 1440 2960 | com.ezviz/com.videogo.add.device.search.SeriesNumSearchActivity[16586]#0
04-13 12:17:35.167  2817  2817 I SurfaceFlinger:      Device | 0x7a50839
04-13 12:17:35.402  2817  2817 I SurfaceFlinger: Display 0 HWC layers:
04-13 12:17:35.402  2817  2817 I SurfaceFlinger:     type    |    handle    | flag |  format   |   source crop (l,t,r,b)    |         frame       | name 
04-13 12:17:35.402  2817  2817 I SurfaceFlinger: ------------+--------------+------+-----------+----------------------------+---------------------+------
04-13 12:17:35.402  2817  2817 I SurfaceFlinger:      Client | 0x7a508396e0 | 0002 | 0x0000022 |   0.7    0.0 1920.0 1080.0 |    0    0 1440 2875 | SurfaceView - com.ezviz/com.videogo.[...]e.CaptureActivity@f720823@0[16586]#0
04-13 12:17:35.402  2817  2817 I SurfaceFlinger:      Device | 0x7a5083a010 | 0000 | RGBA_8888 |   0.0   85.0 1440.0 2960.0 |    0    0 1440 2875 | com.ezviz/com.videogo.add.qrcode.CaptureActivity[16586]#0
04-13 12:17:35.402  2817  2817 I SurfaceFlinger:  SolidColor |              | 0000 |  Unknown  |   0.0    0.0   -1.0   -1.0 |    0    0 1440 2960 | Dim Layer for - Task=2042#0
04-13 12:17:35.402  2817  2817 I SurfaceFlinger:      Device | 0x7a5083a2b0 | 0002 | RGBA_8888 |   0.0    0.0 1440.0 2955.0 |    0    5 1440 2960 | com.ezviz/com.videogo.add.device.search.SeriesNumSearchActivity[16586]#0
04-13 12:17:35.402  2817  2817 I SurfaceFlinger:      Device | 0x7a50839750 | 0000 | RGBA_8888 |   0.0    0.0 1440.0   84.0 |    0    0 1440   84 | StatusBar[3642]#0
04-13 12:17:35.402  2817  2817 I SurfaceFlinger:      Device | 0x7a50839440 | 0000 | RGBA_
04-13 12:17:35.427  3214  3335 I WindowManager: reset, Reparenting to original parent, shouldDeferScheduleAnimation=true, destroyLeash=true, surface=Surface(name=AppWindowToken{6f1d00 token=Token{ced1783 ActivityRecord{2422e32 u0 com.ezviz/com.videogo.add.qrcode.CaptureActivity t2042}}})/@0x8049363, parent=Surface(name=Task=2042)/@0x49e1aa8, parentNativeHandle=android.os.BinderProxy@e7d118d, caller=com.android.server.wm.SurfaceAnimator.lambda$getFinishedCallback$0:94 com.android.server.wm.-$$Lambda$SurfaceAnimator$SIBia0mND666K8lMCPsoid8pUTI.run:4 com.android.server.wm.AnimatingAppWindowTokenRegistry.endDeferringFinished:104 com.android.server.wm.AnimatingAppWindowTokenRegistry.notifyAboutToFinish:77 com.android.server.wm.AppWindowToken.shouldDeferAnimationFinish:2167 
04-13 12:17:35.428  3214  3335 D SurfaceControl: reparent is called, sc=Surface(name=AppWindowToken{6f1d00 token=Token{ced1783 ActivityRecord{2422e32 u0 com.ezviz/com.videogo.add.qrcode.CaptureActivity t2042}}})/@0x8049363, newParentHandle=android.os.BinderProxy@e7d118d, transaction=android.view.SurfaceControl$Transaction@90c1819, caller=com.android.server.wm.SurfaceAnimator.reset:322 com.android.server.wm.SurfaceAnimator.lambda$getFinishedCallback$0:94 com.android.server.wm.-$$Lambda$SurfaceAnimator$SIBia0mND666K8lMCPsoid8pUTI.run:4 com.android.server.wm.AnimatingAppWindowTokenRegistry.endDeferringFinished:104 com.android.server.wm.AnimatingAppWindowTokenRegistry.notifyAboutToFinish:77 com.android.server.wm.AppWindowToken.shouldDeferAnimationFinish:2167 com.android.server.wm.SurfaceAnimator.lambda$getFinishedCallback$1:100 
04-13 12:17:35.428  3214  3335 D SurfaceControl: destroy(case2), animation-leash is destroyed, sc=Surface(name=Surface(name=AppWindowToken{6f1d00 token=Token{ced1783 ActivityRecord{2422e32 u0 com.ezviz/com.videogo.add.qrcode.CaptureActivity t2042}}})/@0x8049363 - animation-leash)/@0xfabef16, transaction=android.view.SurfaceControl$Transaction@90c1819, caller=com.android.server.wm.SurfaceAnimator.reset:329 com.android.server.wm.SurfaceAnimator.lambda$getFinishedCallback$0:94 com.android.server.wm.-$$Lambda$SurfaceAnimator$SIBia0mND666K8lMCPsoid8pUTI.run:4 com.android.server.wm.AnimatingAppWindowTokenRegistry.endDeferringFinished:104 com.android.server.wm.AnimatingAppWindowTokenRegistry.notifyAboutToFinish:77 com.android.server.wm.AppWindowToken.shouldDeferAnimationFinish:2167 com.android.server.wm.SurfaceAnimator.lambda$getFinishedCallback$1:100 
04-13 12:17:35.428  3214  3335 I WindowManager: reset, Reparenting to original parent, shouldDeferScheduleAnimation=false, destroyLeash=true, surface=Surface(name=AppWindowToken{9fe90c1 token=Token{640eda8 ActivityRecord{ca6a1cb u0 com.ezviz/com.videogo.add.device.search.SeriesNumSearchActivity t2042}}})/@0x11b097, parent=Surface(name=Task=2042)/@0x49e1aa8, parentNativeHandle=android.os.BinderProxy@e7d118d, caller=com.android.server.wm.SurfaceAnimator.lambda$getFinishedCallback$0:94 com.android.server.wm.-$$Lambda$SurfaceAnimator$SIBia0mND666K8lMCPsoid8pUTI.run:4 com.android.server.wm.SurfaceAnimator.lambda$getFinishedCallback$1:101 com.android.server.wm.-$$Lambda$SurfaceAnimator$vdRZk66hQVbQCvVXEaQCT1kVmFc.onAnimationFinished:4 com.android.server.wm.LocalAnimationAdapter.lambda$startAnimation$0:65 
04-13 12:17:35.428  3214  3335 D SurfaceControl: reparent is called, sc=Surface(name=AppWindowToken{9fe90c1 token=Token{640eda8 ActivityRecord{ca6a1cb u0 com.ezviz/com.videogo.add.device.search.SeriesNumSearchActivity t2042}}})/@0x11b097, newParentHandle=android.os.BinderProxy@e7d118d, transaction=android.view.SurfaceControl$Transaction@ce65a6d, caller=com.android.server.wm.SurfaceAnimator.reset:322 com.android.server.wm.SurfaceAnimator.lambda$getFinishedCallback$0:94 com.android.server.wm.-$$Lambda$SurfaceAnimator$SIBia0mND666K8lMCPsoid8pUTI.run:4 com.android.server.wm.SurfaceAnimator.lambda$getFinishedCallback$1:101 com.android.server.wm.-$$Lambda$SurfaceAnimator$vdRZk66hQVbQCvVXEaQCT1kVmFc.onAnimationFinished:4 com.android.server.wm.LocalAnimationAdapter.lambda$startAnimation$0:65 com.android.server.wm.-$$Lambda$LocalAnimationAdapter$X--EomqUvw4qy89IeeTFTH7aCMo.run:4 
04-13 12:17:35.428  3214  3335 D SurfaceControl: destroy(case2), animation-leash is destroyed, sc=Surface(name=Surface(name=AppWindowToken{9fe90c1 token=Token{640eda8 ActivityRecord{ca6a1cb u0 com.ezviz/com.videogo.add.device.search.SeriesNumSearchActivity t2042}}})/@0x11b097 - animation-leash)/@0xd1b3069, transaction=android.view.SurfaceControl$Transaction@ce65a6d, caller=com.android.server.wm.SurfaceAnimator.reset:329 com.android.server.wm.SurfaceAnimator.lambda$getFinishedCallback$0:94 com.android.server.wm.-$$Lambda$SurfaceAnimator$SIBia0mND666K8lMCPsoid8pUTI.run:4 com.android.server.wm.SurfaceAnimator.lambda$getFinishedCallback$1:101 com.android.server.wm.-$$Lambda$SurfaceAnimator$vdRZk66hQVbQCvVXEaQCT1kVmFc.onAnimationFinished:4 com.android.server.wm.LocalAnimationAdapter.lambda$startAnimation$0:65 com.android.server.wm.-$$Lambda$LocalAnimationAdapter$X--EomqUvw4qy89IeeTFTH7aCMo.run:4 
04-13 12:17:35.430  3214  3335 D WindowManager: prepareSurfaces, request to clear saved leash, surface=Surface(name=AppWindowToken{6f1d00 token=Token{ced1783 ActivityRecord{2422e32 u0 com.ezviz/com.videogo.add.qrcode.CaptureActivity t2042}}})/@0x8049363
