**Started before I logged into app (fingerprint). Ran through camera setup process, changed the device name, encryption password, logged out, logged back in with password**

--------- beginning of crash
--------- beginning of main
--------- beginning of system
04-13 12:17:20.972  3214  3214 D StorageManagerService: getExternalStorageMountMode : final mountMode=3, uid : 10931, packageName : com.ezviz
04-13 12:17:20.972  3214  3214 I ApplicationPolicy: isApplicationExternalStorageWhitelisted:com.ezviz user:0
04-13 12:17:20.972  3214  3214 D ActivityManager: package  com.ezviz, user - 0 is SDcard whitelisted
04-13 12:17:20.972  3214  3214 I ApplicationPolicy: isApplicationExternalStorageBlacklisted:com.ezviz user:0
04-13 12:17:20.972  3214  3214 I ApplicationPolicy: isApplicationExternalStorageBlacklisted:com.ezviz user:0
04-13 12:17:21.000  3214  3260 I ActivityManager: Start proc 16586:com.ezviz/u0a931 for activity com.ezviz/.login.LoadingActivity
04-13 12:17:21.008 16586 16586 I SELinux : SELinux: seapp_context_lookup: seinfo=default, level=s0:c512,c768, pkgname=com.ezviz 
04-13 12:17:21.029  5377  5532 I SAPrinter: sendEvent :{cd=det3packageNamecom.ezviz, uv=10.0, auid=JHpH6ERTm2GPRdKaYjvjqtjUxi9aLZLz, mnc=480, tz=-360, en=1001, mcc=311, tid=4C7-399-5010210, fv=G965USQU4CSC7, at=0, t=ev, la=en, av=10.0.05.62, pn=201, ts=1555175841029}
04-13 12:17:21.046  3214  5473 I ActivityManager: START u0 {act=android.intent.action.MAIN typ=null flg=0x10200000 cmp=ComponentInfo{com.ezviz/com.ezviz.login.LoadingActivity}} from uid 10091
04-13 12:17:21.054  3214  5473 I ActivityManager: [IOP] sourceDir : /data/app/com.ezviz-KfHHdlqgyqzkv5o6N203aw== in ActivityStacksupervisor
04-13 12:17:21.055   733   733 E ANDR-IOP: IOP HAL: Received pkg_name = com.ezviz pid = -1
04-13 12:17:21.067  2817  2817 I SurfaceFlinger: id=52368 createSurf (5920x5920),2 flag=4, AppWindowToken{c48a5de token=Token{6d1e119 ActivityRecord{ff86860 u0 com.ezviz/.login.LoadingActivity t2042}}}#0
04-13 12:17:21.072  3214  5158 I ActivityManager: DSS on for com.ezviz and scale is 1.0
04-13 12:17:21.079  2817  2817 I SurfaceFlinger: id=52369 createSurf (5920x5920),2 flag=4, 6eabf24 Splash Screen com.ezviz#0
04-13 12:17:21.083  3214  3335 D ViewRootImpl@d8f1bb7[ezviz]: setView = DecorView@de82442[ezviz] TM=true MM=false
04-13 12:17:21.092  3214  3335 V WindowManager: Relayout Window{6eabf24 u0 Splash Screen com.ezviz}: viewVisibility=0 req=1440x2960 {(0,0)(fillxfill) sim={adjust=pan} ty=APPLICATION_STARTING wanim=0x10302ec
04-13 12:17:21.092  3214  3335 V WindowManager:   fl=NOT_FOCUSABLE NOT_TOUCHABLE LAYOUT_IN_SCREEN LAYOUT_INSET_DECOR ALT_FOCUSABLE_IM SPLIT_TOUCH HARDWARE_ACCELERATED DRAWS_SYSTEM_BAR_BACKGROUNDS
04-13 12:17:21.092  3214  3335 V WindowManager:   pfl=FAKE_HARDWARE_ACCELERATED SHOW_FOR_ALL_USERS FORCE_DRAW_STATUS_BAR_BACKGROUND  remains{ 0x1000000 }
04-13 12:17:21.092  3214  3335 V WindowManager:   vsysui=LIGHT_NAVIGATION_BAR naviIconColor=0}
04-13 12:17:21.096  2817  2817 I SurfaceFlinger: id=52370 createSurf (1440x2960),1 flag=404, Splash Screen com.ezviz[16586]#0
04-13 12:17:21.106  3214  4182 D GamePkgDataHelper: notifyAppCreate(), pkgName: com.ezviz, sendRet: true
04-13 12:17:21.106  3214  3603 D GamePkgDataHelper: getGamePkgData(). com.ezviz
04-13 12:17:21.106  3214  3603 D GameManagerService: handleMessage(), MSG_APP_CREATE. ignore. pkgName: com.ezviz
04-13 12:17:21.113  3214  4182 D GamePkgDataHelper: getSosPolicy(). com.ezviz
04-13 12:17:21.114  3214  4182 D GameManagerService: identifyGamePackage. com.ezviz
04-13 12:17:21.114  3214  4182 D GamePkgDataHelper: getGamePkgData(). com.ezviz
04-13 12:17:21.114  3214  5158 D GamePkgDataHelper: getGamePkgDataIncServer(). com.ezviz
04-13 12:17:21.114  3214  4182 D GameManagerService: noteResumeComponent(), resumeComponent: com.ezviz
04-13 12:17:21.114  3214  4182 D MARsPolicyManager: onPackageResumedFG pkgName = com.ezviz, userId = 0
04-13 12:17:21.114  8443 23155 I TrayUsageStatesWatcher: noteResumeComponent : ComponentInfo{com.ezviz/com.ezviz.login.LoadingActivity}
04-13 12:17:21.114  3214  3603 D GameManagerService: handleForegroundChange(). pkgName: com.ezviz, clsName: com.ezviz.login.LoadingActivity,FgActivityName:com.ezviz/.login.LoadingActivity
04-13 12:17:21.114  3214  3603 D GameManagerService:   handleForegroundChange(). set mFgApp: com.ezviz
04-13 12:17:21.115  3214  3603 D GameManagerService: notifyResumePause(). pkg: com.ezviz, type: 4, isMinimized: false, isTunableApp: false
04-13 12:17:21.116  3214  3214 D Telecom:SamsungPrebindingServiceImpl: onTopActivityChanged ComponentInfo{com.ezviz/com.ezviz.login.LoadingActivity}
04-13 12:17:21.118  3214  3335 D WindowManager: finishDrawingWindow: Window{6eabf24 u0 Splash Screen com.ezviz} mDrawState=DRAW_PENDING
04-13 12:17:21.120  3214  3335 I WindowManager: commitFinishDrawingLocked: mDrawState=READY_TO_SHOW Surface(name=Splash Screen com.ezviz[16586])/@0xbf4cebc
04-13 12:17:21.122  3214  5158 D GamePkgDataHelper: getSosPolicy(). com.ezviz
04-13 12:17:21.125  3214  3335 I WindowManager: Cancelling animation restarting=true, leash=null, surface=Surface(name=AppWindowToken{c48a5de token=Token{6d1e119 ActivityRecord{ff86860 u0 com.ezviz/.login.LoadingActivity t2042}}})/@0x4b862cb, parent=Surface(name=Task=2042)/@0x49e1aa8, caller=com.android.server.wm.SurfaceAnimator.startAnimation:119 com.android.server.wm.WindowContainer.startAnimation:1199 com.android.server.wm.AppWindowToken.applyAnimationLocked:2069 com.android.server.wm.AppWindowToken.setVisibility:468 com.android.server.wm.WindowSurfacePlacer.handleOpeningApps:481 
04-13 12:17:21.125  3214  3335 I WindowManager: Reparenting to leash, surface=Surface(name=AppWindowToken{c48a5de token=Token{6d1e119 ActivityRecord{ff86860 u0 com.ezviz/.login.LoadingActivity t2042}}})/@0x4b862cb, caller=com.android.server.wm.SurfaceAnimator.startAnimation:127 com.android.server.wm.WindowContainer.startAnimation:1199 com.android.server.wm.AppWindowToken.applyAnimationLocked:2069 com.android.server.wm.AppWindowToken.setVisibility:468 com.android.server.wm.WindowSurfacePlacer.handleOpeningApps:481 
04-13 12:17:21.126  3214  5473 D GameManagerService: identifyGamePackage. com.ezviz
04-13 12:17:21.126  3214  5473 D GamePkgDataHelper: getGamePkgData(). com.ezviz
04-13 12:17:21.129  2817  2817 I SurfaceFlinger: id=52372 createSurf (5920x5920),2 flag=4, Surface(name=AppWindowToken{c48a5de token=Token{6d1e119 ActivityRecord{ff86860 u0 com.ezviz/.login.LoadingActivity t2042}}})/@0x4b862cb - animation-leash#0
04-13 12:17:21.129  3214  5473 D GameManagerService: identifyGamePackage. com.ezviz
04-13 12:17:21.129  3214  5473 D GamePkgDataHelper: getGamePkgData(). com.ezviz
04-13 12:17:21.131  3214  3335 D SurfaceControl: reparent is called, sc=Surface(name=AppWindowToken{c48a5de token=Token{6d1e119 ActivityRecord{ff86860 u0 com.ezviz/.login.LoadingActivity t2042}}})/@0x4b862cb, newParentHandle=android.os.BinderProxy@960b9c1, transaction=android.view.SurfaceControl$Transaction@30e1566, caller=com.android.server.wm.SurfaceAnimator.createAnimationLeash:381 com.android.server.wm.SurfaceAnimator.startAnimation:127 com.android.server.wm.WindowContainer.startAnimation:1199 com.android.server.wm.AppWindowToken.applyAnimationLocked:2069 com.android.server.wm.AppWindowToken.setVisibility:468 com.android.server.wm.WindowSurfacePlacer.handleOpeningApps:481 com.android.server.wm.WindowSurfacePlacer.handleAppTransitionReadyLocked:325 
04-13 12:17:21.132  3214  3335 V WindowManager: performShowLocked: mDrawState=HAS_DRAWN in Window{6eabf24 u0 Splash Screen com.ezviz}
04-13 12:17:21.138  2817  3251 D Layer   : [AppWindowToken{c48a5de token=Token{6d1e119 ActivityRecord{ff86860 u0 com.ezviz/.login.LoadingActivity t2042}}}#0]::reparent oldParent:[Task=2042#0], newParent:[Surface(name=AppWindowToken{c48a5de token=Token{6d1e119 ActivityRecord{ff86860 u0 com.ezviz/.login.LoadingActivity t2042}}})/@0x4b862cb - animation-leash#0]
04-13 12:17:21.175  3214  5158 D SamsungAlarmManager: Cancel Alarm calling from uid:10931 pid :16586 / op:PendingIntent{a7e30fd: PendingIntentRecord{b5621f2 com.ezviz broadcastIntent}}
04-13 12:17:21.184 16586 16608 I FA      : To enable faster debug mode event logging run:
04-13 12:17:21.184 16586 16608 I FA      :   adb shell setprop debug.firebase.analytics.app com.ezviz
04-13 12:17:21.212  3214  4182 D SamsungAlarmManager: Cancel Alarm calling from uid:10931 pid :16586 / op:PendingIntent{9a06b3e: PendingIntentRecord{9eebd9f com.ezviz broadcastIntent}}
04-13 12:17:21.219  3214  3824 D MdnieScenarioControlService:  packageName : com.ezviz    className : com.ezviz.login.LoadingActivity
04-13 12:17:21.221  2817  2817 I SurfaceFlinger: Display 0 HWC layers:
04-13 12:17:21.221  2817  2817 I SurfaceFlinger:     type    |    handle    | flag |  format   |   source crop (l,t,r,b)    |         frame       | name 
04-13 12:17:21.221  2817  2817 I SurfaceFlinger: ------------+--------------+------+-----------+----------------------------+---------------------+------
04-13 12:17:21.221  2817  2817 I SurfaceFlinger:      Client | 0x7a5022f150 | 0002 | RGBA_8888 |  72.0  148.0 1512.0 3108.0 |    0    0 1440 2960 | com.android.systemui.ImageWallpaper[3642]#0
04-13 12:17:21.221  2817  2817 I SurfaceFlinger:      Client | 0x7a50839600 | 0000 | RGBA_8888 |   0.0    0.0 1440.0 2960.0 |    0    0 1440 2960 | com.sec.android.app.launcher/com.sec[...].activities.LauncherActivity[5377]#0
04-13 12:17:21.221  2817  2817 I SurfaceFlinger:      Device | 0x7a5022f070 | 0002 | RGBA_8888 |   0.0    0.0 1440.0 2959.0 |   80  966  884 2617 | Splash Screen com.ezviz[16586]#0
04-13 12:17:21.221  2817  2817 I SurfaceFlinger:      Device | 0x7a50839750 | 0000 | RGBA_8888 |   0.0    0.0 1440.0   84.0 |    0    0 1440   84 | StatusBar[3642]#0
04-13 12:17:21.221  2817  2817 I SurfaceFlinger:      Device | 0x7a50839440 | 0000 | RGBA_8888 |   0.0    0.0   67.0  385.0 | 1373  639 1440 1024 | com.samsung.android.app.cocktailbars[...]arservice.CocktailBarService[8443]#0
04-13 12:17:21.221  2817  2817 I SurfaceFlinger:      Device | 0x7a5022f310 | 0000 | RGBA_8888
04-13 12:17:21.222  4152  4152 D KNOXCORE::LockSecureFolderTask: ResumedActivity userId0[com.ezviz/.login.LoadingActivity]
04-13 12:17:21.273  2760  2760 E audit   : type=1400 audit(1555175841.257:26393): avc:  denied  { ioctl } for  pid=16586 comm="com.ezviz" path="socket:[15536476]" dev="sockfs" ino=15536476 ioctlcmd=0x8927 scontext=u:r:untrusted_app_27:s0:c512,c768 tcontext=u:r:untrusted_app_27:s0:c512,c768 tclass=udp_socket permissive=0 SEPF_SM-G965U_9_0001 audit_filtered
04-13 12:17:21.273  2760  2760 E audit   : type=1300 audit(1555175841.257:26393): arch=40000028 syscall=54 per=8 success=no exit=-13 a0=35 a1=8927 a2=ffb0fb34 a3=0 items=0 ppid=2772 pid=16586 auid=4294967295 uid=10931 gid=10931 euid=10931 suid=10931 fsuid=10931 egid=10931 sgid=10931 fsgid=10931 tty=(none) ses=4294967295 comm="com.ezviz" exe="/system/bin/app_process32" subj=u:r:untrusted_app_27:s0:c512,c768 key=(null)
04-13 12:17:21.273  2760  2760 E audit   : type=1327 audit(1555175841.257:26393): proctitle="com.ezviz"
04-13 12:17:21.273  2760  2760 E audit   : type=1400 audit(1555175841.257:26394): avc:  denied  { ioctl } for  pid=16586 comm="com.ezviz" path="socket:[15536476]" dev="sockfs" ino=15536476 ioctlcmd=0x8927 scontext=u:r:untrusted_app_27:s0:c512,c768 tcontext=u:r:untrusted_app_27:s0:c512,c768 tclass=udp_socket permissive=0 SEPF_SM-G965U_9_0001 audit_filtered
04-13 12:17:21.273  2760  2760 E audit   : type=1300 audit(1555175841.257:26394): arch=40000028 syscall=54 per=8 success=no exit=-13 a0=35 a1=8927 a2=ffb0fb14 a3=0 items=0 ppid=2772 pid=16586 auid=4294967295 uid=10931 gid=10931 euid=10931 suid=10931 fsuid=10931 egid=10931 sgid=10931 fsgid=10931 tty=(none) ses=4294967295 comm="com.ezviz" exe="/system/bin/app_process32" subj=u:r:untrusted_app_27:s0:c512,c768 key=(null)
04-13 12:17:21.273  2760  2760 E audit   : type=1327 audit(1555175841.257:26394): proctitle="com.ezviz"
04-13 12:17:21.337 16586 16586 V fb-UnpackingSoSource: locked dso store /data/user/0/com.ezviz/lib-main
04-13 12:17:21.338 16586 16586 I fb-UnpackingSoSource: dso store is up-to-date: /data/user/0/com.ezviz/lib-main
04-13 12:17:21.338 16586 16586 V fb-UnpackingSoSource: releasing dso store lock for /data/user/0/com.ezviz/lib-main
04-13 12:17:21.365 16586 16638 I com.ezviz: Thread[18,tid=16638,Native,Thread*=0xe6175600,peer=0x14e46d60,"Thread-3"] recursive attempt to load library "/data/app/com.ezviz-KfHHdlqgyqzkv5o6N203aw==/lib/arm/libfb.so"
04-13 12:17:21.376  2760  2760 E audit   : type=1400 audit(1555175841.367:26395): avc:  denied  { read } for  pid=16586 comm="com.ezviz" name="anr" dev="dm-3" ino=1310721 scontext=u:r:untrusted_app_27:s0:c512,c768 tcontext=u:object_r:anr_data_file:s0 tclass=dir permissive=0 SEPF_SM-G965U_9_0001 audit_filtered
04-13 12:17:21.376  2760  2760 E audit   : type=1300 audit(1555175841.367:26395): arch=40000028 syscall=317 per=8 success=no exit=-13 a0=43 a1=d47cc0f0 a2=8 a3=0 items=0 ppid=2772 pid=16586 auid=4294967295 uid=10931 gid=10931 euid=10931 suid=10931 fsuid=10931 egid=10931 sgid=10931 fsgid=10931 tty=(none) ses=4294967295 comm="com.ezviz" exe="/system/bin/app_process32" subj=u:r:untrusted_app_27:s0:c512,c768 key=(null)
04-13 12:17:21.376  2760  2760 E audit   : type=1327 audit(1555175841.367:26395): proctitle="com.ezviz"
04-13 12:17:21.460  3214  4182 D WifiPermissionsUtil: canAccessScanResults: pkgName = com.ezviz, uid = 10931
04-13 12:17:21.478  2760  2760 E audit   : type=1327 audit(1555175841.467:26396): proctitle="com.ezviz"
04-13 12:17:21.479  2760  2760 E audit   : type=1327 audit(1555175841.467:26397): proctitle="com.ezviz"
04-13 12:17:21.479  2760  2760 E audit   : type=1327 audit(1555175841.467:26398): proctitle="com.ezviz"
04-13 12:17:21.493  3214  5158 I WindowManager: reset, Reparenting to original parent, shouldDeferScheduleAnimation=false, destroyLeash=true, surface=Surface(name=AppWindowToken{c48a5de token=Token{6d1e119 ActivityRecord{ff86860 u0 com.ezviz/.login.LoadingActivity t2042}}})/@0x4b862cb, parent=Surface(name=Task=2042)/@0x49e1aa8, parentNativeHandle=android.os.BinderProxy@9cf8325, caller=com.android.server.wm.SurfaceAnimator.lambda$getFinishedCallback$0:94 com.android.server.wm.-$$Lambda$SurfaceAnimator$SIBia0mND666K8lMCPsoid8pUTI.run:4 com.android.server.wm.SurfaceAnimator.lambda$getFinishedCallback$1:101 com.android.server.wm.-$$Lambda$SurfaceAnimator$vdRZk66hQVbQCvVXEaQCT1kVmFc.onAnimationFinished:4 com.android.server.wm.RemoteAnimationController.onAnimationFinished:261 
04-13 12:17:21.493  3214  5158 D SurfaceControl: reparent is called, sc=Surface(name=AppWindowToken{c48a5de token=Token{6d1e119 ActivityRecord{ff86860 u0 com.ezviz/.login.LoadingActivity t2042}}})/@0x4b862cb, newParentHandle=android.os.BinderProxy@9cf8325, transaction=android.view.SurfaceControl$Transaction@30e1566, caller=com.android.server.wm.SurfaceAnimator.reset:322 com.android.server.wm.SurfaceAnimator.lambda$getFinishedCallback$0:94 com.android.server.wm.-$$Lambda$SurfaceAnimator$SIBia0mND666K8lMCPsoid8pUTI.run:4 com.android.server.wm.SurfaceAnimator.lambda$getFinishedCallback$1:101 com.android.server.wm.-$$Lambda$SurfaceAnimator$vdRZk66hQVbQCvVXEaQCT1kVmFc.onAnimationFinished:4 com.android.server.wm.RemoteAnimationController.onAnimationFinished:261 com.android.server.wm.RemoteAnimationController.access$300:54 
04-13 12:17:21.493  3214  5158 D SurfaceControl: destroy(case2), animation-leash is destroyed, sc=Surface(name=Surface(name=AppWindowToken{c48a5de token=Token{6d1e119 ActivityRecord{ff86860 u0 com.ezviz/.login.LoadingActivity t2042}}})/@0x4b862cb - animation-leash)/@0xaee4cfa, transaction=android.view.SurfaceControl$Transaction@30e1566, caller=com.android.server.wm.SurfaceAnimator.reset:329 com.android.server.wm.SurfaceAnimator.lambda$getFinishedCallback$0:94 com.android.server.wm.-$$Lambda$SurfaceAnimator$SIBia0mND666K8lMCPsoid8pUTI.run:4 com.android.server.wm.SurfaceAnimator.lambda$getFinishedCallback$1:101 com.android.server.wm.-$$Lambda$SurfaceAnimator$vdRZk66hQVbQCvVXEaQCT1kVmFc.onAnimationFinished:4 com.android.server.wm.RemoteAnimationController.onAnimationFinished:261 com.android.server.wm.RemoteAnimationController.access$300:54 
04-13 12:17:21.496  3214  3335 D WindowManager: prepareSurfaces, request to clear saved leash, surface=Surface(name=AppWindowToken{c48a5de token=Token{6d1e119 ActivityRecord{ff86860 u0 com.ezviz/.login.LoadingActivity t2042}}})/@0x4b862cb
04-13 12:17:21.497  2817  3251 D Layer   : [AppWindowToken{c48a5de token=Token{6d1e119 ActivityRecord{ff86860 u0 com.ezviz/.login.LoadingActivity t2042}}}#0]::reparent oldParent:[Surface(name=AppWindowToken{c48a5de token=Token{6d1e119 ActivityRecord{ff86860 u0 com.ezviz/.login.LoadingActivity t2042}}})/@0x4b862cb - animation-leash#0], newParent:[Task=2042#0]
04-13 12:17:21.497  2817  3251 I SurfaceFlinger: id=52372 Removed Surface(name=AppWindowToken{c48a5de token=Token{6d1e119 ActivityRecord{ff86860 u0 com.ezviz/.login.LoadingActivity t2042}}})/@0x4b862cb - animation-leash#0 (0/71)
04-13 12:17:21.498  3214  3335 D WindowManager: clearSavedLeashOnCommit, savedLeash=Surface(name=Surface(name=AppWindowToken{c48a5de token=Token{6d1e119 ActivityRecord{ff86860 u0 com.ezviz/.login.LoadingActivity t2042}}})/@0x4b862cb - animation-leash)/@0xaee4cfa, caller=com.android.server.wm.WindowContainer.clearSavedLeashOnCommit:1150 com.android.server.wm.WindowContainer.clearSavedLeashOnCommit:1154 com.android.server.wm.WindowContainer.clearSavedLeashOnCommit:1154 com.android.server.wm.WindowContainer.clearSavedLeashOnCommit:1154 com.android.server.wm.WindowContainer.clearSavedLeashOnCommit:1154 com.android.server.wm.RootWindowContainer.performSurfacePlacement:750 
04-13 12:17:21.506  2817  2817 I Layer   : id=52372 onRemoved Surface(name=AppWindowToken{c48a5de token=Token{6d1e119 ActivityRecord{ff86860 u0 com.ezviz/.login.LoadingActivity t2042}}})/@0x4b862cb - animation-leash#0 
04-13 12:17:21.521  2817  2817 I SurfaceFlinger: Display 0 HWC layers:
04-13 12:17:21.521  2817  2817 I SurfaceFlinger:     type    |    handle    | flag |  format   |   source crop (l,t,r,b)    |         frame       | name 
04-13 12:17:21.521  2817  2817 I SurfaceFlinger: ------------+--------------+------+-----------+----------------------------+---------------------+------
04-13 12:17:21.521  2817  2817 I SurfaceFlinger:      Device | 0x7a5022f070 | 0002 | RGBA_8888 |   0.0    0.0 1440.0 2960.0 |    0    0 1440 2960 | Splash Screen com.ezviz[16586]#0
04-13 12:17:21.521  2817  2817 I SurfaceFlinger:      Device | 0x7a50839750 | 0000 | RGBA_8888 |   0.0    0.0 1440.0   84.0 |    0    0 1440   84 | StatusBar[3642]#0
04-13 12:17:21.521  2817  2817 I SurfaceFlinger:      Device | 0x7a50839440 | 0000 | RGBA_8888 |   0.0    0.0   67.0  385.0 | 1373  639 1440 1024 | com.samsung.android.app.cocktailbars[...]arservice.CocktailBarService[8443]#0
04-13 12:17:21.521  2817  2817 I SurfaceFlinger:      Device | 0x7a5022f310 | 0000 | RGBA_8888 |   0.0    0.0 1440.0  415.0 |    0 2545 1440 2960 | NavbarGestureHandler[3642]#0
04-13 12:17:21.521  2817  2817 I SurfaceFlinger: 
04-13 12:17:21.575  3214  3341 I ActivityManager: START u0 {act=null typ=null flg=0x0 cmp=ComponentInfo{com.ezviz/com.ezviz.login.FingerprintLoginActivity}} from uid 10931
04-13 12:17:21.577  2817  2817 I SurfaceFlinger: id=52374 createSurf (5920x5920),2 flag=4, AppWindowToken{4e8f1b4 token=Token{5533e87 ActivityRecord{2443ec6 u0 com.ezviz/.login.FingerprintLoginActivity t2042}}}#0
04-13 12:17:21.584  3214  3341 D WindowManager: onParentSet, reparentSurfaceControl is called, surface=Surface(name=6eabf24 Splash Screen com.ezviz)/@0x60bf1dd, newParent=AppWindowToken{4e8f1b4 token=Token{5533e87 ActivityRecord{2443ec6 u0 com.ezviz/.login.FingerprintLoginActivity t2042}}}, caller=com.android.server.wm.WindowState.onParentSet:1007 com.android.server.wm.WindowContainer.setParent:187 com.android.server.wm.WindowContainer.addChild:264 com.android.server.wm.WindowToken.addWindow:211 com.android.server.wm.AppWindowToken.addWindow:1116 com.android.server.wm.AppWindowToken.transferStartingWindow:1396 com.android.server.wm.AppWindowContainerController.addStartingWindow:575 
04-13 12:17:21.585  3214  3341 D SurfaceControl: reparent is called, sc=Surface(name=6eabf24 Splash Screen com.ezviz)/@0x60bf1dd, newParentHandle=android.os.BinderProxy@4b58152, transaction=android.view.SurfaceControl$Transaction@61b3c23, caller=com.android.server.wm.SurfaceAnimator.reparent:212 com.android.server.wm.WindowContainer.reparentSurfaceControl:1009 com.android.server.wm.WindowContainer.onParentSet:218 com.android.server.wm.WindowState.onParentSet:1007 com.android.server.wm.WindowContainer.setParent:187 com.android.server.wm.WindowContainer.addChild:264 com.android.server.wm.WindowToken.addWindow:211 
04-13 12:17:21.587  8443 23155 I TrayUsageStatesWatcher: notePauseComponent : ComponentInfo{com.ezviz/com.ezviz.login.LoadingActivity}
04-13 12:17:21.589  2817  3251 D Layer   : [6eabf24 Splash Screen com.ezviz#0]::reparent oldParent:[AppWindowToken{c48a5de token=Token{6d1e119 ActivityRecord{ff86860 u0 com.ezviz/.login.LoadingActivity t2042}}}#0], newParent:[AppWindowToken{4e8f1b4 token=Token{5533e87 ActivityRecord{2443ec6 u0 com.ezviz/.login.FingerprintLoginActivity t2042}}}#0]
04-13 12:17:21.592  3214  3214 D Telecom:SamsungPrebindingServiceImpl: onTopActivityChanged ComponentInfo{com.ezviz/com.ezviz.login.FingerprintLoginActivity}
04-13 12:17:21.602  3214  5158 D GamePkgDataHelper: notifyAppCreate(), pkgName: com.ezviz, sendRet: true
04-13 12:17:21.602  3214  3603 D GamePkgDataHelper: getGamePkgData(). com.ezviz
04-13 12:17:21.602  3214  3603 D GameManagerService: handleMessage(), MSG_APP_CREATE. ignore. pkgName: com.ezviz
04-13 12:17:21.607  3214  5158 D GameManagerService: noteResumeComponent(), resumeComponent: com.ezviz
04-13 12:17:21.607  3214  5158 D MARsPolicyManager: onPackageResumedFG pkgName = com.ezviz, userId = 0
04-13 12:17:21.607  8443 23155 I TrayUsageStatesWatcher: noteResumeComponent : ComponentInfo{com.ezviz/com.ezviz.login.FingerprintLoginActivity}
04-13 12:17:21.607  3214  3603 D GameManagerService: handleForegroundChange(). pkgName: com.ezviz, clsName: com.ezviz.login.FingerprintLoginActivity,FgActivityName:com.ezviz/.login.FingerprintLoginActivity
04-13 12:17:21.609  3214  3214 D Telecom:SamsungPrebindingServiceImpl: onTopActivityChanged ComponentInfo{com.ezviz/com.ezviz.login.FingerprintLoginActivity}
04-13 12:17:21.613  3214  5158 I WindowManager: Cancelling animation restarting=true, leash=null, surface=Surface(name=AppWindowToken{c48a5de token=Token{6d1e119 ActivityRecord{ff86860 u0 com.ezviz/.login.LoadingActivity t2042}}})/@0x4b862cb, parent=Surface(name=Task=2042)/@0x49e1aa8, caller=com.android.server.wm.SurfaceAnimator.startAnimation:119 com.android.server.wm.WindowContainer.startAnimation:1199 com.android.server.wm.AppWindowToken.applyAnimationLocked:2069 com.android.server.wm.AppWindowToken.setVisibility:468 com.android.server.wm.WindowSurfacePlacer.handleClosingApps:526 
04-13 12:17:21.613  3214  5158 I WindowManager: Reparenting to leash, surface=Surface(name=AppWindowToken{c48a5de token=Token{6d1e119 ActivityRecord{ff86860 u0 com.ezviz/.login.LoadingActivity t2042}}})/@0x4b862cb, caller=com.android.server.wm.SurfaceAnimator.startAnimation:127 com.android.server.wm.WindowContainer.startAnimation:1199 com.android.server.wm.AppWindowToken.applyAnimationLocked:2069 com.android.server.wm.AppWindowToken.setVisibility:468 com.android.server.wm.WindowSurfacePlacer.handleClosingApps:526 
04-13 12:17:21.614  2817  2817 I SurfaceFlinger: id=52375 createSurf (5920x5920),2 flag=4, Surface(name=AppWindowToken{c48a5de token=Token{6d1e119 ActivityRecord{ff86860 u0 com.ezviz/.login.LoadingActivity t2042}}})/@0x4b862cb - animation-leash#0
04-13 12:17:21.616  3214  5158 D SurfaceControl: reparent is called, sc=Surface(name=AppWindowToken{c48a5de token=Token{6d1e119 ActivityRecord{ff86860 u0 com.ezviz/.login.LoadingActivity t2042}}})/@0x4b862cb, newParentHandle=android.os.BinderProxy@3db777f, transaction=android.view.SurfaceControl$Transaction@30e1566, caller=com.android.server.wm.SurfaceAnimator.createAnimationLeash:381 com.android.server.wm.SurfaceAnimator.startAnimation:127 com.android.server.wm.WindowContainer.startAnimation:1199 com.android.server.wm.AppWindowToken.applyAnimationLocked:2069 com.android.server.wm.AppWindowToken.setVisibility:468 com.android.server.wm.WindowSurfacePlacer.handleClosingApps:526 com.android.server.wm.WindowSurfacePlacer.handleAppTransitionReadyLocked:323 
04-13 12:17:21.619  2817  3386 D Layer   : [AppWindowToken{c48a5de token=Token{6d1e119 ActivityRecord{ff86860 u0 com.ezviz/.login.LoadingActivity t2042}}}#0]::reparent oldParent:[Task=2042#0], newParent:[Surface(name=AppWindowToken{c48a5de token=Token{6d1e119 ActivityRecord{ff86860 u0 com.ezviz/.login.LoadingActivity t2042}}})/@0x4b862cb - animation-leash#0]
04-13 12:17:21.688 16586 16586 I chatty  : uid=10931(com.ezviz) identical 1 line
04-13 12:17:21.716  2817  2817 I SurfaceFlinger: id=52376 createSurf (5920x5920),2 flag=4, 8686650 com.ezviz/com.ezviz.login.FingerprintLoginActivity#0
04-13 12:17:21.719  3214  3259 D WindowManager: setSystemUiVisibility: vis= 0x8018, fullscreenVis= 0x0, dockedVis= 0x0, win=Window{8686650 u0 com.ezviz/com.ezviz.login.FingerprintLoginActivity}
04-13 12:17:21.721  4152  4152 D KNOXCORE::LockSecureFolderTask: ResumedActivity userId0[com.ezviz/.login.FingerprintLoginActivity]
04-13 12:17:21.725  3214  5473 I FingerprintService: authenticate: 0 from pkg=com.ezviz
04-13 12:17:21.725  3214  3214 V FingerprintService: startAuthentication(com.ezviz)
04-13 12:17:21.731  2817  2817 I SurfaceFlinger: id=52377 createSurf (5920x5920),2 flag=4, 9073e6f com.ezviz/com.ezviz.login.FingerprintLoginActivity#0
04-13 12:17:21.754  3214  3861 V WindowManager: Relayout Window{8686650 u0 com.ezviz/com.ezviz.login.FingerprintLoginActivity}: viewVisibility=0 req=1438x772 {(0,0)(wrapxwrap) gr=BOTTOM CENTER_VERTICAL sim={adjust=pan forwardNavigation} ty=APPLICATION fmt=TRANSLUCENT wanim=0x10302ee surfaceInsets=Rect(7, 7 - 7, 7)
04-13 12:17:21.754  3214  3861 V WindowManager:   fl=DIM_BEHIND ALT_FOCUSABLE_IM SPLIT_TOUCH HARDWARE_ACCELERATED
04-13 12:17:21.754  3214  3861 V WindowManager:   pfl= remains{ 0x1000000 }
04-13 12:17:21.754  3214  3861 V WindowManager:   vsysui=LIGHT_NAVIGATION_BAR dimDuration=150 naviIconColor=0}
04-13 12:17:21.759  2817  2817 I SurfaceFlinger: id=52378 createSurf (1452x786),1 flag=4, com.ezviz/com.ezviz.login.FingerprintLoginActivity[16586]#0
04-13 12:17:21.792  3214  5473 V WindowManager: Relayout Window{9073e6f u0 com.ezviz/com.ezviz.login.FingerprintLoginActivity}: viewVisibility=0 req=1440x2960 {(0,0)(fillxfill) sim={adjust=pan forwardNavigation} ty=BASE_APPLICATION wanim=0x10302ec
04-13 12:17:21.792  3214  5473 V WindowManager:   fl=LAYOUT_IN_SCREEN LAYOUT_INSET_DECOR SPLIT_TOUCH HARDWARE_ACCELERATED DRAWS_SYSTEM_BAR_BACKGROUNDS
04-13 12:17:21.792  3214  5473 V WindowManager:   pfl=FORCE_DRAW_STATUS_BAR_BACKGROUND  remains{ 0x1000000 }
04-13 12:17:21.792  3214  5473 V WindowManager:   vsysui=LIGHT_NAVIGATION_BAR naviIconColor=0}
04-13 12:17:21.796  2817  2817 D SurfaceFlinger: duplicate layer name: changing com.ezviz/com.ezviz.login.FingerprintLoginActivity[16586] to com.ezviz/com.ezviz.login.FingerprintLoginActivity[16586]#1
04-13 12:17:21.796  2817  2817 I SurfaceFlinger: id=52379 createSurf (1440x2960),1 flag=404, com.ezviz/com.ezviz.login.FingerprintLoginActivity[16586]#1
04-13 12:17:21.824  3214  3427 D WifiTrafficPoller: TrafficStats TxPkts=3314914 RxPkts=12374280 TxBytes=417326111 RxBytes=16770372913 , Foreground uid=10931 pkgName=com.ezviz TxPackets=3983 RxPackets=3543 TxBytes=421777 RxBytes=2826654
04-13 12:17:21.861  3214  5158 D WindowManager: finishDrawingWindow: Window{8686650 u0 com.ezviz/com.ezviz.login.FingerprintLoginActivity} mDrawState=DRAW_PENDING
04-13 12:17:21.862  3214  3335 I WindowManager: commitFinishDrawingLocked: mDrawState=READY_TO_SHOW Surface(name=com.ezviz/com.ezviz.login.FingerprintLoginActivity[16586])/@0x3cba2bd
04-13 12:17:21.864  3214  5158 D WindowManager: finishDrawingWindow: Window{9073e6f u0 com.ezviz/com.ezviz.login.FingerprintLoginActivity} mDrawState=DRAW_PENDING
04-13 12:17:21.865  3214  3335 I WindowManager: commitFinishDrawingLocked: mDrawState=READY_TO_SHOW Surface(name=com.ezviz/com.ezviz.login.FingerprintLoginActivity[16586])/@0x3cba2bd
04-13 12:17:21.865  3214  3335 I WindowManager: commitFinishDrawingLocked: mDrawState=READY_TO_SHOW Surface(name=com.ezviz/com.ezviz.login.FingerprintLoginActivity[16586])/@0x47810b2
04-13 12:17:21.867  3214  3335 I WindowManager: commitFinishDrawingLocked: mDrawState=READY_TO_SHOW Surface(name=com.ezviz/com.ezviz.login.FingerprintLoginActivity[16586])/@0x3cba2bd
04-13 12:17:21.868  3214  3335 I WindowManager: Cancelling animation restarting=false, leash=null, surface=Surface(name=8686650 com.ezviz/com.ezviz.login.FingerprintLoginActivity)/@0x7e18803, parent=Surface(name=AppWindowToken{4e8f1b4 token=Token{5533e87 ActivityRecord{2443ec6 u0 com.ezviz/.login.FingerprintLoginActivity t2042}}})/@0x7ca0380, caller=com.android.server.wm.SurfaceAnimator.cancelAnimation:182 com.android.server.wm.WindowContainer.cancelAnimation:1207 com.android.server.wm.WindowState.cancelAnimation:6466 com.android.server.wm.AppWindowToken.onFirstWindowDrawn:359 com.android.server.wm.WindowState.performShowLocked:4848 
04-13 12:17:21.870  3214  3335 I WindowManager: Cancelling animation restarting=true, leash=null, surface=Surface(name=8686650 com.ezviz/com.ezviz.login.FingerprintLoginActivity)/@0x7e18803, parent=Surface(name=AppWindowToken{4e8f1b4 token=Token{5533e87 ActivityRecord{2443ec6 u0 com.ezviz/.login.FingerprintLoginActivity t2042}}})/@0x7ca0380, caller=com.android.server.wm.SurfaceAnimator.startAnimation:119 com.android.server.wm.WindowContainer.startAnimation:1199 com.android.server.wm.WindowState.startAnimation:5628 com.android.server.wm.WindowState.startAnimation:5611 com.android.server.wm.WindowStateAnimator.applyAnimationLocked:1731 
04-13 12:17:21.870  3214  3335 I WindowManager: Reparenting to leash, surface=Surface(name=8686650 com.ezviz/com.ezviz.login.FingerprintLoginActivity)/@0x7e18803, caller=com.android.server.wm.SurfaceAnimator.startAnimation:127 com.android.server.wm.WindowContainer.startAnimation:1199 com.android.server.wm.WindowState.startAnimation:5628 com.android.server.wm.WindowState.startAnimation:5611 com.android.server.wm.WindowStateAnimator.applyAnimationLocked:1731 
04-13 12:17:21.871  2817  2817 I SurfaceFlinger: id=52380 createSurf (5920x5920),2 flag=4, Surface(name=8686650 com.ezviz/com.ezviz.login.FingerprintLoginActivity)/@0x7e18803 - animation-leash#0
04-13 12:17:21.874  3214  3335 D SurfaceControl: reparent is called, sc=Surface(name=8686650 com.ezviz/com.ezviz.login.FingerprintLoginActivity)/@0x7e18803, newParentHandle=android.os.BinderProxy@8eaa15f, transaction=android.view.SurfaceControl$Transaction@78bd7ac, caller=com.android.server.wm.SurfaceAnimator.createAnimationLeash:381 com.android.server.wm.SurfaceAnimator.startAnimation:127 com.android.server.wm.WindowContainer.startAnimation:1199 com.android.server.wm.WindowState.startAnimation:5628 com.android.server.wm.WindowState.startAnimation:5611 com.android.server.wm.WindowStateAnimator.applyAnimationLocked:1731 com.android.server.wm.WindowStateAnimator.applyEnterAnimationLocked:1587 
04-13 12:17:21.874  3214  3335 V WindowManager: performShowLocked: mDrawState=HAS_DRAWN in Window{8686650 u0 com.ezviz/com.ezviz.login.FingerprintLoginActivity}
04-13 12:17:21.874  3214  3335 I WindowManager: commitFinishDrawingLocked: mDrawState=READY_TO_SHOW Surface(name=com.ezviz/com.ezviz.login.FingerprintLoginActivity[16586])/@0x47810b2
04-13 12:17:21.874  3214  3335 I WindowManager: Cancelling animation restarting=false, leash=null, surface=Surface(name=9073e6f com.ezviz/com.ezviz.login.FingerprintLoginActivity)/@0xecd040a, parent=Surface(name=AppWindowToken{4e8f1b4 token=Token{5533e87 ActivityRecord{2443ec6 u0 com.ezviz/.login.FingerprintLoginActivity t2042}}})/@0x7ca0380, caller=com.android.server.wm.SurfaceAnimator.cancelAnimation:182 com.android.server.wm.WindowContainer.cancelAnimation:1207 com.android.server.wm.WindowState.cancelAnimation:6466 com.android.server.wm.AppWindowToken.onFirstWindowDrawn:359 com.android.server.wm.WindowState.performShowLocked:4848 
04-13 12:17:21.874  3214  3335 V WindowManager: performShowLocked: mDrawState=HAS_DRAWN in Window{9073e6f u0 com.ezviz/com.ezviz.login.FingerprintLoginActivity}
04-13 12:17:21.885  2817  3251 D Layer   : [8686650 com.ezviz/com.ezviz.login.FingerprintLoginActivity#0]::reparent oldParent:[AppWindowToken{4e8f1b4 token=Token{5533e87 ActivityRecord{2443ec6 u0 com.ezviz/.login.FingerprintLoginActivity t2042}}}#0], newParent:[Surface(name=8686650 com.ezviz/com.ezviz.login.FingerprintLoginActivity)/@0x7e18803 - animation-leash#0]
04-13 12:17:21.889  3214  5158 D WindowManager: finishDrawingWindow: Window{8686650 u0 com.ezviz/com.ezviz.login.FingerprintLoginActivity} mDrawState=HAS_DRAWN
04-13 12:17:21.889  3214  3269 D PersonaManagerService: notifyActivityDrawn u0 ComponentInfo{com.ezviz/com.ezviz.login.FingerprintLoginActivity} showWhenLocked=false type=1 windowingMode=1 fullscreen=true dockSide=-1
04-13 12:17:21.891  3214  3335 V WindowManager: Remove Window{6eabf24 u0 Splash Screen com.ezviz}: mSurfaceController=Surface(name=Splash Screen com.ezviz[16586])/@0xbf4cebc mAnimatingExit=false mRemoveOnExit=false mHasSurface=true surfaceShowing=true isAnimationSet=false app-animation=false mWillReplaceWindow=false inPendingTransaction=false mDisplayFrozen=false callers=com.android.server.wm.WindowState.removeIfPossible:2626 com.android.server.wm.WindowManagerService.removeWindow:1908 com.android.server.wm.Session.remove:253 android.view.ViewRootImpl.dispatchDetachedFromWindow:4511 android.view.ViewRootImpl.doDie:7931 android.view.ViewRootImpl$ViewRootHandler.handleMessage:4932 
04-13 12:17:21.893  3214  3335 I WindowManager: Cancelling animation restarting=true, leash=null, surface=Surface(name=6eabf24 Splash Screen com.ezviz)/@0x60bf1dd, parent=Surface(name=AppWindowToken{4e8f1b4 token=Token{5533e87 ActivityRecord{2443ec6 u0 com.ezviz/.login.FingerprintLoginActivity t2042}}})/@0x7ca0380, caller=com.android.server.wm.SurfaceAnimator.startAnimation:119 com.android.server.wm.WindowContainer.startAnimation:1199 com.android.server.wm.WindowState.startAnimation:5628 com.android.server.wm.WindowState.startAnimation:5611 com.android.server.wm.WindowStateAnimator.applyAnimationLocked:1731 
04-13 12:17:21.893  3214  3335 I WindowManager: Reparenting to leash, surface=Surface(name=6eabf24 Splash Screen com.ezviz)/@0x60bf1dd, caller=com.android.server.wm.SurfaceAnimator.startAnimation:127 com.android.server.wm.WindowContainer.startAnimation:1199 com.android.server.wm.WindowState.startAnimation:5628 com.android.server.wm.WindowState.startAnimation:5611 com.android.server.wm.WindowStateAnimator.applyAnimationLocked:1731 
04-13 12:17:21.895  2817  2817 I SurfaceFlinger: id=52383 createSurf (5920x5920),2 flag=4, Surface(name=6eabf24 Splash Screen com.ezviz)/@0x60bf1dd - animation-leash#0
04-13 12:17:21.898  3214  3335 D SurfaceControl: reparent is called, sc=Surface(name=6eabf24 Splash Screen com.ezviz)/@0x60bf1dd, newParentHandle=android.os.BinderProxy@daa6aae, transaction=android.view.SurfaceControl$Transaction@61b3c23, caller=com.android.server.wm.SurfaceAnimator.createAnimationLeash:381 com.android.server.wm.SurfaceAnimator.startAnimation:127 com.android.server.wm.WindowContainer.startAnimation:1199 com.android.server.wm.WindowState.startAnimation:5628 com.android.server.wm.WindowState.startAnimation:5611 com.android.server.wm.WindowStateAnimator.applyAnimationLocked:1731 com.android.server.wm.WindowState.removeIfPossible:2720 
04-13 12:17:21.900  2817  3386 D Layer   : [6eabf24 Splash Screen com.ezviz#0]::reparent oldParent:[AppWindowToken{4e8f1b4 token=Token{5533e87 ActivityRecord{2443ec6 u0 com.ezviz/.login.FingerprintLoginActivity t2042}}}#0], newParent:[Surface(name=6eabf24 Splash Screen com.ezviz)/@0x60bf1dd - animation-leash#0]
04-13 12:17:21.901  3214  5158 D WindowManager: finishDrawingWindow: Window{9073e6f u0 com.ezviz/com.ezviz.login.FingerprintLoginActivity} mDrawState=HAS_DRAWN
04-13 12:17:21.902  3214  3269 I ActivityManager: Displayed com.ezviz/.login.FingerprintLoginActivity: +270ms (total +795ms)
04-13 12:17:21.908  3214  5473 I WindowManager: Cancelling animation restarting=false, leash=Surface(name=Surface(name=AppWindowToken{c48a5de token=Token{6d1e119 ActivityRecord{ff86860 u0 com.ezviz/.login.LoadingActivity t2042}}})/@0x4b862cb - animation-leash)/@0xe14c34c, surface=Surface(name=AppWindowToken{c48a5de token=Token{6d1e119 ActivityRecord{ff86860 u0 com.ezviz/.login.LoadingActivity t2042}}})/@0x4b862cb, parent=Surface(name=Task=2042)/@0x49e1aa8, caller=com.android.server.wm.SurfaceAnimator.cancelAnimation:182 com.android.server.wm.WindowContainer.cancelAnimation:1207 com.android.server.wm.AppWindowToken.cancelAnimation:2350 com.android.server.wm.AppWindowToken.onRemovedFromDisplay:776 com.android.server.wm.DisplayContent.removeAppToken:1040 
04-13 12:17:21.908  3214  5473 I WindowManager: reset, Reparenting to original parent, shouldDeferScheduleAnimation=false, destroyLeash=true, surface=Surface(name=AppWindowToken{c48a5de token=Token{6d1e119 ActivityRecord{ff86860 u0 com.ezviz/.login.LoadingActivity t2042}}})/@0x4b862cb, parent=Surface(name=Task=2042)/@0x49e1aa8, parentNativeHandle=android.os.BinderProxy@9cf8325, caller=com.android.server.wm.SurfaceAnimator.cancelAnimation:287 com.android.server.wm.SurfaceAnimator.cancelAnimation:182 com.android.server.wm.WindowContainer.cancelAnimation:1207 com.android.server.wm.AppWindowToken.cancelAnimation:2350 com.android.server.wm.AppWindowToken.onRemovedFromDisplay:776 
04-13 12:17:21.908  3214  5473 D SurfaceControl: reparent is called, sc=Surface(name=AppWindowToken{c48a5de token=Token{6d1e119 ActivityRecord{ff86860 u0 com.ezviz/.login.LoadingActivity t2042}}})/@0x4b862cb, newParentHandle=android.os.BinderProxy@9cf8325, transaction=android.view.SurfaceControl$Transaction@30e1566, caller=com.android.server.wm.SurfaceAnimator.reset:322 com.android.server.wm.SurfaceAnimator.cancelAnimation:287 com.android.server.wm.SurfaceAnimator.cancelAnimation:182 com.android.server.wm.WindowContainer.cancelAnimation:1207 com.android.server.wm.AppWindowToken.cancelAnimation:2350 com.android.server.wm.AppWindowToken.onRemovedFromDisplay:776 com.android.server.wm.DisplayContent.removeAppToken:1040 
04-13 12:17:21.908  3214  5473 D SurfaceControl: destroy(case2), animation-leash is destroyed, sc=Surface(name=Surface(name=AppWindowToken{c48a5de token=Token{6d1e119 ActivityRecord{ff86860 u0 com.ezviz/.login.LoadingActivity t2042}}})/@0x4b862cb - animation-leash)/@0xe14c34c, transaction=android.view.SurfaceControl$Transaction@30e1566, caller=com.android.server.wm.SurfaceAnimator.reset:329 com.android.server.wm.SurfaceAnimator.cancelAnimation:287 com.android.server.wm.SurfaceAnimator.cancelAnimation:182 com.android.server.wm.WindowContainer.cancelAnimation:1207 com.android.server.wm.AppWindowToken.cancelAnimation:2350 com.android.server.wm.AppWindowToken.onRemovedFromDisplay:776 com.android.server.wm.DisplayContent.removeAppToken:1040 
04-13 12:17:21.909  3214  5473 D WindowManager: clearSavedLeashOnCommit, savedLeash=Surface(name=Surface(name=AppWindowToken{c48a5de token=Token{6d1e119 ActivityRecord{ff86860 u0 com.ezviz/.login.LoadingActivity t2042}}})/@0x4b862cb - animation-leash)/@0xe14c34c, caller=com.android.server.wm.WindowContainer.removeImmediately:337 com.android.server.wm.WindowToken.removeImmediately:274 com.android.server.wm.AppWindowToken.removeImmediately:698 com.android.server.wm.AppWindowToken.removeIfPossible:705 com.android.server.wm.AppWindowToken.onRemovedFromDisplay:780 com.android.server.wm.DisplayContent.removeAppToken:1040 
04-13 12:17:21.924  2817  3386 D Layer   : [AppWindowToken{c48a5de token=Token{6d1e119 ActivityRecord{ff86860 u0 com.ezviz/.login.LoadingActivity t2042}}}#0]::reparent oldParent:[Surface(name=AppWindowToken{c48a5de token=Token{6d1e119 ActivityRecord{ff86860 u0 com.ezviz/.login.LoadingActivity t2042}}})/@0x4b862cb - animation-leash#0], newParent:[Task=2042#0]
04-13 12:17:21.924  2817  3386 I SurfaceFlinger: id=52375 Removed Surface(name=AppWindowToken{c48a5de token=Token{6d1e119 ActivityRecord{ff86860 u0 com.ezviz/.login.LoadingActivity t2042}}})/@0x4b862cb - animation-leash#0 (0/78)
04-13 12:17:21.924  2817  3386 I SurfaceFlinger: id=52368 Removed AppWindowToken{c48a5de token=Token{6d1e119 ActivityRecord{ff86860 u0 com.ezviz/.login.LoadingActivity t2042}}}#0 (0/77)
04-13 12:17:21.940  2817  2817 I Layer   : id=52368 onRemoved AppWindowToken{c48a5de token=Token{6d1e119 ActivityRecord{ff86860 u0 com.ezviz/.login.LoadingActivity t2042}}}#0 
04-13 12:17:21.940  2817  2817 I Layer   : id=52375 onRemoved Surface(name=AppWindowToken{c48a5de token=Token{6d1e119 ActivityRecord{ff86860 u0 com.ezviz/.login.LoadingActivity t2042}}})/@0x4b862cb - animation-leash#0 
04-13 12:17:21.962  2817  2817 I SurfaceFlinger: Display 0 HWC layers:
04-13 12:17:21.962  2817  2817 I SurfaceFlinger:     type    |    handle    | flag |  format   |   source crop (l,t,r,b)    |         frame       | name 
04-13 12:17:21.962  2817  2817 I SurfaceFlinger: ------------+--------------+------+-----------+----------------------------+---------------------+------
04-13 12:17:21.962  2817  2817 I SurfaceFlinger:      Device | 0x7a50839ad0 | 0002 | RGBA_8888 |   0.0    0.0 1440.0 2960.0 |    0    0 1440 2960 | com.ezviz/com.ezviz.login.FingerprintLoginActivity[16586]#1
04-13 12:17:21.962  2817  2817 I SurfaceFlinger:  SolidColor |              | 0000 |  Unknown  |   0.0    0.0   -1.0   -1.0 |    0    0 1440 2960 | Dim Layer for - Task=2042#0
04-13 12:17:21.962  2817  2817 I SurfaceFlinger:      Device | 0x7a508399f0 | 0000 | RGBA_8888 |   6.0    0.0 1446.0  700.0 |    0 2260 1440 2960 | com.ezviz/com.ezviz.login.FingerprintLoginActivity[16586]#0
04-13 12:17:21.962  2817  2817 I SurfaceFlinger:      Device | 0x7a5022f070 | 0002 | RGBA_8888 |   0.0    0.0 1440.0 2960.0 |    0    0 1440 2960 | Splash Screen com.ezviz[16586]#0
04-13 12:17:21.962  2817  2817 I SurfaceFlinger:      Device | 0x7a50839750 | 0000 | RGBA_8888 |   0.0    0.0 1440.0   84.0 |    0    0 1440   84 | StatusBar[3642]#0
04-13 12:17:21.962  2817  2817 I SurfaceFlinger:      Device | 0x7a50839440 | 0000 | RGBA_8888 |   0.0    0.0   67.0  385.0 | 1373  639 1440 1024 
04-13 12:17:22.027  3214  3824 D MdnieScenarioControlService:  packageName : com.ezviz    className : com.ezviz.login.FingerprintLoginActivity
04-13 12:17:22.057  3214  3335 I WindowManager: reset, Reparenting to original parent, shouldDeferScheduleAnimation=false, destroyLeash=true, surface=Surface(name=6eabf24 Splash Screen com.ezviz)/@0x60bf1dd, parent=Surface(name=AppWindowToken{4e8f1b4 token=Token{5533e87 ActivityRecord{2443ec6 u0 com.ezviz/.login.FingerprintLoginActivity t2042}}})/@0x7ca0380, parentNativeHandle=android.os.BinderProxy@4b58152, caller=com.android.server.wm.SurfaceAnimator.lambda$getFinishedCallback$0:94 com.android.server.wm.-$$Lambda$SurfaceAnimator$SIBia0mND666K8lMCPsoid8pUTI.run:4 com.android.server.wm.SurfaceAnimator.lambda$getFinishedCallback$1:101 com.android.server.wm.-$$Lambda$SurfaceAnimator$vdRZk66hQVbQCvVXEaQCT1kVmFc.onAnimationFinished:4 com.android.server.wm.LocalAnimationAdapter.lambda$startAnimation$0:65 
04-13 12:17:22.058  3214  3335 D SurfaceControl: reparent is called, sc=Surface(name=6eabf24 Splash Screen com.ezviz)/@0x60bf1dd, newParentHandle=android.os.BinderProxy@4b58152, transaction=android.view.SurfaceControl$Transaction@61b3c23, caller=com.android.server.wm.SurfaceAnimator.reset:322 com.android.server.wm.SurfaceAnimator.lambda$getFinishedCallback$0:94 com.android.server.wm.-$$Lambda$SurfaceAnimator$SIBia0mND666K8lMCPsoid8pUTI.run:4 com.android.server.wm.SurfaceAnimator.lambda$getFinishedCallback$1:101 com.android.server.wm.-$$Lambda$SurfaceAnimator$vdRZk66hQVbQCvVXEaQCT1kVmFc.onAnimationFinished:4 com.android.server.wm.LocalAnimationAdapter.lambda$startAnimation$0:65 com.android.server.wm.-$$Lambda$LocalAnimationAdapter$X--EomqUvw4qy89IeeTFTH7aCMo.run:4 
04-13 12:17:22.058  3214  3335 D SurfaceControl: destroy(case2), animation-leash is destroyed, sc=Surface(name=Surface(name=6eabf24 Splash Screen com.ezviz)/@0x60bf1dd - animation-leash)/@0xea4a04f, transaction=android.view.SurfaceControl$Transaction@61b3c23, caller=com.android.server.wm.SurfaceAnimator.reset:329 com.android.server.wm.SurfaceAnimator.lambda$getFinishedCallback$0:94 com.android.server.wm.-$$Lambda$SurfaceAnimator$SIBia0mND666K8lMCPsoid8pUTI.run:4 com.android.server.wm.SurfaceAnimator.lambda$getFinishedCallback$1:101 com.android.server.wm.-$$Lambda$SurfaceAnimator$vdRZk66hQVbQCvVXEaQCT1kVmFc.onAnimationFinished:4 com.android.server.wm.LocalAnimationAdapter.lambda$startAnimation$0:65 com.android.server.wm.-$$Lambda$LocalAnimationAdapter$X--EomqUvw4qy89IeeTFTH7aCMo.run:4 
04-13 12:17:22.058  3214  3335 E WindowManager: win=Window{6eabf24 u0 Splash Screen com.ezviz EXITING} destroySurfaces: appStopped=false win.mWindowRemovalAllowed=true win.mRemoveOnExit=true win.mViewVisibility=0 caller=com.android.server.wm.AppWindowToken.destroySurfaces:831 com.android.server.wm.AppWindowToken.destroySurfaces:812 com.android.server.wm.WindowState.onExitAnimationDone:5221 com.android.server.wm.WindowStateAnimator.onAnimationFinished:315 com.android.server.wm.WindowState.onAnimationFinished:5633 com.android.server.wm.-$$Lambda$yVRF8YoeNdTa8GR1wDStVsHu8xM.run:2 com.android.server.wm.SurfaceAnimator.lambda$getFinishedCallback$0:97 
04-13 12:17:22.058  3214  3335 I WindowManager: Destroying surface Surface(name=Splash Screen com.ezviz[16586])/@0xbf4cebc called by com.android.server.wm.WindowStateAnimator.destroySurface:1826 com.android.server.wm.WindowStateAnimator.destroySurfaceLocked:804 com.android.server.wm.WindowState.destroySurfaceUnchecked:3656 com.android.server.wm.WindowState.destroySurface:3637 com.android.server.wm.AppWindowToken.destroySurfaces:831 com.android.server.wm.AppWindowToken.destroySurfaces:812 com.android.server.wm.WindowState.onExitAnimationDone:5221 com.android.server.wm.WindowStateAnimator.onAnimationFinished:315 
04-13 12:17:22.058  2817  3251 I SurfaceFlinger: id=52370 Removed Splash Screen com.ezviz[16586]#0 (0/75)
04-13 12:17:22.058  3214  3335 D WindowManager: clearSavedLeashOnCommit, savedLeash=Surface(name=Surface(name=6eabf24 Splash Screen com.ezviz)/@0x60bf1dd - animation-leash)/@0xea4a04f, caller=com.android.server.wm.WindowContainer.removeImmediately:337 com.android.server.wm.WindowState.removeImmediately:2538 com.android.server.wm.WindowState.destroySurface:3640 com.android.server.wm.AppWindowToken.destroySurfaces:831 com.android.server.wm.AppWindowToken.destroySurfaces:812 com.android.server.wm.WindowState.onExitAnimationDone:5221 
04-13 12:17:22.060  3214  3259 D WindowManager: setSystemUiVisibility: vis= 0x8008, fullscreenVis= 0x0, dockedVis= 0x0, win=Window{8686650 u0 com.ezviz/com.ezviz.login.FingerprintLoginActivity}
04-13 12:17:22.061  2817  3251 D Layer   : [6eabf24 Splash Screen com.ezviz#0]::reparent oldParent:[Surface(name=6eabf24 Splash Screen com.ezviz)/@0x60bf1dd - animation-leash#0], newParent:[AppWindowToken{4e8f1b4 token=Token{5533e87 ActivityRecord{2443ec6 u0 com.ezviz/.login.FingerprintLoginActivity t2042}}}#0]
04-13 12:17:22.061  2817  3251 W SurfaceFlinger: Attempting to set client state on removed layer: Splash Screen com.ezviz[16586]#0
04-13 12:17:22.061  2817  3251 I SurfaceFlinger: id=52383 Removed Surface(name=6eabf24 Splash Screen com.ezviz)/@0x60bf1dd - animation-leash#0 (3/74)
04-13 12:17:22.061  2817  3251 I SurfaceFlinger: id=52369 Removed 6eabf24 Splash Screen com.ezviz#0 (2/73)
04-13 12:17:22.061  2817  3251 W SurfaceFlinger: Attempting to destroy on removed layer: Splash Screen com.ezviz[16586]#0
04-13 12:17:22.073  2817  2817 I Layer   : id=52369 onRemoved 6eabf24 Splash Screen com.ezviz#0 
04-13 12:17:22.074  2817  2817 I Layer   : id=52370 onRemoved Splash Screen com.ezviz[16586]#0 
04-13 12:17:22.074  2817  2817 I Layer   : id=52383 onRemoved Surface(name=6eabf24 Splash Screen com.ezviz)/@0x60bf1dd - animation-leash#0 
04-13 12:17:22.079  2817  2817 I SurfaceFlinger: Display 0 HWC layers:
04-13 12:17:22.079  2817  2817 I SurfaceFlinger:     type    |    handle    | flag |  format   |   source crop (l,t,r,b)    |         frame       | name 
04-13 12:17:22.079  2817  2817 I SurfaceFlinger: ------------+--------------+------+-----------+----------------------------+---------------------+------
04-13 12:17:22.079  2817  2817 I SurfaceFlinger:      Device | 0x7a50839ad0 | 0002 | RGBA_8888 |   0.0    0.0 1440.0 2960.0 |    0    0 1440 2960 | com.ezviz/com.ezviz.login.FingerprintLoginActivity[16586]#1
04-13 12:17:22.079  2817  2817 I SurfaceFlinger:  SolidColor |              | 0000 |  Unknown  |   0.0    0.0   -1.0   -1.0 |    0    0 1440 2960 | Dim Layer for - Task=2042#0
04-13 12:17:22.079  2817  2817 I SurfaceFlinger:      Device | 0x7a508399f0 | 0000 | RGBA_8888 |   6.0    0.0 1446.0  763.0 |    0 2197 1440 2960 | com.ezviz/com.ezviz.login.FingerprintLoginActivity[16586]#0
04-13 12:17:22.079  2817  2817 I SurfaceFlinger:      Device | 0x7a50839750 | 0000 | RGBA_8888 |   0.0    0.0 1440.0   84.0 |    0    0 1440   84 | StatusBar[3642]#0
04-13 12:17:22.079  2817  2817 I SurfaceFlinger:      Device | 0x7a50839440 | 0000 | RGBA_8888 |   0.0    0.0   67.0  385.0 | 1373  639 1440 1024 | com.samsung.android.app.cocktailbars[...]arservice.CocktailBarService[8443]#0
